=== Safeway Flyer Fetch — 2026-05-21 ===
Run started : 2026-05-21 14:17:36 UTC

Loaded 173 stores from data/safeway/stores.parquet

Stores loaded: 173
Loaded store_flyers.parquet (1053 publication entries)

Phase 1: fetching publications per store…

  [4030] Sobeys Unicity → no new flyers
  [4381] Jasper Ave → ['7929579']
  [4382] D'Arcy Crossing → ['7929579']
  [4764] Safeway Aurora → ['7929581']
  [4808] 400 First Avenue South → ['7940038']
  [4809] 417 Scott Street → ['7940038']
  [4810] 75 Whyte Avenue → ['7940038']
  [4811] 115 West Arthur Street → ['7940038']
  [4812] 1015 Dawson Road → ['7940038']
  [4821] 1441 Henderson Hwy. → ['7929580']
  [4822] 1612 Ness Avenue → ['7929580']
  [4824] 594 Mountain At McGregor → ['7929580']
  [4828] 318 Manitoba Avenue → ['7929580']
  [4829] 921 - 18 Street North → ['7929580']
  [4830] 498 Mountain Ave (Box 640) → ['7929580']
  [4832] 300 Mystery Lake Road → ['7929580']
  [4833] 50, 1450 Main Street → ['7929580']
  [4842] 285 Marion At Braemar → ['7929580']
  [4844] 655 Osborne At Kylemore → ['7929580']
  [4847] 2155 Pembina Highway → ['7929580']
  [4848] 850 Keewatin Street → ['7929580']
  [4849] 2025 Corydon At Edgeland → ['7929580']
  [4851] 3393 Portage Avenue → ['7929580']
  [4853] 920 Jefferson Avenue → no new flyers
  [4854] 3900 Grant Avenue → ['7929580']
  [4855] 500, 1615 Regent Avenue West → no new flyers
  [4857] 654 Kildare Avenue East → ['7929580']
  [4859] 1625 Kenaston Boulevard → ['7929580']
  [4867] 499 River Avenue → ['7929580']
  [4876] Sobeys Thickwood → no new flyers
  [4878] Safeway Lawson Heights → no new flyers
  [4879] Prince Albert → ['7929581']
  [4880] 1860 McOrmond Drive → ['7929581']
  [4887] Southland Mall → ['7929581']
  [4888] 1 Springs Drive → ['7929581']
  [4890] 353 Albert Street North → ['7929581']
  [4891] 2931 - 13 Avenue → ['7929581']
  [4894] Safeway Regent Park → no new flyers
  [4896] Moose Jaw → no new flyers
  [4901] 2733 West Broadway → ['7940039']
  [4902] 500, 2339 Hwy 97 North → no new flyers
  [4903] 6401 - 120 Street → ['7940039']
  [4905] #780, 2601 Westview Drive → ['7940039']
  [4906] 3417 - 30 Avenue → no new flyers
  [4907] 555 West 12 Avenue → no new flyers
  [4908] 1766 Robson Street → ['7940039']
  [4909] 5385 Headland Drive → ['7940039']
  [4911] 4440 Hastings Street → ['7940039']
  [4912] 20871 Fraser Highway → ['7940039']
  [4913] 6564 East Hastings Street → ['7940039']
  [4914] 700, 15355 - 24 Avenue → ['7940039']
  [4916] 750 Fortune Drive → ['7940039']
  [4917] 800 McBride Boulevard → ['7940039']
  [4918] 6153 - 200 Street → ['7940039']
  [4919] 4300 - 32 Street → ['7940039']
  [4920] 8860 - 152 Street → ['7940039']
  [4924] 1599 - 2 Avenue → ['7940039']
  [4925] 445 Reid Street → ['7940039']
  [4926] 1 575 A Alder Avenue → no new flyers
  [4928] 200 - 2 Avenue West → ['7940039']
  [4930] 220, 800 Carnarvon Street . → ['7940039']
  [4931] 3410 Kingsway Street → ['7940039']
  [4932] 100, 32500 S. Fraser Way → no new flyers
  [4933] 945 West Columbia → no new flyers
  [4935] 7450 - 120 Street → no new flyers
  [4936] 1100, 2850 Shaughnessy Street → ['7940039']
  [4938] 45850 Yale Road → no new flyers
  [4939] 12825 - 16 Avenue → ['7940039']
  [4940] 650 West 41 Avenue → no new flyers
  [4941] 990 King Edward Avenue West → ['7940039']
  [4944] 9855 Austin Road → no new flyers
  [4945] 4575 West 10 Avenue → no new flyers
  [4946] 4655 Lakelse Avenue → ['7940039']
  [4947] 109, 4255 Arbutus Street → no new flyers
  [4948] 211 Anderson → ['7940039']
  [4949] 6140 Blundell Road → no new flyers
  [4950] 1170 East 27 Street → ['7940039']
  [4951] 32520 Lougheed Highway → no new flyers
  [4952] 3664 Highway 16 (Box 459) → ['7940039']
  [4954] 5235 Kingsway → no new flyers
  [4955] 801, 1301 Main Street → ['7940039']
  [4956] 451 Oliver → no new flyers
  [4957] 10151 No. 3 Road → no new flyers
  [4958] 1175 Mt. Seymour Road → ['7940039']
  [4959] 27566 Fraser Highway → no new flyers
  [4960] 697 Bernard Avenue → ['7940039']
  [4962] 5275 - 48 Avenue → no new flyers
  [4963] Powell River → no new flyers
  [4964] 7165 - 138 Street → no new flyers
  [4966] 1780 East Broadway → ['7940039']
  [4967] 8671 No. 1 Road → ['7940039']
  [4968] 45610 Luckakuck Way → ['7940039']
  [4970] 1721 Columbia Avenue → ['7940039']
  [4971] 300, 20201 Lougheed Hwy → no new flyers
  [4972] 11200, 11216 - 8 Street → ['7929579']
  [4973] 9123 - 100 Street → ['7929579']
  [4974] Safeway Cranbrook → ['7929579']
  [4976] 8475 Granville Street → ['7940039']
  [4977] Safeway Burquitlam → ['7940039']
  [4979] Safeway Arbutus → ['7940039']
  [4980] Safeway Austin Heights 4980 → ['7940039']
  [4986] Sobeys Stonebridge → no new flyers
  [4993] Lawson Heights → ['7929581']
  [4998] Safeway Davie → ['7940039']
  [5037] 2860 Pembina Highway → no new flyers
  [5038] Stonebridge → no new flyers
  [5170] Sobeys - Varsity Common → no new flyers
  [5387] Riverbend → no new flyers
  [5472] Rochdale → no new flyers
  [8805] 318 Marten Street (BOX 1450) → no new flyers
  [8809] Westbrook Mall → ['7929579']
  [8812] 813 - 11 Avenue SW → ['7929579']
  [8816] 3625 Shaganappi Trail NW → ['7929579']
  [8820] 524 Elbow Drive SW → ['7929579']
  [8821] 1, 755 Lake Bonavista Dr. SE → ['7929579']
  [8823] #20, 1818 Centre Street NE → ['7929579']
  [8824] 410 - 10 Street NW → ['7929579']
  [8827] 2525 Woodview Drive SW → ['7929579']
  [8830] 505 Main Street → ['7929579']
  [8831] 55 Castleridge Boulevard NE → ['7929579']
  [8833] 99 Crowfoot Crescent NW → ['7929579']
  [8841] 11011 Bonaventure Drive SE → ['7929579']
  [8842] 1600 - 90 Avenue SW → ['7929579']
  [8844] 5005 Dalhousie Drive NW → ['7929579']
  [8846] 9737 Macleod Trail SW → no new flyers
  [8847] 70 Shawville Boulevard SE → ['7929579']
  [8849] 8120 Beddington Blvd NW → ['7929579']
  [8852] 200 Stewart Green SW → ['7929579']
  [8854] Fairway Plaza → ['7929579']
  [8855] 8720 - 156 Street → ['7929579']
  [8857] Leduc → ['7929579']
  [8858] 576 Riverbend Square NW → ['7929579']
  [8859] 300 - 2 Hebert Road → no new flyers
  [8863] 395 St. Albert Trail → ['7929579']
  [8867] 11410 - 104 Avenue NW → ['7929579']
  [8871] Northgate → ['7929579']
  [8874] 985 Fir Street → no new flyers
  [8877] 4407 50th Avenue → no new flyers
  [8879] 500 Manning Crossing NW → ['7929579']
  [8880] Terra Losa → ['7929579']
  [8883] 200, 6800 - 48 Avenue → ['7929579']
  [8885] 4202 Southpark Drive → ['7929579']
  [8886] 600, 6655 - 178 Street NW → ['7929579']
  [8887] 500, 900 Carmichael Lane → ['7929579']
  [8888] 8100 - 100 Street → ['7929579']
  [8891] 601 111th Ave & Groat Road → ['7929579']
  [8892] 200, 9499 - 137 Avenue NW → ['7929579']
  [8893] 1062, 5004 - 98 Avenue NW → ['7929579']
  [8894] 9450 - 86 Avenue → ['7929579']
  [8895] 10930 - 82 Avenue NW → ['7929579']
  [8896] 550 Cassils Road West → ['7929579']
  [8897] 94 Mcleod Avenue → ['7929579']
  [8898] #185, 8330 - 82 Avenue NW → ['7929579']
  [8899] 3905 - 56 Street → ['7929579']
  [8900] 2534 Guardian Road → ['7929579']
  [8903] 375 Aspen Glen Landing SW → ['7929579']
  [8904] 100A, 5015 - 111 Street NW → ['7929579']
  [8906] 5110 Windermere Boulevard → ['7929579']
  [8910] Thorncliffe → no new flyers
  [8912] Garrison Woods → ['7929579']
  [8913] #1846,1632 - 14 Avenue NW → ['7929579']
  [8914] Town Square → ['7929579']
  [8915] 615 Division Avenue South → ['7929579']
  [8916] 5048 16 Avenue NW → ['7929579']
  [8919] 1200 Railway Avenue → ['7929579']
  [8920] West Lethbridge → ['7929579']
  [8921] 2310 - 109 Street NW → ['7929579']
  [8922] 5211  44th Street → ['7929579']
  [8924] 2020 Sherwood Drive → ['7929579']
  [8989] #100, 4915 - 130 Avenue SE → ['7929579']
  [8990] Glamorgan → ['7929579']
  [8991] 100, 135 Chestermere Station Way → ['7929579']
  [8992] South Trail Crossing → no new flyers

  131 new publication entries across 173 stores
  5 unique new publication(s) to download
  Appended 131 rows to data/safeway/store_flyers.parquet
New publication entries added to store_flyers.parquet: 131
Unique new publications to download: 5

Phase 2: fetching products for each new publication…

  [7929579] Weekly Flyer  (2026-05-21T03:00:00-04:00 → 2026-05-27T23:59:59-04:00)
    396 products
  [7929581] Weekly Flyer  (2026-05-21T03:00:00-04:00 → 2026-05-27T23:59:59-04:00)
    392 products
  [7940038] Weekly Flyer - ON/BC  (2026-05-21T03:00:00-04:00 → 2026-05-27T23:59:59-04:00)
    392 products
  [7929580] Weekly Flyer  (2026-05-21T03:00:00-04:00 → 2026-05-27T23:59:59-04:00)
    392 products
  [7940039] Weekly Flyer - ON/BC  (2026-05-21T03:00:00-04:00 → 2026-05-27T23:59:59-04:00)
    392 products

── Phase 2 results ──────────────────────────────────────────────────
  Downloaded : 5
  Skipped    : 0  (file already existed)
  Errors     : 0

Run completed: 2026-05-21 14:18:12 UTC
Elapsed      : 0m 36s


Done.  Verbose log → logs/safeway/2026-05-21_verbose.log
       Summary log → logs/safeway/2026-05-21_summary.log

