=== Fortinos Flyer Fetch — 2026-10-08 ===
Run started : 2026-10-08 19:24:29 UTC

Loaded 25 stores from data/fortinos/stores.parquet

Stores loaded: 25
Loaded store_flyers.parquet (514 publication entries)

Phase 1: fetching publications per store…

  [31] Test Store → no new flyers
  [39] Fortinos Mountainash → no new flyers
  [46] Fortinos Hwy 20 & 53 → ['8174345']
  [55] Fortinos Langstaff → ['8174347']
  [65] Fortinos Upper James 2004 → ['8174345']
  [67] Fortinos Main Street → ['8174345']
  [78] Fortinos Plains Road → ['8174344']
  [86] Fortinos Ancaster → ['8174345']
  [96] Fortinos Highway #7 & Ansley → ['8174347']
  [199] Fortinos Neyagawa → ['8174344']
  [300] Fortinos Eastgate → ['8174365']
  [526] Fortinos Upper Middle → ['8174344']
  [1434] Fortinos Waterdown → ['8174344']
  [1436] Fortinos Lawrence & Allen → ['8174347']
  [1495] Fortinos Appleby → ['8174344']
  [2265] Fortinos Dundurn → ['8174345']
  [2268] Fortinos New Street → ['8174344']
  [4014] Fortinos Mall Road → ['8174345']
  [5547] Fortinos Major Mackenzie → ['8174347']
  [5548] Bovaird & HWY 10 → ['8174366']
  [7136] Fortinos (South Oakville) Ltd → ['8174344']
  [7346] Fortinos Fiesta Mall → ['8174345']
  [7513] BOLTON → ['8174347']
  [7529] Fortinos Highway 7 & Brisdale → ['8174346']
  [7920] Fortinos Queens Plate → ['8174347']

  23 new publication entries across 25 stores
  6 unique new publication(s) to download
  Appended 23 rows to data/fortinos/store_flyers.parquet
New publication entries added to store_flyers.parquet: 23
Unique new publications to download: 6

Phase 2: fetching products for each new publication…

  [8174345] Weekly Flyer  (2026-10-08T00:00:00-04:00 → 2026-10-11T23:59:59-04:00)
    511 products
  [8174347] Weekly Flyer  (2026-10-08T00:00:00-04:00 → 2026-10-11T23:59:59-04:00)
    511 products
  [8174344] Weekly Flyer  (2026-10-08T00:00:00-04:00 → 2026-10-11T23:59:59-04:00)
    511 products
  [8174365] Weekly Flyer  (2026-10-08T00:00:00-04:00 → 2026-10-11T23:59:59-04:00)
    535 products
  [8174366] Weekly Flyer  (2026-10-08T00:00:00-04:00 → 2026-10-11T23:59:59-04:00)
    535 products
  [8174346] Weekly Flyer  (2026-10-08T00:00:00-04:00 → 2026-10-11T23:59:59-04:00)
    511 products

── Phase 2 results ──────────────────────────────────────────────────
  Downloaded : 6
  Skipped    : 0  (file already existed)
  Errors     : 0

Run completed: 2026-10-08 19:24:33 UTC
Elapsed      : 0m 4s


Done.  Verbose log → logs/fortinos/2026-10-08_verbose.log
       Summary log → logs/fortinos/2026-10-08_summary.log

