=== Zehrs Flyer Fetch — 2026-06-18 ===
Run started : 2026-06-18 14:13:04 UTC

Loaded 44 stores from data/zehrs/stores.parquet

Stores loaded: 44
Loaded store_flyers.parquet (504 publication entries)

Phase 1: fetching publications per store…

  [26] TEST STORE → no new flyers
  [500] Zehrs Clairfiled → ['7982579']
  [505] Zehrs Bradford → ['7982579']
  [507] Zehrs Essa Road → ['7982579']
  [509] Zehrs Alliston → ['7982579']
  [514] Zehrs Duckworth → ['7982579']
  [515] Zehrs Hiway Centre → ['7982579']
  [519] Zehrs Caledonia → ['7982579']
  [520] Zehrs Keswick → ['7982579']
  [521] Zehrs Malden Road → ['7982597']
  [522] Zehrs Pen Centre → ['7982579']
  [523] Zehrs Stanley Park → ['7982593']
  [524] Zehrs Beechwood → ['7987397']
  [525] Zehrs Glenridge → ['7987394']
  [528] Zehrs Conestoga → ['7982579']
  [529] Zehrs Parkway Mall → ['7982582']
  [530] Zehrs Pioneer Park → ['7982579']
  [531] Zehrs Hartsland → ['7982579']
  [532] Zehrs Goderich → ['7982579']
  [533] Zehrs Cambridge Cntr → ['7982593']
  [535] Zehrs Listowel → ['7982579']
  [536] Zehrs Geneva Street → ['7982579']
  [537] Zehrs Niagara → ['7982582']
  [538] Zehrs Eramosa → ['7982579']
  [539] Zehrs Fergus → ['7982593']
  [540] Zehrs Fairview → ['7982579']
  [543] Zehrs King George → ['7982579']
  [545] Zehrs Hespeler → ['7982579']
  [550] Zehrs Welland → ['7982579']
  [552] Zehrs Uxbridge → ['7982593']
  [554] Zehrs Orangeville → ['7982579']
  [557] Zehrs Stratford → ['7982590']
  [558] Zehrs Bolton → no new flyers
  [559] Zehrs Imperial → ['7982597']
  [560] Zehrs Laurentian → ['7982597']
  [563] Zehrs Owen Sound → ['7982593']
  [565] Zehrs Big Bay Point → ['7982593']
  [570] Zehrs Tillsonburg → ['7982593']
  [572] Zehrs Kingsville → ['7982579']
  [573] Zehrs St Clair Beach → ['7982579']
  [576] Zehrs South Cambridge → ['7982590']
  [579] Zehrs Woodstock → ['7982579']
  [580] Zehrs Orillia → ['7982579']
  [6583] Zehrs Bayfield → ['7982579']

  42 new publication entries across 44 stores
  7 unique new publication(s) to download
  Appended 42 rows to data/zehrs/store_flyers.parquet
New publication entries added to store_flyers.parquet: 42
Unique new publications to download: 7

Phase 2: fetching products for each new publication…

  [7982579] Weekly Flyer  (2026-06-18T00:00:00-04:00 → 2026-06-24T23:59:59-04:00)
    273 products
  [7982597] Weekly Flyer  (2026-06-18T00:00:00-04:00 → 2026-06-24T23:59:59-04:00)
    306 products
  [7982593] Weekly Flyer  (2026-06-18T00:00:00-04:00 → 2026-06-24T23:59:59-04:00)
    285 products
  [7987397] Weekly Flyer  (2026-06-18T00:00:00-04:00 → 2026-06-24T23:59:59-04:00)
    294 products
  [7987394] Weekly Flyer  (2026-06-18T00:00:00-04:00 → 2026-06-24T23:59:59-04:00)
    273 products
  [7982582] Weekly Flyer  (2026-06-18T00:00:00-04:00 → 2026-06-24T23:59:59-04:00)
    294 products
  [7982590] Weekly Flyer  (2026-06-18T00:00:00-04:00 → 2026-06-24T23:59:59-04:00)
    285 products

── Phase 2 results ──────────────────────────────────────────────────
  Downloaded : 7
  Skipped    : 0  (file already existed)
  Errors     : 0

Run completed: 2026-06-18 14:13:13 UTC
Elapsed      : 0m 8s


Done.  Verbose log → logs/zehrs/2026-06-18_verbose.log
       Summary log → logs/zehrs/2026-06-18_summary.log

