=== Metro Quebec Flyer Fetch — 2026-09-24 ===
Run started : 2026-09-24 18:06:48 UTC

Loaded 182 stores from data/metro_qc/stores.parquet

Stores loaded: 182
Loaded store_flyers.parquet (8190 flyer entries)

Phase 1: fetching flyer listings per store…

  [161] Metro Plus Thibeault Ste-Sophie → ['83956', '83956B']
  [342] Metro Plus Ste-Foy, Québec → ['83956', '83956B']
  [343] Metro Plus St-Nicolas, Lévis → ['83956', '83956B']
  [346] Metro Plus St-David, Québec → ['83956', '83956B']
  [349] Metro Plus Mail St-Roch, Québec → ['83956', '83956B']
  [351] Metro Innovation, Québec → ['83956', '83956B']
  [353] Marché Saint-Augustin L'Hêtrière Inc. → ['83956', '83956B']
  [354] Alimentation Carl Auger Inc., Boul. Pie-Xi Nord → ['83956', '83956B']
  [355] Metro Richelieu Inc. / St-Raymond → ['83956', '83956B']
  [356] Metro Donnacona → ['83956', '83956B']
  [358] Metro La Malbaie → ['83956', '83956B']
  [360] Metro Black-Lake, Thetford Mines → ['83956', '83956B']
  [361] Metro Plus Lévis → ['83956', '83956B']
  [362] Metro Charny, Lévis → ['83956', '83956B']
  [365] Metro Plus des Forges, Trois-Rivières → ['83956', '83956B']
  [366] Metro Plus Jean XXIII, Trois-Rivières → ['83956', '83956B']
  [369] Alimentation Sylvain Daigle Inc. → ['83956', '83956B']
  [371] Alimentation Merouane Amour Inc., Montréal → ['83956', '83956B']
  [372] Alimentation Fabrice Koné Inc. → ['83956', '83956B']
  [373] Metro Plus Domaine, Montréal → ['83956', '83956B']
  [374] Metro Pie IX, Rue Jean-Talon Est, Montréal → ['83956', '83956B']
  [375] Metro Morgan, Rue Ste-Catherine Est, Montréal → ['83956', '83956B']
  [376] Metro Ontario, Montréal → ['83956', '83956B']
  [377] Metro Plus Fleury, Montréal → ['83956', '83956B']
  [378] Metro Plus Dorion Ste-Catherine, Montréal → ['83956', '83956B']
  [380] Metro Avenue du Parc, Montréal → ['83956', '83956B']
  [381] Metro Plus Wilderton → ['83956', '83956B']
  [382] Metro Côte-des-Neiges, Montréal → ['83956', '83956B']
  [383] Metro Queen Mary, Montréal → ['83956', '83956B']
  [384] Metro Westmount → ['83956', '83956B']
  [386] 9477-0690 Québec Inc. → ['83956', '83956B']
  [387] Metro Plus Concorde Duvernay, Laval → ['83956', '83956B']
  [390] Metro Plus Dollard, Montréal → ['83956', '83956B']
  [393] Metro Plus Kirkland → ['83956', '83956B']
  [395] Metro Plus Pointe-Claire → ['83956', '83956B']
  [396] Metro Plus Beaconsfield → ['83956', '83956B']
  [401] Metro Plus de Drummondville, boul Lemire → ['83956', '83956B']
  [402] Metro Plus Promenades Drummondville → ['83956', '83956B']
  [404] Metro Plus Sorel-Tracy → ['83956', '83956B']
  [405] Marché Pilon, Boul. De La Cité Des Jeunes, Gatineau → ['83956', '83956B']
  [407] Metro Plus St-Constant → ['83956', '83956B']
  [408] Metro Plus Bellemare, Brossard → ['83956', '83956B']
  [409] Metro Candiac → ['83956', '83956B']
  [410] Metro Plus Châteauguay → ['83956', '83956B']
  [411] Metro Plus Valleyfield → ['83956', '83956B']
  [412] Metro Plus Collin Chambly → ['83956', '83956B']
  [413] Metro Plus Terrebonne → ['83956', '83956B']
  [420] Metro Plus Buckingham, Gatineau → ['83956', '83956B']
  [485] Metro Plus De la Montagne, Montréal → ['83956', '83956B']
  [487] Metro Plus Victoriaville → ['83956', '83956B']
  [532] Supermarché Claka Inc., Québec → ['83956', '83956B']
  [533] Metro Plus De  La Rousselière, Montréal → ['83956', '83956B']
  [534] Metro Ville Mont-Royal → ['83956', '83956B']
  [535] Metro Ste-Anne-de-La Pérade → ['83956', '83956B']
  [537] Metro Lebel Mont-Royal, Montréal → ['83956', '83956B']
  [538] Metro Bigras, Montréal → ['83956', '83956B']
  [540] Metro Plus Boucher St-Félix-de-Valois → ['83956', '83956B']
  [541] Metro Boucher St-Jean-de-Matha → ['83956', '83956B']
  [542] Metro Plus Fournier Cap-de-la-Madeleine, Trois-Rivières → ['83956', '83956B']
  [543] Metro Masson, Trois-Rivières → ['83956', '83956B']
  [545] Metro Saint-Tite, St-Tite-De-Champlain → ['83956', '83956B']
  [546] Metro Plus Thibeault Blainville, Boul. Curé-Labelle → ['83956', '83956B']
  [548] Metro Plus Thibeault St-Antoine, St-Jérôme → ['83956', '83956B']
  [549] Metro Plus Thibeault St-Jérôme → ['83956', '83956B']
  [551] Metro E. Bourdon & Fils, rue Jean Talon Est → ['83956', '83956B']
  [552] Metro Plus Perrier & Martel, Boul. Arthur-Sauvé → ['83956', '83956B']
  [553] Metro Oka → ['83956', '83956B']
  [554] Metro Plus Beaulieu Ste-Julienne → ['83956', '83956B']
  [555] Metro Plus Boucher Rawdon → ['83956', '83956B']
  [556] Metro Plus Bélair Joliette, Rue Beaudry Nord → ['83956', '83956B']
  [557] Metro St-Marc-des-Carrières → ['83956', '83956B']
  [559] Metro Ferland Centre-Ville, Québec → ['83956', '83956B']
  [560] Metro Beaubien, Montréal → ['83956', '83956B']
  [563] Metro Val-David → ['83956', '83956B']
  [564] Metro Marché Laval Veilleux, St-Georges Sud → ['83956', '83956B']
  [565] Marché Alain Valiquette, Lac-Mégantic → ['83956', '83956B']
  [566] Metro Plus Plouffe Magog → ['83956', '83956B']
  [569] Metro Rouillard & Frères, Pierreville → ['83956', '83956B']
  [570] Metro Plus Émery Louiseville → ['83956', '83956B']
  [572] Metro Plus Ile-Perrot, Notre-Dame-De-L'ile-Perrot → ['83956', '83956B']
  [575] Marché Daoust (1985) Valleyfield → ['83956', '83956B']
  [579] Metro du Témis Dégelis → ['83956', '83956B']
  [580] Metro St-André Avellin → ['83956', '83956B']
  [581] Metro Plus Leblanc, boul. Maloney → ['83956', '83956B']
  [584] Metro Plus Jonquière, Saguenay → ['83956', '83956B']
  [585] Metro Sagamie Jonquière, Saguenay → ['83956', '83956B']
  [586] Metro Boutin St-Félicien → ['83956', '83956B']
  [587] Metro Gracefield → ['83956', '83956B']
  [588] Metro Chénéville → ['83956', '83956B']
  [589] Metro Thurso, Rue Victoria → ['83956', '83956B']
  [591] Metro Lapointe Maniwaki → ['83956', '83956B']
  [592] Metro Tanguay Papineauville → ['83956', '83956B']
  [596] Metro Plouffe Bedford → ['83956', '83956B']
  [597] Metro Plus Plouffe Farnham → ['83956', '83956B']
  [599] Metro Plus St-Grégoire, Bécancour → ['83956', '83956B']
  [601] Metro Iberville Repentigny → ['83956', '83956B']
  [603] Metro Plus Marquis Repentigny → ['83956', '83956B']
  [604] Metro Plus Fogarty Charlemagne → ['83956', '83956B']
  [606] 9486-7041 Québec Inc. → ['83956', '83956B']
  [608] Metro Plus Cardinal Ste-Catherine → ['83956', '83956B']
  [609] Metro Plus Bellemare Lapinière, Brossard → ['83956', '83956B']
  [611] Metro Plus Raymond Drouin, Longueuil → ['83956', '83956B']
  [612] Supermarché Riendeau, Ste-Julie → ['83956', '83956B']
  [613] Metro Richelieu Inc./Verchères → ['83956', '83956B']
  [615] Metro Viens Carleton → ['83956', '83956B']
  [617] Métro Plus Gaétan Riendeau, St-Hyacinthe → ['83956', '83956B']
  [618] Metro Plus Riendeau Beloeil → ['83956', '83956B']
  [620] Metro Plus Riendeau St-Hilaire → ['83956', '83956B']
  [623] Metro Plus Riendeau St-Hubert, Longueuil → ['83956', '83956B']
  [624] Metro Bellemare St-Hubert, Longueuil → ['83956', '83956B']
  [626] Metro Laroche Laurier-Station → ['83956', '83956B']
  [627] Metro Plus Laroche St-Etienne, Lévis → ['83956', '83956B']
  [628] Metro Marquis Québec (Cartier) → ['83956', '83956B']
  [629] Metro Plus Plouffe King Est, Sherbrooke → ['83956', '83956B']
  [630] Metro Plus Plouffe Bourque, Sherbrooke → ['83956', '83956B']
  [632] Metro Plus Coop D'Asbestos → ['83956', '83956B']
  [634] Metro Blanchard St-Alphonse, Route 343 → ['83956', '83956B']
  [636] Metro Beaulieu Laurier, Montréal → ['83956', '83956B']
  [641] Metro Emery St-Damien → ['83956', '83956B']
  [643] Metro Plus Depatie, Boul. De L'avenir, Laval → ['83956', '83956B']
  [644] Metro Marieville → ['83956', '83956B']
  [654] Metro Plus St-Gabriel → ['83956', '83956B']
  [655] Metro Plus Plouffe Bromont → ['83956', '83956B']
  [656] Metro Plouffe Granby → ['83956', '83956B']
  [657] Metro Richelieu Inc., Waterloo → ['83956', '83956B']
  [658] Metro Plus Marché Central C.J.C., Longueuil → ['83956', '83956B']
  [659] Metro Plus André-Grasset, Montréal → ['83956', '83956B']
  [660] Metro Messier Fort-St-Louis, Boucherville → ['83956', '83956B']
  [661] Metro de la Concorde, Laval → ['83956', '83956B']
  [662] Metro Plus Mascouche, Rue Montée Masson → ['83956', '83956B']
  [664] Metro Rosemère, Chemin Grande-Côte → ['83956', '83956B']
  [665] Metro Plus Messier Auteuil, Laval → ['83956', '83956B']
  [666] Metro Plus St-Joseph, Montréal → ['83956', '83956B']
  [667] Marché R. Dubé Ltée, Avenue Begin → ['83956', '83956B']
  [669] Metro Plus Fordham, St-Zotique → ['83956', '83956B']
  [671] Metro Corriveau et Fille, Napierville → ['83956', '83956B']
  [672] Metro Dubuc Deschaillons → ['83956', '83956B']
  [673] Metro Denigil Ste-Dorothée, Laval → ['83956', '83956B']
  [674] Metro Sabrevois Boucherville → ['83956', '83956B']
  [675] Metro Plus Lebel La Pocatière → ['83956', '83956B']
  [677] Metro Bellemare Verdun, Montréal → ['83956', '83956B']
  [679] Metro Plus Boucher Berthierville → ['83956', '83956B']
  [680] Metro Plus  Kelly Aylmer Inc., Gatineau → ['83956', '83956B']
  [681] Metro Doré Mont-Laurier → ['83956', '83956B']
  [682] Metro Plus Lafrance Anjou, Montréal → ['83956', '83956B']
  [683] Metro Marcanio, Montréal → ['83956', '83956B']
  [684] Metro Plus Ancienne-Lorette → ['83956', '83956B']
  [686] Metro Plus Charlesbourg, Québec → ['83956', '83956B']
  [687] Metro Courville → ['83956', '83956B']
  [688] Alimentation Bernard Sylvestre, Québec → ['83956', '83956B']
  [689] Metro Plus GP Notre-Dame-des-Laurentides, Québec → ['83956', '83956B']
  [690] Metro Plus St-Augustin, Rte 138 → ['83956', '83956B']
  [691] Metro Plus GP St-Émile, De La Faune, Québec → ['83956', '83956B']
  [693] Metro Lac Etchemin → ['83956', '83956B']
  [694] Marché Dubé Délisle, Alma → ['83956', '83956B']
  [696] Metro Plus Boutin Dolbeau-Mistassini → ['83956', '83956B']
  [697] Metro Plus Côte Vertu, Montréal → ['83956', '83956B']
  [698] 9477-0716 Québec Inc. → ['83956', '83956B']
  [701] Metro Plus Rimouski → ['83956', '83956B']
  [702] Metro Ste-Anne des Monts → ['83956', '83956B']
  [703] Metro Trois-Pistoles → ['83956', '83956B']
  [711] Metro Valcartier, Courcelette Shannon → ['83956', '83956B']
  [712] Marché Chicoutimi Inc. (Talbot) → ['83956', '83956B']
  [717] Marché Ste-Agathe Inc. → ['83956', '83956B']
  [718] Metro Plus Ste-Adèle → ['83956', '83956B']
  [723] Metro Plus St-Laurent (St-Eustache) → ['83956', '83956B']
  [724] Metro Plus Ste-Marthe → ['83956', '83956B']
  [725] Metro Plus Arthur-Sauvé → ['83956', '83956B']
  [726] Metro Plus Ste-Rose, Boul. Curé-Labelle, Laval → ['83956', '83956B']
  [734] Metro Mont-Tremblant → ['83956', '83956B']
  [736] Metro Plus L'Épiphanie → ['83956', '83956B']
  [741] Metro Mansfield → ['83956', '83956B']
  [757] Alimentation Francine Roy, Vaudreuil-Dorion → ['83956', '83956B']
  [766] Metro Marquis Plus, L'Assomption → ['83956', '83956B']
  [775] Alimentation Régent Cossette - Montée Paiement → ['83956', '83956B']
  [776] 9477-0674 Québec Inc. → ['83956', '83956B']
  [853] Metro Plus Lachine → ['83956', '83956B']
  [859] Metro Plus Prévost → ['83956', '83956B']
  [861] Metro épicerie en ligne inc. → ['83956', '83956B']
  [862] Marché Chicoutimi Inc. (Saguenay) → ['83956', '83956B']
  [892] Metro Plus Thibeault Mirabel → ['83956', '83956B']
  [936] Metro Beaulieu Mont-Royal Fabre → ['83956', '83956B']

  364 new flyer entries across 182 stores
  2 unique new job(s) to download
  Appended 364 rows to data/metro_qc/store_flyers.parquet
New flyer entries added to store_flyers.parquet : 364
Unique new jobs to download                     : 2

Phase 2: fetching products for each new job…

  [83956] store 161  (https://metrodigital-apim.azure-api.net/api/Pages/83956/161/en/search)
    500 products
  [83956B] store 161  (https://metrodigital-apim.azure-api.net/api/Pages/83956B/161/en/search)
    79 products

── Phase 2 results ──────────────────────────────────────────────────
  Downloaded : 2
  Skipped    : 0  (file already existed)
  Errors     : 0

Run completed: 2026-09-24 18:07:31 UTC
Elapsed      : 0m 43s


Done.  Verbose log → logs/metro_qc/2026-09-24_verbose.log
       Summary log → logs/metro_qc/2026-09-24_summary.log

