=== Real Canadian Superstore Flyer Fetch — 2026-06-18 ===
Run started : 2026-06-18 14:12:00 UTC

Loaded 124 stores from data/real_canadian_superstore/stores.parquet

Stores loaded: 124
Loaded store_flyers.parquet (2160 publication entries)

Phase 1: fetching publications per store…

  [1] Vancouver-Marine → no new flyers
  [24] Testing Store → no new flyers
  [512] Wasaga Beach Superstore → ['7982401', '7984917', '7984926']
  [551] St Thomas Superstore → ['7982401', '7984917', '7984926']
  [562] Chatham Superstore → ['7982401', '7984917', '7984926']
  [566] Leamington Superstore → ['7982401', '7984917', '7984926']
  [567] Walker Road Superstore → ['7982401', '7984917', '7984926']
  [569] Midland Superstore → ['7982401', '7984917', '7984926']
  [577] St. Catherine's Superstore → ['7982401', '7984917', '7984926']
  [1009] Westboro Superstore → ['7982403', '7984917', '7984926']
  [1012] Ajax Superstore → ['7982405', '7984917', '7984926']
  [1017] Brockville Superstore → ['7982409', '7984917', '7984926']
  [1018] NEWMARKET → ['7982411', '7984917', '7984926']
  [1024] OAKVILLE → ['7982403', '7984917', '7984926']
  [1030] AURORA → ['7982411', '7984917', '7984926']
  [1033] TORONTO → ['7982410', '7984917', '7984926']
  [1043] Oshawa Superstore → ['7982402', '7984917', '7984926']
  [1058] Whitby Superstore → ['7982402', '7984917', '7984926']
  [1071] South Orleans Superstore → ['7982403', '7984917', '7984926']
  [1077] TORONTO → ['7982404', '7984917', '7984926']
  [1080] MISSISSAUGA → ['7982403', '7984917', '7984926']
  [1091] Oxford & Gammage Superstore → ['7982401', '7984917', '7984926']
  [1502] EDMONTON → ['7982436']
  [1503] RCSS Click & Collect → ['7982429']
  [1504] RCSS Click & Collect → ['7982429']
  [1505] WINNIPEG → ['7982448']
  [1506] WINNIPEG → ['7982431']
  [1508] WINNIPEG → ['7982430']
  [1509] WINNIPEG → ['7982449']
  [1510] WINKLER → ['7982429']
  [1511] WINNIPEG → ['7982449']
  [1512] WINNIPEG → ['7982430']
  [1514] WINNIPEG → ['7982431']
  [1515] BRANDON → ['7982429']
  [1516] WINNIPEG → ['7982438']
  [1517] VANCOUVER → ['7982455']
  [1518] BURNABY → ['7982445']
  [1519] COQUITLAM → ['7982429']
  [1520] VANCOUVER → ['7982447']
  [1521] NORTH SURREY/NORTH DELTA → ['7982446']
  [1522] KAMLOOPS → ['7982430']
  [1523] CHILLIWACK → ['7982430']
  [1524] CAMPBELL RIVER → ['7982440']
  [1525] NANAIMO → ['7982429']
  [1526] COQUITLAM → ['7982432']
  [1527] VICTORIA → ['7982429']
  [1528] RCSS Click & Collect → ['7982440']
  [1530] RCSS Click & Collect → ['7982433']
  [1531] RCSS Click & Collect → ['7982430']
  [1532] RCSS Click & Collect → ['7982429']
  [1533] Regina-Albert → ['7982430']
  [1535] SASKATOON → ['7982444']
  [1536] SASKATOON → ['7982443']
  [1537] Edmonton Heritage Superstore → ['7982451']
  [1538] EDMONTON → ['7982435']
  [1539] CALGARY → ['7982434']
  [1540] RCSS Click & Collect → ['7982434']
  [1541] RCSS Click & Collect → ['7982434']
  [1542] RCSS Click & Collect → ['7982450']
  [1543] RCSS Click & Collect → ['7982450']
  [1544] RCSS Click & Collect → ['7982437']
  [1545] CALGARY → ['7982437']
  [1546] CALGARY → ['7982437']
  [1547] RCSS Click & Collect → ['7982434']
  [1548] FORT MCMURRAY → ['7982434']
  [1549] EDMONTON → ['7982435']
  [1550] RCSS Click & Collect → ['7982435']
  [1551] White Rock → ['7982429']
  [1552] RCSS Click & Collect → ['7982430']
  [1553] RCSS Click & Collect → ['7982429']
  [1554] RCSS Click & Collect → ['7982454']
  [1555] RCSS Click & Collect → ['7982430']
  [1556] RCSS Click & Collect → ['7982446']
  [1557] RICHMOND → ['7982454']
  [1558] RCSS Click & Collect → ['7982431']
  [1559] RCSS Click & Collect → ['7982430']
  [1560] RCSS Click & Collect → ['7982429']
  [1561] LANGLEY → ['7982431']
  [1562] PRINCE GEORGE → ['7982429']
  [1563] RCSS Click & Collect → ['7982440']
  [1564] KELOWNA → ['7982431']
  [1565] RCSS Click & Collect → ['7982435']
  [1566] EDMONTON → ['7982435']
  [1567] RCSS Click & Collect → ['7982435']
  [1568] RCSS Click & Collect → ['7982435']
  [1569] EDMONTON → ['7982451']
  [1570] EDMONTON → ['7982436']
  [1571] RCSS Click & Collect → ['7982434']
  [1572] EDMONTON → ['7982435']
  [1573] EDMONTON → ['7982453']
  [1574] CALGARY → ['7982439']
  [1575] CALGARY → ['7982452']
  [1576] CALGARY → ['7982450']
  [1577] CALGARY → ['7982434']
  [1578] CALGARY → ['7982452']
  [1579] RCSS Click & Collect → ['7982436']
  [1581] RCSS Click & Collect → ['7982429']
  [1582] RCSS Click & Collect → ['7982442']
  [1583] RCSS Click & Collect → ['7982442']
  [1584] RCSS Click & Collect → ['7982443']
  [1585] RCSS Click & Collect → ['7982443']
  [1586] RCSS Seaton Way → ['7982434']
  [1590] Calgary East Village → ['7982434']
  [2555] Edmonton Superstore → ['7982451']
  [2800] TORONTO → ['7982408', '7984917', '7984926']
  [2801] BRAMPTON → no new flyers
  [2803] Sudbury Superstore → ['7982401', '7984917', '7984926']
  [2806] Grimsby Superstore → ['7982401', '7984917', '7984926']
  [2809] TORONTO → ['7982405', '7984917', '7984926']
  [2810] MILTON → ['7982407', '7984917', '7984926']
  [2811] Georgetown Superstore → ['7982406', '7984917', '7984926']
  [2812] Oakridge Mall Superstore → ['7982401', '7984917', '7984926']
  [2813] South Kanata Superstore → ['7982403', '7984917', '7984926']
  [2818] Simcoe Superstore → ['7982401', '7984917', '7984926']
  [2822] Highland Hills Superstore → ['7982403', '7984917', '7984926']
  [2823] Strathroy Superstore → ['7982401', '7984917', '7984926']
  [2826] Sarnia Superstore → ['7982401', '7984917', '7984926']
  [2827] Dougall Superstore → ['7982412', '7984917', '7984926']
  [2831] Peterborough Superstore → ['7982401', '7984917', '7984926']
  [2841] Mavis Superstore → ['7982403', '7984917', '7984926']
  [2842] Oshawa Gibb Superstore → ['7982401', '7984917', '7984926']
  [3730] Calgary → ['7982441']
  [4401] Weston Rd. Learning Centre Superstore → no new flyers
  [6885] MFC Dundas & Bloor → ['7982401', '7984917', '7984926']

  194 new publication entries across 124 stores
  41 unique new publication(s) to download
  Appended 194 rows to data/real_canadian_superstore/store_flyers.parquet
New publication entries added to store_flyers.parquet: 194
Unique new publications to download: 41

Phase 2: fetching products for each new publication…

  [7982401] Weekly Flyer  (2026-06-18T00:00:00-04:00 → 2026-06-24T23:59:59-04:00)
    576 products
  [7984917] Weekly Flyer  (2026-06-18T00:00:00-04:00 → 2026-06-24T23:59:59-04:00)
    161 products
  [7984926] Weekly Flyer  (2026-06-18T03:00:00-04:00 → 2026-06-24T23:59:59-04:00)
    161 products
  [7982403] Weekly Flyer  (2026-06-18T00:00:00-04:00 → 2026-06-24T23:59:59-04:00)
    576 products
  [7982405] Weekly Flyer  (2026-06-18T00:00:00-04:00 → 2026-06-24T23:59:59-04:00)
    576 products
  [7982409] Weekly Flyer  (2026-06-18T00:00:00-04:00 → 2026-06-24T23:59:59-04:00)
    576 products
  [7982411] Weekly Flyer  (2026-06-18T00:00:00-04:00 → 2026-06-24T23:59:59-04:00)
    590 products
  [7982410] Weekly Flyer  (2026-06-18T00:00:00-04:00 → 2026-06-24T23:59:59-04:00)
    590 products
  [7982402] Weekly Flyer  (2026-06-18T00:00:00-04:00 → 2026-06-24T23:59:59-04:00)
    576 products
  [7982404] Weekly Flyer  (2026-06-18T00:00:00-04:00 → 2026-06-24T23:59:59-04:00)
    576 products
  [7982436] Weekly Flyer  (2026-06-18T03:00:00-04:00 → 2026-06-24T23:59:59-04:00)
    588 products
  [7982429] Weekly Flyer  (2026-06-18T03:00:00-04:00 → 2026-06-24T23:59:59-04:00)
    557 products
  [7982448] Weekly Flyer  (2026-06-18T03:00:00-04:00 → 2026-06-24T23:59:59-04:00)
    557 products
  [7982431] Weekly Flyer  (2026-06-18T03:00:00-04:00 → 2026-06-24T23:59:59-04:00)
    563 products
  [7982430] Weekly Flyer  (2026-06-18T03:00:00-04:00 → 2026-06-24T23:59:59-04:00)
    557 products
  [7982449] Weekly Flyer  (2026-06-18T03:00:00-04:00 → 2026-06-24T23:59:59-04:00)
    563 products
  [7982438] Weekly Flyer  (2026-06-18T03:00:00-04:00 → 2026-06-24T23:59:59-04:00)
    571 products
  [7982455] Weekly Flyer  (2026-06-18T03:00:00-04:00 → 2026-06-24T23:59:59-04:00)
    571 products
  [7982445] Weekly Flyer  (2026-06-18T03:00:00-04:00 → 2026-06-24T23:59:59-04:00)
    557 products
  [7982447] Weekly Flyer  (2026-06-18T03:00:00-04:00 → 2026-06-24T23:59:59-04:00)
    563 products
  [7982446] Weekly Flyer  (2026-06-18T03:00:00-04:00 → 2026-06-24T23:59:59-04:00)
    557 products
  [7982440] Weekly Flyer  (2026-06-18T03:00:00-04:00 → 2026-06-24T23:59:59-04:00)
    557 products
  [7982432] Weekly Flyer  (2026-06-18T03:00:00-04:00 → 2026-06-24T23:59:59-04:00)
    563 products
  [7982433] Weekly Flyer  (2026-06-18T03:00:00-04:00 → 2026-06-24T23:59:59-04:00)
    557 products
  [7982444] Weekly Flyer  (2026-06-18T03:00:00-04:00 → 2026-06-24T23:59:59-04:00)
    579 products
  [7982443] Weekly Flyer  (2026-06-18T03:00:00-04:00 → 2026-06-24T23:59:59-04:00)
    573 products
  [7982451] Weekly Flyer  (2026-06-18T03:00:00-04:00 → 2026-06-24T23:59:59-04:00)
    582 products
  [7982435] Weekly Flyer  (2026-06-18T03:00:00-04:00 → 2026-06-24T23:59:59-04:00)
    582 products
  [7982434] Weekly Flyer  (2026-06-18T03:00:00-04:00 → 2026-06-24T23:59:59-04:00)
    582 products
  [7982450] Weekly Flyer  (2026-06-18T03:00:00-04:00 → 2026-06-24T23:59:59-04:00)
    582 products
  [7982437] Weekly Flyer  (2026-06-18T03:00:00-04:00 → 2026-06-24T23:59:59-04:00)
    588 products
  [7982454] Weekly Flyer  (2026-06-18T03:00:00-04:00 → 2026-06-24T23:59:59-04:00)
    557 products
  [7982453] Weekly Flyer  (2026-06-18T03:00:00-04:00 → 2026-06-24T23:59:59-04:00)
    588 products
  [7982439] Weekly Flyer  (2026-06-18T03:00:00-04:00 → 2026-06-24T23:59:59-04:00)
    602 products
  [7982452] Weekly Flyer  (2026-06-18T03:00:00-04:00 → 2026-06-24T23:59:59-04:00)
    588 products
  [7982442] Weekly Flyer  (2026-06-18T03:00:00-04:00 → 2026-06-24T23:59:59-04:00)
    573 products
  [7982408] Weekly Flyer  (2026-06-18T00:00:00-04:00 → 2026-06-24T23:59:59-04:00)
    581 products
  [7982407] Weekly Flyer  (2026-06-18T00:00:00-04:00 → 2026-06-24T23:59:59-04:00)
    581 products
  [7982406] Weekly Flyer  (2026-06-18T00:00:00-04:00 → 2026-06-24T23:59:59-04:00)
    581 products
  [7982412] Weekly Flyer  (2026-06-18T00:00:00-04:00 → 2026-06-24T23:59:59-04:00)
    590 products
  [7982441] Weekly Flyer  (2026-06-18T03:00:00-04:00 → 2026-06-24T23:59:59-04:00)
    594 products

── Phase 2 results ──────────────────────────────────────────────────
  Downloaded : 41
  Skipped    : 0  (file already existed)
  Errors     : 0

Run completed: 2026-06-18 14:12:28 UTC
Elapsed      : 0m 28s


Done.  Verbose log → logs/real_canadian_superstore/2026-06-18_verbose.log
       Summary log → logs/real_canadian_superstore/2026-06-18_summary.log

