=== Real Canadian Superstore Flyer Fetch — 2026-09-24 ===
Run started : 2026-09-24 17:57:56 UTC

Loaded 124 stores from data/real_canadian_superstore/stores.parquet

Stores loaded: 124
Loaded store_flyers.parquet (3313 publication entries)

Phase 1: fetching publications per store…

  [1] Vancouver-Marine → no new flyers
  [24] Testing Store → no new flyers
  [512] Wasaga Beach Superstore → ['8144669']
  [551] St Thomas Superstore → ['8144669']
  [562] Chatham Superstore → ['8144669']
  [566] Leamington Superstore → ['8144669']
  [567] Walker Road Superstore → ['8144669']
  [569] Midland Superstore → ['8144669']
  [577] St. Catherine's Superstore → ['8144669']
  [1009] Westboro Superstore → ['8144675']
  [1012] Ajax Superstore → ['8144670']
  [1017] Brockville Superstore → ['8144673']
  [1018] NEWMARKET → ['8144676']
  [1024] OAKVILLE → ['8144670']
  [1030] AURORA → ['8144676']
  [1033] TORONTO → ['8144678']
  [1043] Oshawa Superstore → ['8144669']
  [1058] Whitby Superstore → ['8144669']
  [1071] South Orleans Superstore → ['8144670']
  [1077] TORONTO → ['8144670']
  [1080] MISSISSAUGA → ['8144670']
  [1091] Oxford & Gammage Superstore → ['8144669']
  [1502] EDMONTON → ['8144886']
  [1503] RCSS Click & Collect → ['8144885']
  [1504] RCSS Click & Collect → ['8144885']
  [1505] WINNIPEG → ['8144895']
  [1506] WINNIPEG → ['8144886']
  [1508] WINNIPEG → ['8144885']
  [1509] WINNIPEG → ['8144896']
  [1510] WINKLER → ['8144885']
  [1511] WINNIPEG → ['8144896']
  [1512] WINNIPEG → ['8144886']
  [1514] WINNIPEG → ['8144886']
  [1515] BRANDON → ['8144885']
  [1516] WINNIPEG → ['8144893']
  [1517] VANCOUVER → ['8144897']
  [1518] BURNABY → ['8144895']
  [1519] COQUITLAM → ['8144885']
  [1520] VANCOUVER → ['8144896']
  [1521] NORTH SURREY/NORTH DELTA → ['8144895']
  [1522] KAMLOOPS → ['8144885']
  [1523] CHILLIWACK → ['8144885']
  [1524] CAMPBELL RIVER → ['8144891']
  [1525] NANAIMO → ['8144892']
  [1526] COQUITLAM → ['8144886']
  [1527] VICTORIA → ['8144891']
  [1528] RCSS Click & Collect → ['8144891']
  [1530] RCSS Click & Collect → ['8144885']
  [1531] RCSS Click & Collect → ['8144885']
  [1532] RCSS Click & Collect → ['8144885']
  [1533] Regina-Albert → ['8144885']
  [1535] SASKATOON → ['8144886']
  [1536] SASKATOON → ['8144885']
  [1537] Edmonton Heritage Superstore → ['8144895']
  [1538] EDMONTON → ['8144885']
  [1539] CALGARY → ['8144886']
  [1540] RCSS Click & Collect → ['8144885']
  [1541] RCSS Click & Collect → ['8144890']
  [1542] RCSS Click & Collect → ['8144895']
  [1543] RCSS Click & Collect → ['8144895']
  [1544] RCSS Click & Collect → ['8144886']
  [1545] CALGARY → ['8144886']
  [1546] CALGARY → ['8144886']
  [1547] RCSS Click & Collect → ['8144885']
  [1548] FORT MCMURRAY → ['8144885']
  [1549] EDMONTON → ['8144885']
  [1550] RCSS Click & Collect → ['8144885']
  [1551] White Rock → ['8144885']
  [1552] RCSS Click & Collect → ['8144889']
  [1553] RCSS Click & Collect → ['8144886']
  [1554] RCSS Click & Collect → ['8144895']
  [1555] RCSS Click & Collect → ['8144885']
  [1556] RCSS Click & Collect → ['8144895']
  [1557] RICHMOND → ['8144895']
  [1558] RCSS Click & Collect → ['8144886']
  [1559] RCSS Click & Collect → ['8144885']
  [1560] RCSS Click & Collect → ['8144885']
  [1561] LANGLEY → ['8144886']
  [1562] PRINCE GEORGE → ['8144885']
  [1563] RCSS Click & Collect → ['8144891']
  [1564] KELOWNA → ['8144886']
  [1565] RCSS Click & Collect → ['8144885']
  [1566] EDMONTON → ['8144885']
  [1567] RCSS Click & Collect → ['8144885']
  [1568] RCSS Click & Collect → ['8144885']
  [1569] EDMONTON → ['8144895']
  [1570] EDMONTON → ['8144886']
  [1571] RCSS Click & Collect → ['8144885']
  [1572] EDMONTON → ['8144885']
  [1573] EDMONTON → ['8144896']
  [1574] CALGARY → ['8144894']
  [1575] CALGARY → ['8144896']
  [1576] CALGARY → ['8144895']
  [1577] CALGARY → ['8144886']
  [1578] CALGARY → ['8144896']
  [1579] RCSS Click & Collect → ['8144886']
  [1581] RCSS Click & Collect → ['8144885']
  [1582] RCSS Click & Collect → ['8144888']
  [1583] RCSS Click & Collect → ['8144887']
  [1584] RCSS Click & Collect → ['8144886']
  [1585] RCSS Click & Collect → ['8144885']
  [1586] RCSS Seaton Way → ['8144885']
  [1590] Calgary East Village → ['8144885']
  [2555] Edmonton Superstore → ['8144895']
  [2800] TORONTO → ['8144675']
  [2801] BRAMPTON → no new flyers
  [2803] Sudbury Superstore → ['8144671']
  [2806] Grimsby Superstore → ['8144669']
  [2809] TORONTO → ['8144670']
  [2810] MILTON → ['8144675']
  [2811] Georgetown Superstore → ['8144674']
  [2812] Oakridge Mall Superstore → ['8144669']
  [2813] South Kanata Superstore → ['8144672']
  [2818] Simcoe Superstore → ['8144669']
  [2822] Highland Hills Superstore → ['8144670']
  [2823] Strathroy Superstore → ['8144669']
  [2826] Sarnia Superstore → ['8144674']
  [2827] Dougall Superstore → ['8144677']
  [2831] Peterborough Superstore → ['8144674']
  [2841] Mavis Superstore → ['8144675']
  [2842] Oshawa Gibb Superstore → ['8144674']
  [3730] Calgary → ['8144886']
  [4401] Weston Rd. Learning Centre Superstore → no new flyers
  [6885] MFC Dundas & Bloor → ['8144669']

  120 new publication entries across 124 stores
  23 unique new publication(s) to download
  Appended 120 rows to data/real_canadian_superstore/store_flyers.parquet
New publication entries added to store_flyers.parquet: 120
Unique new publications to download: 23

Phase 2: fetching products for each new publication…

  [8144669] Weekly Flyer  (2026-09-24T00:00:00-04:00 → 2026-09-30T23:59:59-04:00)
    508 products
  [8144675] Weekly Flyer  (2026-09-24T00:00:00-04:00 → 2026-09-30T23:59:59-04:00)
    514 products
  [8144670] Weekly Flyer  (2026-09-24T00:00:00-04:00 → 2026-09-30T23:59:59-04:00)
    508 products
  [8144673] Weekly Flyer  (2026-09-24T00:00:00-04:00 → 2026-09-30T23:59:59-04:00)
    516 products
  [8144676] Weekly Flyer  (2026-09-24T00:00:00-04:00 → 2026-09-30T23:59:59-04:00)
    524 products
  [8144678] Weekly Flyer  (2026-09-24T00:00:00-04:00 → 2026-09-30T23:59:59-04:00)
    534 products
  [8144886] Weekly Flyer  (2026-09-24T00:00:00-04:00 → 2026-09-30T23:59:59-04:00)
    510 products
  [8144885] Weekly Flyer  (2026-09-24T00:00:00-04:00 → 2026-09-30T23:59:59-04:00)
    504 products
  [8144895] Weekly Flyer  (2026-09-24T00:00:00-04:00 → 2026-09-30T23:59:59-04:00)
    504 products
  [8144896] Weekly Flyer  (2026-09-24T00:00:00-04:00 → 2026-09-30T23:59:59-04:00)
    510 products
  [8144893] Weekly Flyer  (2026-09-24T00:00:00-04:00 → 2026-09-30T23:59:59-04:00)
    530 products
  [8144897] Weekly Flyer  (2026-09-24T00:00:00-04:00 → 2026-09-30T23:59:59-04:00)
    536 products
  [8144891] Weekly Flyer  (2026-09-24T00:00:00-04:00 → 2026-09-30T23:59:59-04:00)
    513 products
  [8144892] Weekly Flyer  (2026-09-24T00:00:00-04:00 → 2026-09-30T23:59:59-04:00)
    525 products
  [8144890] Weekly Flyer  (2026-09-24T00:00:00-04:00 → 2026-09-30T23:59:59-04:00)
    516 products
  [8144889] Weekly Flyer  (2026-09-24T00:00:00-04:00 → 2026-09-30T23:59:59-04:00)
    516 products
  [8144894] Weekly Flyer  (2026-09-24T00:00:00-04:00 → 2026-09-30T23:59:59-04:00)
    536 products
  [8144888] Weekly Flyer  (2026-09-24T00:00:00-04:00 → 2026-09-30T23:59:59-04:00)
    516 products
  [8144887] Weekly Flyer  (2026-09-24T00:00:00-04:00 → 2026-09-30T23:59:59-04:00)
    516 products
  [8144671] Weekly Flyer  (2026-09-24T00:00:00-04:00 → 2026-09-30T23:59:59-04:00)
    515 products
  [8144674] Weekly Flyer  (2026-09-24T00:00:00-04:00 → 2026-09-30T23:59:59-04:00)
    514 products
  [8144672] Weekly Flyer  (2026-09-24T00:00:00-04:00 → 2026-09-30T23:59:59-04:00)
    515 products
  [8144677] Weekly Flyer  (2026-09-24T00:00:00-04:00 → 2026-09-30T23:59:59-04:00)
    530 products

── Phase 2 results ──────────────────────────────────────────────────
  Downloaded : 23
  Skipped    : 0  (file already existed)
  Errors     : 0

Run completed: 2026-09-24 17:58:22 UTC
Elapsed      : 0m 25s


Done.  Verbose log → logs/real_canadian_superstore/2026-09-24_verbose.log
       Summary log → logs/real_canadian_superstore/2026-09-24_summary.log

