=== Dominion Flyer Fetch — 2026-09-10 ===
Run started : 2026-09-10 17:05:50 UTC

Loaded 11 stores from data/dominion/stores.parquet

Stores loaded: 11
Loaded store_flyers.parquet (212 publication entries)

Phase 1: fetching publications per store…

  [906] Bay Roberts Dominion → ['8124827']
  [913] Carbonear Dominion → ['8124827']
  [922] Pearlgate Dominion → ['8124828']
  [923] Longpond Dominion → ['8124827']
  [924] Cabot Square Dominion → ['8124825']
  [925] Stephenville Dominion → ['8124827']
  [926] Corner Brook Dominion → ['8124827']
  [927] Gander Dominion → ['8124827']
  [928] Grand Falls Dominion → ['8124827']
  [934] Memorial Stadium Dominion → no new flyers
  [935] Blackmarsh Road Dominion → ['8124828']

  10 new publication entries across 11 stores
  3 unique new publication(s) to download
  Appended 10 rows to data/dominion/store_flyers.parquet
New publication entries added to store_flyers.parquet: 10
Unique new publications to download: 3

Phase 2: fetching products for each new publication…

  [8124827] Weekly Flyer  (2026-09-10T00:00:00-04:00 → 2026-09-16T23:59:59-04:00)
    357 products
  [8124828] Weekly Flyer  (2026-09-10T00:00:00-04:00 → 2026-09-16T23:59:59-04:00)
    382 products
  [8124825] Weekly Flyer  (2026-09-10T00:00:00-04:00 → 2026-09-16T23:59:59-04:00)
    377 products

── Phase 2 results ──────────────────────────────────────────────────
  Downloaded : 3
  Skipped    : 0  (file already existed)
  Errors     : 0

Run completed: 2026-09-10 17:05:51 UTC
Elapsed      : 0m 1s


Done.  Verbose log → logs/dominion/2026-09-10_verbose.log
       Summary log → logs/dominion/2026-09-10_summary.log

