=== Dominion Flyer Fetch — 2026-09-03 ===
Run started : 2026-09-03 17:08:07 UTC

Loaded 11 stores from data/dominion/stores.parquet

Stores loaded: 11
Loaded store_flyers.parquet (212 publication entries)

Phase 1: fetching publications per store…

  [906] Bay Roberts Dominion → ['8115644']
  [913] Carbonear Dominion → ['8115644']
  [922] Pearlgate Dominion → ['8115647']
  [923] Longpond Dominion → ['8115644']
  [924] Cabot Square Dominion → ['8115645']
  [925] Stephenville Dominion → ['8115644']
  [926] Corner Brook Dominion → ['8115644']
  [927] Gander Dominion → ['8115644']
  [928] Grand Falls Dominion → ['8115644']
  [934] Memorial Stadium Dominion → no new flyers
  [935] Blackmarsh Road Dominion → ['8115646']

  10 new publication entries across 11 stores
  4 unique new publication(s) to download
  Appended 10 rows to data/dominion/store_flyers.parquet
New publication entries added to store_flyers.parquet: 10
Unique new publications to download: 4

Phase 2: fetching products for each new publication…

  [8115644] Weekly Flyer  (2026-09-03T00:00:00-04:00 → 2026-09-09T23:59:59-04:00)
    414 products
  [8115647] Weekly Flyer  (2026-09-03T00:00:00-04:00 → 2026-09-09T23:59:59-04:00)
    442 products
  [8115645] Weekly Flyer  (2026-09-03T00:00:00-04:00 → 2026-09-09T23:59:59-04:00)
    447 products
  [8115646] Weekly Flyer  (2026-09-03T00:00:00-04:00 → 2026-09-09T23:59:59-04:00)
    456 products

── Phase 2 results ──────────────────────────────────────────────────
  Downloaded : 4
  Skipped    : 0  (file already existed)
  Errors     : 0

Run completed: 2026-09-03 17:08:09 UTC
Elapsed      : 0m 1s


Done.  Verbose log → logs/dominion/2026-09-03_verbose.log
       Summary log → logs/dominion/2026-09-03_summary.log

