=== Dominion Flyer Fetch — 2026-04-23 ===
Run started : 2026-04-23 13:44:39 UTC

Loaded 11 stores from data/dominion/stores.json

Stores loaded: 11
Loaded existing store_flyers.json (33 publication entries)

Phase 1: fetching publications per store…

  [906] Bay Roberts Dominion → ['7889041']
  [913] Carbonear Dominion → ['7889041']
  [922] Pearlgate Dominion → ['7889042']
  [923] Longpond Dominion → ['7889042']
  [924] Cabot Square Dominion → ['7889044']
  [925] Stephenville Dominion → ['7889042']
  [926] Corner Brook Dominion → ['7889042']
  [927] Gander Dominion → ['7889042']
  [928] Grand Falls Dominion → ['7889042']
  [934] Memorial Stadium Dominion → no new flyers
  [935] Blackmarsh Road Dominion → ['7889043']

  10 new publication entries across 11 stores
  4 unique new publication(s) to download
  Saved → data/dominion/store_flyers.json  (59,001 bytes)
New publication entries added to store_flyers.json: 10
Unique new publications to download: 4

Phase 2: fetching products for each new publication…

  [7889041] Weekly Flyer  (2026-04-23T00:00:00-04:00 → 2026-04-29T23:59:59-04:00)
    324 products
  Saved → data/dominion/flyers/7889041.json  (727,394 bytes)
  [7889042] Weekly Flyer  (2026-04-23T00:00:00-04:00 → 2026-04-29T23:59:59-04:00)
    343 products
  Saved → data/dominion/flyers/7889042.json  (769,335 bytes)
  [7889044] Weekly Flyer  (2026-04-23T00:00:00-04:00 → 2026-04-29T23:59:59-04:00)
    396 products
  Saved → data/dominion/flyers/7889044.json  (886,291 bytes)
  [7889043] Weekly Flyer  (2026-04-23T00:00:00-04:00 → 2026-04-29T23:59:59-04:00)
    391 products
  Saved → data/dominion/flyers/7889043.json  (875,158 bytes)

── Phase 2 results ──────────────────────────────────────────────────
  Downloaded : 4
  Skipped    : 0  (file already existed)
  Errors     : 0

Run completed: 2026-04-23 13:44:41 UTC
Elapsed      : 0m 1s


Done.  Verbose log → logs/dominion/2026-04-23_verbose.log
       Summary log → logs/dominion/2026-04-23_summary.log

