=== Dominion Flyer Fetch — 2026-07-23 ===
Run started : 2026-07-23 13:46:36 UTC

Loaded 11 stores from data/dominion/stores.parquet

Stores loaded: 11
Loaded store_flyers.parquet (182 publication entries)

Phase 1: fetching publications per store…

  [906] Bay Roberts Dominion → ['8036634']
  [913] Carbonear Dominion → ['8036634']
  [922] Pearlgate Dominion → ['8036635']
  [923] Longpond Dominion → ['8036634']
  [924] Cabot Square Dominion → ['8036636']
  [925] Stephenville Dominion → ['8036634']
  [926] Corner Brook Dominion → ['8036634']
  [927] Gander Dominion → ['8036634']
  [928] Grand Falls Dominion → ['8036634']
  [934] Memorial Stadium Dominion → no new flyers
  [935] Blackmarsh Road Dominion → ['8036637']

  10 new publication entries across 11 stores
  4 unique new publication(s) to download
  Appended 10 rows to data/dominion/store_flyers.parquet
New publication entries added to store_flyers.parquet: 10
Unique new publications to download: 4

Phase 2: fetching products for each new publication…

  [8036634] Weekly Flyer  (2026-07-23T00:00:00-04:00 → 2026-07-29T23:59:59-04:00)
    351 products
  [8036635] Weekly Flyer  (2026-07-23T00:00:00-04:00 → 2026-07-29T23:59:59-04:00)
    391 products
  [8036636] Weekly Flyer  (2026-07-23T00:00:00-04:00 → 2026-07-29T23:59:59-04:00)
    398 products
  [8036637] Weekly Flyer  (2026-07-23T00:00:00-04:00 → 2026-07-29T23:59:59-04:00)
    406 products

── Phase 2 results ──────────────────────────────────────────────────
  Downloaded : 4
  Skipped    : 0  (file already existed)
  Errors     : 0

Run completed: 2026-07-23 13:46:39 UTC
Elapsed      : 0m 2s


Done.  Verbose log → logs/dominion/2026-07-23_verbose.log
       Summary log → logs/dominion/2026-07-23_summary.log

