=== Sobeys Flyer Fetch — 2026-05-28 ===
Run started : 2026-05-28 14:25:39 UTC

Loaded 267 stores from data/sobeys/stores.parquet

Stores loaded: 267
Loaded store_flyers.parquet (2073 publication entries)

Phase 1: fetching publications per store…

  [100] Sobeys Stellarton → ['7943744']
  [175] Sobeys Wholesale Cash & Carry Saint John → no new flyers
  [176] Sobeys Wholesale Cash & Carry Truro → no new flyers
  [194] Sobeys Wholesale Cash & Carry Stellarton → no new flyers
  [227] Sobeys Wholesale Cash & Carry Sydney → no new flyers
  [232] Sobeys Pictou → ['7943744']
  [233] Sobeys Lansdowne → ['7943746']
  [235] Sobeys Wholesale Cash & Carry Corner Brook → no new flyers
  [292] Sobeys Newcastle → ['7943746']
  [320] Sobeys Torbay Road → ['7943750']
  [321] Sobeys Spryfield → ['7943744']
  [322] Sobeys Bridgewater → ['7943744']
  [323] Sobeys Barrington Passage → ['7943744']
  [328] Sobeys Glace Bay Reserve St → ['7943744']
  [329] Sobeys Timberlea → ['7943744']
  [340] Sobeys Topsail Road → ['7943750']
  [348] Sobeys Mountain Road → ['7943749']
  [349] Sobeys Brookside Mall → ['7943746']
  [370] Sobeys Aberdeen Mall → ['7943744']
  [375] Sobeys Uptown Centre → ['7943746']
  [470] Sobeys New Waterford → ['7943744']
  [495] Sobeys Rothesay → ['7943746']
  [510] Sobeys North Sydney → ['7943744']
  [515] Sobeys Dieppe Regis Street → ['7943749']
  [520] Sobeys Shelburne → ['7943744']
  [548] Sobeys East Point → ['7943746']
  [551] Sobeys Paradise → ['7943750']
  [552] Sobeys Clarenville → ['7943750']
  [554] Sobeys Windsor Street → ['7943744']
  [574] Sobeys Queen Street → ['7943744']
  [580] Sobeys Bedford → ['7943744']
  [586] Sobeys Cole Harbour → ['7943744']
  [588] Sobeys Liverpool → ['7943744']
  [590] Sobeys Long Pond → ['7943750']
  [594] Sobeys Truro → ['7943744']
  [596] Sobeys Antigonish → ['7943744']
  [602] Sobeys Dieppe Paul Street → ['7943749']
  [604] Sobeys Ropewalk Lane → ['7943750']
  [612] Sobeys Yarmouth → ['7943744']
  [621] Sobeys Stratford → ['7943747']
  [622] Sobeys Panavista Drive → ['7943744']
  [628] Sobeys Babineau Drive → ['7943747']
  [630] Sobeys Sydney River → ['7943744']
  [637] Sobeys Maple Grove → ['7956719']
  [639] Sobeys Acton → ['7956718']
  [640] Sobeys Woodstock → ['7943753']
  [641] Sobeys Highland → ['7956717']
  [642] Sobeys Grimsby → ['7956717']
  [644] Sobeys Clayton Park → ['7943744']
  [649] Sobeys Bridgeport → ['7956719']
  [652] Sobeys West Side Plaza → ['7943744']
  [657] Sobeys Ajax → ['7956717']
  [658] Sobeys Grand Falls → ['7943750']
  [659] Sobeys Clark and Hilda → ['7945947']
  [660] Sobeys Elmsdale → ['7943744']
  [664] Sobeys Simcoe → ['7943760']
  [667] Sobeys South Ajax → ['7956719']
  [670] Sobeys Lower Sackville → ['7943745']
  [672] Sobeys Windsor → ['7943744']
  [678] Sobeys Cambridge → ['7956717']
  [680] Sobeys Douglastown → ['7943746']
  [681] Sobeys Kenmount Road → ['7943750']
  [684] Sobeys Tantallon → ['7943744']
  [685] Sobeys Ira Needles → ['7956719']
  [694] Sobeys Extra Ancaster → ['7943753']
  [695] Sobeys Urban Fresh Rosebury Square → ['7943993']
  [704] Sobeys Port Hawkesbury → ['7943744']
  [707] Sobeys North Park → ['7956719']
  [709] Sobeys Shellard Lane → ['7956719']
  [712] Sobeys Barrie → ['7956718']
  [719] Sobeys Digby → ['7943748']
  [721] Sobeys Montague → ['7943747']
  [725] Sobeys Bedford South → ['7943744']
  [728] Sobeys Prince Street Sydney → ['7943744']
  [729] Sobeys Amherst → ['7943744']
  [736] Sobeys Riverview → ['7943749']
  [738] Sobeys Shediac → ['7943749']
  [739] Sobeys Fall River → ['7943744']
  [742] Sobeys Extra Burlington → ['7943760']
  [743] Sobeys Extra Aurora → ['7943759']
  [744] Sobeys St John’s Howley Estates → ['7943750']
  [746] Sobeys Greenwood → ['7943744']
  [747] Sobeys New Minas → ['7943744']
  [752] Sobeys Sussex → ['7943746']
  [754] Sobeys Campbellton → no new flyers
  [756] Sobeys Vaughn Harvey → ['7943749']
  [758] Sobeys Russell Lake → ['7943744']
  [772] Sobeys Tacoma Drive → ['7943744']
  [776] Sobeys Penhorn → ['7943744']
  [777] Sobeys Glen Abbey → ['7956719']
  [778] Sobeys Saint John West → ['7943746']
  [783] Sobeys Elmwood Drive → ['7943749']
  [788] Sobeys First Lake → no new flyers
  [792] Sobeys Marystown → ['7943750']
  [794] Sobeys Vaughan → no new flyers
  [806] Sobeys Wyse Road → ['7943744']
  [819] Sobeys Urban Fresh High Park → ['7943993']
  [832] Sobeys Brighton → ['7943760']
  [846] Sobeys Woodstock → ['7943746']
  [849] Sobeys Regent Street → ['7943746']
  [851] Sobeys Whitby → ['7956717']
  [852] Sobeys FischerHallman → ['7956719']
  [855] Sobeys Mount Pearl → ['7943750']
  [857] Sobeys St. John’s → ['7943750']
  [859] Sobeys Beamsville → ['7943759']
  [860] Sobeys Miramichi Road → ['7943746']
  [861] Sobeys Cornerbrook → ['7943750']
  [863] Sobeys North London → ['7943753']
  [865] Sobeys Mayfield → ['7956719']
  [868] Sobeys Granville Street → ['7943747']
  [870] Sobeys University Avenue → ['7943747']
  [871] Sobeys Truro Prince Street → ['7943744']
  [873] Sobeys St. Clair Beach → ['7943759']
  [878] Sobeys Columbia → ['7956719']
  [881] Sobeys Mumford Road → ['7943744']
  [892] Sobeys Bathurst → ['7943749']
  [915] Sobeys Niagara Falls → ['7956719']
  [916] Sobeys Scott and Niagara → ['7956718']
  [925] Sobeys Oshawa → ['7956718']
  [928] Sobeys Jefferson Square → ['7956718']
  [930] Sobeys Urban Fresh – Bathurst & Bloor → no new flyers
  [933] Sobeys Urban Fresh Yonge and Ballio → ['7943993']
  [934] Sobeys Urban Fresh Spadina → ['7943993']
  [938] Sobeys Danforth → ['7956717']
  [939] Sobeys Dupont → no new flyers
  [1066] Sobeys Thickwood → no new flyers
  [1072] Sobeys Beaumaris → ['7943765']
  [1130] Sobeys Okotoks → ['7943765']
  [1135] Medicine Hat → no new flyers
  [1141] Sobeys McKenzie Towne → ['7943765']
  [1514] Sherwood Park → no new flyers
  [3012] Sobeys Millwoods → ['7943765']
  [3013] Sobeys Meadowbrook → ['7943765']
  [3024] Sobeys College Plaza (Edm) → no new flyers
  [3038] Sobeys Invermere → ['7943764']
  [3081] Sobeys Upland → ['7943765']
  [3095] Sobeys Thickwood → no new flyers
  [3096] Sobeys Clearwater → no new flyers
  [3112] Sobeys Cold Lake → ['7943764']
  [3149] Sobeys Rocky Mtn House → ['7943765']
  [3158] Sobeys Bonnyville → ['7943764']
  [3189] Sobeys Newcastle → no new flyers
  [3219] Sobeys Birds Hill → ['7943766']
  [3221] Sobeys College Park → no new flyers
  [3226] Sobeys St. Vital → ['7943766']
  [3232] Sobeys Rivergrove → ['7943766']
  [3699] Fort McMurray → no new flyers
  [3701] Sherwood Park → no new flyers
  [4016] Sobeys March Road → ['7956719']
  [4017] Sobeys Parry Sound → ['7943759']
  [4018] Sobeys Amherstburg → ['7943759']
  [4020] Sobeys Reenders → ['7943766']
  [4021] Sobeys Kenaston → ['7943766']
  [4025] Sobeys Silverado → ['7943765']
  [4027] Sobeys Forest Lawn → ['7943765']
  [4028] Sobeys Sylvan Lake → ['7943765']
  [4029] Sobeys Portage La Prairie → ['7943766']
  [4030] Sobeys Unicity → ['7943766']
  [4031] Sobeys Lacombe → ['7943765']
  [4032] Sobeys Airdrie → ['7943765']
  [4033] Sobeys Namao → ['7943765']
  [4045] Sobeys Cornerstone → ['7943765']
  [4048] Sobeys St. Anne’s → ['7943766']
  [4049] Sobeys Clearwater → ['7943765']
  [4053] Sobeys Bridlewood → ['7943765']
  [4054] Sobeys Grant Park → ['7943766']
  [4055] Sobeys Spruce Grove → ['7943765']
  [4056] Sobeys Gaetz South → ['7943765']
  [4058] Sobeys University Park → ['7943767']
  [4059] Sobeys Southbrook → ['7943765']
  [4060] Sobeys Royal Oak → ['7943765']
  [4061] Sobeys Stettler → ['7943765']
  [4062] Sobeys Paris → ['7956719']
  [4064] Sobeys Glendale and Merritt → ['7956718']
  [4065] Sobeys Stonebridge → ['7943767']
  [4066] Sobeys West District → ['7943765']
  [4072] Sobeys Village Mall → ['7943765']
  [4105] Sobeys Gravenhurst → ['7943760']
  [4110] Sobeys Stratford → ['7956719']
  [4116] Sobeys Chatham → ['7943760']
  [4152] Trim & Innes → no new flyers
  [4154] Sobeys Trim and Innes → ['7943755']
  [4155] Sobeys Extra Oxford and Wonderland → ['7943759']
  [4160] Sobeys Algonquin → ['7943759']
  [4163] Sobeys Blenheim → ['7943753']
  [4164] Sobeys Angus → ['7956719']
  [4167] Sobeys Orleans → ['7943755']
  [4174] Sobeys New Hamburg → ['7956717']
  [4175] Sobeys Kincardine → ['7943759']
  [4176] Sobeys Bradford → ['7956719']
  [4179] Sobeys Fenelon Falls → ['7943759']
  [4575] Fredericton → no new flyers
  [4712] Sobeys Tillsonburg → ['7943757']
  [4719] Sobeys Extra Milton → ['7943759']
  [4723] Sobeys Urban Fresh Café → no new flyers
  [4726] Sobeys Laird and Wicksteed → no new flyers
  [4728] Sobeys Todmorden → ['7943758']
  [4729] Sobeys Northfield → ['7956719']
  [4735] Sobeys Port Colborne → ['7956717']
  [4737] Sobeys – Stone Church → ['7956719']
  [4739] Sobeys Grand Bend → ['7943753']
  [4740] Sobeys Dunnville → ['7943753']
  [4743] Sobeys Urban Fresh Bloor & Islington → ['7943754', '7943993']
  [4747] Sobeys Fort Erie → ['7956718']
  [4761] Sobeys Sutton → ['7956717']
  [4875] Sobeys Sage Creek → ['7943766']
  [4876] Sobeys Thickwood → ['7943765']
  [4978] Sobeys Newcastle → ['7943765']
  [4984] Sobeys Legacy → ['7943765']
  [5006] Fort McMurray → no new flyers
  [5037] Sobeys Pembina → ['7943766']
  [5040] Sherwood Park → no new flyers
  [5064] Sobeys Millrise → ['7943765']
  [5068] Sobeys Morinville → ['7943765']
  [5070] Sobeys Hollick Kenyon → ['7943765']
  [5074] Sobeys Cranston → ['7943765']
  [5076] Sobeys Beaumont → ['7943764']
  [5077] Sobeys Lloydminster → ['7943764']
  [5081] Sobeys Estevan → ['7943767']
  [5085] Sobeys Tuscany → ['7943765']
  [5088] Sobeys - Unicity → no new flyers
  [5089] Sobeys Reenders → no new flyers
  [5093] Sobeys Preston → ['7943767']
  [5098] Sobeys Steinbach → ['7943766']
  [5109] Sobeys West End → ['7943766']
  [5167] Sobeys Northdale → ['7943766']
  [5170] Sobeys Varsity Common → ['7943767']
  [5176] Sobeys Gimli → ['7943766']
  [5189] Sobeys High River → ['7943765']
  [5190] Sobeys Walker → ['7943765']
  [5191] Sobeys Nolan Hill → ['7943765']
  [5199] Medicine Hat → no new flyers
  [5382] Sobeys Kildonan → ['7943766']
  [5386] Sobeys Mahogany → ['7943765']
  [5387] Sobeys Riverbend → ['7943765']
  [5395] Sobeys Humboldt → no new flyers
  [5436] Sobeys Olds → ['7943765']
  [5460] Kelowna → no new flyers
  [5462] Sobeys Strathcona Square → ['7943765']
  [5463] Sobeys Albert Street → no new flyers
  [5469] Sobeys Brandon South → no new flyers
  [5472] Sobeys Rochdale → ['7943767']
  [5473] Sobeys St. Albert → ['7943765']
  [5478] Sobeys Westlock → no new flyers
  [5479] Sobeys Strathmore → ['7943765']
  [5489] Sobeys Country Hills → ['7943765']
  [5493] Sobeys Slave Lake → ['7943764']
  [5495] Sobeys St. Paul → ['7943764']
  [5499] Sobeys - Sage Creek → no new flyers
  [5557] Sobeys Wholesale Cash & Carry Winnipeg → no new flyers
  [6712] Sobeys Towerhill → ['7943759']
  [6713] Sobeys Peterborough → ['7943760']
  [6715] Sobeys Fonthill → ['7956717']
  [6729] Sobeys South Pelham → ['7943756']
  [7368] Sobeys Alcona Beach → ['7956718']
  [7383] Sobeys Queensway → ['7956719']
  [7466] Sobeys Orangeville → ['7956719']
  [8812] Safeway Calgary → no new flyers
  [8823] #20, 1818 Centre Street NE → no new flyers
  [9503] Sobeys Gaetz South → no new flyers
  [9506] Sobeys Lakeland Ridge → no new flyers
  [9507] Sobeys Nottingham → no new flyers
  [9510] Sobeys Belmont → no new flyers
  [9517] Sobeys North Battleford → ['7943767']
  [9518] Sobeys Brandon South → ['7943766']
  [9522] Sobeys Edson → ['7943764']
  [9529] Sobeys Belmont → ['7943765']

  226 new publication entries across 267 stores
  24 unique new publication(s) to download
  Appended 226 rows to data/sobeys/store_flyers.parquet
New publication entries added to store_flyers.parquet: 226
Unique new publications to download: 24

Phase 2: fetching products for each new publication…

  [7943744] Weekly Flyer- Atlantic  (2026-05-28T00:00:00-04:00 → 2026-06-03T22:59:59-04:00)
    333 products
  [7943746] Weekly Flyer- Atlantic  (2026-05-28T00:00:00-04:00 → 2026-06-03T22:59:59-04:00)
    338 products
  [7943750] Weekly Flyer- Atlantic  (2026-05-28T00:00:00-04:00 → 2026-06-03T22:59:59-04:00)
    333 products
  [7943749] Weekly Flyer- Atlantic  (2026-05-28T00:00:00-04:00 → 2026-06-03T22:59:59-04:00)
    338 products
  [7943747] Weekly Flyer- Atlantic  (2026-05-28T00:00:00-04:00 → 2026-06-03T22:59:59-04:00)
    333 products
  [7956719] Weekly Flyer - Ontario  (2026-05-28T00:00:00-04:00 → 2026-06-03T23:59:59-04:00)
    347 products
  [7956718] Weekly Flyer - Ontario  (2026-05-28T00:00:00-04:00 → 2026-06-03T23:59:59-04:00)
    347 products
  [7943753] Weekly Flyer - Ontario  (2026-05-28T00:00:00-04:00 → 2026-06-03T23:59:59-04:00)
    340 products
  [7956717] Weekly Flyer - Ontario  (2026-05-28T00:00:00-04:00 → 2026-06-03T23:59:59-04:00)
    341 products
  [7945947] Weekly Flyer - Kosher  (2026-05-28T00:00:00-04:00 → 2026-06-03T23:59:59-04:00)
    61 products
  [7943760] Weekly Flyer - Ontario  (2026-05-28T00:00:00-04:00 → 2026-06-03T23:59:59-04:00)
    346 products
  [7943745] Weekly Flyer- Atlantic  (2026-05-28T00:00:00-04:00 → 2026-06-03T22:59:59-04:00)
    333 products
  [7943993] Weekly Flyer - Urban Fresh  (2026-05-28T00:00:00-04:00 → 2026-06-03T23:59:59-04:00)
    48 products
  [7943748] Weekly Flyer- Atlantic  (2026-05-28T00:00:00-04:00 → 2026-06-03T22:59:59-04:00)
    333 products
  [7943759] Weekly Flyer - Ontario  (2026-05-28T00:00:00-04:00 → 2026-06-03T23:59:59-04:00)
    346 products
  [7943765] Weekly Flyer - West  (2026-05-28T03:00:00-04:00 → 2026-06-03T23:59:59-04:00)
    339 products
  [7943764] Weekly Flyer - West  (2026-05-28T03:00:00-04:00 → 2026-06-03T23:59:59-04:00)
    339 products
  [7943766] Weekly Flyer - West  (2026-05-28T03:00:00-04:00 → 2026-06-03T23:59:59-04:00)
    336 products
  [7943767] Weekly Flyer - West  (2026-05-28T03:00:00-04:00 → 2026-06-03T23:59:59-04:00)
    336 products
  [7943755] Weekly Flyer - Ontario  (2026-05-28T00:00:00-04:00 → 2026-06-03T23:59:59-04:00)
    341 products
  [7943757] Weekly Flyer - Ontario  (2026-05-28T00:00:00-04:00 → 2026-06-03T23:59:59-04:00)
    346 products
  [7943758] Weekly Flyer - Ontario  (2026-05-28T00:00:00-04:00 → 2026-06-03T23:59:59-04:00)
    341 products
  [7943754] Weekly Flyer - Ontario  (2026-05-28T00:00:00-04:00 → 2026-06-03T23:59:59-04:00)
    340 products
  [7943756] Weekly Flyer - Ontario  (2026-05-28T00:00:00-04:00 → 2026-06-03T23:59:59-04:00)
    341 products

── Phase 2 results ──────────────────────────────────────────────────
  Downloaded : 24
  Skipped    : 0  (file already existed)
  Errors     : 0

Run completed: 2026-05-28 14:26:56 UTC
Elapsed      : 1m 16s


Done.  Verbose log → logs/sobeys/2026-05-28_verbose.log
       Summary log → logs/sobeys/2026-05-28_summary.log

