=== Sobeys Flyer Fetch — 2026-05-14 ===
Run started : 2026-05-14 13:45:41 UTC

Loaded 267 stores from data/sobeys/stores.parquet

Stores loaded: 267
Loaded store_flyers.parquet (1615 publication entries)

Phase 1: fetching publications per store…

  [100] Sobeys Stellarton → ['7920283']
  [175] Sobeys Wholesale Cash & Carry Saint John → no new flyers
  [176] Sobeys Wholesale Cash & Carry Truro → no new flyers
  [194] Sobeys Wholesale Cash & Carry Stellarton → no new flyers
  [227] Sobeys Wholesale Cash & Carry Sydney → no new flyers
  [232] Sobeys Pictou → ['7920283']
  [233] Sobeys Lansdowne → ['7920285']
  [235] Sobeys Wholesale Cash & Carry Corner Brook → no new flyers
  [292] Sobeys Newcastle → ['7920285']
  [320] Sobeys Torbay Road → ['7920289']
  [321] Sobeys Spryfield → ['7920283']
  [322] Sobeys Bridgewater → ['7920283']
  [323] Sobeys Barrington Passage → ['7920283']
  [328] Sobeys Glace Bay Reserve St → ['7920283']
  [329] Sobeys Timberlea → ['7920283']
  [340] Sobeys Topsail Road → ['7920289']
  [348] Sobeys Mountain Road → ['7920288']
  [349] Sobeys Brookside Mall → ['7920285']
  [370] Sobeys Aberdeen Mall → ['7920283']
  [375] Sobeys Uptown Centre → ['7920285']
  [470] Sobeys New Waterford → ['7920283']
  [495] Sobeys Rothesay → ['7920285']
  [510] Sobeys North Sydney → ['7920283']
  [515] Sobeys Dieppe Regis Street → ['7920288']
  [520] Sobeys Shelburne → ['7920283']
  [548] Sobeys East Point → ['7920285']
  [551] Sobeys Paradise → ['7920289']
  [552] Sobeys Clarenville → ['7920289']
  [554] Sobeys Windsor Street → ['7920283']
  [574] Sobeys Queen Street → ['7920283']
  [580] Sobeys Bedford → ['7920283']
  [586] Sobeys Cole Harbour → ['7920283']
  [588] Sobeys Liverpool → ['7920283']
  [590] Sobeys Long Pond → ['7920289']
  [594] Sobeys Truro → ['7920283']
  [596] Sobeys Antigonish → ['7920283']
  [602] Sobeys Dieppe Paul Street → ['7920288']
  [604] Sobeys Ropewalk Lane → ['7920289']
  [612] Sobeys Yarmouth → ['7920283']
  [621] Sobeys Stratford → ['7920286']
  [622] Sobeys Panavista Drive → ['7920283']
  [628] Sobeys Babineau Drive → ['7920286']
  [630] Sobeys Sydney River → ['7920283']
  [637] Sobeys Maple Grove → ['7929306']
  [639] Sobeys Acton → ['7929304']
  [640] Sobeys Woodstock → ['7920290']
  [641] Sobeys Highland → ['7929303']
  [642] Sobeys Grimsby → ['7929303']
  [644] Sobeys Clayton Park → ['7920283']
  [649] Sobeys Bridgeport → ['7929306']
  [652] Sobeys West Side Plaza → ['7920283']
  [657] Sobeys Ajax → ['7929303']
  [658] Sobeys Grand Falls → ['7920289']
  [659] Sobeys Clark and Hilda → ['7924302']
  [660] Sobeys Elmsdale → ['7920283']
  [664] Sobeys Simcoe → ['7920295']
  [667] Sobeys South Ajax → ['7929306']
  [670] Sobeys Lower Sackville → ['7920284']
  [672] Sobeys Windsor → ['7920283']
  [678] Sobeys Cambridge → ['7929303']
  [680] Sobeys Douglastown → ['7920285']
  [681] Sobeys Kenmount Road → ['7920289']
  [684] Sobeys Tantallon → ['7920283']
  [685] Sobeys Ira Needles → ['7929306']
  [694] Sobeys Extra Ancaster → ['7920290']
  [695] Sobeys Urban Fresh Rosebury Square → ['7920070']
  [704] Sobeys Port Hawkesbury → ['7920283']
  [707] Sobeys North Park → ['7929306']
  [709] Sobeys Shellard Lane → ['7929306']
  [712] Sobeys Barrie → ['7929304']
  [719] Sobeys Digby → ['7920287']
  [721] Sobeys Montague → ['7920286']
  [725] Sobeys Bedford South → ['7920283']
  [728] Sobeys Prince Street Sydney → ['7920283']
  [729] Sobeys Amherst → ['7920283']
  [736] Sobeys Riverview → ['7920288']
  [738] Sobeys Shediac → ['7920288']
  [739] Sobeys Fall River → ['7920283']
  [742] Sobeys Extra Burlington → ['7920295']
  [743] Sobeys Extra Aurora → ['7920294']
  [744] Sobeys St John’s Howley Estates → ['7920289']
  [746] Sobeys Greenwood → ['7920283']
  [747] Sobeys New Minas → ['7920283']
  [752] Sobeys Sussex → ['7920285']
  [754] Sobeys Campbellton → no new flyers
  [756] Sobeys Vaughn Harvey → ['7920288']
  [758] Sobeys Russell Lake → ['7920283']
  [772] Sobeys Tacoma Drive → ['7920283']
  [776] Sobeys Penhorn → ['7920283']
  [777] Sobeys Glen Abbey → ['7929306']
  [778] Sobeys Saint John West → ['7920285']
  [783] Sobeys Elmwood Drive → ['7920288']
  [788] Sobeys First Lake → ['7920283']
  [792] Sobeys Marystown → ['7920289']
  [794] Sobeys Vaughan → no new flyers
  [806] Sobeys Wyse Road → ['7920283']
  [819] Sobeys Urban Fresh High Park → ['7920070']
  [832] Sobeys Brighton → ['7920295']
  [846] Sobeys Woodstock → ['7920285']
  [849] Sobeys Regent Street → ['7920285']
  [851] Sobeys Whitby → ['7929303']
  [852] Sobeys FischerHallman → ['7929306']
  [855] Sobeys Mount Pearl → ['7920289']
  [857] Sobeys St. John’s → ['7920289']
  [859] Sobeys Beamsville → ['7920294']
  [860] Sobeys Miramichi Road → ['7920285']
  [861] Sobeys Cornerbrook → ['7920289']
  [863] Sobeys North London → ['7920290']
  [865] Sobeys Mayfield → ['7929306']
  [868] Sobeys Granville Street → ['7920286']
  [870] Sobeys University Avenue → ['7920286']
  [871] Sobeys Truro Prince Street → ['7920283']
  [873] Sobeys St. Clair Beach → ['7920294']
  [878] Sobeys Columbia → ['7929306']
  [881] Sobeys Mumford Road → ['7920283']
  [892] Sobeys Bathurst → ['7920288']
  [915] Sobeys Niagara Falls → ['7929306']
  [916] Sobeys Scott and Niagara → ['7929304']
  [925] Sobeys Oshawa → ['7929304']
  [928] Sobeys Jefferson Square → ['7929304']
  [930] Sobeys Urban Fresh – Bathurst & Bloor → no new flyers
  [933] Sobeys Urban Fresh Yonge and Ballio → ['7920070']
  [934] Sobeys Urban Fresh Spadina → ['7920070']
  [938] Sobeys Danforth → ['7929303']
  [939] Sobeys Dupont → no new flyers
  [1066] Sobeys Thickwood → no new flyers
  [1072] Sobeys Beaumaris → ['7919638']
  [1130] Sobeys Okotoks → ['7919638']
  [1135] Medicine Hat → no new flyers
  [1141] Sobeys McKenzie Towne → ['7919638']
  [1514] Sherwood Park → no new flyers
  [3012] Sobeys Millwoods → ['7919638']
  [3013] Sobeys Meadowbrook → ['7919638']
  [3024] Sobeys College Plaza (Edm) → no new flyers
  [3038] Sobeys Invermere → ['7919637']
  [3081] Sobeys Upland → ['7919638']
  [3095] Sobeys Thickwood → no new flyers
  [3096] Sobeys Clearwater → no new flyers
  [3112] Sobeys Cold Lake → ['7919638']
  [3149] Sobeys Rocky Mtn House → ['7919638']
  [3158] Sobeys Bonnyville → ['7919638']
  [3189] Sobeys Newcastle → no new flyers
  [3219] Sobeys Birds Hill → ['7919639']
  [3221] Sobeys College Park → ['7919640']
  [3226] Sobeys St. Vital → ['7919639']
  [3232] Sobeys Rivergrove → ['7919639']
  [3699] Fort McMurray → no new flyers
  [3701] Sherwood Park → no new flyers
  [4016] Sobeys March Road → ['7929306']
  [4017] Sobeys Parry Sound → ['7920294']
  [4018] Sobeys Amherstburg → ['7920294']
  [4020] Sobeys Reenders → ['7919639']
  [4021] Sobeys Kenaston → ['7919639']
  [4025] Sobeys Silverado → ['7919638']
  [4027] Sobeys Forest Lawn → ['7919638']
  [4028] Sobeys Sylvan Lake → ['7919638']
  [4029] Sobeys Portage La Prairie → ['7919639']
  [4030] Sobeys Unicity → ['7919639']
  [4031] Sobeys Lacombe → ['7919638']
  [4032] Sobeys Airdrie → ['7919638']
  [4033] Sobeys Namao → ['7919638']
  [4045] Sobeys Cornerstone → ['7919638']
  [4048] Sobeys St. Anne’s → ['7919639']
  [4049] Sobeys Clearwater → ['7919638']
  [4053] Sobeys Bridlewood → ['7919638']
  [4054] Sobeys Grant Park → ['7919639']
  [4055] Sobeys Spruce Grove → ['7919638']
  [4056] Sobeys Gaetz South → ['7919638']
  [4058] Sobeys University Park → ['7919640']
  [4059] Sobeys Southbrook → ['7919638']
  [4060] Sobeys Royal Oak → ['7919638']
  [4061] Sobeys Stettler → ['7919638']
  [4062] Sobeys Paris → ['7929306']
  [4064] Sobeys Glendale and Merritt → ['7929304']
  [4065] Sobeys Stonebridge → ['7919640']
  [4066] Sobeys West District → ['7919638']
  [4072] Sobeys Village Mall → ['7919638']
  [4105] Sobeys Gravenhurst → ['7920295']
  [4110] Sobeys Stratford → ['7929306']
  [4116] Sobeys Chatham → ['7920295']
  [4152] Trim & Innes → no new flyers
  [4154] Sobeys Trim and Innes → ['7920292']
  [4155] Sobeys Extra Oxford and Wonderland → ['7920294']
  [4160] Sobeys Algonquin → ['7920294']
  [4163] Sobeys Blenheim → ['7920290']
  [4164] Sobeys Angus → ['7929306']
  [4167] Sobeys Orleans → ['7920292']
  [4174] Sobeys New Hamburg → ['7929303']
  [4175] Sobeys Kincardine → ['7920293']
  [4176] Sobeys Bradford → ['7929306']
  [4179] Sobeys Fenelon Falls → ['7920294']
  [4575] Fredericton → no new flyers
  [4712] Sobeys Tillsonburg → ['7920294']
  [4719] Sobeys Extra Milton → ['7920294']
  [4723] Sobeys Urban Fresh Café → no new flyers
  [4726] Sobeys Laird and Wicksteed → no new flyers
  [4728] Sobeys Todmorden → ['7929303']
  [4729] Sobeys Northfield → ['7929306']
  [4735] Sobeys Port Colborne → ['7929303']
  [4737] Sobeys – Stone Church → ['7929306']
  [4739] Sobeys Grand Bend → ['7920290']
  [4740] Sobeys Dunnville → ['7920290']
  [4743] Sobeys Urban Fresh Bloor & Islington → ['7920291', '7920070']
  [4747] Sobeys Fort Erie → ['7929304']
  [4761] Sobeys Sutton → ['7929303']
  [4875] Sobeys Sage Creek → ['7919639']
  [4876] Sobeys Thickwood → ['7919638']
  [4978] Sobeys Newcastle → ['7919638']
  [4984] Sobeys Legacy → ['7919638']
  [5006] Fort McMurray → no new flyers
  [5037] Sobeys Pembina → ['7919639']
  [5040] Sherwood Park → no new flyers
  [5064] Sobeys Millrise → ['7919638']
  [5068] Sobeys Morinville → ['7919638']
  [5070] Sobeys Hollick Kenyon → ['7919638']
  [5074] Sobeys Cranston → ['7919638']
  [5076] Sobeys Beaumont → ['7919638']
  [5077] Sobeys Lloydminster → ['7919638']
  [5081] Sobeys Estevan → ['7919640']
  [5085] Sobeys Tuscany → ['7919638']
  [5088] Sobeys - Unicity → no new flyers
  [5089] Sobeys Reenders → no new flyers
  [5093] Sobeys Preston → ['7919640']
  [5098] Sobeys Steinbach → ['7919639']
  [5109] Sobeys West End → ['7919639']
  [5167] Sobeys Northdale → ['7919639']
  [5170] Sobeys Varsity Common → ['7919640']
  [5176] Sobeys Gimli → ['7919639']
  [5189] Sobeys High River → ['7919638']
  [5190] Sobeys Walker → ['7919638']
  [5191] Sobeys Nolan Hill → ['7919638']
  [5199] Medicine Hat → no new flyers
  [5382] Sobeys Kildonan → ['7919639']
  [5386] Sobeys Mahogany → ['7919638']
  [5387] Sobeys Riverbend → ['7919638']
  [5395] Sobeys Humboldt → no new flyers
  [5436] Sobeys Olds → ['7919638']
  [5460] Kelowna → no new flyers
  [5462] Sobeys Strathcona Square → ['7919638']
  [5463] Sobeys Albert Street → no new flyers
  [5469] Sobeys Brandon South → no new flyers
  [5472] Sobeys Rochdale → ['7919640']
  [5473] Sobeys St. Albert → ['7919638']
  [5478] Sobeys Westlock → no new flyers
  [5479] Sobeys Strathmore → ['7919638']
  [5489] Sobeys Country Hills → ['7919638']
  [5493] Sobeys Slave Lake → ['7919638']
  [5495] Sobeys St. Paul → ['7919638']
  [5499] Sobeys - Sage Creek → no new flyers
  [5557] Sobeys Wholesale Cash & Carry Winnipeg → no new flyers
  [6712] Sobeys Towerhill → ['7920294']
  [6713] Sobeys Peterborough → ['7920295']
  [6715] Sobeys Fonthill → ['7929303']
  [6729] Sobeys South Pelham → ['7929303']
  [7368] Sobeys Alcona Beach → ['7929304']
  [7383] Sobeys Queensway → ['7929306']
  [7466] Sobeys Orangeville → ['7929306']
  [8812] Safeway Calgary → no new flyers
  [8823] #20, 1818 Centre Street NE → no new flyers
  [9503] Sobeys Gaetz South → no new flyers
  [9506] Sobeys Lakeland Ridge → ['7919638']
  [9507] Sobeys Nottingham → ['7919638']
  [9510] Sobeys Belmont → no new flyers
  [9517] Sobeys North Battleford → ['7919640']
  [9518] Sobeys Brandon South → ['7919639']
  [9522] Sobeys Edson → ['7919638']
  [9529] Sobeys Belmont → ['7919638']

  230 new publication entries across 267 stores
  22 unique new publication(s) to download
  Appended 230 rows to data/sobeys/store_flyers.parquet
New publication entries added to store_flyers.parquet: 230
Unique new publications to download: 22

Phase 2: fetching products for each new publication…

  [7920283] Weekly Flyer- Atlantic  (2026-05-14T00:00:00-04:00 → 2026-05-20T22:59:59-04:00)
    357 products
  [7920285] Weekly Flyer- Atlantic  (2026-05-14T00:00:00-04:00 → 2026-05-20T22:59:59-04:00)
    371 products
  [7920289] Weekly Flyer- Atlantic  (2026-05-14T00:00:00-04:00 → 2026-05-20T22:59:59-04:00)
    360 products
  [7920288] Weekly Flyer- Atlantic  (2026-05-14T00:00:00-04:00 → 2026-05-20T22:59:59-04:00)
    368 products
  [7920286] Weekly Flyer- Atlantic  (2026-05-14T00:00:00-04:00 → 2026-05-20T22:59:59-04:00)
    353 products
  [7929306] Weekly Flyer - Ontario  (2026-05-14T00:00:00-04:00 → 2026-05-20T23:59:59-04:00)
    370 products
  [7929304] Weekly Flyer - Ontario  (2026-05-14T00:00:00-04:00 → 2026-05-20T23:59:59-04:00)
    371 products
  [7920290] Weekly Flyer - Ontario  (2026-05-14T00:00:00-04:00 → 2026-05-20T23:59:59-04:00)
    362 products
  [7929303] Weekly Flyer - Ontario  (2026-05-14T00:00:00-04:00 → 2026-05-20T23:59:59-04:00)
    363 products
  [7924302] Weekly Flyer - Kosher  (2026-05-14T00:00:00-04:00 → 2026-05-20T23:59:59-04:00)
    61 products
  [7920295] Weekly Flyer - Ontario  (2026-05-14T00:00:00-04:00 → 2026-05-20T23:59:59-04:00)
    369 products
  [7920284] Weekly Flyer- Atlantic  (2026-05-14T00:00:00-04:00 → 2026-05-20T22:59:59-04:00)
    357 products
  [7920070] Weekly Flyer - Urban Fresh  (2026-05-14T00:00:00-04:00 → 2026-05-20T23:59:59-04:00)
    49 products
  [7920287] Weekly Flyer- Atlantic  (2026-05-14T00:00:00-04:00 → 2026-05-20T22:59:59-04:00)
    354 products
  [7920294] Weekly Flyer - Ontario  (2026-05-14T00:00:00-04:00 → 2026-05-20T23:59:59-04:00)
    370 products
  [7919638] Weekly Flyer - West  (2026-05-14T03:00:00-04:00 → 2026-05-20T23:59:59-04:00)
    359 products
  [7919637] Weekly Flyer - West  (2026-05-14T03:00:00-04:00 → 2026-05-20T23:59:59-04:00)
    359 products
  [7919639] Weekly Flyer - West  (2026-05-14T03:00:00-04:00 → 2026-05-20T23:59:59-04:00)
    356 products
  [7919640] Weekly Flyer - West  (2026-05-14T03:00:00-04:00 → 2026-05-20T23:59:59-04:00)
    356 products
  [7920292] Weekly Flyer - Ontario  (2026-05-14T00:00:00-04:00 → 2026-05-20T23:59:59-04:00)
    363 products
  [7920293] Weekly Flyer - Ontario  (2026-05-14T00:00:00-04:00 → 2026-05-20T23:59:59-04:00)
    370 products
  [7920291] Weekly Flyer - Ontario  (2026-05-14T00:00:00-04:00 → 2026-05-20T23:59:59-04:00)
    362 products

── Phase 2 results ──────────────────────────────────────────────────
  Downloaded : 22
  Skipped    : 0  (file already existed)
  Errors     : 0

Run completed: 2026-05-14 13:46:13 UTC
Elapsed      : 0m 32s


Done.  Verbose log → logs/sobeys/2026-05-14_verbose.log
       Summary log → logs/sobeys/2026-05-14_summary.log

