=== Sobeys Flyer Fetch — 2026-05-21 ===
Run started : 2026-05-21 14:16:36 UTC

Loaded 267 stores from data/sobeys/stores.parquet

Stores loaded: 267
Loaded store_flyers.parquet (1845 publication entries)

Phase 1: fetching publications per store…

  [100] Sobeys Stellarton → ['7933005']
  [175] Sobeys Wholesale Cash & Carry Saint John → no new flyers
  [176] Sobeys Wholesale Cash & Carry Truro → no new flyers
  [194] Sobeys Wholesale Cash & Carry Stellarton → no new flyers
  [227] Sobeys Wholesale Cash & Carry Sydney → no new flyers
  [232] Sobeys Pictou → ['7933005']
  [233] Sobeys Lansdowne → ['7933007']
  [235] Sobeys Wholesale Cash & Carry Corner Brook → no new flyers
  [292] Sobeys Newcastle → ['7933007']
  [320] Sobeys Torbay Road → ['7933011']
  [321] Sobeys Spryfield → ['7933005']
  [322] Sobeys Bridgewater → ['7933005']
  [323] Sobeys Barrington Passage → ['7933005']
  [328] Sobeys Glace Bay Reserve St → ['7933005']
  [329] Sobeys Timberlea → ['7933005']
  [340] Sobeys Topsail Road → ['7933011']
  [348] Sobeys Mountain Road → ['7933010']
  [349] Sobeys Brookside Mall → ['7933007']
  [370] Sobeys Aberdeen Mall → ['7933005']
  [375] Sobeys Uptown Centre → ['7933007']
  [470] Sobeys New Waterford → ['7933005']
  [495] Sobeys Rothesay → ['7933007']
  [510] Sobeys North Sydney → ['7933005']
  [515] Sobeys Dieppe Regis Street → ['7933010']
  [520] Sobeys Shelburne → ['7933005']
  [548] Sobeys East Point → ['7933007']
  [551] Sobeys Paradise → ['7933011']
  [552] Sobeys Clarenville → ['7933011']
  [554] Sobeys Windsor Street → ['7933005']
  [574] Sobeys Queen Street → ['7933005']
  [580] Sobeys Bedford → ['7933005']
  [586] Sobeys Cole Harbour → ['7933005']
  [588] Sobeys Liverpool → ['7933005']
  [590] Sobeys Long Pond → ['7933011']
  [594] Sobeys Truro → ['7933005']
  [596] Sobeys Antigonish → ['7933005']
  [602] Sobeys Dieppe Paul Street → ['7933010']
  [604] Sobeys Ropewalk Lane → ['7933011']
  [612] Sobeys Yarmouth → ['7933005']
  [621] Sobeys Stratford → ['7933008']
  [622] Sobeys Panavista Drive → ['7933005']
  [628] Sobeys Babineau Drive → ['7933008']
  [630] Sobeys Sydney River → ['7933005']
  [637] Sobeys Maple Grove → ['7941593']
  [639] Sobeys Acton → ['7941592']
  [640] Sobeys Woodstock → ['7933012']
  [641] Sobeys Highland → ['7941591']
  [642] Sobeys Grimsby → ['7941591']
  [644] Sobeys Clayton Park → ['7933005']
  [649] Sobeys Bridgeport → ['7941593']
  [652] Sobeys West Side Plaza → ['7933005']
  [657] Sobeys Ajax → ['7941591']
  [658] Sobeys Grand Falls → ['7933011']
  [659] Sobeys Clark and Hilda → ['7936332']
  [660] Sobeys Elmsdale → ['7933005']
  [664] Sobeys Simcoe → ['7933017']
  [667] Sobeys South Ajax → ['7941593']
  [670] Sobeys Lower Sackville → ['7933006']
  [672] Sobeys Windsor → ['7933005']
  [678] Sobeys Cambridge → ['7941591']
  [680] Sobeys Douglastown → ['7933007']
  [681] Sobeys Kenmount Road → ['7933011']
  [684] Sobeys Tantallon → ['7933005']
  [685] Sobeys Ira Needles → ['7941593']
  [694] Sobeys Extra Ancaster → ['7933012']
  [695] Sobeys Urban Fresh Rosebury Square → ['7929466']
  [704] Sobeys Port Hawkesbury → ['7933005']
  [707] Sobeys North Park → ['7941593']
  [709] Sobeys Shellard Lane → ['7941593']
  [712] Sobeys Barrie → ['7941592']
  [719] Sobeys Digby → ['7933009']
  [721] Sobeys Montague → ['7933008']
  [725] Sobeys Bedford South → ['7933005']
  [728] Sobeys Prince Street Sydney → ['7933005']
  [729] Sobeys Amherst → ['7933005']
  [736] Sobeys Riverview → ['7933010']
  [738] Sobeys Shediac → ['7933010']
  [739] Sobeys Fall River → ['7933005']
  [742] Sobeys Extra Burlington → ['7933017']
  [743] Sobeys Extra Aurora → ['7933016']
  [744] Sobeys St John’s Howley Estates → ['7933011']
  [746] Sobeys Greenwood → ['7933005']
  [747] Sobeys New Minas → ['7933005']
  [752] Sobeys Sussex → ['7933007']
  [754] Sobeys Campbellton → no new flyers
  [756] Sobeys Vaughn Harvey → ['7933010']
  [758] Sobeys Russell Lake → ['7933005']
  [772] Sobeys Tacoma Drive → ['7933005']
  [776] Sobeys Penhorn → ['7933005']
  [777] Sobeys Glen Abbey → ['7941593']
  [778] Sobeys Saint John West → ['7933007']
  [783] Sobeys Elmwood Drive → ['7933010']
  [788] Sobeys First Lake → ['7933005']
  [792] Sobeys Marystown → ['7933011']
  [794] Sobeys Vaughan → no new flyers
  [806] Sobeys Wyse Road → ['7933005']
  [819] Sobeys Urban Fresh High Park → ['7929466']
  [832] Sobeys Brighton → ['7933017']
  [846] Sobeys Woodstock → ['7933007']
  [849] Sobeys Regent Street → ['7933007']
  [851] Sobeys Whitby → ['7941591']
  [852] Sobeys FischerHallman → ['7941593']
  [855] Sobeys Mount Pearl → ['7933011']
  [857] Sobeys St. John’s → ['7933011']
  [859] Sobeys Beamsville → ['7933016']
  [860] Sobeys Miramichi Road → ['7933007']
  [861] Sobeys Cornerbrook → ['7933011']
  [863] Sobeys North London → ['7933012']
  [865] Sobeys Mayfield → ['7941593']
  [868] Sobeys Granville Street → ['7933008']
  [870] Sobeys University Avenue → ['7933008']
  [871] Sobeys Truro Prince Street → ['7933005']
  [873] Sobeys St. Clair Beach → ['7933016']
  [878] Sobeys Columbia → ['7941593']
  [881] Sobeys Mumford Road → ['7933005']
  [892] Sobeys Bathurst → ['7933010']
  [915] Sobeys Niagara Falls → ['7941593']
  [916] Sobeys Scott and Niagara → ['7941592']
  [925] Sobeys Oshawa → ['7941592']
  [928] Sobeys Jefferson Square → ['7941592']
  [930] Sobeys Urban Fresh – Bathurst & Bloor → no new flyers
  [933] Sobeys Urban Fresh Yonge and Ballio → ['7929466']
  [934] Sobeys Urban Fresh Spadina → ['7929466']
  [938] Sobeys Danforth → ['7941591']
  [939] Sobeys Dupont → no new flyers
  [1066] Sobeys Thickwood → no new flyers
  [1072] Sobeys Beaumaris → ['7929586']
  [1130] Sobeys Okotoks → ['7929586']
  [1135] Medicine Hat → no new flyers
  [1141] Sobeys McKenzie Towne → ['7929586']
  [1514] Sherwood Park → no new flyers
  [3012] Sobeys Millwoods → ['7929586']
  [3013] Sobeys Meadowbrook → ['7929586']
  [3024] Sobeys College Plaza (Edm) → no new flyers
  [3038] Sobeys Invermere → ['7929586']
  [3081] Sobeys Upland → ['7929586']
  [3095] Sobeys Thickwood → no new flyers
  [3096] Sobeys Clearwater → no new flyers
  [3112] Sobeys Cold Lake → ['7929586']
  [3149] Sobeys Rocky Mtn House → ['7929586']
  [3158] Sobeys Bonnyville → ['7929586']
  [3189] Sobeys Newcastle → no new flyers
  [3219] Sobeys Birds Hill → ['7929587']
  [3221] Sobeys College Park → ['7929588']
  [3226] Sobeys St. Vital → ['7929587']
  [3232] Sobeys Rivergrove → ['7929587']
  [3699] Fort McMurray → no new flyers
  [3701] Sherwood Park → no new flyers
  [4016] Sobeys March Road → ['7941593']
  [4017] Sobeys Parry Sound → ['7933016']
  [4018] Sobeys Amherstburg → ['7933016']
  [4020] Sobeys Reenders → ['7929587']
  [4021] Sobeys Kenaston → ['7929587']
  [4025] Sobeys Silverado → ['7929586']
  [4027] Sobeys Forest Lawn → ['7929586']
  [4028] Sobeys Sylvan Lake → ['7929586']
  [4029] Sobeys Portage La Prairie → ['7929587']
  [4030] Sobeys Unicity → ['7929587']
  [4031] Sobeys Lacombe → ['7929586']
  [4032] Sobeys Airdrie → ['7929586']
  [4033] Sobeys Namao → ['7929586']
  [4045] Sobeys Cornerstone → ['7929586']
  [4048] Sobeys St. Anne’s → ['7929587']
  [4049] Sobeys Clearwater → ['7929586']
  [4053] Sobeys Bridlewood → ['7929586']
  [4054] Sobeys Grant Park → ['7929587']
  [4055] Sobeys Spruce Grove → ['7929586']
  [4056] Sobeys Gaetz South → ['7929586']
  [4058] Sobeys University Park → ['7929588']
  [4059] Sobeys Southbrook → ['7929586']
  [4060] Sobeys Royal Oak → ['7929586']
  [4061] Sobeys Stettler → ['7929586']
  [4062] Sobeys Paris → ['7941593']
  [4064] Sobeys Glendale and Merritt → ['7941592']
  [4065] Sobeys Stonebridge → ['7929588']
  [4066] Sobeys West District → ['7929586']
  [4072] Sobeys Village Mall → ['7929586']
  [4105] Sobeys Gravenhurst → ['7933017']
  [4110] Sobeys Stratford → ['7941593']
  [4116] Sobeys Chatham → ['7933017']
  [4152] Trim & Innes → no new flyers
  [4154] Sobeys Trim and Innes → ['7933014']
  [4155] Sobeys Extra Oxford and Wonderland → ['7933016']
  [4160] Sobeys Algonquin → ['7933016']
  [4163] Sobeys Blenheim → ['7933012']
  [4164] Sobeys Angus → ['7941593']
  [4167] Sobeys Orleans → ['7933014']
  [4174] Sobeys New Hamburg → ['7941591']
  [4175] Sobeys Kincardine → ['7933016']
  [4176] Sobeys Bradford → ['7941593']
  [4179] Sobeys Fenelon Falls → ['7933016']
  [4575] Fredericton → no new flyers
  [4712] Sobeys Tillsonburg → ['7933016']
  [4719] Sobeys Extra Milton → ['7933016']
  [4723] Sobeys Urban Fresh Café → no new flyers
  [4726] Sobeys Laird and Wicksteed → no new flyers
  [4728] Sobeys Todmorden → ['7941591']
  [4729] Sobeys Northfield → ['7941593']
  [4735] Sobeys Port Colborne → ['7941591']
  [4737] Sobeys – Stone Church → ['7941593']
  [4739] Sobeys Grand Bend → ['7933012']
  [4740] Sobeys Dunnville → ['7933012']
  [4743] Sobeys Urban Fresh Bloor & Islington → ['7933013', '7929466']
  [4747] Sobeys Fort Erie → ['7941592']
  [4761] Sobeys Sutton → ['7941591']
  [4875] Sobeys Sage Creek → ['7929587']
  [4876] Sobeys Thickwood → ['7929586']
  [4978] Sobeys Newcastle → ['7929586']
  [4984] Sobeys Legacy → ['7929586']
  [5006] Fort McMurray → no new flyers
  [5037] Sobeys Pembina → ['7929587']
  [5040] Sherwood Park → no new flyers
  [5064] Sobeys Millrise → ['7929586']
  [5068] Sobeys Morinville → ['7929586']
  [5070] Sobeys Hollick Kenyon → ['7929586']
  [5074] Sobeys Cranston → ['7929586']
  [5076] Sobeys Beaumont → ['7929586']
  [5077] Sobeys Lloydminster → ['7929586']
  [5081] Sobeys Estevan → ['7929588']
  [5085] Sobeys Tuscany → ['7929586']
  [5088] Sobeys - Unicity → no new flyers
  [5089] Sobeys Reenders → no new flyers
  [5093] Sobeys Preston → ['7929588']
  [5098] Sobeys Steinbach → ['7929587']
  [5109] Sobeys West End → ['7929587']
  [5167] Sobeys Northdale → ['7929587']
  [5170] Sobeys Varsity Common → ['7929588']
  [5176] Sobeys Gimli → ['7929587']
  [5189] Sobeys High River → ['7929586']
  [5190] Sobeys Walker → ['7929586']
  [5191] Sobeys Nolan Hill → ['7929586']
  [5199] Medicine Hat → no new flyers
  [5382] Sobeys Kildonan → ['7929587']
  [5386] Sobeys Mahogany → ['7929586']
  [5387] Sobeys Riverbend → ['7929586']
  [5395] Sobeys Humboldt → no new flyers
  [5436] Sobeys Olds → ['7929586']
  [5460] Kelowna → no new flyers
  [5462] Sobeys Strathcona Square → ['7929586']
  [5463] Sobeys Albert Street → no new flyers
  [5469] Sobeys Brandon South → no new flyers
  [5472] Sobeys Rochdale → ['7929588']
  [5473] Sobeys St. Albert → ['7929586']
  [5478] Sobeys Westlock → no new flyers
  [5479] Sobeys Strathmore → ['7929586']
  [5489] Sobeys Country Hills → ['7929586']
  [5493] Sobeys Slave Lake → ['7929586']
  [5495] Sobeys St. Paul → ['7929586']
  [5499] Sobeys - Sage Creek → no new flyers
  [5557] Sobeys Wholesale Cash & Carry Winnipeg → no new flyers
  [6712] Sobeys Towerhill → ['7933016']
  [6713] Sobeys Peterborough → ['7933017']
  [6715] Sobeys Fonthill → ['7941591']
  [6729] Sobeys South Pelham → ['7933015']
  [7368] Sobeys Alcona Beach → ['7941592']
  [7383] Sobeys Queensway → ['7941593']
  [7466] Sobeys Orangeville → ['7941593']
  [8812] Safeway Calgary → no new flyers
  [8823] #20, 1818 Centre Street NE → no new flyers
  [9503] Sobeys Gaetz South → no new flyers
  [9506] Sobeys Lakeland Ridge → no new flyers
  [9507] Sobeys Nottingham → no new flyers
  [9510] Sobeys Belmont → no new flyers
  [9517] Sobeys North Battleford → ['7929588']
  [9518] Sobeys Brandon South → ['7929587']
  [9522] Sobeys Edson → ['7929586']
  [9529] Sobeys Belmont → ['7929586']

  228 new publication entries across 267 stores
  21 unique new publication(s) to download
  Appended 228 rows to data/sobeys/store_flyers.parquet
New publication entries added to store_flyers.parquet: 228
Unique new publications to download: 21

Phase 2: fetching products for each new publication…

  [7933005] Weekly Flyer- Atlantic  (2026-05-21T00:00:00-04:00 → 2026-05-27T22:59:59-04:00)
    387 products
  [7933007] Weekly Flyer- Atlantic  (2026-05-21T00:00:00-04:00 → 2026-05-27T22:59:59-04:00)
    391 products
  [7933011] Weekly Flyer- Atlantic  (2026-05-21T00:00:00-04:00 → 2026-05-27T22:59:59-04:00)
    387 products
  [7933010] Weekly Flyer- Atlantic  (2026-05-21T00:00:00-04:00 → 2026-05-27T22:59:59-04:00)
    391 products
  [7933008] Weekly Flyer- Atlantic  (2026-05-21T00:00:00-04:00 → 2026-05-27T22:59:59-04:00)
    386 products
  [7941593] Weekly Flyer - Ontario  (2026-05-21T00:00:00-04:00 → 2026-05-27T23:59:59-04:00)
    400 products
  [7941592] Weekly Flyer - Ontario  (2026-05-21T00:00:00-04:00 → 2026-05-27T23:59:59-04:00)
    400 products
  [7933012] Weekly Flyer - Ontario  (2026-05-21T00:00:00-04:00 → 2026-05-27T23:59:59-04:00)
    393 products
  [7941591] Weekly Flyer - Ontario  (2026-05-21T00:00:00-04:00 → 2026-05-27T23:59:59-04:00)
    394 products
  [7936332] Weekly Flyer - Kosher  (2026-05-21T00:00:00-04:00 → 2026-05-27T23:59:59-04:00)
    61 products
  [7933017] Weekly Flyer - Ontario  (2026-05-21T00:00:00-04:00 → 2026-05-27T23:59:59-04:00)
    399 products
  [7933006] Weekly Flyer- Atlantic  (2026-05-21T00:00:00-04:00 → 2026-05-27T22:59:59-04:00)
    387 products
  [7929466] Weekly Flyer - Urban Fresh  (2026-05-21T00:00:00-04:00 → 2026-05-27T23:59:59-04:00)
    48 products
  [7933009] Weekly Flyer- Atlantic  (2026-05-21T00:00:00-04:00 → 2026-05-27T22:59:59-04:00)
    387 products
  [7933016] Weekly Flyer - Ontario  (2026-05-21T00:00:00-04:00 → 2026-05-27T23:59:59-04:00)
    399 products
  [7929586] Weekly Flyer - West  (2026-05-21T03:00:00-04:00 → 2026-05-27T23:59:59-04:00)
    396 products
  [7929587] Weekly Flyer - West  (2026-05-21T03:00:00-04:00 → 2026-05-27T23:59:59-04:00)
    393 products
  [7929588] Weekly Flyer - West  (2026-05-21T03:00:00-04:00 → 2026-05-27T23:59:59-04:00)
    393 products
  [7933014] Weekly Flyer - Ontario  (2026-05-21T00:00:00-04:00 → 2026-05-27T23:59:59-04:00)
    394 products
  [7933013] Weekly Flyer - Ontario  (2026-05-21T00:00:00-04:00 → 2026-05-27T23:59:59-04:00)
    393 products
  [7933015] Weekly Flyer - Ontario  (2026-05-21T00:00:00-04:00 → 2026-05-27T23:59:59-04:00)
    394 products

── Phase 2 results ──────────────────────────────────────────────────
  Downloaded : 21
  Skipped    : 0  (file already existed)
  Errors     : 0

Run completed: 2026-05-21 14:17:36 UTC
Elapsed      : 0m 59s


Done.  Verbose log → logs/sobeys/2026-05-21_verbose.log
       Summary log → logs/sobeys/2026-05-21_summary.log

