=== Sobeys Flyer Fetch — 2026-06-25 ===
Run started : 2026-06-25 13:55:46 UTC

Loaded 267 stores from data/sobeys/stores.parquet

Stores loaded: 267
Loaded store_flyers.parquet (2982 publication entries)

Phase 1: fetching publications per store…

  [100] Sobeys Stellarton → ['7989308']
  [175] Sobeys Wholesale Cash & Carry Saint John → no new flyers
  [176] Sobeys Wholesale Cash & Carry Truro → no new flyers
  [194] Sobeys Wholesale Cash & Carry Stellarton → no new flyers
  [227] Sobeys Wholesale Cash & Carry Sydney → no new flyers
  [232] Sobeys Pictou → ['7989308']
  [233] Sobeys Lansdowne → ['7989309']
  [235] Sobeys Wholesale Cash & Carry Corner Brook → no new flyers
  [292] Sobeys Newcastle → ['7989309']
  [320] Sobeys Torbay Road → ['7989313']
  [321] Sobeys Spryfield → ['7989308']
  [322] Sobeys Bridgewater → ['7989308']
  [323] Sobeys Barrington Passage → ['7989308']
  [328] Sobeys Glace Bay Reserve St → ['7989308']
  [329] Sobeys Timberlea → ['7989308']
  [340] Sobeys Topsail Road → ['7989313']
  [348] Sobeys Mountain Road → ['7989312']
  [349] Sobeys Brookside Mall → ['7989309']
  [370] Sobeys Aberdeen Mall → ['7989308']
  [375] Sobeys Uptown Centre → ['7989309']
  [470] Sobeys New Waterford → ['7989308']
  [495] Sobeys Rothesay → ['7989309']
  [510] Sobeys North Sydney → ['7989308']
  [515] Sobeys Dieppe Regis Street → ['7989312']
  [520] Sobeys Shelburne → ['7989308']
  [548] Sobeys East Point → ['7989309']
  [551] Sobeys Paradise → ['7989313']
  [552] Sobeys Clarenville → ['7989313']
  [554] Sobeys Windsor Street → ['7989308']
  [574] Sobeys Queen Street → ['7989308']
  [580] Sobeys Bedford → ['7989308']
  [586] Sobeys Cole Harbour → ['7989308']
  [588] Sobeys Liverpool → ['7989308']
  [590] Sobeys Long Pond → ['7989313']
  [594] Sobeys Truro → ['7989308']
  [596] Sobeys Antigonish → ['7989308']
  [602] Sobeys Dieppe Paul Street → ['7989312']
  [604] Sobeys Ropewalk Lane → ['7989313']
  [612] Sobeys Yarmouth → ['7989308']
  [621] Sobeys Stratford → ['7989310']
  [622] Sobeys Panavista Drive → ['7989308']
  [628] Sobeys Babineau Drive → ['7989310']
  [630] Sobeys Sydney River → ['7989308']
  [637] Sobeys Maple Grove → ['8000998']
  [639] Sobeys Acton → ['8000997']
  [640] Sobeys Woodstock → ['7989297']
  [641] Sobeys Highland → ['8000996']
  [642] Sobeys Grimsby → ['8000996']
  [644] Sobeys Clayton Park → ['7989308']
  [649] Sobeys Bridgeport → ['8000998']
  [652] Sobeys West Side Plaza → ['7989308']
  [657] Sobeys Ajax → ['8000996']
  [658] Sobeys Grand Falls → ['7989313']
  [659] Sobeys Clark and Hilda → ['7991172']
  [660] Sobeys Elmsdale → ['7989308']
  [664] Sobeys Simcoe → ['7989301']
  [667] Sobeys South Ajax → ['8000998']
  [670] Sobeys Lower Sackville → ['7989308']
  [672] Sobeys Windsor → ['7989308']
  [678] Sobeys Cambridge → ['8000996']
  [680] Sobeys Douglastown → ['7989309']
  [681] Sobeys Kenmount Road → ['7989313']
  [684] Sobeys Tantallon → ['7989308']
  [685] Sobeys Ira Needles → ['8000998']
  [694] Sobeys Extra Ancaster → ['7989297']
  [695] Sobeys Urban Fresh Rosebury Square → ['7987837']
  [704] Sobeys Port Hawkesbury → ['7989308']
  [707] Sobeys North Park → ['8000998']
  [709] Sobeys Shellard Lane → ['8000998']
  [712] Sobeys Barrie → ['8000997']
  [719] Sobeys Digby → ['7989311']
  [721] Sobeys Montague → ['7989310']
  [725] Sobeys Bedford South → ['7989308']
  [728] Sobeys Prince Street Sydney → ['7989308']
  [729] Sobeys Amherst → ['7989308']
  [736] Sobeys Riverview → ['7989312']
  [738] Sobeys Shediac → ['7989312']
  [739] Sobeys Fall River → ['7989308']
  [742] Sobeys Extra Burlington → ['7989301']
  [743] Sobeys Extra Aurora → ['7989300']
  [744] Sobeys St John’s Howley Estates → ['7989313']
  [746] Sobeys Greenwood → ['7989308']
  [747] Sobeys New Minas → ['7989308']
  [752] Sobeys Sussex → ['7989309']
  [754] Sobeys Campbellton → no new flyers
  [756] Sobeys Vaughn Harvey → ['7989312']
  [758] Sobeys Russell Lake → ['7989308']
  [772] Sobeys Tacoma Drive → ['7989308']
  [776] Sobeys Penhorn → ['7989308']
  [777] Sobeys Glen Abbey → ['8000998']
  [778] Sobeys Saint John West → ['7989309']
  [783] Sobeys Elmwood Drive → ['7989312']
  [788] Sobeys First Lake → ['7989308']
  [792] Sobeys Marystown → ['7989313']
  [794] Sobeys Vaughan → no new flyers
  [806] Sobeys Wyse Road → ['7989308']
  [819] Sobeys Urban Fresh High Park → ['7987837']
  [832] Sobeys Brighton → ['7989301']
  [846] Sobeys Woodstock → ['7989309']
  [849] Sobeys Regent Street → ['7989309']
  [851] Sobeys Whitby → ['8000996']
  [852] Sobeys FischerHallman → ['8000998']
  [855] Sobeys Mount Pearl → ['7989313']
  [857] Sobeys St. John’s → ['7989313']
  [859] Sobeys Beamsville → ['7989300']
  [860] Sobeys Miramichi Road → ['7989309']
  [861] Sobeys Cornerbrook → ['7989313']
  [863] Sobeys North London → ['7989297']
  [865] Sobeys Mayfield → ['8000998']
  [868] Sobeys Granville Street → ['7989310']
  [870] Sobeys University Avenue → ['7989310']
  [871] Sobeys Truro Prince Street → ['7989308']
  [873] Sobeys St. Clair Beach → ['7989300']
  [878] Sobeys Columbia → ['8000998']
  [881] Sobeys Mumford Road → ['7989308']
  [892] Sobeys Bathurst → ['7989312']
  [915] Sobeys Niagara Falls → ['8000998']
  [916] Sobeys Scott and Niagara → ['8000997']
  [925] Sobeys Oshawa → ['8000997']
  [928] Sobeys Jefferson Square → ['8000997']
  [930] Sobeys Urban Fresh – Bathurst & Bloor → no new flyers
  [933] Sobeys Urban Fresh Yonge and Ballio → ['7987837']
  [934] Sobeys Urban Fresh Spadina → ['7987837']
  [938] Sobeys Danforth → ['8000996']
  [939] Sobeys Dupont → no new flyers
  [1066] Sobeys Thickwood → no new flyers
  [1072] Sobeys Beaumaris → ['7989349']
  [1130] Sobeys Okotoks → ['7989349']
  [1135] Medicine Hat → no new flyers
  [1141] Sobeys McKenzie Towne → ['7989349']
  [1514] Sherwood Park → no new flyers
  [3012] Sobeys Millwoods → ['7989349']
  [3013] Sobeys Meadowbrook → ['7989349']
  [3024] Sobeys College Plaza (Edm) → no new flyers
  [3038] Sobeys Invermere → ['7989349']
  [3081] Sobeys Upland → ['7989349']
  [3095] Sobeys Thickwood → no new flyers
  [3096] Sobeys Clearwater → no new flyers
  [3112] Sobeys Cold Lake → ['7989349']
  [3149] Sobeys Rocky Mtn House → ['7989349']
  [3158] Sobeys Bonnyville → ['7989349']
  [3189] Sobeys Newcastle → no new flyers
  [3219] Sobeys Birds Hill → ['7989350']
  [3221] Sobeys College Park → no new flyers
  [3226] Sobeys St. Vital → ['7989350']
  [3232] Sobeys Rivergrove → ['7989350']
  [3699] Fort McMurray → no new flyers
  [3701] Sherwood Park → no new flyers
  [4016] Sobeys March Road → ['8000998']
  [4017] Sobeys Parry Sound → ['7989300']
  [4018] Sobeys Amherstburg → ['7989300']
  [4020] Sobeys Reenders → ['7989350']
  [4021] Sobeys Kenaston → ['7989350']
  [4025] Sobeys Silverado → ['7989349']
  [4027] Sobeys Forest Lawn → ['7989349']
  [4028] Sobeys Sylvan Lake → ['7989349']
  [4029] Sobeys Portage La Prairie → ['7989350']
  [4030] Sobeys Unicity → ['7989350']
  [4031] Sobeys Lacombe → ['7989349']
  [4032] Sobeys Airdrie → ['7989349']
  [4033] Sobeys Namao → ['7989349']
  [4045] Sobeys Cornerstone → ['7989349']
  [4048] Sobeys St. Anne’s → ['7989350']
  [4049] Sobeys Clearwater → ['7989349']
  [4053] Sobeys Bridlewood → ['7989349']
  [4054] Sobeys Grant Park → ['7989350']
  [4055] Sobeys Spruce Grove → ['7989349']
  [4056] Sobeys Gaetz South → ['7989349']
  [4058] Sobeys University Park → ['7989351']
  [4059] Sobeys Southbrook → ['7989349']
  [4060] Sobeys Royal Oak → ['7989349']
  [4061] Sobeys Stettler → ['7989349']
  [4062] Sobeys Paris → ['8000998']
  [4064] Sobeys Glendale and Merritt → ['8000997']
  [4065] Sobeys Stonebridge → ['7989351']
  [4066] Sobeys West District → ['7989349']
  [4072] Sobeys Village Mall → ['7989349']
  [4105] Sobeys Gravenhurst → ['7989301']
  [4110] Sobeys Stratford → ['8000998']
  [4116] Sobeys Chatham → ['7989301']
  [4152] Trim & Innes → no new flyers
  [4154] Sobeys Trim and Innes → ['7989299']
  [4155] Sobeys Extra Oxford and Wonderland → ['7989300']
  [4160] Sobeys Algonquin → ['7989300']
  [4163] Sobeys Blenheim → ['7989297']
  [4164] Sobeys Angus → ['8000998']
  [4167] Sobeys Orleans → ['7989299']
  [4174] Sobeys New Hamburg → ['8000996']
  [4175] Sobeys Kincardine → ['7989300']
  [4176] Sobeys Bradford → ['8000998']
  [4179] Sobeys Fenelon Falls → ['7989300']
  [4575] Fredericton → no new flyers
  [4712] Sobeys Tillsonburg → ['7989300']
  [4719] Sobeys Extra Milton → ['7989300']
  [4723] Sobeys Urban Fresh Café → no new flyers
  [4726] Sobeys Laird and Wicksteed → no new flyers
  [4728] Sobeys Todmorden → ['8000996']
  [4729] Sobeys Northfield → ['8000998']
  [4735] Sobeys Port Colborne → ['8000996']
  [4737] Sobeys – Stone Church → ['8000998']
  [4739] Sobeys Grand Bend → ['7989297']
  [4740] Sobeys Dunnville → ['7989297']
  [4743] Sobeys Urban Fresh Bloor & Islington → ['7989298', '7987837']
  [4747] Sobeys Fort Erie → ['8000997']
  [4761] Sobeys Sutton → ['8000996']
  [4875] Sobeys Sage Creek → ['7989350']
  [4876] Sobeys Thickwood → ['7989349']
  [4978] Sobeys Newcastle → ['7989349']
  [4984] Sobeys Legacy → ['7989349']
  [5006] Fort McMurray → no new flyers
  [5037] Sobeys Pembina → ['7989350']
  [5040] Sherwood Park → no new flyers
  [5064] Sobeys Millrise → ['7989349']
  [5068] Sobeys Morinville → ['7989349']
  [5070] Sobeys Hollick Kenyon → ['7989349']
  [5074] Sobeys Cranston → ['7989349']
  [5076] Sobeys Beaumont → ['7989349']
  [5077] Sobeys Lloydminster → ['7989349']
  [5081] Sobeys Estevan → ['7989351']
  [5085] Sobeys Tuscany → ['7989349']
  [5088] Sobeys - Unicity → no new flyers
  [5089] Sobeys Reenders → no new flyers
  [5093] Sobeys Preston → ['7989351']
  [5098] Sobeys Steinbach → ['7989350']
  [5109] Sobeys West End → ['7989350']
  [5167] Sobeys Northdale → ['7989350']
  [5170] Sobeys Varsity Common → ['7989351']
  [5176] Sobeys Gimli → ['7989350']
  [5189] Sobeys High River → ['7989349']
  [5190] Sobeys Walker → ['7989349']
  [5191] Sobeys Nolan Hill → ['7989349']
  [5199] Medicine Hat → no new flyers
  [5382] Sobeys Kildonan → ['7989350']
  [5386] Sobeys Mahogany → ['7989349']
  [5387] Sobeys Riverbend → ['7989349']
  [5395] Sobeys Humboldt → no new flyers
  [5436] Sobeys Olds → ['7989349']
  [5460] Kelowna → no new flyers
  [5462] Sobeys Strathcona Square → ['7989349']
  [5463] Sobeys Albert Street → no new flyers
  [5469] Sobeys Brandon South → no new flyers
  [5472] Sobeys Rochdale → ['7989351']
  [5473] Sobeys St. Albert → ['7989349']
  [5478] Sobeys Westlock → no new flyers
  [5479] Sobeys Strathmore → ['7989349']
  [5489] Sobeys Country Hills → ['7989349']
  [5493] Sobeys Slave Lake → ['7989349']
  [5495] Sobeys St. Paul → ['7989349']
  [5499] Sobeys - Sage Creek → no new flyers
  [5557] Sobeys Wholesale Cash & Carry Winnipeg → no new flyers
  [6712] Sobeys Towerhill → ['7989300']
  [6713] Sobeys Peterborough → ['7989301']
  [6715] Sobeys Fonthill → ['8000996']
  [6729] Sobeys South Pelham → ['8000996']
  [7368] Sobeys Alcona Beach → ['8000997']
  [7383] Sobeys Queensway → ['8000998']
  [7466] Sobeys Orangeville → ['8000998']
  [8812] Safeway Calgary → no new flyers
  [8823] #20, 1818 Centre Street NE → no new flyers
  [9503] Sobeys Gaetz South → no new flyers
  [9506] Sobeys Lakeland Ridge → no new flyers
  [9507] Sobeys Nottingham → no new flyers
  [9510] Sobeys Belmont → no new flyers
  [9517] Sobeys North Battleford → ['7989351']
  [9518] Sobeys Brandon South → ['7989350']
  [9522] Sobeys Edson → ['7989349']
  [9529] Sobeys Belmont → ['7989349']

  227 new publication entries across 267 stores
  19 unique new publication(s) to download
  Appended 227 rows to data/sobeys/store_flyers.parquet
New publication entries added to store_flyers.parquet: 227
Unique new publications to download: 19

Phase 2: fetching products for each new publication…

  [7989308] Weekly Flyer- Atlantic  (2026-06-25T00:00:00-04:00 → 2026-07-01T22:59:59-04:00)
    386 products
  [7989309] Weekly Flyer- Atlantic  (2026-06-25T00:00:00-04:00 → 2026-07-01T22:59:59-04:00)
    398 products
  [7989313] Weekly Flyer- Atlantic  (2026-06-25T00:00:00-04:00 → 2026-07-01T22:59:59-04:00)
    383 products
  [7989312] Weekly Flyer- Atlantic  (2026-06-25T00:00:00-04:00 → 2026-07-01T22:59:59-04:00)
    398 products
  [7989310] Weekly Flyer- Atlantic  (2026-06-25T00:00:00-04:00 → 2026-07-01T22:59:59-04:00)
    387 products
  [8000998] Weekly Flyer - Ontario  (2026-06-25T00:00:00-04:00 → 2026-07-01T23:59:59-04:00)
    396 products
  [8000997] Weekly Flyer - Ontario  (2026-06-25T00:00:00-04:00 → 2026-07-01T23:59:59-04:00)
    396 products
  [7989297] Weekly Flyer - Ontario  (2026-06-25T00:00:00-04:00 → 2026-07-01T23:59:59-04:00)
    387 products
  [8000996] Weekly Flyer - Ontario  (2026-06-25T00:00:00-04:00 → 2026-07-01T23:59:59-04:00)
    388 products
  [7991172] Weekly Flyer - Kosher  (2026-06-25T00:00:00-04:00 → 2026-07-01T23:59:59-04:00)
    63 products
  [7989301] Weekly Flyer - Ontario  (2026-06-25T00:00:00-04:00 → 2026-07-01T23:59:59-04:00)
    395 products
  [7987837] Weekly Flyer - Urban Fresh  (2026-06-25T00:00:00-04:00 → 2026-07-01T23:59:59-04:00)
    45 products
  [7989311] Weekly Flyer- Atlantic  (2026-06-25T00:00:00-04:00 → 2026-07-01T22:59:59-04:00)
    386 products
  [7989300] Weekly Flyer - Ontario  (2026-06-25T00:00:00-04:00 → 2026-07-01T23:59:59-04:00)
    395 products
  [7989349] Weekly Flyer - West  (2026-06-25T03:00:00-04:00 → 2026-07-01T23:59:59-04:00)
    383 products
  [7989350] Weekly Flyer - West  (2026-06-25T03:00:00-04:00 → 2026-07-01T23:59:59-04:00)
    380 products
  [7989351] Weekly Flyer - West  (2026-06-25T03:00:00-04:00 → 2026-07-01T23:59:59-04:00)
    380 products
  [7989299] Weekly Flyer - Ontario  (2026-06-25T00:00:00-04:00 → 2026-07-01T23:59:59-04:00)
    388 products
  [7989298] Weekly Flyer - Ontario  (2026-06-25T00:00:00-04:00 → 2026-07-01T23:59:59-04:00)
    387 products

── Phase 2 results ──────────────────────────────────────────────────
  Downloaded : 19
  Skipped    : 0  (file already existed)
  Errors     : 0

Run completed: 2026-06-25 13:56:34 UTC
Elapsed      : 0m 47s


Done.  Verbose log → logs/sobeys/2026-06-25_verbose.log
       Summary log → logs/sobeys/2026-06-25_summary.log

