=== Sobeys Flyer Fetch — 2026-05-07 ===
Run started : 2026-05-07 13:49:13 UTC

Loaded 267 stores from data/sobeys/stores.json

Stores loaded: 267
Loaded existing store_flyers.json (1385 publication entries)

Phase 1: fetching publications per store…

  [100] Sobeys Stellarton → ['7912009']
  [175] Sobeys Wholesale Cash & Carry Saint John → no new flyers
  [176] Sobeys Wholesale Cash & Carry Truro → no new flyers
  [194] Sobeys Wholesale Cash & Carry Stellarton → no new flyers
  [227] Sobeys Wholesale Cash & Carry Sydney → no new flyers
  [232] Sobeys Pictou → ['7912009']
  [233] Sobeys Lansdowne → ['7912010']
  [235] Sobeys Wholesale Cash & Carry Corner Brook → no new flyers
  [292] Sobeys Newcastle → ['7912010']
  [320] Sobeys Torbay Road → ['7912014']
  [321] Sobeys Spryfield → ['7912009']
  [322] Sobeys Bridgewater → ['7912009']
  [323] Sobeys Barrington Passage → ['7912009']
  [328] Sobeys Glace Bay Reserve St → ['7912009']
  [329] Sobeys Timberlea → ['7912009']
  [340] Sobeys Topsail Road → ['7912014']
  [348] Sobeys Mountain Road → ['7912013']
  [349] Sobeys Brookside Mall → ['7912010']
  [370] Sobeys Aberdeen Mall → ['7912009']
  [375] Sobeys Uptown Centre → ['7912010']
  [470] Sobeys New Waterford → ['7912009']
  [495] Sobeys Rothesay → ['7912010']
  [510] Sobeys North Sydney → ['7912009']
  [515] Sobeys Dieppe Regis Street → ['7912013']
  [520] Sobeys Shelburne → ['7912009']
  [548] Sobeys East Point → ['7912010']
  [551] Sobeys Paradise → ['7912014']
  [552] Sobeys Clarenville → ['7912014']
  [554] Sobeys Windsor Street → ['7912009']
  [574] Sobeys Queen Street → ['7912009']
  [580] Sobeys Bedford → ['7912009']
  [586] Sobeys Cole Harbour → ['7912009']
  [588] Sobeys Liverpool → ['7912009']
  [590] Sobeys Long Pond → ['7912014']
  [594] Sobeys Truro → ['7912009']
  [596] Sobeys Antigonish → ['7912009']
  [602] Sobeys Dieppe Paul Street → ['7912013']
  [604] Sobeys Ropewalk Lane → ['7912014']
  [612] Sobeys Yarmouth → ['7912009']
  [621] Sobeys Stratford → ['7912011']
  [622] Sobeys Panavista Drive → ['7912009']
  [628] Sobeys Babineau Drive → ['7912011']
  [630] Sobeys Sydney River → ['7912009']
  [637] Sobeys Maple Grove → ['7916627']
  [639] Sobeys Acton → ['7916626']
  [640] Sobeys Woodstock → ['7912015']
  [641] Sobeys Highland → ['7916625']
  [642] Sobeys Grimsby → ['7916625']
  [644] Sobeys Clayton Park → ['7912009']
  [649] Sobeys Bridgeport → ['7916627']
  [652] Sobeys West Side Plaza → ['7912009']
  [657] Sobeys Ajax → ['7916625']
  [658] Sobeys Grand Falls → ['7912014']
  [659] Sobeys Clark and Hilda → ['7914546']
  [660] Sobeys Elmsdale → ['7912009']
  [664] Sobeys Simcoe → ['7912020']
  [667] Sobeys South Ajax → ['7916627']
  [670] Sobeys Lower Sackville → ['7912009']
  [672] Sobeys Windsor → ['7912009']
  [678] Sobeys Cambridge → ['7916625']
  [680] Sobeys Douglastown → ['7912010']
  [681] Sobeys Kenmount Road → ['7912014']
  [684] Sobeys Tantallon → ['7912009']
  [685] Sobeys Ira Needles → ['7916627']
  [694] Sobeys Extra Ancaster → ['7912015']
  [695] Sobeys Urban Fresh Rosebury Square → ['7910335']
  [704] Sobeys Port Hawkesbury → ['7912009']
  [707] Sobeys North Park → ['7916627']
  [709] Sobeys Shellard Lane → ['7916627']
  [712] Sobeys Barrie → ['7916626']
  [719] Sobeys Digby → ['7912012']
  [721] Sobeys Montague → ['7912011']
  [725] Sobeys Bedford South → ['7912009']
  [728] Sobeys Prince Street Sydney → ['7912009']
  [729] Sobeys Amherst → ['7912009']
  [736] Sobeys Riverview → ['7912013']
  [738] Sobeys Shediac → ['7912013']
  [739] Sobeys Fall River → ['7912009']
  [742] Sobeys Extra Burlington → ['7912020']
  [743] Sobeys Extra Aurora → ['7912019']
  [744] Sobeys St John’s Howley Estates → ['7912014']
  [746] Sobeys Greenwood → ['7912009']
  [747] Sobeys New Minas → ['7912009']
  [752] Sobeys Sussex → ['7912010']
  [754] Sobeys Campbellton → no new flyers
  [756] Sobeys Vaughn Harvey → ['7912013']
  [758] Sobeys Russell Lake → ['7912009']
  [772] Sobeys Tacoma Drive → ['7912009']
  [776] Sobeys Penhorn → ['7912009']
  [777] Sobeys Glen Abbey → ['7916627']
  [778] Sobeys Saint John West → ['7912010']
  [783] Sobeys Elmwood Drive → ['7912013']
  [788] Sobeys First Lake → ['7912009']
  [792] Sobeys Marystown → ['7912014']
  [794] Sobeys Vaughan → no new flyers
  [806] Sobeys Wyse Road → ['7912009']
  [819] Sobeys Urban Fresh High Park → ['7910335']
  [832] Sobeys Brighton → ['7912020']
  [846] Sobeys Woodstock → ['7912010']
  [849] Sobeys Regent Street → ['7912010']
  [851] Sobeys Whitby → ['7916625']
  [852] Sobeys FischerHallman → ['7916627']
  [855] Sobeys Mount Pearl → ['7912014']
  [857] Sobeys St. John’s → ['7912014']
  [859] Sobeys Beamsville → ['7912019']
  [860] Sobeys Miramichi Road → ['7912010']
  [861] Sobeys Cornerbrook → ['7912014']
  [863] Sobeys North London → ['7912015']
  [865] Sobeys Mayfield → ['7916627']
  [868] Sobeys Granville Street → ['7912011']
  [870] Sobeys University Avenue → ['7912011']
  [871] Sobeys Truro Prince Street → ['7912009']
  [873] Sobeys St. Clair Beach → ['7912019']
  [878] Sobeys Columbia → ['7916627']
  [881] Sobeys Mumford Road → ['7912009']
  [892] Sobeys Bathurst → ['7912013']
  [915] Sobeys Niagara Falls → ['7916627']
  [916] Sobeys Scott and Niagara → ['7916626']
  [925] Sobeys Oshawa → ['7916626']
  [928] Sobeys Jefferson Square → ['7916626']
  [930] Sobeys Urban Fresh – Bathurst & Bloor → no new flyers
  [933] Sobeys Urban Fresh Yonge and Ballio → ['7910335']
  [934] Sobeys Urban Fresh Spadina → ['7910335']
  [938] Sobeys Danforth → ['7916625']
  [939] Sobeys Dupont → no new flyers
  [1066] Sobeys Thickwood → no new flyers
  [1072] Sobeys Beaumaris → ['7911633']
  [1130] Sobeys Okotoks → ['7911633']
  [1135] Medicine Hat → no new flyers
  [1141] Sobeys McKenzie Towne → ['7911633']
  [1514] Sherwood Park → no new flyers
  [3012] Sobeys Millwoods → ['7911633']
  [3013] Sobeys Meadowbrook → ['7911633']
  [3024] Sobeys College Plaza (Edm) → no new flyers
  [3038] Sobeys Invermere → ['7911634']
  [3081] Sobeys Upland → ['7911633']
  [3095] Sobeys Thickwood → no new flyers
  [3096] Sobeys Clearwater → no new flyers
  [3112] Sobeys Cold Lake → ['7911633']
  [3149] Sobeys Rocky Mtn House → ['7911633']
  [3158] Sobeys Bonnyville → ['7911633']
  [3189] Sobeys Newcastle → no new flyers
  [3219] Sobeys Birds Hill → ['7911635']
  [3221] Sobeys College Park → ['7911636']
  [3226] Sobeys St. Vital → ['7911635']
  [3232] Sobeys Rivergrove → ['7911635']
  [3699] Fort McMurray → no new flyers
  [3701] Sherwood Park → no new flyers
  [4016] Sobeys March Road → ['7916627']
  [4017] Sobeys Parry Sound → ['7912019']
  [4018] Sobeys Amherstburg → ['7912019']
  [4020] Sobeys Reenders → ['7911635']
  [4021] Sobeys Kenaston → ['7911635']
  [4025] Sobeys Silverado → ['7911633']
  [4027] Sobeys Forest Lawn → ['7911633']
  [4028] Sobeys Sylvan Lake → ['7911633']
  [4029] Sobeys Portage La Prairie → ['7911635']
  [4030] Sobeys Unicity → ['7911635']
  [4031] Sobeys Lacombe → ['7911633']
  [4032] Sobeys Airdrie → ['7911633']
  [4033] Sobeys Namao → ['7911633']
  [4045] Sobeys Cornerstone → ['7911633']
  [4048] Sobeys St. Anne’s → ['7911635']
  [4049] Sobeys Clearwater → ['7911633']
  [4053] Sobeys Bridlewood → ['7911633']
  [4054] Sobeys Grant Park → ['7911635']
  [4055] Sobeys Spruce Grove → ['7911633']
  [4056] Sobeys Gaetz South → ['7911633']
  [4058] Sobeys University Park → ['7911636']
  [4059] Sobeys Southbrook → ['7911633']
  [4060] Sobeys Royal Oak → ['7911633']
  [4061] Sobeys Stettler → ['7911633']
  [4062] Sobeys Paris → ['7916627']
  [4064] Sobeys Glendale and Merritt → ['7916626']
  [4065] Sobeys Stonebridge → ['7911636']
  [4066] Sobeys West District → ['7911633']
  [4072] Sobeys Village Mall → ['7911633']
  [4105] Sobeys Gravenhurst → ['7912020']
  [4110] Sobeys Stratford → ['7916627']
  [4116] Sobeys Chatham → ['7912020']
  [4152] Trim & Innes → no new flyers
  [4154] Sobeys Trim and Innes → ['7912017']
  [4155] Sobeys Extra Oxford and Wonderland → ['7912019']
  [4160] Sobeys Algonquin → ['7912019']
  [4163] Sobeys Blenheim → ['7912015']
  [4164] Sobeys Angus → ['7916627']
  [4167] Sobeys Orleans → ['7912017']
  [4174] Sobeys New Hamburg → ['7916625']
  [4175] Sobeys Kincardine → ['7912018']
  [4176] Sobeys Bradford → ['7916627']
  [4179] Sobeys Fenelon Falls → ['7912019']
  [4575] Fredericton → no new flyers
  [4712] Sobeys Tillsonburg → ['7912019']
  [4719] Sobeys Extra Milton → ['7912019']
  [4723] Sobeys Urban Fresh Café → no new flyers
  [4726] Sobeys Laird and Wicksteed → no new flyers
  [4728] Sobeys Todmorden → ['7916625']
  [4729] Sobeys Northfield → ['7916627']
  [4735] Sobeys Port Colborne → ['7916625']
  [4737] Sobeys – Stone Church → ['7916627']
  [4739] Sobeys Grand Bend → ['7912015']
  [4740] Sobeys Dunnville → ['7912015']
  [4743] Sobeys Urban Fresh Bloor & Islington → ['7912016', '7910335']
  [4747] Sobeys Fort Erie → ['7916626']
  [4761] Sobeys Sutton → ['7916625']
  [4875] Sobeys Sage Creek → ['7911635']
  [4876] Sobeys Thickwood → ['7911633']
  [4978] Sobeys Newcastle → ['7911633']
  [4984] Sobeys Legacy → ['7911633']
  [5006] Fort McMurray → no new flyers
  [5037] Sobeys Pembina → ['7911635']
  [5040] Sherwood Park → no new flyers
  [5064] Sobeys Millrise → ['7911633']
  [5068] Sobeys Morinville → ['7911633']
  [5070] Sobeys Hollick Kenyon → ['7911633']
  [5074] Sobeys Cranston → ['7911633']
  [5076] Sobeys Beaumont → ['7911633']
  [5077] Sobeys Lloydminster → ['7911633']
  [5081] Sobeys Estevan → ['7911636']
  [5085] Sobeys Tuscany → ['7911633']
  [5088] Sobeys - Unicity → no new flyers
  [5089] Sobeys Reenders → no new flyers
  [5093] Sobeys Preston → ['7911636']
  [5098] Sobeys Steinbach → ['7911635']
  [5109] Sobeys West End → ['7911635']
  [5167] Sobeys Northdale → ['7911635']
  [5170] Sobeys Varsity Common → ['7911636']
  [5176] Sobeys Gimli → ['7911635']
  [5189] Sobeys High River → ['7911633']
  [5190] Sobeys Walker → ['7911633']
  [5191] Sobeys Nolan Hill → ['7911633']
  [5199] Medicine Hat → no new flyers
  [5382] Sobeys Kildonan → ['7911635']
  [5386] Sobeys Mahogany → ['7911633']
  [5387] Sobeys Riverbend → ['7911633']
  [5395] Sobeys Humboldt → no new flyers
  [5436] Sobeys Olds → ['7911633']
  [5460] Kelowna → no new flyers
  [5462] Sobeys Strathcona Square → ['7911633']
  [5463] Sobeys Albert Street → no new flyers
  [5469] Sobeys Brandon South → no new flyers
  [5472] Sobeys Rochdale → ['7911636']
  [5473] Sobeys St. Albert → ['7911633']
  [5478] Sobeys Westlock → no new flyers
  [5479] Sobeys Strathmore → ['7911633']
  [5489] Sobeys Country Hills → ['7911633']
  [5493] Sobeys Slave Lake → ['7911633']
  [5495] Sobeys St. Paul → ['7911633']
  [5499] Sobeys - Sage Creek → no new flyers
  [5557] Sobeys Wholesale Cash & Carry Winnipeg → no new flyers
  [6712] Sobeys Towerhill → ['7912019']
  [6713] Sobeys Peterborough → ['7912020']
  [6715] Sobeys Fonthill → ['7916625']
  [6729] Sobeys South Pelham → ['7916625']
  [7368] Sobeys Alcona Beach → ['7916626']
  [7383] Sobeys Queensway → ['7916627']
  [7466] Sobeys Orangeville → ['7916627']
  [8812] Safeway Calgary → no new flyers
  [8823] #20, 1818 Centre Street NE → no new flyers
  [9503] Sobeys Gaetz South → no new flyers
  [9506] Sobeys Lakeland Ridge → ['7911633']
  [9507] Sobeys Nottingham → ['7911633']
  [9510] Sobeys Belmont → no new flyers
  [9517] Sobeys North Battleford → ['7911636']
  [9518] Sobeys Brandon South → ['7911635']
  [9522] Sobeys Edson → ['7911633']
  [9529] Sobeys Belmont → ['7911633']

  230 new publication entries across 267 stores
  21 unique new publication(s) to download
  Saved → data/sobeys/store_flyers.json  (2,102,693 bytes)
New publication entries added to store_flyers.json: 230
Unique new publications to download: 21

Phase 2: fetching products for each new publication…

  [7912009] Weekly Flyer- Atlantic  (2026-05-07T00:00:00-04:00 → 2026-05-13T22:59:59-04:00)
    364 products
  Saved → data/sobeys/flyers/7912009.json  (773,450 bytes)
  [7912010] Weekly Flyer- Atlantic  (2026-05-07T00:00:00-04:00 → 2026-05-13T22:59:59-04:00)
    369 products
  Saved → data/sobeys/flyers/7912010.json  (781,934 bytes)
  [7912014] Weekly Flyer- Atlantic  (2026-05-07T00:00:00-04:00 → 2026-05-13T22:59:59-04:00)
    363 products
  Saved → data/sobeys/flyers/7912014.json  (774,012 bytes)
  [7912013] Weekly Flyer- Atlantic  (2026-05-07T00:00:00-04:00 → 2026-05-13T22:59:59-04:00)
    370 products
  Saved → data/sobeys/flyers/7912013.json  (810,816 bytes)
  [7912011] Weekly Flyer- Atlantic  (2026-05-07T00:00:00-04:00 → 2026-05-13T22:59:59-04:00)
    364 products
  Saved → data/sobeys/flyers/7912011.json  (771,972 bytes)
  [7916627] Weekly Flyer - Ontario  (2026-05-07T00:00:00-04:00 → 2026-05-13T23:59:59-04:00)
    372 products
  Saved → data/sobeys/flyers/7916627.json  (793,887 bytes)
  [7916626] Weekly Flyer - Ontario  (2026-05-07T00:00:00-04:00 → 2026-05-13T23:59:59-04:00)
    372 products
  Saved → data/sobeys/flyers/7916626.json  (793,610 bytes)
  [7912015] Weekly Flyer - Ontario  (2026-05-07T00:00:00-04:00 → 2026-05-13T23:59:59-04:00)
    364 products
  Saved → data/sobeys/flyers/7912015.json  (778,245 bytes)
  [7916625] Weekly Flyer - Ontario  (2026-05-07T00:00:00-04:00 → 2026-05-13T23:59:59-04:00)
    365 products
  Saved → data/sobeys/flyers/7916625.json  (779,952 bytes)
  [7914546] Weekly Flyer - Kosher  (2026-05-07T00:00:00-04:00 → 2026-05-13T23:59:59-04:00)
    61 products
  Saved → data/sobeys/flyers/7914546.json  (132,910 bytes)
  [7912020] Weekly Flyer - Ontario  (2026-05-07T00:00:00-04:00 → 2026-05-13T23:59:59-04:00)
    371 products
  Saved → data/sobeys/flyers/7912020.json  (792,180 bytes)
  [7910335] Weekly Flyer - Urban Fresh  (2026-05-07T00:00:00-04:00 → 2026-05-13T23:59:59-04:00)
    49 products
  Saved → data/sobeys/flyers/7910335.json  (106,321 bytes)
  [7912012] Weekly Flyer- Atlantic  (2026-05-07T00:00:00-04:00 → 2026-05-13T22:59:59-04:00)
    365 products
  Saved → data/sobeys/flyers/7912012.json  (801,195 bytes)
  [7912019] Weekly Flyer - Ontario  (2026-05-07T00:00:00-04:00 → 2026-05-13T23:59:59-04:00)
    371 products
  Saved → data/sobeys/flyers/7912019.json  (791,903 bytes)
  [7911633] Weekly Flyer - West  (2026-05-07T03:00:00-04:00 → 2026-05-13T23:59:59-04:00)
    360 products
  Saved → data/sobeys/flyers/7911633.json  (770,391 bytes)
  [7911634] Weekly Flyer - West  (2026-05-07T03:00:00-04:00 → 2026-05-13T23:59:59-04:00)
    360 products
  Saved → data/sobeys/flyers/7911634.json  (772,994 bytes)
  [7911635] Weekly Flyer - West  (2026-05-07T03:00:00-04:00 → 2026-05-13T23:59:59-04:00)
    354 products
  Saved → data/sobeys/flyers/7911635.json  (755,655 bytes)
  [7911636] Weekly Flyer - West  (2026-05-07T03:00:00-04:00 → 2026-05-13T23:59:59-04:00)
    354 products
  Saved → data/sobeys/flyers/7911636.json  (755,655 bytes)
  [7912017] Weekly Flyer - Ontario  (2026-05-07T00:00:00-04:00 → 2026-05-13T23:59:59-04:00)
    365 products
  Saved → data/sobeys/flyers/7912017.json  (785,831 bytes)
  [7912018] Weekly Flyer - Ontario  (2026-05-07T00:00:00-04:00 → 2026-05-13T23:59:59-04:00)
    371 products
  Saved → data/sobeys/flyers/7912018.json  (794,454 bytes)
  [7912016] Weekly Flyer - Ontario  (2026-05-07T00:00:00-04:00 → 2026-05-13T23:59:59-04:00)
    363 products
  Saved → data/sobeys/flyers/7912016.json  (777,734 bytes)

── Phase 2 results ──────────────────────────────────────────────────
  Downloaded : 21
  Skipped    : 0  (file already existed)
  Errors     : 0

Run completed: 2026-05-07 13:49:47 UTC
Elapsed      : 0m 34s


Done.  Verbose log → logs/sobeys/2026-05-07_verbose.log
       Summary log → logs/sobeys/2026-05-07_summary.log

