=== Sobeys Flyer Fetch — 2026-04-30 ===
Run started : 2026-04-30 13:47:14 UTC

Loaded 267 stores from data/sobeys/stores.json

Stores loaded: 267
Loaded existing store_flyers.json (1154 publication entries)

Phase 1: fetching publications per store…

  [100] Sobeys Stellarton → ['7901224']
  [175] Sobeys Wholesale Cash & Carry Saint John → no new flyers
  [176] Sobeys Wholesale Cash & Carry Truro → no new flyers
  [194] Sobeys Wholesale Cash & Carry Stellarton → no new flyers
  [227] Sobeys Wholesale Cash & Carry Sydney → no new flyers
  [232] Sobeys Pictou → ['7901224']
  [233] Sobeys Lansdowne → ['7901225']
  [235] Sobeys Wholesale Cash & Carry Corner Brook → no new flyers
  [292] Sobeys Newcastle → ['7901225']
  [320] Sobeys Torbay Road → ['7901229']
  [321] Sobeys Spryfield → ['7901224']
  [322] Sobeys Bridgewater → ['7901224']
  [323] Sobeys Barrington Passage → ['7901224']
  [328] Sobeys Glace Bay Reserve St → ['7901224']
  [329] Sobeys Timberlea → ['7901224']
  [340] Sobeys Topsail Road → ['7901229']
  [348] Sobeys Mountain Road → ['7901228']
  [349] Sobeys Brookside Mall → ['7901225']
  [370] Sobeys Aberdeen Mall → ['7901224']
  [375] Sobeys Uptown Centre → ['7901225']
  [470] Sobeys New Waterford → ['7901224']
  [495] Sobeys Rothesay → ['7901225']
  [510] Sobeys North Sydney → ['7901224']
  [515] Sobeys Dieppe Regis Street → ['7901228']
  [520] Sobeys Shelburne → ['7901224']
  [548] Sobeys East Point → ['7901225']
  [551] Sobeys Paradise → ['7901229']
  [552] Sobeys Clarenville → ['7901229']
  [554] Sobeys Windsor Street → ['7901224']
  [574] Sobeys Queen Street → ['7901224']
  [580] Sobeys Bedford → ['7901224']
  [586] Sobeys Cole Harbour → ['7901224']
  [588] Sobeys Liverpool → ['7901224']
  [590] Sobeys Long Pond → ['7901229']
  [594] Sobeys Truro → ['7901224']
  [596] Sobeys Antigonish → ['7901224']
  [602] Sobeys Dieppe Paul Street → ['7901228']
  [604] Sobeys Ropewalk Lane → ['7901229']
  [612] Sobeys Yarmouth → ['7901224']
  [621] Sobeys Stratford → ['7901226']
  [622] Sobeys Panavista Drive → ['7901224']
  [628] Sobeys Babineau Drive → ['7901226']
  [630] Sobeys Sydney River → ['7901224']
  [637] Sobeys Maple Grove → ['7909652']
  [639] Sobeys Acton → ['7909651']
  [640] Sobeys Woodstock → ['7901243']
  [641] Sobeys Highland → ['7909649']
  [642] Sobeys Grimsby → ['7909649']
  [644] Sobeys Clayton Park → ['7901224']
  [649] Sobeys Bridgeport → ['7909652']
  [652] Sobeys West Side Plaza → ['7901224']
  [657] Sobeys Ajax → ['7909649']
  [658] Sobeys Grand Falls → ['7901229']
  [659] Sobeys Clark and Hilda → ['7903419']
  [660] Sobeys Elmsdale → ['7901224']
  [664] Sobeys Simcoe → ['7901247']
  [667] Sobeys South Ajax → ['7909652']
  [670] Sobeys Lower Sackville → ['7901224']
  [672] Sobeys Windsor → ['7901224']
  [678] Sobeys Cambridge → ['7909649']
  [680] Sobeys Douglastown → ['7901225']
  [681] Sobeys Kenmount Road → ['7901229']
  [684] Sobeys Tantallon → ['7901224']
  [685] Sobeys Ira Needles → ['7909652']
  [694] Sobeys Extra Ancaster → ['7901243']
  [695] Sobeys Urban Fresh Rosebury Square → ['7901109']
  [704] Sobeys Port Hawkesbury → ['7901224']
  [707] Sobeys North Park → ['7909652']
  [709] Sobeys Shellard Lane → ['7909652']
  [712] Sobeys Barrie → ['7909651']
  [719] Sobeys Digby → ['7901227']
  [721] Sobeys Montague → ['7901226']
  [725] Sobeys Bedford South → ['7901224']
  [728] Sobeys Prince Street Sydney → ['7901224']
  [729] Sobeys Amherst → ['7901224']
  [736] Sobeys Riverview → ['7901228']
  [738] Sobeys Shediac → ['7901228']
  [739] Sobeys Fall River → ['7901224']
  [742] Sobeys Extra Burlington → ['7901247']
  [743] Sobeys Extra Aurora → ['7901246']
  [744] Sobeys St John’s Howley Estates → ['7901229']
  [746] Sobeys Greenwood → ['7901224']
  [747] Sobeys New Minas → ['7901224']
  [752] Sobeys Sussex → ['7901225']
  [754] Sobeys Campbellton → no new flyers
  [756] Sobeys Vaughn Harvey → ['7901228']
  [758] Sobeys Russell Lake → ['7901224']
  [772] Sobeys Tacoma Drive → ['7901224']
  [776] Sobeys Penhorn → ['7901224']
  [777] Sobeys Glen Abbey → ['7909652']
  [778] Sobeys Saint John West → ['7901225']
  [783] Sobeys Elmwood Drive → ['7901228']
  [788] Sobeys First Lake → ['7901224']
  [792] Sobeys Marystown → ['7901229']
  [794] Sobeys Vaughan → no new flyers
  [806] Sobeys Wyse Road → ['7901224']
  [819] Sobeys Urban Fresh High Park → ['7901109']
  [832] Sobeys Brighton → ['7901247']
  [846] Sobeys Woodstock → ['7901225']
  [849] Sobeys Regent Street → ['7901225']
  [851] Sobeys Whitby → ['7909649']
  [852] Sobeys FischerHallman → ['7909652']
  [855] Sobeys Mount Pearl → ['7901229']
  [857] Sobeys St. John’s → ['7901229']
  [859] Sobeys Beamsville → ['7901246']
  [860] Sobeys Miramichi Road → ['7901225']
  [861] Sobeys Cornerbrook → ['7901229']
  [863] Sobeys North London → ['7901243']
  [865] Sobeys Mayfield → ['7909652']
  [868] Sobeys Granville Street → ['7901226']
  [870] Sobeys University Avenue → ['7901226']
  [871] Sobeys Truro Prince Street → ['7901224']
  [873] Sobeys St. Clair Beach → ['7901246']
  [878] Sobeys Columbia → ['7909652']
  [881] Sobeys Mumford Road → ['7901224']
  [892] Sobeys Bathurst → ['7901228']
  [915] Sobeys Niagara Falls → ['7909652']
  [916] Sobeys Scott and Niagara → ['7909651']
  [925] Sobeys Oshawa → ['7909651']
  [928] Sobeys Jefferson Square → ['7909651']
  [930] Sobeys Urban Fresh – Bathurst & Bloor → no new flyers
  [933] Sobeys Urban Fresh Yonge and Ballio → ['7901109']
  [934] Sobeys Urban Fresh Spadina → ['7901109']
  [938] Sobeys Danforth → ['7909649']
  [939] Sobeys Dupont → no new flyers
  [1066] Sobeys Thickwood → no new flyers
  [1072] Sobeys Beaumaris → ['7897435']
  [1130] Sobeys Okotoks → ['7897435']
  [1135] Medicine Hat → no new flyers
  [1141] Sobeys McKenzie Towne → ['7897435']
  [1514] Sherwood Park → no new flyers
  [3012] Sobeys Millwoods → ['7897435']
  [3013] Sobeys Meadowbrook → ['7897435']
  [3024] Sobeys College Plaza (Edm) → no new flyers
  [3038] Sobeys Invermere → ['7897434']
  [3081] Sobeys Upland → ['7897435']
  [3095] Sobeys Thickwood → no new flyers
  [3096] Sobeys Clearwater → no new flyers
  [3112] Sobeys Cold Lake → ['7897434']
  [3149] Sobeys Rocky Mtn House → ['7897435']
  [3158] Sobeys Bonnyville → ['7897434']
  [3189] Sobeys Newcastle → no new flyers
  [3219] Sobeys Birds Hill → ['7897436']
  [3221] Sobeys College Park → ['7897437']
  [3226] Sobeys St. Vital → ['7897436']
  [3232] Sobeys Rivergrove → ['7897436']
  [3699] Fort McMurray → no new flyers
  [3701] Sherwood Park → no new flyers
  [4016] Sobeys March Road → ['7909652']
  [4017] Sobeys Parry Sound → ['7901246']
  [4018] Sobeys Amherstburg → ['7901246']
  [4020] Sobeys Reenders → ['7897436']
  [4021] Sobeys Kenaston → ['7897436']
  [4025] Sobeys Silverado → ['7897435']
  [4027] Sobeys Forest Lawn → ['7897435']
  [4028] Sobeys Sylvan Lake → ['7897435']
  [4029] Sobeys Portage La Prairie → ['7897436']
  [4030] Sobeys Unicity → ['7897436']
  [4031] Sobeys Lacombe → ['7897435']
  [4032] Sobeys Airdrie → ['7897435']
  [4033] Sobeys Namao → ['7897435']
  [4045] Sobeys Cornerstone → ['7897435']
  [4048] Sobeys St. Anne’s → ['7897436']
  [4049] Sobeys Clearwater → ['7897435']
  [4053] Sobeys Bridlewood → ['7897435']
  [4054] Sobeys Grant Park → ['7897436']
  [4055] Sobeys Spruce Grove → ['7897435']
  [4056] Sobeys Gaetz South → ['7897435']
  [4058] Sobeys University Park → ['7897437']
  [4059] Sobeys Southbrook → ['7897435']
  [4060] Sobeys Royal Oak → ['7897435']
  [4061] Sobeys Stettler → ['7897435']
  [4062] Sobeys Paris → ['7909652']
  [4064] Sobeys Glendale and Merritt → ['7909651']
  [4065] Sobeys Stonebridge → ['7897437']
  [4066] Sobeys West District → ['7897435']
  [4072] Sobeys Village Mall → ['7897435']
  [4105] Sobeys Gravenhurst → ['7901247']
  [4110] Sobeys Stratford → ['7909652']
  [4116] Sobeys Chatham → ['7901247']
  [4152] Trim & Innes → no new flyers
  [4154] Sobeys Trim and Innes → ['7901245']
  [4155] Sobeys Extra Oxford and Wonderland → ['7901246']
  [4160] Sobeys Algonquin → ['7901246']
  [4163] Sobeys Blenheim → ['7901243']
  [4164] Sobeys Angus → ['7909652']
  [4167] Sobeys Orleans → ['7901245']
  [4174] Sobeys New Hamburg → ['7909649']
  [4175] Sobeys Kincardine → ['7901246']
  [4176] Sobeys Bradford → ['7909652']
  [4179] Sobeys Fenelon Falls → ['7901246']
  [4575] Fredericton → no new flyers
  [4712] Sobeys Tillsonburg → ['7901246']
  [4719] Sobeys Extra Milton → ['7901246']
  [4723] Sobeys Urban Fresh Café → no new flyers
  [4726] Sobeys Laird and Wicksteed → no new flyers
  [4728] Sobeys Todmorden → ['7909649']
  [4729] Sobeys Northfield → ['7909652']
  [4735] Sobeys Port Colborne → ['7909649']
  [4737] Sobeys – Stone Church → ['7909652']
  [4739] Sobeys Grand Bend → ['7901243']
  [4740] Sobeys Dunnville → ['7901243']
  [4743] Sobeys Urban Fresh Bloor & Islington → ['7901244', '7901109']
  [4747] Sobeys Fort Erie → ['7909651']
  [4761] Sobeys Sutton → ['7909649']
  [4875] Sobeys Sage Creek → ['7897436']
  [4876] Sobeys Thickwood → ['7897435']
  [4978] Sobeys Newcastle → ['7897435']
  [4984] Sobeys Legacy → ['7897435']
  [5006] Fort McMurray → no new flyers
  [5037] Sobeys Pembina → ['7906590']
  [5040] Sherwood Park → no new flyers
  [5064] Sobeys Millrise → ['7897435']
  [5068] Sobeys Morinville → ['7897435']
  [5070] Sobeys Hollick Kenyon → ['7897435']
  [5074] Sobeys Cranston → ['7897435']
  [5076] Sobeys Beaumont → ['7897434']
  [5077] Sobeys Lloydminster → ['7897434']
  [5081] Sobeys Estevan → ['7897437']
  [5085] Sobeys Tuscany → ['7897435']
  [5088] Sobeys - Unicity → no new flyers
  [5089] Sobeys Reenders → no new flyers
  [5093] Sobeys Preston → ['7897437']
  [5098] Sobeys Steinbach → ['7897436']
  [5109] Sobeys West End → ['7897436']
  [5167] Sobeys Northdale → ['7906590']
  [5170] Sobeys Varsity Common → ['7897437']
  [5176] Sobeys Gimli → ['7897436']
  [5189] Sobeys High River → ['7897435']
  [5190] Sobeys Walker → ['7897435']
  [5191] Sobeys Nolan Hill → ['7897435']
  [5199] Medicine Hat → no new flyers
  [5382] Sobeys Kildonan → ['7906590']
  [5386] Sobeys Mahogany → ['7897435']
  [5387] Sobeys Riverbend → ['7897435']
  [5395] Sobeys Humboldt → ['7897437']
  [5436] Sobeys Olds → ['7897435']
  [5460] Kelowna → no new flyers
  [5462] Sobeys Strathcona Square → ['7897435']
  [5463] Sobeys Albert Street → no new flyers
  [5469] Sobeys Brandon South → no new flyers
  [5472] Sobeys Rochdale → ['7897437']
  [5473] Sobeys St. Albert → ['7897435']
  [5478] Sobeys Westlock → no new flyers
  [5479] Sobeys Strathmore → ['7897435']
  [5489] Sobeys Country Hills → ['7897435']
  [5493] Sobeys Slave Lake → ['7897434']
  [5495] Sobeys St. Paul → ['7897434']
  [5499] Sobeys - Sage Creek → no new flyers
  [5557] Sobeys Wholesale Cash & Carry Winnipeg → no new flyers
  [6712] Sobeys Towerhill → ['7901246']
  [6713] Sobeys Peterborough → ['7901247']
  [6715] Sobeys Fonthill → ['7909649']
  [6729] Sobeys South Pelham → ['7909649']
  [7368] Sobeys Alcona Beach → ['7909651']
  [7383] Sobeys Queensway → ['7909652']
  [7466] Sobeys Orangeville → ['7909652']
  [8812] Safeway Calgary → no new flyers
  [8823] #20, 1818 Centre Street NE → no new flyers
  [9503] Sobeys Gaetz South → no new flyers
  [9506] Sobeys Lakeland Ridge → ['7897435']
  [9507] Sobeys Nottingham → ['7897435']
  [9510] Sobeys Belmont → no new flyers
  [9517] Sobeys North Battleford → ['7897437']
  [9518] Sobeys Brandon South → ['7897436']
  [9522] Sobeys Edson → ['7897434']
  [9529] Sobeys Belmont → ['7897435']

  231 new publication entries across 267 stores
  21 unique new publication(s) to download
  Saved → data/sobeys/store_flyers.json  (1,805,702 bytes)
New publication entries added to store_flyers.json: 231
Unique new publications to download: 21

Phase 2: fetching products for each new publication…

  [7901224] Weekly Flyer- Atlantic  (2026-04-30T00:00:00-04:00 → 2026-05-06T22:59:59-04:00)
    433 products
  Saved → data/sobeys/flyers/7901224.json  (921,334 bytes)
  [7901225] Weekly Flyer- Atlantic  (2026-04-30T00:00:00-04:00 → 2026-05-06T22:59:59-04:00)
    437 products
  Saved → data/sobeys/flyers/7901225.json  (931,616 bytes)
  [7901229] Weekly Flyer- Atlantic  (2026-04-30T00:00:00-04:00 → 2026-05-06T22:59:59-04:00)
    432 products
  Saved → data/sobeys/flyers/7901229.json  (918,641 bytes)
  [7901228] Weekly Flyer- Atlantic  (2026-04-30T00:00:00-04:00 → 2026-05-06T22:59:59-04:00)
    437 products
  Saved → data/sobeys/flyers/7901228.json  (948,966 bytes)
  [7901226] Weekly Flyer- Atlantic  (2026-04-30T00:00:00-04:00 → 2026-05-06T22:59:59-04:00)
    431 products
  Saved → data/sobeys/flyers/7901226.json  (919,438 bytes)
  [7909652] Weekly Flyer - Ontario  (2026-04-30T00:00:00-04:00 → 2026-05-06T23:59:59-04:00)
    438 products
  Saved → data/sobeys/flyers/7909652.json  (935,775 bytes)
  [7909651] Weekly Flyer - Ontario  (2026-04-30T00:00:00-04:00 → 2026-05-06T23:59:59-04:00)
    438 products
  Saved → data/sobeys/flyers/7909651.json  (935,946 bytes)
  [7901243] Weekly Flyer - Ontario  (2026-04-30T00:00:00-04:00 → 2026-05-06T23:59:59-04:00)
    430 products
  Saved → data/sobeys/flyers/7901243.json  (920,269 bytes)
  [7909649] Weekly Flyer - Ontario  (2026-04-30T00:00:00-04:00 → 2026-05-06T23:59:59-04:00)
    431 products
  Saved → data/sobeys/flyers/7909649.json  (921,976 bytes)
  [7903419] Weekly Flyer - Kosher  (2026-04-30T00:00:00-04:00 → 2026-05-06T23:59:59-04:00)
    61 products
  Saved → data/sobeys/flyers/7903419.json  (133,294 bytes)
  [7901247] Weekly Flyer - Ontario  (2026-04-30T00:00:00-04:00 → 2026-05-06T23:59:59-04:00)
    437 products
  Saved → data/sobeys/flyers/7901247.json  (934,068 bytes)
  [7901109] Weekly Flyer - Urban Fresh  (2026-04-30T00:00:00-04:00 → 2026-05-06T23:59:59-04:00)
    50 products
  Saved → data/sobeys/flyers/7901109.json  (108,435 bytes)
  [7901227] Weekly Flyer- Atlantic  (2026-04-30T00:00:00-04:00 → 2026-05-06T22:59:59-04:00)
    432 products
  Saved → data/sobeys/flyers/7901227.json  (938,386 bytes)
  [7901246] Weekly Flyer - Ontario  (2026-04-30T00:00:00-04:00 → 2026-05-06T23:59:59-04:00)
    437 products
  Saved → data/sobeys/flyers/7901246.json  (934,239 bytes)
  [7897435] Weekly Flyer - West  (2026-04-30T03:00:00-04:00 → 2026-05-06T23:59:59-04:00)
    432 products
  Saved → data/sobeys/flyers/7897435.json  (920,829 bytes)
  [7897434] Weekly Flyer - West  (2026-04-30T03:00:00-04:00 → 2026-05-06T23:59:59-04:00)
    432 products
  Saved → data/sobeys/flyers/7897434.json  (920,761 bytes)
  [7897436] Weekly Flyer - West  (2026-04-30T03:00:00-04:00 → 2026-05-06T23:59:59-04:00)
    430 products
  Saved → data/sobeys/flyers/7897436.json  (916,578 bytes)
  [7897437] Weekly Flyer - West  (2026-04-30T03:00:00-04:00 → 2026-05-06T23:59:59-04:00)
    430 products
  Saved → data/sobeys/flyers/7897437.json  (916,578 bytes)
  [7901245] Weekly Flyer - Ontario  (2026-04-30T00:00:00-04:00 → 2026-05-06T23:59:59-04:00)
    431 products
  Saved → data/sobeys/flyers/7901245.json  (925,432 bytes)
  [7901244] Weekly Flyer - Ontario  (2026-04-30T00:00:00-04:00 → 2026-05-06T23:59:59-04:00)
    430 products
  Saved → data/sobeys/flyers/7901244.json  (920,179 bytes)
  [7906590] Weekly Flyer - West  (2026-04-30T03:00:00-04:00 → 2026-05-06T23:59:59-04:00)
    431 products
  Saved → data/sobeys/flyers/7906590.json  (918,320 bytes)

── Phase 2 results ──────────────────────────────────────────────────
  Downloaded : 21
  Skipped    : 0  (file already existed)
  Errors     : 0

Run completed: 2026-04-30 13:47:50 UTC
Elapsed      : 0m 36s


Done.  Verbose log → logs/sobeys/2026-04-30_verbose.log
       Summary log → logs/sobeys/2026-04-30_summary.log

