=== Sobeys Flyer Fetch — 2026-04-23 ===
Run started : 2026-04-23 13:45:12 UTC

Loaded 267 stores from data/sobeys/stores.json

Stores loaded: 267
Loaded existing store_flyers.json (922 publication entries)

Phase 1: fetching publications per store…

  [100] Sobeys Stellarton → ['7887594']
  [175] Sobeys Wholesale Cash & Carry Saint John → no new flyers
  [176] Sobeys Wholesale Cash & Carry Truro → no new flyers
  [194] Sobeys Wholesale Cash & Carry Stellarton → no new flyers
  [227] Sobeys Wholesale Cash & Carry Sydney → no new flyers
  [232] Sobeys Pictou → ['7887594']
  [233] Sobeys Lansdowne → ['7887595']
  [235] Sobeys Wholesale Cash & Carry Corner Brook → no new flyers
  [292] Sobeys Newcastle → ['7887595']
  [320] Sobeys Torbay Road → ['7887599']
  [321] Sobeys Spryfield → ['7887594']
  [322] Sobeys Bridgewater → ['7887594']
  [323] Sobeys Barrington Passage → ['7887594']
  [328] Sobeys Glace Bay Reserve St → ['7887594']
  [329] Sobeys Timberlea → ['7887594']
  [340] Sobeys Topsail Road → ['7887599']
  [348] Sobeys Mountain Road → ['7887598']
  [349] Sobeys Brookside Mall → ['7887595']
  [370] Sobeys Aberdeen Mall → ['7887594']
  [375] Sobeys Uptown Centre → ['7887595']
  [470] Sobeys New Waterford → ['7887594']
  [495] Sobeys Rothesay → ['7887595']
  [510] Sobeys North Sydney → ['7887594']
  [515] Sobeys Dieppe Regis Street → ['7887598']
  [520] Sobeys Shelburne → ['7887594']
  [548] Sobeys East Point → ['7887595']
  [551] Sobeys Paradise → ['7887599']
  [552] Sobeys Clarenville → ['7887599']
  [554] Sobeys Windsor Street → ['7887594']
  [574] Sobeys Queen Street → ['7887594']
  [580] Sobeys Bedford → ['7887594']
  [586] Sobeys Cole Harbour → ['7887594']
  [588] Sobeys Liverpool → ['7887594']
  [590] Sobeys Long Pond → ['7887599']
  [594] Sobeys Truro → ['7887594']
  [596] Sobeys Antigonish → ['7887594']
  [602] Sobeys Dieppe Paul Street → ['7887598']
  [604] Sobeys Ropewalk Lane → ['7887599']
  [612] Sobeys Yarmouth → ['7887594']
  [621] Sobeys Stratford → ['7887596']
  [622] Sobeys Panavista Drive → ['7887594']
  [628] Sobeys Babineau Drive → ['7887596']
  [630] Sobeys Sydney River → ['7887594']
  [637] Sobeys Maple Grove → ['7894324']
  [639] Sobeys Acton → ['7894323']
  [640] Sobeys Woodstock → ['7887589']
  [641] Sobeys Highland → ['7894322']
  [642] Sobeys Grimsby → ['7894322']
  [644] Sobeys Clayton Park → ['7887594']
  [649] Sobeys Bridgeport → ['7894324']
  [652] Sobeys West Side Plaza → ['7887594']
  [657] Sobeys Ajax → ['7894322']
  [658] Sobeys Grand Falls → ['7887599']
  [659] Sobeys Clark and Hilda → ['7888713']
  [660] Sobeys Elmsdale → ['7887594']
  [664] Sobeys Simcoe → ['7887593']
  [667] Sobeys South Ajax → ['7894324']
  [670] Sobeys Lower Sackville → ['7887594']
  [672] Sobeys Windsor → ['7887594']
  [678] Sobeys Cambridge → ['7894322']
  [680] Sobeys Douglastown → ['7887595']
  [681] Sobeys Kenmount Road → ['7887599']
  [684] Sobeys Tantallon → ['7887594']
  [685] Sobeys Ira Needles → ['7894324']
  [694] Sobeys Extra Ancaster → ['7887589']
  [695] Sobeys Urban Fresh Rosebury Square → ['7887132']
  [704] Sobeys Port Hawkesbury → ['7887594']
  [707] Sobeys North Park → ['7894324']
  [709] Sobeys Shellard Lane → ['7894324']
  [712] Sobeys Barrie → ['7894323']
  [719] Sobeys Digby → ['7887597']
  [721] Sobeys Montague → ['7887596']
  [725] Sobeys Bedford South → ['7887594']
  [728] Sobeys Prince Street Sydney → ['7887594']
  [729] Sobeys Amherst → ['7887594']
  [736] Sobeys Riverview → ['7887598']
  [738] Sobeys Shediac → ['7887598']
  [739] Sobeys Fall River → ['7887594']
  [742] Sobeys Extra Burlington → ['7887593']
  [743] Sobeys Extra Aurora → ['7887592']
  [744] Sobeys St John’s Howley Estates → ['7887599']
  [746] Sobeys Greenwood → ['7887594']
  [747] Sobeys New Minas → ['7887594']
  [752] Sobeys Sussex → ['7887595']
  [754] Sobeys Campbellton → no new flyers
  [756] Sobeys Vaughn Harvey → ['7887598']
  [758] Sobeys Russell Lake → ['7887594']
  [772] Sobeys Tacoma Drive → ['7887594']
  [776] Sobeys Penhorn → ['7887594']
  [777] Sobeys Glen Abbey → ['7894324']
  [778] Sobeys Saint John West → ['7887595']
  [783] Sobeys Elmwood Drive → ['7887598']
  [788] Sobeys First Lake → ['7887594']
  [792] Sobeys Marystown → ['7887599']
  [794] Sobeys Vaughan → no new flyers
  [806] Sobeys Wyse Road → ['7887594']
  [819] Sobeys Urban Fresh High Park → ['7887132']
  [832] Sobeys Brighton → ['7887593']
  [846] Sobeys Woodstock → ['7887595']
  [849] Sobeys Regent Street → ['7887595']
  [851] Sobeys Whitby → ['7894322']
  [852] Sobeys FischerHallman → ['7894324']
  [855] Sobeys Mount Pearl → ['7887599']
  [857] Sobeys St. John’s → ['7887599']
  [859] Sobeys Beamsville → ['7887592']
  [860] Sobeys Miramichi Road → ['7887595']
  [861] Sobeys Cornerbrook → ['7887599']
  [863] Sobeys North London → ['7887589']
  [865] Sobeys Mayfield → ['7894324']
  [868] Sobeys Granville Street → ['7887596']
  [870] Sobeys University Avenue → ['7887596']
  [871] Sobeys Truro Prince Street → ['7887594']
  [873] Sobeys St. Clair Beach → ['7887592']
  [878] Sobeys Columbia → ['7894324']
  [881] Sobeys Mumford Road → ['7887594']
  [892] Sobeys Bathurst → ['7887598']
  [915] Sobeys Niagara Falls → ['7894324']
  [916] Sobeys Scott and Niagara → ['7894323']
  [925] Sobeys Oshawa → ['7894323']
  [928] Sobeys Jefferson Square → ['7894323']
  [930] Sobeys Urban Fresh – Bathurst & Bloor → no new flyers
  [933] Sobeys Urban Fresh Yonge and Ballio → ['7887132']
  [934] Sobeys Urban Fresh Spadina → ['7887132']
  [938] Sobeys Danforth → ['7894322']
  [939] Sobeys Dupont → no new flyers
  [1066] Sobeys Thickwood → no new flyers
  [1072] Sobeys Beaumaris → ['7887555']
  [1130] Sobeys Okotoks → ['7887555']
  [1135] Medicine Hat → no new flyers
  [1141] Sobeys McKenzie Towne → ['7887555']
  [1514] Sherwood Park → no new flyers
  [3012] Sobeys Millwoods → ['7887555']
  [3013] Sobeys Meadowbrook → ['7887555']
  [3024] Sobeys College Plaza (Edm) → no new flyers
  [3038] Sobeys Invermere → ['7887555']
  [3081] Sobeys Upland → ['7887555']
  [3095] Sobeys Thickwood → no new flyers
  [3096] Sobeys Clearwater → no new flyers
  [3112] Sobeys Cold Lake → ['7887555']
  [3149] Sobeys Rocky Mtn House → ['7887555']
  [3158] Sobeys Bonnyville → ['7887555']
  [3189] Sobeys Newcastle → no new flyers
  [3219] Sobeys Birds Hill → ['7887556']
  [3221] Sobeys College Park → ['7887557']
  [3226] Sobeys St. Vital → ['7887556']
  [3232] Sobeys Rivergrove → ['7887556']
  [3699] Fort McMurray → no new flyers
  [3701] Sherwood Park → no new flyers
  [4016] Sobeys March Road → ['7894324']
  [4017] Sobeys Parry Sound → ['7887592']
  [4018] Sobeys Amherstburg → ['7887592']
  [4020] Sobeys Reenders → ['7887556']
  [4021] Sobeys Kenaston → ['7887556']
  [4025] Sobeys Silverado → ['7887555']
  [4027] Sobeys Forest Lawn → ['7887555']
  [4028] Sobeys Sylvan Lake → ['7887555']
  [4029] Sobeys Portage La Prairie → ['7887556']
  [4030] Sobeys Unicity → ['7887556']
  [4031] Sobeys Lacombe → ['7887555']
  [4032] Sobeys Airdrie → ['7887555']
  [4033] Sobeys Namao → ['7887555']
  [4045] Sobeys Cornerstone → ['7887555']
  [4048] Sobeys St. Anne’s → ['7887556']
  [4049] Sobeys Clearwater → ['7887555']
  [4053] Sobeys Bridlewood → ['7887555']
  [4054] Sobeys Grant Park → ['7887556']
  [4055] Sobeys Spruce Grove → ['7887555']
  [4056] Sobeys Gaetz South → ['7887555']
  [4058] Sobeys University Park → ['7887557']
  [4059] Sobeys Southbrook → ['7887555']
  [4060] Sobeys Royal Oak → ['7887555']
  [4061] Sobeys Stettler → ['7887555']
  [4062] Sobeys Paris → ['7894324']
  [4064] Sobeys Glendale and Merritt → ['7894323']
  [4065] Sobeys Stonebridge → ['7887557']
  [4066] Sobeys West District → ['7887555']
  [4072] Sobeys Village Mall → ['7887555']
  [4105] Sobeys Gravenhurst → ['7887593']
  [4110] Sobeys Stratford → ['7894324']
  [4116] Sobeys Chatham → ['7887593']
  [4152] Trim & Innes → no new flyers
  [4154] Sobeys Trim and Innes → ['7887591']
  [4155] Sobeys Extra Oxford and Wonderland → ['7887592']
  [4160] Sobeys Algonquin → ['7887592']
  [4163] Sobeys Blenheim → ['7887589']
  [4164] Sobeys Angus → ['7894324']
  [4167] Sobeys Orleans → ['7887591']
  [4174] Sobeys New Hamburg → ['7894322']
  [4175] Sobeys Kincardine → ['7887592']
  [4176] Sobeys Bradford → ['7894324']
  [4179] Sobeys Fenelon Falls → ['7887592']
  [4575] Fredericton → no new flyers
  [4712] Sobeys Tillsonburg → ['7887592']
  [4719] Sobeys Extra Milton → ['7887592']
  [4723] Sobeys Urban Fresh Café → no new flyers
  [4726] Sobeys Laird and Wicksteed → no new flyers
  [4728] Sobeys Todmorden → ['7894322']
  [4729] Sobeys Northfield → ['7894324']
  [4735] Sobeys Port Colborne → ['7894322']
  [4737] Sobeys – Stone Church → ['7894324']
  [4739] Sobeys Grand Bend → ['7887589']
  [4740] Sobeys Dunnville → ['7887589']
  [4743] Sobeys Urban Fresh Bloor & Islington → ['7887590', '7887132']
  [4747] Sobeys Fort Erie → ['7894323']
  [4761] Sobeys Sutton → ['7894322']
  [4875] Sobeys Sage Creek → ['7887556']
  [4876] Sobeys Thickwood → ['7887555']
  [4978] Sobeys Newcastle → ['7887555']
  [4984] Sobeys Legacy → ['7887555']
  [5006] Fort McMurray → no new flyers
  [5037] Sobeys Pembina → ['7894062']
  [5040] Sherwood Park → no new flyers
  [5064] Sobeys Millrise → ['7887555']
  [5068] Sobeys Morinville → ['7887555']
  [5070] Sobeys Hollick Kenyon → ['7887555']
  [5074] Sobeys Cranston → ['7887555']
  [5076] Sobeys Beaumont → ['7887555']
  [5077] Sobeys Lloydminster → ['7887555']
  [5081] Sobeys Estevan → ['7887557']
  [5085] Sobeys Tuscany → ['7887555']
  [5088] Sobeys - Unicity → no new flyers
  [5089] Sobeys Reenders → no new flyers
  [5093] Sobeys Preston → ['7887557']
  [5098] Sobeys Steinbach → ['7887556']
  [5109] Sobeys West End → ['7887556']
  [5167] Sobeys Northdale → ['7894062']
  [5170] Sobeys Varsity Common → ['7887557']
  [5176] Sobeys Gimli → ['7887556']
  [5189] Sobeys High River → ['7887555']
  [5190] Sobeys Walker → ['7887555']
  [5191] Sobeys Nolan Hill → ['7887555']
  [5199] Medicine Hat → no new flyers
  [5382] Sobeys Kildonan → ['7894062']
  [5386] Sobeys Mahogany → ['7887555']
  [5387] Sobeys Riverbend → ['7887555']
  [5395] Sobeys Humboldt → ['7887557']
  [5436] Sobeys Olds → ['7887555']
  [5460] Kelowna → no new flyers
  [5462] Sobeys Strathcona Square → ['7887555']
  [5463] Sobeys Albert Street → no new flyers
  [5469] Sobeys Brandon South → no new flyers
  [5472] Sobeys Rochdale → ['7887557']
  [5473] Sobeys St. Albert → ['7887555']
  [5478] Sobeys Westlock → ['7887555']
  [5479] Sobeys Strathmore → ['7887555']
  [5489] Sobeys Country Hills → ['7887555']
  [5493] Sobeys Slave Lake → ['7887555']
  [5495] Sobeys St. Paul → ['7887555']
  [5499] Sobeys - Sage Creek → no new flyers
  [5557] Sobeys Wholesale Cash & Carry Winnipeg → no new flyers
  [6712] Sobeys Towerhill → ['7887592']
  [6713] Sobeys Peterborough → ['7887593']
  [6715] Sobeys Fonthill → ['7894322']
  [6729] Sobeys South Pelham → ['7894322']
  [7368] Sobeys Alcona Beach → ['7894323']
  [7383] Sobeys Queensway → ['7894324']
  [7466] Sobeys Orangeville → ['7894324']
  [8812] Safeway Calgary → no new flyers
  [8823] #20, 1818 Centre Street NE → no new flyers
  [9503] Sobeys Gaetz South → no new flyers
  [9506] Sobeys Lakeland Ridge → ['7887555']
  [9507] Sobeys Nottingham → ['7887555']
  [9510] Sobeys Belmont → no new flyers
  [9517] Sobeys North Battleford → ['7887557']
  [9518] Sobeys Brandon South → ['7887556']
  [9522] Sobeys Edson → ['7887555']
  [9529] Sobeys Belmont → ['7887555']

  232 new publication entries across 267 stores
  20 unique new publication(s) to download
  Saved → data/sobeys/store_flyers.json  (1,507,434 bytes)
New publication entries added to store_flyers.json: 232
Unique new publications to download: 20

Phase 2: fetching products for each new publication…

  [7887594] Weekly Flyer- Atlantic  (2026-04-23T00:00:00-04:00 → 2026-04-29T22:59:59-04:00)
    279 products
  Saved → data/sobeys/flyers/7887594.json  (592,623 bytes)
  [7887595] Weekly Flyer- Atlantic  (2026-04-23T00:00:00-04:00 → 2026-04-29T22:59:59-04:00)
    283 products
  Saved → data/sobeys/flyers/7887595.json  (599,972 bytes)
  [7887599] Weekly Flyer- Atlantic  (2026-04-23T00:00:00-04:00 → 2026-04-29T22:59:59-04:00)
    279 products
  Saved → data/sobeys/flyers/7887599.json  (595,872 bytes)
  [7887598] Weekly Flyer- Atlantic  (2026-04-23T00:00:00-04:00 → 2026-04-29T22:59:59-04:00)
    283 products
  Saved → data/sobeys/flyers/7887598.json  (627,372 bytes)
  [7887596] Weekly Flyer- Atlantic  (2026-04-23T00:00:00-04:00 → 2026-04-29T22:59:59-04:00)
    279 products
  Saved → data/sobeys/flyers/7887596.json  (598,156 bytes)
  [7894324] Weekly Flyer - Ontario  (2026-04-23T00:00:00-04:00 → 2026-04-29T23:59:59-04:00)
    282 products
  Saved → data/sobeys/flyers/7894324.json  (608,143 bytes)
  [7894323] Weekly Flyer - Ontario  (2026-04-23T00:00:00-04:00 → 2026-04-29T23:59:59-04:00)
    283 products
  Saved → data/sobeys/flyers/7894323.json  (610,167 bytes)
  [7887589] Weekly Flyer - Ontario  (2026-04-23T00:00:00-04:00 → 2026-04-29T23:59:59-04:00)
    275 products
  Saved → data/sobeys/flyers/7887589.json  (594,251 bytes)
  [7894322] Weekly Flyer - Ontario  (2026-04-23T00:00:00-04:00 → 2026-04-29T23:59:59-04:00)
    276 products
  Saved → data/sobeys/flyers/7894322.json  (595,994 bytes)
  [7888713] Weekly Flyer - Kosher  (2026-04-23T00:00:00-04:00 → 2026-04-29T23:59:59-04:00)
    59 products
  Saved → data/sobeys/flyers/7888713.json  (129,196 bytes)
  [7887593] Weekly Flyer - Ontario  (2026-04-23T00:00:00-04:00 → 2026-04-29T23:59:59-04:00)
    281 products
  Saved → data/sobeys/flyers/7887593.json  (606,400 bytes)
  [7887132] Weekly Flyer - Urban Fresh  (2026-04-23T00:00:00-04:00 → 2026-04-29T23:59:59-04:00)
    49 products
  Saved → data/sobeys/flyers/7887132.json  (107,965 bytes)
  [7887597] Weekly Flyer- Atlantic  (2026-04-23T00:00:00-04:00 → 2026-04-29T22:59:59-04:00)
    279 products
  Saved → data/sobeys/flyers/7887597.json  (618,720 bytes)
  [7887592] Weekly Flyer - Ontario  (2026-04-23T00:00:00-04:00 → 2026-04-29T23:59:59-04:00)
    282 products
  Saved → data/sobeys/flyers/7887592.json  (608,424 bytes)
  [7887555] Weekly Flyer - West  (2026-04-23T03:00:00-04:00 → 2026-04-29T23:59:59-04:00)
    275 products
  Saved → data/sobeys/flyers/7887555.json  (592,235 bytes)
  [7887556] Weekly Flyer - West  (2026-04-23T03:00:00-04:00 → 2026-04-29T23:59:59-04:00)
    273 products
  Saved → data/sobeys/flyers/7887556.json  (588,474 bytes)
  [7887557] Weekly Flyer - West  (2026-04-23T03:00:00-04:00 → 2026-04-29T23:59:59-04:00)
    273 products
  Saved → data/sobeys/flyers/7887557.json  (588,474 bytes)
  [7887591] Weekly Flyer - Ontario  (2026-04-23T00:00:00-04:00 → 2026-04-29T23:59:59-04:00)
    276 products
  Saved → data/sobeys/flyers/7887591.json  (599,793 bytes)
  [7887590] Weekly Flyer - Ontario  (2026-04-23T00:00:00-04:00 → 2026-04-29T23:59:59-04:00)
    275 products
  Saved → data/sobeys/flyers/7887590.json  (594,276 bytes)
  [7894062] Weekly Flyer - West  (2026-04-23T03:00:00-04:00 → 2026-04-29T23:59:59-04:00)
    274 products
  Saved → data/sobeys/flyers/7894062.json  (590,216 bytes)

── Phase 2 results ──────────────────────────────────────────────────
  Downloaded : 20
  Skipped    : 0  (file already existed)
  Errors     : 0

Run completed: 2026-04-23 13:45:47 UTC
Elapsed      : 0m 35s


Done.  Verbose log → logs/sobeys/2026-04-23_verbose.log
       Summary log → logs/sobeys/2026-04-23_summary.log

