=== Sobeys Flyer Fetch — 2026-04-16 ===
Run started : 2026-04-16 13:46:52 UTC

Loaded 267 stores from data/sobeys/stores.json

Stores loaded: 267
Loaded existing store_flyers.json (690 publication entries)

Phase 1: fetching publications per store…

  [100] Sobeys Stellarton → ['7878659']
  [175] Sobeys Wholesale Cash & Carry Saint John → no new flyers
  [176] Sobeys Wholesale Cash & Carry Truro → no new flyers
  [194] Sobeys Wholesale Cash & Carry Stellarton → no new flyers
  [227] Sobeys Wholesale Cash & Carry Sydney → no new flyers
  [232] Sobeys Pictou → ['7878659']
  [233] Sobeys Lansdowne → ['7878660']
  [235] Sobeys Wholesale Cash & Carry Corner Brook → no new flyers
  [292] Sobeys Newcastle → ['7878660']
  [320] Sobeys Torbay Road → ['7878664']
  [321] Sobeys Spryfield → ['7878659']
  [322] Sobeys Bridgewater → ['7878659']
  [323] Sobeys Barrington Passage → ['7878659']
  [328] Sobeys Glace Bay Reserve St → ['7878659']
  [329] Sobeys Timberlea → ['7878659']
  [340] Sobeys Topsail Road → ['7878664']
  [348] Sobeys Mountain Road → ['7878663']
  [349] Sobeys Brookside Mall → ['7878660']
  [370] Sobeys Aberdeen Mall → ['7878659']
  [375] Sobeys Uptown Centre → ['7878660']
  [470] Sobeys New Waterford → ['7878659']
  [495] Sobeys Rothesay → ['7878660']
  [510] Sobeys North Sydney → ['7878659']
  [515] Sobeys Dieppe Regis Street → ['7878663']
  [520] Sobeys Shelburne → ['7878659']
  [548] Sobeys East Point → ['7878660']
  [551] Sobeys Paradise → ['7878664']
  [552] Sobeys Clarenville → ['7878664']
  [554] Sobeys Windsor Street → ['7878659']
  [574] Sobeys Queen Street → ['7878659']
  [580] Sobeys Bedford → ['7878659']
  [586] Sobeys Cole Harbour → ['7878659']
  [588] Sobeys Liverpool → ['7878659']
  [590] Sobeys Long Pond → ['7878664']
  [594] Sobeys Truro → ['7878659']
  [596] Sobeys Antigonish → ['7878659']
  [602] Sobeys Dieppe Paul Street → ['7878663']
  [604] Sobeys Ropewalk Lane → ['7878664']
  [612] Sobeys Yarmouth → ['7878659']
  [621] Sobeys Stratford → ['7878661']
  [622] Sobeys Panavista Drive → ['7878659']
  [628] Sobeys Babineau Drive → ['7878661']
  [630] Sobeys Sydney River → ['7878659']
  [637] Sobeys Maple Grove → ['7883985']
  [639] Sobeys Acton → ['7883984']
  [640] Sobeys Woodstock → ['7878654']
  [641] Sobeys Highland → ['7883983']
  [642] Sobeys Grimsby → ['7883983']
  [644] Sobeys Clayton Park → ['7878659']
  [649] Sobeys Bridgeport → ['7883985']
  [652] Sobeys West Side Plaza → ['7878659']
  [657] Sobeys Ajax → ['7883983']
  [658] Sobeys Grand Falls → ['7878664']
  [659] Sobeys Clark and Hilda → ['7879933']
  [660] Sobeys Elmsdale → ['7878659']
  [664] Sobeys Simcoe → ['7878658']
  [667] Sobeys South Ajax → ['7883985']
  [670] Sobeys Lower Sackville → ['7878659']
  [672] Sobeys Windsor → ['7878659']
  [678] Sobeys Cambridge → ['7883983']
  [680] Sobeys Douglastown → ['7878660']
  [681] Sobeys Kenmount Road → ['7878664']
  [684] Sobeys Tantallon → ['7878659']
  [685] Sobeys Ira Needles → ['7883985']
  [694] Sobeys Extra Ancaster → ['7878654']
  [695] Sobeys Urban Fresh Rosebury Square → ['7878150']
  [704] Sobeys Port Hawkesbury → ['7878659']
  [707] Sobeys North Park → ['7883985']
  [709] Sobeys Shellard Lane → ['7883985']
  [712] Sobeys Barrie → ['7883984']
  [719] Sobeys Digby → ['7878662']
  [721] Sobeys Montague → ['7878661']
  [725] Sobeys Bedford South → ['7878659']
  [728] Sobeys Prince Street Sydney → ['7878659']
  [729] Sobeys Amherst → ['7878659']
  [736] Sobeys Riverview → ['7878663']
  [738] Sobeys Shediac → ['7878663']
  [739] Sobeys Fall River → ['7878659']
  [742] Sobeys Extra Burlington → ['7878658']
  [743] Sobeys Extra Aurora → ['7878657']
  [744] Sobeys St John’s Howley Estates → ['7878664']
  [746] Sobeys Greenwood → ['7878659']
  [747] Sobeys New Minas → ['7878659']
  [752] Sobeys Sussex → ['7878660']
  [754] Sobeys Campbellton → no new flyers
  [756] Sobeys Vaughn Harvey → ['7878663']
  [758] Sobeys Russell Lake → ['7878659']
  [772] Sobeys Tacoma Drive → ['7878659']
  [776] Sobeys Penhorn → ['7878659']
  [777] Sobeys Glen Abbey → ['7883985']
  [778] Sobeys Saint John West → ['7878660']
  [783] Sobeys Elmwood Drive → ['7878663']
  [788] Sobeys First Lake → ['7878659']
  [792] Sobeys Marystown → ['7878664']
  [794] Sobeys Vaughan → no new flyers
  [806] Sobeys Wyse Road → ['7878659']
  [819] Sobeys Urban Fresh High Park → ['7878150']
  [832] Sobeys Brighton → ['7878658']
  [846] Sobeys Woodstock → ['7878660']
  [849] Sobeys Regent Street → ['7878660']
  [851] Sobeys Whitby → ['7883983']
  [852] Sobeys FischerHallman → ['7883985']
  [855] Sobeys Mount Pearl → ['7878664']
  [857] Sobeys St. John’s → ['7878664']
  [859] Sobeys Beamsville → ['7878657']
  [860] Sobeys Miramichi Road → ['7878660']
  [861] Sobeys Cornerbrook → ['7878664']
  [863] Sobeys North London → ['7878654']
  [865] Sobeys Mayfield → ['7883985']
  [868] Sobeys Granville Street → ['7878661']
  [870] Sobeys University Avenue → ['7878661']
  [871] Sobeys Truro Prince Street → ['7878659']
  [873] Sobeys St. Clair Beach → ['7878657']
  [878] Sobeys Columbia → ['7883985']
  [881] Sobeys Mumford Road → ['7878659']
  [892] Sobeys Bathurst → ['7878663']
  [915] Sobeys Niagara Falls → ['7883985']
  [916] Sobeys Scott and Niagara → ['7883984']
  [925] Sobeys Oshawa → ['7883984']
  [928] Sobeys Jefferson Square → ['7883984']
  [930] Sobeys Urban Fresh – Bathurst & Bloor → no new flyers
  [933] Sobeys Urban Fresh Yonge and Ballio → ['7878150']
  [934] Sobeys Urban Fresh Spadina → ['7878150']
  [938] Sobeys Danforth → ['7883983']
  [939] Sobeys Dupont → no new flyers
  [1066] Sobeys Thickwood → no new flyers
  [1072] Sobeys Beaumaris → ['7878251']
  [1130] Sobeys Okotoks → ['7878251']
  [1135] Medicine Hat → no new flyers
  [1141] Sobeys McKenzie Towne → ['7878251']
  [1514] Sherwood Park → no new flyers
  [3012] Sobeys Millwoods → ['7878251']
  [3013] Sobeys Meadowbrook → ['7878251']
  [3024] Sobeys College Plaza (Edm) → no new flyers
  [3038] Sobeys Invermere → ['7878251']
  [3081] Sobeys Upland → ['7878251']
  [3095] Sobeys Thickwood → no new flyers
  [3096] Sobeys Clearwater → no new flyers
  [3112] Sobeys Cold Lake → ['7878251']
  [3149] Sobeys Rocky Mtn House → ['7878251']
  [3158] Sobeys Bonnyville → ['7878251']
  [3189] Sobeys Newcastle → no new flyers
  [3219] Sobeys Birds Hill → ['7878252']
  [3221] Sobeys College Park → ['7878253']
  [3226] Sobeys St. Vital → ['7878252']
  [3232] Sobeys Rivergrove → ['7878252']
  [3699] Fort McMurray → no new flyers
  [3701] Sherwood Park → no new flyers
  [4016] Sobeys March Road → ['7883985']
  [4017] Sobeys Parry Sound → ['7878657']
  [4018] Sobeys Amherstburg → ['7878657']
  [4020] Sobeys Reenders → ['7878252']
  [4021] Sobeys Kenaston → ['7878252']
  [4025] Sobeys Silverado → ['7878251']
  [4027] Sobeys Forest Lawn → ['7878251']
  [4028] Sobeys Sylvan Lake → ['7878251']
  [4029] Sobeys Portage La Prairie → ['7878252']
  [4030] Sobeys Unicity → ['7878252']
  [4031] Sobeys Lacombe → ['7878251']
  [4032] Sobeys Airdrie → ['7878251']
  [4033] Sobeys Namao → ['7878251']
  [4045] Sobeys Cornerstone → ['7878251']
  [4048] Sobeys St. Anne’s → ['7878252']
  [4049] Sobeys Clearwater → ['7878251']
  [4053] Sobeys Bridlewood → ['7878251']
  [4054] Sobeys Grant Park → ['7878252']
  [4055] Sobeys Spruce Grove → ['7878251']
  [4056] Sobeys Gaetz South → ['7878251']
  [4058] Sobeys University Park → ['7878253']
  [4059] Sobeys Southbrook → ['7878251']
  [4060] Sobeys Royal Oak → ['7878251']
  [4061] Sobeys Stettler → ['7878251']
  [4062] Sobeys Paris → ['7883985']
  [4064] Sobeys Glendale and Merritt → ['7883984']
  [4065] Sobeys Stonebridge → ['7878253']
  [4066] Sobeys West District → ['7878251']
  [4072] Sobeys Village Mall → ['7878251']
  [4105] Sobeys Gravenhurst → ['7878658']
  [4110] Sobeys Stratford → ['7883985']
  [4116] Sobeys Chatham → ['7878658']
  [4152] Trim & Innes → no new flyers
  [4154] Sobeys Trim and Innes → ['7878656']
  [4155] Sobeys Extra Oxford and Wonderland → ['7878657']
  [4160] Sobeys Algonquin → ['7878657']
  [4163] Sobeys Blenheim → ['7878654']
  [4164] Sobeys Angus → ['7883985']
  [4167] Sobeys Orleans → ['7878656']
  [4174] Sobeys New Hamburg → ['7883983']
  [4175] Sobeys Kincardine → ['7878657']
  [4176] Sobeys Bradford → ['7883985']
  [4179] Sobeys Fenelon Falls → ['7878657']
  [4575] Fredericton → no new flyers
  [4712] Sobeys Tillsonburg → ['7878657']
  [4719] Sobeys Extra Milton → ['7878657']
  [4723] Sobeys Urban Fresh Café → no new flyers
  [4726] Sobeys Laird and Wicksteed → no new flyers
  [4728] Sobeys Todmorden → ['7883983']
  [4729] Sobeys Northfield → ['7883985']
  [4735] Sobeys Port Colborne → ['7883983']
  [4737] Sobeys – Stone Church → ['7883985']
  [4739] Sobeys Grand Bend → ['7878654']
  [4740] Sobeys Dunnville → ['7878654']
  [4743] Sobeys Urban Fresh Bloor & Islington → ['7878655', '7878150']
  [4747] Sobeys Fort Erie → ['7883984']
  [4761] Sobeys Sutton → ['7883983']
  [4875] Sobeys Sage Creek → ['7878252']
  [4876] Sobeys Thickwood → ['7878251']
  [4978] Sobeys Newcastle → ['7878251']
  [4984] Sobeys Legacy → ['7878251']
  [5006] Fort McMurray → no new flyers
  [5037] Sobeys Pembina → ['7884258']
  [5040] Sherwood Park → no new flyers
  [5064] Sobeys Millrise → ['7878251']
  [5068] Sobeys Morinville → ['7878251']
  [5070] Sobeys Hollick Kenyon → ['7878251']
  [5074] Sobeys Cranston → ['7878251']
  [5076] Sobeys Beaumont → ['7878251']
  [5077] Sobeys Lloydminster → ['7878251']
  [5081] Sobeys Estevan → ['7878253']
  [5085] Sobeys Tuscany → ['7878251']
  [5088] Sobeys - Unicity → no new flyers
  [5089] Sobeys Reenders → no new flyers
  [5093] Sobeys Preston → ['7878253']
  [5098] Sobeys Steinbach → ['7878252']
  [5109] Sobeys West End → ['7878252']
  [5167] Sobeys Northdale → ['7884258']
  [5170] Sobeys Varsity Common → ['7878253']
  [5176] Sobeys Gimli → ['7878252']
  [5189] Sobeys High River → ['7878251']
  [5190] Sobeys Walker → ['7878251']
  [5191] Sobeys Nolan Hill → ['7878251']
  [5199] Medicine Hat → no new flyers
  [5382] Sobeys Kildonan → ['7884258']
  [5386] Sobeys Mahogany → ['7878251']
  [5387] Sobeys Riverbend → ['7878251']
  [5395] Sobeys Humboldt → ['7878253']
  [5436] Sobeys Olds → ['7878251']
  [5460] Kelowna → no new flyers
  [5462] Sobeys Strathcona Square → ['7878251']
  [5463] Sobeys Albert Street → no new flyers
  [5469] Sobeys Brandon South → no new flyers
  [5472] Sobeys Rochdale → ['7878253']
  [5473] Sobeys St. Albert → ['7878251']
  [5478] Sobeys Westlock → ['7878251']
  [5479] Sobeys Strathmore → ['7878251']
  [5489] Sobeys Country Hills → ['7878251']
  [5493] Sobeys Slave Lake → ['7878251']
  [5495] Sobeys St. Paul → ['7878251']
  [5499] Sobeys - Sage Creek → no new flyers
  [5557] Sobeys Wholesale Cash & Carry Winnipeg → no new flyers
  [6712] Sobeys Towerhill → ['7878657']
  [6713] Sobeys Peterborough → ['7878658']
  [6715] Sobeys Fonthill → ['7883983']
  [6729] Sobeys South Pelham → ['7883983']
  [7368] Sobeys Alcona Beach → ['7883984']
  [7383] Sobeys Queensway → ['7883985']
  [7466] Sobeys Orangeville → ['7883985']
  [8812] Safeway Calgary → no new flyers
  [8823] #20, 1818 Centre Street NE → no new flyers
  [9503] Sobeys Gaetz South → no new flyers
  [9506] Sobeys Lakeland Ridge → ['7878251']
  [9507] Sobeys Nottingham → ['7878251']
  [9510] Sobeys Belmont → no new flyers
  [9517] Sobeys North Battleford → ['7878253']
  [9518] Sobeys Brandon South → ['7878252']
  [9522] Sobeys Edson → ['7878251']
  [9529] Sobeys Belmont → ['7878251']

  232 new publication entries across 267 stores
  20 unique new publication(s) to download
  Saved → data/sobeys/store_flyers.json  (1,207,878 bytes)
New publication entries added to store_flyers.json: 232
Unique new publications to download: 20

Phase 2: fetching products for each new publication…

  [7878659] Weekly Flyer- Atlantic  (2026-04-16T00:00:00-04:00 → 2026-04-22T22:59:59-04:00)
    362 products
  Saved → data/sobeys/flyers/7878659.json  (766,838 bytes)
  [7878660] Weekly Flyer- Atlantic  (2026-04-16T00:00:00-04:00 → 2026-04-22T22:59:59-04:00)
    366 products
  Saved → data/sobeys/flyers/7878660.json  (777,984 bytes)
  [7878664] Weekly Flyer- Atlantic  (2026-04-16T00:00:00-04:00 → 2026-04-22T22:59:59-04:00)
    359 products
  Saved → data/sobeys/flyers/7878664.json  (764,152 bytes)
  [7878663] Weekly Flyer- Atlantic  (2026-04-16T00:00:00-04:00 → 2026-04-22T22:59:59-04:00)
    365 products
  Saved → data/sobeys/flyers/7878663.json  (796,205 bytes)
  [7878661] Weekly Flyer- Atlantic  (2026-04-16T00:00:00-04:00 → 2026-04-22T22:59:59-04:00)
    361 products
  Saved → data/sobeys/flyers/7878661.json  (768,925 bytes)
  [7883985] Weekly Flyer - Ontario  (2026-04-16T00:00:00-04:00 → 2026-04-22T23:59:59-04:00)
    374 products
  Saved → data/sobeys/flyers/7883985.json  (797,453 bytes)
  [7883984] Weekly Flyer - Ontario  (2026-04-16T00:00:00-04:00 → 2026-04-22T23:59:59-04:00)
    374 products
  Saved → data/sobeys/flyers/7883984.json  (797,343 bytes)
  [7878654] Weekly Flyer - Ontario  (2026-04-16T00:00:00-04:00 → 2026-04-22T23:59:59-04:00)
    367 products
  Saved → data/sobeys/flyers/7878654.json  (783,759 bytes)
  [7883983] Weekly Flyer - Ontario  (2026-04-16T00:00:00-04:00 → 2026-04-22T23:59:59-04:00)
    368 products
  Saved → data/sobeys/flyers/7883983.json  (785,502 bytes)
  [7879933] Weekly Flyer - Kosher  (2026-04-16T00:00:00-04:00 → 2026-04-22T23:59:59-04:00)
    60 products
  Saved → data/sobeys/flyers/7879933.json  (130,161 bytes)
  [7878658] Weekly Flyer - Ontario  (2026-04-16T00:00:00-04:00 → 2026-04-22T23:59:59-04:00)
    373 products
  Saved → data/sobeys/flyers/7878658.json  (795,710 bytes)
  [7878150] Weekly Flyer - Urban Fresh  (2026-04-16T00:00:00-04:00 → 2026-04-22T23:59:59-04:00)
    47 products
  Saved → data/sobeys/flyers/7878150.json  (102,969 bytes)
  [7878662] Weekly Flyer- Atlantic  (2026-04-16T00:00:00-04:00 → 2026-04-22T22:59:59-04:00)
    361 products
  Saved → data/sobeys/flyers/7878662.json  (788,108 bytes)
  [7878657] Weekly Flyer - Ontario  (2026-04-16T00:00:00-04:00 → 2026-04-22T23:59:59-04:00)
    373 products
  Saved → data/sobeys/flyers/7878657.json  (795,600 bytes)
  [7878251] Weekly Flyer - West  (2026-04-16T03:00:00-04:00 → 2026-04-22T23:59:59-04:00)
    363 products
  Saved → data/sobeys/flyers/7878251.json  (775,674 bytes)
  [7878252] Weekly Flyer - West  (2026-04-16T03:00:00-04:00 → 2026-04-22T23:59:59-04:00)
    362 products
  Saved → data/sobeys/flyers/7878252.json  (774,445 bytes)
  [7878253] Weekly Flyer - West  (2026-04-16T03:00:00-04:00 → 2026-04-22T23:59:59-04:00)
    362 products
  Saved → data/sobeys/flyers/7878253.json  (774,445 bytes)
  [7878656] Weekly Flyer - Ontario  (2026-04-16T00:00:00-04:00 → 2026-04-22T23:59:59-04:00)
    368 products
  Saved → data/sobeys/flyers/7878656.json  (788,827 bytes)
  [7878655] Weekly Flyer - Ontario  (2026-04-16T00:00:00-04:00 → 2026-04-22T23:59:59-04:00)
    367 products
  Saved → data/sobeys/flyers/7878655.json  (783,651 bytes)
  [7884258] Weekly Flyer - West  (2026-04-16T03:00:00-04:00 → 2026-04-22T23:59:59-04:00)
    363 products
  Saved → data/sobeys/flyers/7884258.json  (776,187 bytes)

── Phase 2 results ──────────────────────────────────────────────────
  Downloaded : 20
  Skipped    : 0  (file already existed)
  Errors     : 0

Run completed: 2026-04-16 13:47:55 UTC
Elapsed      : 1m 2s


Done.  Verbose log → logs/sobeys/2026-04-16_verbose.log
       Summary log → logs/sobeys/2026-04-16_summary.log

