=== Sobeys Flyer Fetch — 2026-06-11 ===
Run started : 2026-06-11 14:29:43 UTC

Loaded 267 stores from data/sobeys/stores.parquet

Stores loaded: 267
Loaded store_flyers.parquet (2526 publication entries)

Phase 1: fetching publications per store…

  [100] Sobeys Stellarton → ['7973292']
  [175] Sobeys Wholesale Cash & Carry Saint John → no new flyers
  [176] Sobeys Wholesale Cash & Carry Truro → no new flyers
  [194] Sobeys Wholesale Cash & Carry Stellarton → no new flyers
  [227] Sobeys Wholesale Cash & Carry Sydney → no new flyers
  [232] Sobeys Pictou → ['7973292']
  [233] Sobeys Lansdowne → ['7973293']
  [235] Sobeys Wholesale Cash & Carry Corner Brook → no new flyers
  [292] Sobeys Newcastle → ['7973293']
  [320] Sobeys Torbay Road → ['7973297']
  [321] Sobeys Spryfield → ['7973292']
  [322] Sobeys Bridgewater → ['7973292']
  [323] Sobeys Barrington Passage → ['7973292']
  [328] Sobeys Glace Bay Reserve St → ['7973292']
  [329] Sobeys Timberlea → ['7973292']
  [340] Sobeys Topsail Road → ['7973297']
  [348] Sobeys Mountain Road → ['7973296']
  [349] Sobeys Brookside Mall → ['7973293']
  [370] Sobeys Aberdeen Mall → ['7973292']
  [375] Sobeys Uptown Centre → ['7973293']
  [470] Sobeys New Waterford → ['7973292']
  [495] Sobeys Rothesay → ['7973293']
  [510] Sobeys North Sydney → ['7973292']
  [515] Sobeys Dieppe Regis Street → ['7973296']
  [520] Sobeys Shelburne → ['7973292']
  [548] Sobeys East Point → ['7973293']
  [551] Sobeys Paradise → ['7973297']
  [552] Sobeys Clarenville → ['7973297']
  [554] Sobeys Windsor Street → ['7973292']
  [574] Sobeys Queen Street → ['7973292']
  [580] Sobeys Bedford → ['7973292']
  [586] Sobeys Cole Harbour → ['7973292']
  [588] Sobeys Liverpool → ['7973292']
  [590] Sobeys Long Pond → ['7973297']
  [594] Sobeys Truro → ['7973292']
  [596] Sobeys Antigonish → ['7973292']
  [602] Sobeys Dieppe Paul Street → ['7973296']
  [604] Sobeys Ropewalk Lane → ['7973297']
  [612] Sobeys Yarmouth → ['7973292']
  [621] Sobeys Stratford → ['7973294']
  [622] Sobeys Panavista Drive → ['7973292']
  [628] Sobeys Babineau Drive → ['7973294']
  [630] Sobeys Sydney River → ['7973292']
  [637] Sobeys Maple Grove → ['7976154']
  [639] Sobeys Acton → ['7976153']
  [640] Sobeys Woodstock → ['7971992']
  [641] Sobeys Highland → ['7976152']
  [642] Sobeys Grimsby → ['7976152']
  [644] Sobeys Clayton Park → ['7973292']
  [649] Sobeys Bridgeport → ['7976154']
  [652] Sobeys West Side Plaza → ['7973292']
  [657] Sobeys Ajax → ['7976152']
  [658] Sobeys Grand Falls → ['7973297']
  [659] Sobeys Clark and Hilda → ['7973323']
  [660] Sobeys Elmsdale → ['7973292']
  [664] Sobeys Simcoe → ['7971997']
  [667] Sobeys South Ajax → ['7976154']
  [670] Sobeys Lower Sackville → ['7973292']
  [672] Sobeys Windsor → ['7973292']
  [678] Sobeys Cambridge → ['7976152']
  [680] Sobeys Douglastown → ['7973293']
  [681] Sobeys Kenmount Road → ['7973297']
  [684] Sobeys Tantallon → ['7973292']
  [685] Sobeys Ira Needles → ['7976154']
  [694] Sobeys Extra Ancaster → ['7971992']
  [695] Sobeys Urban Fresh Rosebury Square → ['7970271']
  [704] Sobeys Port Hawkesbury → ['7973292']
  [707] Sobeys North Park → ['7976154']
  [709] Sobeys Shellard Lane → ['7976154']
  [712] Sobeys Barrie → ['7976153']
  [719] Sobeys Digby → ['7973295']
  [721] Sobeys Montague → ['7973294']
  [725] Sobeys Bedford South → ['7973292']
  [728] Sobeys Prince Street Sydney → ['7973292']
  [729] Sobeys Amherst → ['7973292']
  [736] Sobeys Riverview → ['7973296']
  [738] Sobeys Shediac → ['7973296']
  [739] Sobeys Fall River → ['7973292']
  [742] Sobeys Extra Burlington → ['7971997']
  [743] Sobeys Extra Aurora → ['7971996']
  [744] Sobeys St John’s Howley Estates → ['7973297']
  [746] Sobeys Greenwood → ['7973292']
  [747] Sobeys New Minas → ['7973292']
  [752] Sobeys Sussex → ['7973293']
  [754] Sobeys Campbellton → no new flyers
  [756] Sobeys Vaughn Harvey → ['7973296']
  [758] Sobeys Russell Lake → ['7973292']
  [772] Sobeys Tacoma Drive → ['7973292']
  [776] Sobeys Penhorn → ['7973292']
  [777] Sobeys Glen Abbey → ['7976154']
  [778] Sobeys Saint John West → ['7973293']
  [783] Sobeys Elmwood Drive → ['7973296']
  [788] Sobeys First Lake → ['7973292']
  [792] Sobeys Marystown → ['7973297']
  [794] Sobeys Vaughan → no new flyers
  [806] Sobeys Wyse Road → ['7973292']
  [819] Sobeys Urban Fresh High Park → ['7970271']
  [832] Sobeys Brighton → ['7971997']
  [846] Sobeys Woodstock → ['7973293']
  [849] Sobeys Regent Street → ['7973293']
  [851] Sobeys Whitby → ['7976152']
  [852] Sobeys FischerHallman → ['7976154']
  [855] Sobeys Mount Pearl → ['7973297']
  [857] Sobeys St. John’s → ['7973297']
  [859] Sobeys Beamsville → ['7971996']
  [860] Sobeys Miramichi Road → ['7973293']
  [861] Sobeys Cornerbrook → ['7973297']
  [863] Sobeys North London → ['7971992']
  [865] Sobeys Mayfield → ['7976154']
  [868] Sobeys Granville Street → ['7973294']
  [870] Sobeys University Avenue → ['7973294']
  [871] Sobeys Truro Prince Street → ['7973292']
  [873] Sobeys St. Clair Beach → ['7971996']
  [878] Sobeys Columbia → ['7976154']
  [881] Sobeys Mumford Road → ['7973292']
  [892] Sobeys Bathurst → ['7973296']
  [915] Sobeys Niagara Falls → ['7976154']
  [916] Sobeys Scott and Niagara → ['7976153']
  [925] Sobeys Oshawa → ['7976153']
  [928] Sobeys Jefferson Square → ['7976153']
  [930] Sobeys Urban Fresh – Bathurst & Bloor → no new flyers
  [933] Sobeys Urban Fresh Yonge and Ballio → ['7970271']
  [934] Sobeys Urban Fresh Spadina → ['7970271']
  [938] Sobeys Danforth → ['7976152']
  [939] Sobeys Dupont → no new flyers
  [1066] Sobeys Thickwood → no new flyers
  [1072] Sobeys Beaumaris → ['7971980']
  [1130] Sobeys Okotoks → ['7971980']
  [1135] Medicine Hat → no new flyers
  [1141] Sobeys McKenzie Towne → ['7971980']
  [1514] Sherwood Park → no new flyers
  [3012] Sobeys Millwoods → ['7971980']
  [3013] Sobeys Meadowbrook → ['7971980']
  [3024] Sobeys College Plaza (Edm) → no new flyers
  [3038] Sobeys Invermere → ['7971980']
  [3081] Sobeys Upland → ['7971980']
  [3095] Sobeys Thickwood → no new flyers
  [3096] Sobeys Clearwater → no new flyers
  [3112] Sobeys Cold Lake → ['7971980']
  [3149] Sobeys Rocky Mtn House → ['7971980']
  [3158] Sobeys Bonnyville → ['7971980']
  [3189] Sobeys Newcastle → no new flyers
  [3219] Sobeys Birds Hill → ['7971981']
  [3221] Sobeys College Park → ['7971982']
  [3226] Sobeys St. Vital → ['7971981']
  [3232] Sobeys Rivergrove → ['7971981']
  [3699] Fort McMurray → no new flyers
  [3701] Sherwood Park → no new flyers
  [4016] Sobeys March Road → ['7976154']
  [4017] Sobeys Parry Sound → ['7971996']
  [4018] Sobeys Amherstburg → ['7971996']
  [4020] Sobeys Reenders → ['7971981']
  [4021] Sobeys Kenaston → ['7971981']
  [4025] Sobeys Silverado → ['7971980']
  [4027] Sobeys Forest Lawn → ['7971980']
  [4028] Sobeys Sylvan Lake → ['7971980']
  [4029] Sobeys Portage La Prairie → ['7971981']
  [4030] Sobeys Unicity → ['7971981']
  [4031] Sobeys Lacombe → ['7971980']
  [4032] Sobeys Airdrie → ['7971980']
  [4033] Sobeys Namao → ['7971980']
  [4045] Sobeys Cornerstone → ['7971980']
  [4048] Sobeys St. Anne’s → ['7971981']
  [4049] Sobeys Clearwater → ['7971980']
  [4053] Sobeys Bridlewood → ['7971980']
  [4054] Sobeys Grant Park → ['7971981']
  [4055] Sobeys Spruce Grove → ['7971980']
  [4056] Sobeys Gaetz South → ['7971980']
  [4058] Sobeys University Park → ['7971982']
  [4059] Sobeys Southbrook → ['7971980']
  [4060] Sobeys Royal Oak → ['7971980']
  [4061] Sobeys Stettler → ['7971980']
  [4062] Sobeys Paris → ['7976154']
  [4064] Sobeys Glendale and Merritt → ['7976153']
  [4065] Sobeys Stonebridge → ['7971982']
  [4066] Sobeys West District → ['7971980']
  [4072] Sobeys Village Mall → ['7971980']
  [4105] Sobeys Gravenhurst → ['7971997']
  [4110] Sobeys Stratford → ['7976154']
  [4116] Sobeys Chatham → ['7971997']
  [4152] Trim & Innes → no new flyers
  [4154] Sobeys Trim and Innes → ['7971994']
  [4155] Sobeys Extra Oxford and Wonderland → ['7971996']
  [4160] Sobeys Algonquin → ['7971996']
  [4163] Sobeys Blenheim → ['7971992']
  [4164] Sobeys Angus → ['7976154']
  [4167] Sobeys Orleans → ['7971994']
  [4174] Sobeys New Hamburg → ['7976152']
  [4175] Sobeys Kincardine → ['7971996']
  [4176] Sobeys Bradford → ['7976154']
  [4179] Sobeys Fenelon Falls → ['7971996']
  [4575] Fredericton → no new flyers
  [4712] Sobeys Tillsonburg → ['7971996']
  [4719] Sobeys Extra Milton → ['7971996']
  [4723] Sobeys Urban Fresh Café → no new flyers
  [4726] Sobeys Laird and Wicksteed → no new flyers
  [4728] Sobeys Todmorden → ['7976152']
  [4729] Sobeys Northfield → ['7976154']
  [4735] Sobeys Port Colborne → ['7976152']
  [4737] Sobeys – Stone Church → ['7976154']
  [4739] Sobeys Grand Bend → ['7971995']
  [4740] Sobeys Dunnville → ['7971992']
  [4743] Sobeys Urban Fresh Bloor & Islington → ['7971993', '7970271']
  [4747] Sobeys Fort Erie → ['7976153']
  [4761] Sobeys Sutton → ['7976152']
  [4875] Sobeys Sage Creek → ['7971981']
  [4876] Sobeys Thickwood → ['7971980']
  [4978] Sobeys Newcastle → ['7971980']
  [4984] Sobeys Legacy → ['7971980']
  [5006] Fort McMurray → no new flyers
  [5037] Sobeys Pembina → ['7971981']
  [5040] Sherwood Park → no new flyers
  [5064] Sobeys Millrise → ['7971980']
  [5068] Sobeys Morinville → ['7971980']
  [5070] Sobeys Hollick Kenyon → ['7971980']
  [5074] Sobeys Cranston → ['7971980']
  [5076] Sobeys Beaumont → ['7971980']
  [5077] Sobeys Lloydminster → ['7971980']
  [5081] Sobeys Estevan → ['7971982']
  [5085] Sobeys Tuscany → ['7971980']
  [5088] Sobeys - Unicity → no new flyers
  [5089] Sobeys Reenders → no new flyers
  [5093] Sobeys Preston → ['7971982']
  [5098] Sobeys Steinbach → ['7971981']
  [5109] Sobeys West End → ['7971981']
  [5167] Sobeys Northdale → ['7971981']
  [5170] Sobeys Varsity Common → ['7971982']
  [5176] Sobeys Gimli → ['7971981']
  [5189] Sobeys High River → ['7971980']
  [5190] Sobeys Walker → ['7971980']
  [5191] Sobeys Nolan Hill → ['7971980']
  [5199] Medicine Hat → no new flyers
  [5382] Sobeys Kildonan → ['7971981']
  [5386] Sobeys Mahogany → ['7971980']
  [5387] Sobeys Riverbend → ['7971980']
  [5395] Sobeys Humboldt → no new flyers
  [5436] Sobeys Olds → ['7971980']
  [5460] Kelowna → no new flyers
  [5462] Sobeys Strathcona Square → ['7971980']
  [5463] Sobeys Albert Street → no new flyers
  [5469] Sobeys Brandon South → no new flyers
  [5472] Sobeys Rochdale → ['7971982']
  [5473] Sobeys St. Albert → ['7971980']
  [5478] Sobeys Westlock → no new flyers
  [5479] Sobeys Strathmore → ['7971980']
  [5489] Sobeys Country Hills → ['7971980']
  [5493] Sobeys Slave Lake → ['7971980']
  [5495] Sobeys St. Paul → ['7971980']
  [5499] Sobeys - Sage Creek → no new flyers
  [5557] Sobeys Wholesale Cash & Carry Winnipeg → no new flyers
  [6712] Sobeys Towerhill → ['7971996']
  [6713] Sobeys Peterborough → ['7971997']
  [6715] Sobeys Fonthill → ['7976152']
  [6729] Sobeys South Pelham → ['7976152']
  [7368] Sobeys Alcona Beach → ['7976153']
  [7383] Sobeys Queensway → ['7976154']
  [7466] Sobeys Orangeville → ['7976154']
  [8812] Safeway Calgary → no new flyers
  [8823] #20, 1818 Centre Street NE → no new flyers
  [9503] Sobeys Gaetz South → no new flyers
  [9506] Sobeys Lakeland Ridge → no new flyers
  [9507] Sobeys Nottingham → no new flyers
  [9510] Sobeys Belmont → no new flyers
  [9517] Sobeys North Battleford → ['7971982']
  [9518] Sobeys Brandon South → ['7971981']
  [9522] Sobeys Edson → ['7971980']
  [9529] Sobeys Belmont → ['7971980']

  228 new publication entries across 267 stores
  20 unique new publication(s) to download
  Appended 228 rows to data/sobeys/store_flyers.parquet
New publication entries added to store_flyers.parquet: 228
Unique new publications to download: 20

Phase 2: fetching products for each new publication…

  [7973292] Weekly Flyer- Atlantic  (2026-06-11T00:00:00-04:00 → 2026-06-17T22:59:59-04:00)
    319 products
  [7973293] Weekly Flyer- Atlantic  (2026-06-11T00:00:00-04:00 → 2026-06-17T22:59:59-04:00)
    324 products
  [7973297] Weekly Flyer- Atlantic  (2026-06-11T00:00:00-04:00 → 2026-06-17T22:59:59-04:00)
    318 products
  [7973296] Weekly Flyer- Atlantic  (2026-06-11T00:00:00-04:00 → 2026-06-17T22:59:59-04:00)
    323 products
  [7973294] Weekly Flyer- Atlantic  (2026-06-11T00:00:00-04:00 → 2026-06-17T22:59:59-04:00)
    319 products
  [7976154] Weekly Flyer - Ontario  (2026-06-11T00:00:00-04:00 → 2026-06-17T23:59:59-04:00)
    338 products
  [7976153] Weekly Flyer - Ontario  (2026-06-11T00:00:00-04:00 → 2026-06-17T23:59:59-04:00)
    338 products
  [7971992] Weekly Flyer - Ontario  (2026-06-11T00:00:00-04:00 → 2026-06-17T23:59:59-04:00)
    330 products
  [7976152] Weekly Flyer - Ontario  (2026-06-11T00:00:00-04:00 → 2026-06-17T23:59:59-04:00)
    331 products
  [7973323] Weekly Flyer - Kosher  (2026-06-11T00:00:00-04:00 → 2026-06-17T23:59:59-04:00)
    62 products
  [7971997] Weekly Flyer - Ontario  (2026-06-11T00:00:00-04:00 → 2026-06-17T23:59:59-04:00)
    337 products
  [7970271] Weekly Flyer - Urban Fresh  (2026-06-11T00:00:00-04:00 → 2026-06-17T23:59:59-04:00)
    43 products
  [7973295] Weekly Flyer- Atlantic  (2026-06-11T00:00:00-04:00 → 2026-06-17T22:59:59-04:00)
    319 products
  [7971996] Weekly Flyer - Ontario  (2026-06-11T00:00:00-04:00 → 2026-06-17T23:59:59-04:00)
    337 products
  [7971980] Weekly Flyer - West  (2026-06-11T03:00:00-04:00 → 2026-06-17T23:59:59-04:00)
    324 products
  [7971981] Weekly Flyer - West  (2026-06-11T03:00:00-04:00 → 2026-06-17T23:59:59-04:00)
    323 products
  [7971982] Weekly Flyer - West  (2026-06-11T03:00:00-04:00 → 2026-06-17T23:59:59-04:00)
    323 products
  [7971994] Weekly Flyer - Ontario  (2026-06-11T00:00:00-04:00 → 2026-06-17T23:59:59-04:00)
    331 products
  [7971995] Weekly Flyer - Ontario  (2026-06-11T00:00:00-04:00 → 2026-06-17T23:59:59-04:00)
    330 products
  [7971993] Weekly Flyer - Ontario  (2026-06-11T00:00:00-04:00 → 2026-06-17T23:59:59-04:00)
    329 products

── Phase 2 results ──────────────────────────────────────────────────
  Downloaded : 20
  Skipped    : 0  (file already existed)
  Errors     : 0

Run completed: 2026-06-11 14:30:39 UTC
Elapsed      : 0m 56s


Done.  Verbose log → logs/sobeys/2026-06-11_verbose.log
       Summary log → logs/sobeys/2026-06-11_summary.log

