=== Maxi Flyer Fetch — 2026-04-11 ===
Run started : 2026-04-11 21:47:26 UTC

Loaded 208 stores from data/maxi/stores.json

Stores loaded: 208
Loaded existing store_flyers.json (402 publication entries)

Phase 1: fetching publications per store…

  [21] TEST STORE → no new flyers
  [3736] Caraquet St-Pierre → ['7871100']
  [4540] Trois-Rivières → ['7871113']
  [4541] SHERBROOKE → ['7871101']
  [4544] L’Ormiere → ['7871101']
  [4552] Laval Rene Laennec → ['7871105']
  [4554] Vaudreuil → ['7871115']
  [4558] Jean Talon → ['7871114']
  [4559] Granby → ['7871109']
  [4561] St.Hyacinthe → ['7871113']
  [4564] Val D'Or → ['7871113']
  [4565] Varennes → ['7871101']
  [4669] Marieville 282 Rue Ouellette → ['7871101']
  [5401] St-Raymond → ['7871101']
  [5402] Charlesbourg → ['7871113']
  [5403] Mistassini → ['7871101']
  [5404] St-Lambert → ['7871101']
  [5405] Baie Comeau → ['7871101']
  [7079] George-Muir → ['7871101']
  [7140] Beauharnois → ['7871101']
  [7153] Port-Cariter → ['7871101']
  [7157] Varennes → no new flyers
  [7209] La Malbaie → ['7871101']
  [7210] Evain → ['7871101']
  [7211] Lorraine → ['7871101']
  [7212] Gatineau Mont Bleu → ['7871101']
  [7213] Chicoutimi → ['7871113']
  [7214] Baie D’Urfé → ['7871101']
  [7215] St-Michel-des-Saints → ['7871101']
  [7216] Maloney Est → ['7871101']
  [7218] Sainte-Anne-des-Plaines → ['7871101']
  [7219] Beauport Seigneurial → ['7871101']
  [7220] Gaspé → ['7871101']
  [7221] St-Lin-Laurentides → ['7871113']
  [7222] Ste-Foy → ['7871101']
  [7223] Ste-Foy → ['7871101']
  [7224] Coteau du Lac → ['7871101']
  [7225] Lévis → ['7871101']
  [7226] Riviere-du-Loup → ['7871101']
  [7231] Blainville → ['7871101']
  [7232] Valleyfield → ['7871109']
  [7233] Maxi St-Pascal → ['7871101']
  [7234] St-Urbain → ['7871101']
  [7495] Cavendish → ['7871117']
  [7538] Huntington → ['7871101']
  [7547] Maxi Montreal → ['7871101']
  [7548] LIEGE → ['7871107']
  [7549] Maxi Beaubien E → ['7871101']
  [7550] Laurendeau → ['7871101']
  [7551] LEBEL SUR QUEVILLON → ['7871101']
  [7552] SILLERY Rene-Levesque → ['7871101']
  [7553] Quebec City → ['7871101']
  [7554] Repentigny → ['7871101']
  [7555] Granby Leclerc → ['7871101']
  [7556] Levis → ['7871101']
  [7557] LaSalle → ['7871110']
  [7558] Pierrefonds → ['7871116']
  [7559] Forestville → ['7871101']
  [7560] Windsor → no new flyers
  [7561] LENNOXVILLE → ['7871101']
  [7562] St-Jacques-de-Montcalm → ['7871101']
  [7563] Maxi Montréal Henri-Bourassa → ['7871101']
  [7564] Québec City → ['7871101']
  [7565] Sorel-Tracy → ['7871101']
  [7566] Hull → ['7871109']
  [7567] Sherbrooke → ['7871101']
  [7568] Ville Marie → ['7871101']
  [7569] Pointe-à-la-Croix → ['7871101']
  [7570] Sherbrooke → ['7871101']
  [7571] Maxi @ 1005 Bd Laure, Sept-Îles → ['7871101']
  [7572] Maxi @ 22 Rue des Flandres → ['7871101']
  [7573] MTL - Sherbrooke E (Versailles) → ['7871109']
  [7574] Saguenay → ['7871101']
  [7575] Sainte Julie → ['7871101']
  [7577] Maxi Acton Vale → ['7871101']
  [7657] Contrecoeur → ['7871101']
  [7945] Windsor → ['7871101']
  [7946] HOCHELAGA → ['7871101']
  [7957] Maxi St-Nicolas → ['7871101']
  [7958] Boisbriand → ['7871101']
  [7959] MAXI LA POCATIERE → ['7871101']
  [7960] 7960 STE ADELE → ['7871101']
  [7969] 7969 → ['7871103']
  [7972] HENRI-BOURASSA (CHARLESBOURG) → ['7871101']
  [7976] Maxi Pintendre → no new flyers
  [8049] Maxi Les Saules → ['7871101']
  [8384] Maxi @ 3500, Boul. St-Martin Ouest → ['7871112']
  [8386] Maxi @ 7605, Maurice Duplessis → ['7871111']
  [8388] Maxi @ 800, Boul. Maloney Ouest → ['7871109']
  [8389] Maxi @ 130, Chemin Lepine → ['7871109']
  [8493] Maxi Sainte-Julie → ['7871101']
  [8602] Maxi @ 801, route principale, route 117 → ['7871101']
  [8609] Maxi @ 14 875, boul. Pierrefonds → ['7871106']
  [8612] Maxi @ 940, chemin Du Sault → ['7871109']
  [8616] Maxi @ 33, boul. St-Benoit → ['7871101']
  [8618] Maxi @ 2840, boul. Des Promenades → ['7871101']
  [8619] Maxi @ 2100, rue Bagot → ['7871101']
  [8621] Maxi @ 472, 4 ieme Rue Est → ['7871101']
  [8622] Maxi @ 390, Montee des Pionniers → ['7871105']
  [8624] Maxi @ 170, Principale sud → ['7871101']
  [8625] Maxi @ 150, avenue Saint-Alphonse → ['7871101']
  [8626] Maxi @ 500, Boul. Des Laurentides → ['7871101']
  [8629] Maxi @ 44, rue Craig → ['7871101']
  [8630] Maxi @ 3500, rue Laval → ['7871101']
  [8632] Maxi @ 2535, rue Masson → ['7871105']
  [8634] Maxi @ 8475, Rue Chartrand → ['7871105']
  [8635] Maxi @ 355, rue Principale → ['7871108']
  [8636] Maxi @ 50, Boul. Taschereau → ['7871101']
  [8641] Maxi @ 124, route 132 ouest → ['7871101']
  [8643] Maxi @ 114, Boul. St-Jean Baptiste → ['7871105']
  [8645] Maxi @ 1877, rue Bilodeau → ['7871101']
  [8648] Maxi @ 7201, rue Laurier → ['7871105']
  [8649] Maxi @ 350, rue Bouvier → ['7871101']
  [8652] Maxi @ 1055, Avenue du Pont-Sud → ['7871101']
  [8653] Maxi @ 595, du Phare Est → ['7871101']
  [8654] Maxi @ 1005, boul. Laure → ['7871101']
  [8655] Maxi @ 681, Sainte-Geneviève → ['7871101']
  [8660] Maxi @ 370, rue St-Jacques → ['7871101']
  [8661] Maxi @ 6825, Côte-des-Neiges Rd → ['7871117']
  [8662] Maxi @ 3000, rue Wellington → ['7871101']
  [8663] Maxi @ 120, boul. Arthabaska Ouest → ['7871101']
  [8664] Maxi @ 30, rue Racine → ['7871101']
  [8666] Maxi @ 2650, Avenue de Grand-Mère → ['7871101']
  [8667] Maxi @ 25, Rue De La Savane → ['7871105']
  [8668] Maxi @ 199, 25e Avenue → ['7871101']
  [8673] Maxi @ 6750, Jean-Talon Est → ['7871105']
  [8675] Maxi @ 8305 rue Papineau → ['7871111']
  [8676] Maxi @ 552, boul. Wilfrid-Hamel → ['7871101']
  [8677] Maxi @ 175, Sir Wilfrid Laurier → ['7871101']
  [8678] Maxi @ 200, Omer-Marcil → ['7871109']
  [8679] Maxi @ 86 boul. Brien → ['7871111']
  [8687] Maxi @ 909, Boul Firestone → ['7871101']
  [8688] Maxi @ 419. boul. Jessop → ['7871101']
  [8690] Maxi @ 215, boul. de l'Hôtel de Ville → ['7871101']
  [8691] Maxi @ 150, des Grandes Fourches → ['7871101']
  [8693] Maxi @ 1601, Boulevard de Périgny → ['7871101']
  [8694] Maxi @ 1065, boul. Pie XI → ['7871101']
  [8696] Maxi @ 1201, boul. Duplessis → ['7871109']
  [8702] Maxi @ 300, Boul St Joseph → ['7871106']
  [8703] Maxi @ 3025, Portland → ['7871109']
  [8704] Maxi @ 10200, boul. Pie Ix → ['7871111']
  [8705] Maxi @ 8200, boul. Lacroix → ['7871101']
  [8706] Maxi @ 1100, Montée Masson → ['7871105']
  [8711] Maxi @ 545 chemin Vanier → ['7871105']
  [8772] Maxi @ 1870, boul. St-Joseph → ['7871109']
  [8777] Maxi @ 1035 boul du Quartier → ['7871106']
  [8795] Maxi @ 400, Route 132, suite 100 → ['7871101']
  [8797] Maxi @ 2925, rue Sherbrooke Est → ['7871105']
  [8834] Maxi @ 550, boul. St-Laurent Est → ['7871101']
  [8853] Maxi @ 1083, Curé-Labelle → no new flyers
  [8856] ST-HILAIRE → ['7871101']
  [8891] Maxi @ 130, Route Racette → ['7871101']
  [8900] Maxi @ 2101, rue Dollard, B15 → ['7871106']
  [8901] Maxi @ 1699, Estimauville → ['7871101']
  [8904] Maxi @ 101, Taché Ouest → ['7871101']
  [8906] Maxi @ 1757, Boul Marcel-Laurin → ['7871112']
  [8907] Maxi @ 92, Cardinal Leger → ['7871112']
  [8910] Maxi @ 7455, rue Sherbrooke Est → ['7871105']
  [8911] Maxi @ 3398, boul Taschereau → ['7871105']
  [8913] Maxi @ 1345, boul. Moody → ['7871105']
  [8914] Maxi @ 310, Avenue Dorval → ['7871106']
  [8917] Maxi @ 3150, Remembrance → ['7871106']
  [8922] Maxi @ 2655, chemin Chambly → ['7871111']
  [8923] Maxi @ 699, rue Clémenceau → ['7871101']
  [8924] Maxi @ 900, Boul Grignon → ['7871109']
  [8926] Maxi @ 1030, boul. Vachon Nord → ['7871101']
  [8929] Maxi @ 444, boul. Curé-Labelle → ['7871105']
  [8934] Maxi @ 7900, boul. Cousineau → ['7871111']
  [8935] Maxi @ 205, 1re Avenue → ['7871101']
  [8937] Maxi @ 7200, boul. Taschereau → ['7871106']
  [8939] Maxi @ 50, route Président-Kennedy, St 190 → ['7871101']
  [8942] Maxi @ 2260, Chemin Gascon → ['7871105']
  [8944] Maxi @ 255, 3 ieme Rue Est → ['7871101']
  [8946] Maxi @ 1200, boul. Ducharme → ['7871101']
  [8947] Maxi @ 2501, boul. du Millénaire → ['7871101']
  [8950] Maxi @ 520, Fort St-Louis → ['7871101']
  [8955] Maxi @ 482, route 138 → ['7871101']
  [8956] Maxi @ 4325, Jean-Talon Est → ['7871111']
  [8958] Maxi @ 339, Boul Labelle → ['7871111']
  [8961] Maxi @ 885, 3 rue, Route 167 → ['7871101']
  [8963] Maxi @ 180, boul. Barrette → ['7871101']
  [8967] Maxi @ 3399, rue Queen → ['7871101']
  [8968] Maxi @ 450, boul. Poliquin → ['7871101']
  [8969] Maxi @ 390 route 117 → ['7871101']
  [8971] Maxi @ 1000 Suite 6, boul. du Séminaire → ['7871101']
  [8973] Maxi @ 3880, Boul. Harvey → ['7871109']
  [8974] Maxi @ 805, boul. Frontenac Est → ['7871101']
  [8975] Maxi @ 15 000, rue St-Louis → ['7871101']
  [8976] Maxi @ 2090 Boulevard des Laurentides → ['7871111']
  [8981] Maxi @ 1220 boul Louis-XIV → ['7871101']
  [8983] Maxi @ 70, rue Dufferin → ['7871101']
  [8984] Drummondville → ['7871101']
  [8985] Maxi @ 570, boul. Laflèche → ['7871101']
  [8987] Maxi @ 12 780, rue Sherbrooke Est → ['7871105']
  [8988] Maxi @ 1643, boul. D'Youville → ['7871101']
  [8989] Maxi @ 845, Avenue Du Pont-Nord → ['7871101']
  [8993] Maxi @ 320, rue Barkoff → ['7871101']
  [8994] Maxi @ 7081, Newman → no new flyers
  [8995] Maxi @ 6381, Route Transcanadienne → ['7871112']
  [8996] Maxi @ 5875, boul. Jean XXIII → ['7871101']
  [9491] Maxi Bernard → ['7871102']
  [9492] Bois-des-filions → ['7871101']
  [9528] Sainte-Catherine → ['7871101']
  [9569] Mont-Laurier → ['7871101']
  [9596] RENE LEVESQUE ONLINE → ['7871101']
  [9597] 9597 BOUCHERVILLE → ['7871104']
  [9777] Maxi Bécancour → no new flyers
  [9778] 1100-800 rue Ottawa (Robert Bourassa) → ['7871101']

  201 new publication entries across 208 stores
  18 unique new publication(s) to download
  Saved → data/maxi/store_flyers.json  (793,550 bytes)
New publication entries added to store_flyers.json: 201
Unique new publications to download: 18

Phase 2: fetching products for each new publication…

  [7871100] Weekly Flyer -Hybris  (2026-04-09T00:00:00-04:00 → 2026-04-15T23:59:59-04:00)
    175 products
  Saved → data/maxi/flyers/7871100.json  (397,873 bytes)
  [7871113] Weekly Flyer -Hybris  (2026-04-09T00:00:00-04:00 → 2026-04-15T23:59:59-04:00)
    275 products
  Saved → data/maxi/flyers/7871113.json  (622,744 bytes)
  [7871101] Weekly Flyer -Hybris  (2026-04-09T00:00:00-04:00 → 2026-04-15T23:59:59-04:00)
    254 products
  Saved → data/maxi/flyers/7871101.json  (575,368 bytes)
  [7871105] Weekly Flyer -Hybris  (2026-04-09T00:00:00-04:00 → 2026-04-15T23:59:59-04:00)
    268 products
  Saved → data/maxi/flyers/7871105.json  (607,375 bytes)
  [7871115] Weekly Flyer -Hybris  (2026-04-09T00:00:00-04:00 → 2026-04-15T23:59:59-04:00)
    300 products
  Saved → data/maxi/flyers/7871115.json  (678,338 bytes)
  [7871114] Weekly Flyer -Hybris  (2026-04-09T00:00:00-04:00 → 2026-04-15T23:59:59-04:00)
    314 products
  Saved → data/maxi/flyers/7871114.json  (710,349 bytes)
  [7871109] Weekly Flyer -Hybris  (2026-04-09T00:00:00-04:00 → 2026-04-15T23:59:59-04:00)
    296 products
  Saved → data/maxi/flyers/7871109.json  (669,883 bytes)
  [7871117] Weekly Flyer -Hybris  (2026-04-09T00:00:00-04:00 → 2026-04-15T23:59:59-04:00)
    349 products
  Saved → data/maxi/flyers/7871117.json  (788,293 bytes)
  [7871107] Weekly Flyer -Hybris  (2026-04-09T00:00:00-04:00 → 2026-04-15T23:59:59-04:00)
    279 products
  Saved → data/maxi/flyers/7871107.json  (630,962 bytes)
  [7871110] Weekly Flyer -Hybris  (2026-04-09T00:00:00-04:00 → 2026-04-15T23:59:59-04:00)
    321 products
  Saved → data/maxi/flyers/7871110.json  (725,477 bytes)
  [7871116] Weekly Flyer -Hybris  (2026-04-09T00:00:00-04:00 → 2026-04-15T23:59:59-04:00)
    335 products
  Saved → data/maxi/flyers/7871116.json  (756,282 bytes)
  [7871103] Weekly Flyer -Hybris  (2026-04-09T00:00:00-04:00 → 2026-04-15T23:59:59-04:00)
    268 products
  Saved → data/maxi/flyers/7871103.json  (606,224 bytes)
  [7871112] Weekly Flyer -Hybris  (2026-04-09T00:00:00-04:00 → 2026-04-15T23:59:59-04:00)
    335 products
  Saved → data/maxi/flyers/7871112.json  (757,488 bytes)
  [7871111] Weekly Flyer -Hybris  (2026-04-09T00:00:00-04:00 → 2026-04-15T23:59:59-04:00)
    310 products
  Saved → data/maxi/flyers/7871111.json  (701,890 bytes)
  [7871106] Weekly Flyer -Hybris  (2026-04-09T00:00:00-04:00 → 2026-04-15T23:59:59-04:00)
    293 products
  Saved → data/maxi/flyers/7871106.json  (662,973 bytes)
  [7871108] Weekly Flyer -Hybris  (2026-04-09T00:00:00-04:00 → 2026-04-15T23:59:59-04:00)
    255 products
  Saved → data/maxi/flyers/7871108.json  (576,960 bytes)
  [7871102] Weekly Flyer -Hybris  (2026-04-09T00:00:00-04:00 → 2026-04-15T23:59:59-04:00)
    254 products
  Saved → data/maxi/flyers/7871102.json  (575,423 bytes)
  [7871104] Weekly Flyer -Hybris  (2026-04-09T00:00:00-04:00 → 2026-04-15T23:59:59-04:00)
    254 products
  Saved → data/maxi/flyers/7871104.json  (575,648 bytes)

── Phase 2 results ──────────────────────────────────────────────────
  Downloaded : 18
  Skipped    : 0  (file already existed)
  Errors     : 0

Run completed: 2026-04-11 21:47:53 UTC
Elapsed      : 0m 26s


Done.  Verbose log → logs/maxi/2026-04-11_verbose.log
       Summary log → logs/maxi/2026-04-11_summary.log

