=== Maxi Flyer Fetch — 2026-09-24 ===
Run started : 2026-09-24 17:58:22 UTC

Loaded 208 stores from data/maxi/stores.parquet

Stores loaded: 208
Loaded store_flyers.parquet (4230 publication entries)

Phase 1: fetching publications per store…

  [21] TEST STORE → no new flyers
  [3736] Caraquet St-Pierre → ['8144925']
  [4540] Trois-Rivières → ['8144927']
  [4541] SHERBROOKE → ['8144927']
  [4544] L’Ormiere → ['8144927']
  [4552] Laval Rene Laennec → ['8144927']
  [4554] Vaudreuil → ['8159326']
  [4558] Jean Talon → ['8144931']
  [4559] Granby → ['8144934']
  [4561] St.Hyacinthe → ['8144927']
  [4564] Val D'Or → ['8144927']
  [4565] Varennes → ['8144927']
  [4669] Marieville 282 Rue Ouellette → ['8144927']
  [5401] St-Raymond → ['8144927']
  [5402] Charlesbourg → ['8144927']
  [5403] Mistassini → ['8144927']
  [5404] St-Lambert → ['8144927']
  [5405] Baie Comeau → ['8144927']
  [7079] George-Muir → ['8144927']
  [7140] Beauharnois → ['8144927']
  [7153] Port-Cariter → ['8144927']
  [7157] Varennes → no new flyers
  [7209] La Malbaie → ['8144927']
  [7210] Evain → ['8144927']
  [7211] Lorraine → ['8144927']
  [7212] Gatineau Mont Bleu → ['8144927']
  [7213] Chicoutimi → ['8144927']
  [7214] Baie D’Urfé → ['8144927']
  [7215] St-Michel-des-Saints → ['8144927']
  [7216] Maloney Est → ['8144927']
  [7218] Sainte-Anne-des-Plaines → ['8144927']
  [7219] Beauport Seigneurial → ['8144927']
  [7220] Gaspé → ['8144927']
  [7221] St-Lin-Laurentides → ['8144927']
  [7222] Ste-Foy → ['8144927']
  [7223] Ste-Foy → ['8144927']
  [7224] Coteau du Lac → ['8144927']
  [7225] Lévis → ['8144927']
  [7226] Riviere-du-Loup → ['8144927']
  [7231] Blainville → ['8144927']
  [7232] Valleyfield → ['8144934']
  [7233] Maxi St-Pascal → ['8144927']
  [7234] St-Urbain → ['8144927']
  [7495] Cavendish → ['8144939']
  [7538] Huntington → ['8144927']
  [7547] Maxi Montreal → ['8144927']
  [7548] LIEGE → ['8144929']
  [7549] Maxi Beaubien E → ['8144927']
  [7550] Laurendeau → ['8144927']
  [7551] LEBEL SUR QUEVILLON → ['8144927']
  [7552] SILLERY Rene-Levesque → ['8144927']
  [7553] Quebec City → ['8144927']
  [7554] Repentigny → ['8144927']
  [7555] Granby Leclerc → ['8144927']
  [7556] Levis → ['8144927']
  [7557] LaSalle → ['8144938']
  [7558] Pierrefonds → ['8144939']
  [7559] Forestville → ['8144927']
  [7560] Windsor → no new flyers
  [7561] LENNOXVILLE → ['8144927']
  [7562] St-Jacques-de-Montcalm → ['8144927']
  [7563] Maxi Montréal Henri-Bourassa → ['8144927']
  [7564] Québec City → ['8144927']
  [7565] Sorel-Tracy → ['8144927']
  [7566] Hull → ['8144934']
  [7567] Sherbrooke → ['8144927']
  [7568] Ville Marie → ['8144927']
  [7569] Pointe-à-la-Croix → ['8144927']
  [7570] Sherbrooke → ['8144927']
  [7571] Maxi @ 1005 Bd Laure, Sept-Îles → ['8144927']
  [7572] Maxi @ 22 Rue des Flandres → ['8144927']
  [7573] MTL - Sherbrooke E (Versailles) → ['8144934']
  [7574] Saguenay → ['8144927']
  [7575] Sainte Julie → ['8144927']
  [7577] Maxi Acton Vale → ['8144927']
  [7657] Contrecoeur → ['8144927']
  [7945] Windsor → ['8144927']
  [7946] HOCHELAGA → ['8144927']
  [7957] Maxi St-Nicolas → ['8144927']
  [7958] Boisbriand → ['8144927']
  [7959] MAXI LA POCATIERE → ['8144927']
  [7960] 7960 STE ADELE → ['8144927']
  [7969] 7969 → ['8144932']
  [7972] HENRI-BOURASSA (CHARLESBOURG) → ['8144927']
  [7976] Maxi Pintendre → ['8144927']
  [8049] Maxi Les Saules → ['8144927']
  [8384] Maxi @ 3500, Boul. St-Martin Ouest → ['8144937']
  [8386] Maxi @ 7605, Maurice Duplessis → ['8144934']
  [8388] Maxi @ 800, Boul. Maloney Ouest → ['8144934']
  [8389] Maxi @ 130, Chemin Lepine → ['8144934']
  [8493] Maxi Sainte-Julie → ['8144927']
  [8602] Maxi @ 801, route principale, route 117 → ['8144927']
  [8609] Maxi @ 14 875, boul. Pierrefonds → ['8144931']
  [8612] Maxi @ 940, chemin Du Sault → ['8144934']
  [8616] Maxi @ 33, boul. St-Benoit → ['8144927']
  [8618] Maxi @ 2840, boul. Des Promenades → ['8144927']
  [8619] Maxi @ 2100, rue Bagot → ['8144927']
  [8621] Maxi @ 472, 4 ieme Rue Est → ['8144927']
  [8622] Maxi @ 390, Montee des Pionniers → ['8144927']
  [8624] Maxi @ 170, Principale sud → ['8144927']
  [8625] Maxi @ 150, avenue Saint-Alphonse → ['8144927']
  [8626] Maxi @ 500, Boul. Des Laurentides → ['8144927']
  [8629] Maxi @ 44, rue Craig → ['8144927']
  [8630] Maxi @ 3500, rue Laval → ['8144927']
  [8632] Maxi @ 2535, rue Masson → ['8144927']
  [8634] Maxi @ 8475, Rue Chartrand → ['8144927']
  [8635] Maxi @ 355, rue Principale → ['8144933']
  [8636] Maxi @ 50, Boul. Taschereau → ['8144927']
  [8641] Maxi @ 124, route 132 ouest → ['8144927']
  [8643] Maxi @ 114, Boul. St-Jean Baptiste → ['8144927']
  [8645] Maxi @ 1877, rue Bilodeau → ['8144927']
  [8648] Maxi @ 7201, rue Laurier → ['8144927']
  [8649] Maxi @ 350, rue Bouvier → ['8144927']
  [8652] Maxi @ 1055, Avenue du Pont-Sud → ['8144927']
  [8653] Maxi @ 595, du Phare Est → ['8144927']
  [8654] Maxi @ 1005, boul. Laure → ['8144927']
  [8655] Maxi @ 681, Sainte-Geneviève → ['8144927']
  [8660] Maxi @ 370, rue St-Jacques → ['8144927']
  [8661] Maxi @ 6825, Côte-des-Neiges Rd → ['8144939']
  [8662] Maxi @ 3000, rue Wellington → ['8144927']
  [8663] Maxi @ 120, boul. Arthabaska Ouest → ['8144927']
  [8664] Maxi @ 30, rue Racine → ['8144927']
  [8666] Maxi @ 2650, Avenue de Grand-Mère → ['8144927']
  [8667] Maxi @ 25, Rue De La Savane → ['8144927']
  [8668] Maxi @ 199, 25e Avenue → ['8144927']
  [8673] Maxi @ 6750, Jean-Talon Est → ['8144927']
  [8675] Maxi @ 8305 rue Papineau → ['8144936']
  [8676] Maxi @ 552, boul. Wilfrid-Hamel → ['8144927']
  [8677] Maxi @ 175, Sir Wilfrid Laurier → ['8144927']
  [8678] Maxi @ 200, Omer-Marcil → ['8144934']
  [8679] Maxi @ 86 boul. Brien → ['8144934']
  [8687] Maxi @ 909, Boul Firestone → ['8144927']
  [8688] Maxi @ 419. boul. Jessop → ['8144927']
  [8690] Maxi @ 215, boul. de l'Hôtel de Ville → ['8144927']
  [8691] Maxi @ 150, des Grandes Fourches → ['8144927']
  [8693] Maxi @ 1601, Boulevard de Périgny → ['8144927']
  [8694] Maxi @ 1065, boul. Pie XI → ['8144927']
  [8696] Maxi @ 1201, boul. Duplessis → ['8144934']
  [8702] Maxi @ 300, Boul St Joseph → ['8144929']
  [8703] Maxi @ 3025, Portland → ['8144934']
  [8704] Maxi @ 10200, boul. Pie Ix → ['8144934']
  [8705] Maxi @ 8200, boul. Lacroix → ['8144927']
  [8706] Maxi @ 1100, Montée Masson → ['8144927']
  [8711] Maxi @ 545 chemin Vanier → ['8144930']
  [8772] Maxi @ 1870, boul. St-Joseph → ['8144934']
  [8777] Maxi @ 1035 boul du Quartier → ['8144931']
  [8795] Maxi @ 400, Route 132, suite 100 → ['8144927']
  [8797] Maxi @ 2925, rue Sherbrooke Est → ['8144930']
  [8834] Maxi @ 550, boul. St-Laurent Est → ['8144927']
  [8853] Maxi @ 1083, Curé-Labelle → no new flyers
  [8856] ST-HILAIRE → ['8144927']
  [8891] Maxi @ 130, Route Racette → ['8144927']
  [8900] Maxi @ 2101, rue Dollard, B15 → ['8144931']
  [8901] Maxi @ 1699, Estimauville → ['8144927']
  [8904] Maxi @ 101, Taché Ouest → ['8144927']
  [8906] Maxi @ 1757, Boul Marcel-Laurin → ['8144938']
  [8907] Maxi @ 92, Cardinal Leger → ['8144937']
  [8910] Maxi @ 7455, rue Sherbrooke Est → ['8144927']
  [8911] Maxi @ 3398, boul Taschereau → ['8144930']
  [8913] Maxi @ 1345, boul. Moody → ['8144927']
  [8914] Maxi @ 310, Avenue Dorval → ['8144931']
  [8917] Maxi @ 3150, Remembrance → ['8144931']
  [8922] Maxi @ 2655, chemin Chambly → ['8144934']
  [8923] Maxi @ 699, rue Clémenceau → ['8144927']
  [8924] Maxi @ 900, Boul Grignon → ['8144934']
  [8926] Maxi @ 1030, boul. Vachon Nord → ['8144927']
  [8929] Maxi @ 444, boul. Curé-Labelle → ['8144927']
  [8934] Maxi @ 7900, boul. Cousineau → ['8144936']
  [8935] Maxi @ 205, 1re Avenue → ['8144927']
  [8937] Maxi @ 7200, boul. Taschereau → ['8144931']
  [8939] Maxi @ 50, route Président-Kennedy, St 190 → ['8144927']
  [8942] Maxi @ 2260, Chemin Gascon → ['8144927']
  [8944] Maxi @ 255, 3 ieme Rue Est → ['8144927']
  [8946] Maxi @ 1200, boul. Ducharme → ['8144927']
  [8947] Maxi @ 2501, boul. du Millénaire → ['8144927']
  [8950] Maxi @ 520, Fort St-Louis → ['8144927']
  [8955] Maxi @ 482, route 138 → ['8144927']
  [8956] Maxi @ 4325, Jean-Talon Est → ['8144936']
  [8958] Maxi @ 339, Boul Labelle → ['8144934']
  [8961] Maxi @ 885, 3 rue, Route 167 → ['8144927']
  [8963] Maxi @ 180, boul. Barrette → ['8144927']
  [8967] Maxi @ 3399, rue Queen → ['8144927']
  [8968] Maxi @ 450, boul. Poliquin → ['8144927']
  [8969] Maxi @ 390 route 117 → ['8144927']
  [8971] Maxi @ 1000 Suite 6, boul. du Séminaire → ['8144927']
  [8973] Maxi @ 3880, Boul. Harvey → ['8144934']
  [8974] Maxi @ 805, boul. Frontenac Est → ['8144927']
  [8975] Maxi @ 15 000, rue St-Louis → ['8144927']
  [8976] Maxi @ 2090 Boulevard des Laurentides → ['8144934']
  [8981] Maxi @ 1220 boul Louis-XIV → ['8144927']
  [8983] Maxi @ 70, rue Dufferin → ['8144927']
  [8984] Drummondville → ['8144927']
  [8985] Maxi @ 570, boul. Laflèche → ['8144927']
  [8987] Maxi @ 12 780, rue Sherbrooke Est → ['8144927']
  [8988] Maxi @ 1643, boul. D'Youville → ['8144927']
  [8989] Maxi @ 845, Avenue Du Pont-Nord → ['8144927']
  [8993] Maxi @ 320, rue Barkoff → ['8144927']
  [8994] Maxi @ 7081, Newman → no new flyers
  [8995] Maxi @ 6381, Route Transcanadienne → ['8144938']
  [8996] Maxi @ 5875, boul. Jean XXIII → ['8144927']
  [9491] Maxi Bernard → ['8144927']
  [9492] Bois-des-filions → ['8144927']
  [9528] Sainte-Catherine → ['8144927']
  [9569] Mont-Laurier → ['8144927']
  [9596] RENE LEVESQUE ONLINE → ['8144927']
  [9597] 9597 BOUCHERVILLE → ['8144927']
  [9777] Maxi Bécancour → no new flyers
  [9778] 1100-800 rue Ottawa (Robert Bourassa) → ['8144929']

  202 new publication entries across 208 stores
  13 unique new publication(s) to download
  Appended 202 rows to data/maxi/store_flyers.parquet
New publication entries added to store_flyers.parquet: 202
Unique new publications to download: 13

Phase 2: fetching products for each new publication…

  [8144925] Weekly Flyer -Hybris  (2026-09-24T00:00:00-04:00 → 2026-09-30T23:59:59-04:00)
    187 products
  [8144927] Weekly Flyer -Hybris  (2026-09-24T00:00:00-04:00 → 2026-09-30T23:59:59-04:00)
    250 products
  [8159326] Weekly Flyer -Hybris  (2026-09-24T00:00:00-04:00 → 2026-09-30T23:59:59-04:00)
    295 products
  [8144931] Weekly Flyer -Hybris  (2026-09-24T00:00:00-04:00 → 2026-09-30T23:59:59-04:00)
    295 products
  [8144934] Weekly Flyer -Hybris  (2026-09-24T00:00:00-04:00 → 2026-09-30T23:59:59-04:00)
    261 products
  [8144939] Weekly Flyer -Hybris  (2026-09-24T00:00:00-04:00 → 2026-09-30T23:59:59-04:00)
    334 products
  [8144929] Weekly Flyer -Hybris  (2026-09-24T00:00:00-04:00 → 2026-09-30T23:59:59-04:00)
    266 products
  [8144938] Weekly Flyer -Hybris  (2026-09-24T00:00:00-04:00 → 2026-09-30T23:59:59-04:00)
    306 products
  [8144932] Weekly Flyer -Hybris  (2026-09-24T00:00:00-04:00 → 2026-09-30T23:59:59-04:00)
    278 products
  [8144937] Weekly Flyer -Hybris  (2026-09-24T00:00:00-04:00 → 2026-09-30T23:59:59-04:00)
    277 products
  [8144933] Weekly Flyer -Hybris  (2026-09-24T00:00:00-04:00 → 2026-09-30T23:59:59-04:00)
    251 products
  [8144936] Weekly Flyer -Hybris  (2026-09-24T00:00:00-04:00 → 2026-09-30T23:59:59-04:00)
    290 products
  [8144930] Weekly Flyer -Hybris  (2026-09-24T00:00:00-04:00 → 2026-09-30T23:59:59-04:00)
    279 products

── Phase 2 results ──────────────────────────────────────────────────
  Downloaded : 13
  Skipped    : 0  (file already existed)
  Errors     : 0

Run completed: 2026-09-24 17:59:00 UTC
Elapsed      : 0m 38s


Done.  Verbose log → logs/maxi/2026-09-24_verbose.log
       Summary log → logs/maxi/2026-09-24_summary.log

