=== Adonis Flyer Fetch — 2026-06-18 ===
Run started : 2026-06-18 14:20:05 UTC

Loaded 16 stores from data/adonis/stores.parquet

Stores loaded: 16
Loaded store_flyers.parquet (240 flyer entries)

Phase 1: fetching flyer listings per store…

  [21937] Sauvé → ['83201']
  [21938] Laval → ['83201']
  [21940] Place-vertu → ['83201']
  [21941] Brossard → ['83201']
  [21942] Centre-Ville → ['83201']
  [21943] Anjou → ['83201']
  [21944] Laval-Est → ['83201']
  [21945] Griffintown → ['83201']
  [21947] Gatineau → ['83201']
  [21948] Ville de Québec → ['83201']
  [21950] DDO → ['83201']
  [101200] Mississauga → ['83201']
  [101201] Scarborough → ['83201']
  [101202] Dundas → ['83201']
  [101203] Ottawa → ['83201']
  [101204] London → ['83201']

  16 new flyer entries across 16 stores
  1 unique new job(s) to download
  Appended 16 rows to data/adonis/store_flyers.parquet
New flyer entries added to store_flyers.parquet : 16
Unique new jobs to download                     : 1

Phase 2: fetching products for each new job…

  [83201] store 21937  (https://metrodigital-apim.azure-api.net/api/Pages/83201/21937/fr/search)
    323 products

── Phase 2 results ──────────────────────────────────────────────────
  Downloaded : 1
  Skipped    : 0  (file already existed)
  Errors     : 0

Run completed: 2026-06-18 14:20:09 UTC
Elapsed      : 0m 3s


Done.  Verbose log → logs/adonis/2026-06-18_verbose.log
       Summary log → logs/adonis/2026-06-18_summary.log

