=== Adonis Flyer Fetch — 2026-09-24 ===
Run started : 2026-09-24 18:06:15 UTC

Loaded 16 stores from data/adonis/stores.parquet

Stores loaded: 16
Loaded store_flyers.parquet (400 flyer entries)

Phase 1: fetching flyer listings per store…

  [21937] Sauvé → ['84003q']
  [21938] Laval → ['84003q']
  [21940] Place-vertu → ['84003q']
  [21941] Brossard → ['84003q']
  [21942] Centre-Ville → ['84003q']
  [21943] Anjou → ['84003q']
  [21944] Laval-Est → ['84003q']
  [21945] Griffintown → ['84003q']
  [21947] Gatineau → ['84003q']
  [21948] Ville de Québec → ['84003q']
  [21950] DDO → ['84003q']
  [101200] Mississauga → ['84003o']
  [101201] Scarborough → ['84003o']
  [101202] Dundas → ['84003o']
  [101203] Ottawa → ['84003o']
  [101204] London → ['84003o']

  16 new flyer entries across 16 stores
  2 unique new job(s) to download
  Appended 16 rows to data/adonis/store_flyers.parquet
New flyer entries added to store_flyers.parquet : 16
Unique new jobs to download                     : 2

Phase 2: fetching products for each new job…

  [84003q] store 21937  (https://metrodigital-apim.azure-api.net/api/Pages/84003q/21937/fr/search)
    280 products
  [84003o] store 101200  (https://metrodigital-apim.azure-api.net/api/Pages/84003o/101200/fr/search)
    312 products

── Phase 2 results ──────────────────────────────────────────────────
  Downloaded : 2
  Skipped    : 0  (file already existed)
  Errors     : 0

Run completed: 2026-09-24 18:06:20 UTC
Elapsed      : 0m 4s


Done.  Verbose log → logs/adonis/2026-09-24_verbose.log
       Summary log → logs/adonis/2026-09-24_summary.log

