=== Adonis Flyer Fetch — 2026-07-23 ===
Run started : 2026-07-23 13:52:06 UTC

Loaded 16 stores from data/adonis/stores.parquet

Stores loaded: 16
Loaded store_flyers.parquet (288 flyer entries)

Phase 1: fetching flyer listings per store…

  [21937] Sauvé → ['83206q', '83206B']
  [21938] Laval → ['83206q', '83206B']
  [21940] Place-vertu → ['83206q', '83206B']
  [21941] Brossard → ['83206q', '83206B']
  [21942] Centre-Ville → ['83206q', '83206B']
  [21943] Anjou → ['83206q', '83206B']
  [21944] Laval-Est → ['83206q', '83206B']
  [21945] Griffintown → ['83206q', '83206B']
  [21947] Gatineau → ['83206q', '83206B']
  [21948] Ville de Québec → ['83206q', '83206B']
  [21950] DDO → ['83206q', '83206B']
  [101200] Mississauga → ['83206o', '83206B']
  [101201] Scarborough → ['83206o', '83206B']
  [101202] Dundas → ['83206o', '83206B']
  [101203] Ottawa → ['83206o', '83206B']
  [101204] London → ['83206o', '83206B']

  32 new flyer entries across 16 stores
  3 unique new job(s) to download
  Appended 32 rows to data/adonis/store_flyers.parquet
New flyer entries added to store_flyers.parquet : 32
Unique new jobs to download                     : 3

Phase 2: fetching products for each new job…

  [83206q] store 21937  (https://metrodigital-apim.azure-api.net/api/Pages/83206q/21937/fr/search)
    334 products
  [83206B] store 21937  (https://metrodigital-apim.azure-api.net/api/Pages/83206B/21937/fr/search)
    35 products
  [83206o] store 101200  (https://metrodigital-apim.azure-api.net/api/Pages/83206o/101200/fr/search)
    276 products

── Phase 2 results ──────────────────────────────────────────────────
  Downloaded : 3
  Skipped    : 0  (file already existed)
  Errors     : 0

Run completed: 2026-07-23 13:52:10 UTC
Elapsed      : 0m 4s


Done.  Verbose log → logs/adonis/2026-07-23_verbose.log
       Summary log → logs/adonis/2026-07-23_summary.log

