=== Adonis Flyer Fetch — 2026-09-17 ===
Run started : 2026-09-17 17:48:41 UTC

Loaded 16 stores from data/adonis/stores.parquet

Stores loaded: 16
Loaded store_flyers.parquet (384 flyer entries)

Phase 1: fetching flyer listings per store…

  [21937] Sauvé → ['84002q']
  [21938] Laval → ['84002q']
  [21940] Place-vertu → ['84002q']
  [21941] Brossard → ['84002q']
  [21942] Centre-Ville → ['84002q']
  [21943] Anjou → ['84002q']
  [21944] Laval-Est → ['84002q']
  [21945] Griffintown → ['84002q']
  [21947] Gatineau → ['84002q']
  [21948] Ville de Québec → ['84002q']
  [21950] DDO → ['84002q']
  [101200] Mississauga → ['84002o']
  [101201] Scarborough → ['84002o']
  [101202] Dundas → ['84002o']
  [101203] Ottawa → ['84002o']
  [101204] London → ['84002o']

  16 new flyer entries across 16 stores
  2 unique new job(s) to download
  Appended 16 rows to data/adonis/store_flyers.parquet
New flyer entries added to store_flyers.parquet : 16
Unique new jobs to download                     : 2

Phase 2: fetching products for each new job…

  [84002q] store 21937  (https://metrodigital-apim.azure-api.net/api/Pages/84002q/21937/fr/search)
    286 products
  [84002o] store 101200  (https://metrodigital-apim.azure-api.net/api/Pages/84002o/101200/fr/search)
    276 products

── Phase 2 results ──────────────────────────────────────────────────
  Downloaded : 2
  Skipped    : 0  (file already existed)
  Errors     : 0

Run completed: 2026-09-17 17:48:45 UTC
Elapsed      : 0m 4s


Done.  Verbose log → logs/adonis/2026-09-17_verbose.log
       Summary log → logs/adonis/2026-09-17_summary.log

