=== Adonis Flyer Fetch — 2026-04-16 ===
Run started : 2026-04-16 13:55:10 UTC

Loaded 16 stores from data/adonis/stores.json

Stores loaded: 16
Loaded existing store_flyers.json (32 flyer entries)

Phase 1: fetching flyer listings per store…

  [21937] Sauvé → ['83008']
  [21938] Laval → ['83008']
  [21940] Place-vertu → ['83008']
  [21941] Brossard → ['83008']
  [21942] Centre-Ville → ['83008']
  [21943] Anjou → ['83008']
  [21944] Laval-Est → ['83008']
  [21945] Griffintown → ['83008']
  [21947] Gatineau → ['83008']
  [21948] Ville de Québec → ['83008']
  [21950] DDO → ['83008']
  [101200] Mississauga → ['83008']
  [101201] Scarborough → ['83008']
  [101202] Dundas → ['83008']
  [101203] Ottawa → ['83008']
  [101204] London → ['83008']

  16 new flyer entries across 16 stores
  1 unique new job(s) to download
  Saved → data/adonis/store_flyers.json  (145,777 bytes)
New flyer entries added to store_flyers.json : 16
Unique new jobs to download                  : 1

Phase 2: fetching products for each new job…

  [83008] store 21937  (https://metrodigital-apim.azure-api.net/api/Pages/83008/21937/fr/search)
    288 products
  Saved → data/adonis/flyers/83008.json  (1,400,634 bytes)

── Phase 2 results ──────────────────────────────────────────────────
  Downloaded : 1
  Skipped    : 0  (file already existed)
  Errors     : 0

Run completed: 2026-04-16 13:55:19 UTC
Elapsed      : 0m 9s


Done.  Verbose log → logs/adonis/2026-04-16_verbose.log
       Summary log → logs/adonis/2026-04-16_summary.log

