=== Adonis Flyer Fetch — 2026-10-01 ===
Run started : 2026-10-01 19:06:40 UTC

Loaded 16 stores from data/adonis/stores.parquet

Stores loaded: 16
Loaded store_flyers.parquet (416 flyer entries)

Phase 1: fetching flyer listings per store…

  [21937] Sauvé → ['84248q']
  [21938] Laval → ['84248q']
  [21940] Place-vertu → ['84248q']
  [21941] Brossard → ['84248q']
  [21942] Centre-Ville → ['84248q']
  [21943] Anjou → ['84248q']
  [21944] Laval-Est → ['84248q']
  [21945] Griffintown → ['84248q']
  [21947] Gatineau → ['84248q']
  [21948] Ville de Québec → ['84248q']
  [21950] DDO → ['84248q']
  [101200] Mississauga → ['84248o']
  [101201] Scarborough → ['84248o']
  [101202] Dundas → ['84248o']
  [101203] Ottawa → ['84248o']
  [101204] London → ['84248o']

  16 new flyer entries across 16 stores
  2 unique new job(s) to download
  Appended 16 rows to data/adonis/store_flyers.parquet
New flyer entries added to store_flyers.parquet : 16
Unique new jobs to download                     : 2

Phase 2: fetching products for each new job…

  [84248q] store 21937  (https://metrodigital-apim.azure-api.net/api/Pages/84248q/21937/fr/search)
    323 products
  [84248o] store 101200  (https://metrodigital-apim.azure-api.net/api/Pages/84248o/101200/fr/search)
    288 products

── Phase 2 results ──────────────────────────────────────────────────
  Downloaded : 2
  Skipped    : 0  (file already existed)
  Errors     : 0

Run completed: 2026-10-01 19:06:47 UTC
Elapsed      : 0m 7s


Done.  Verbose log → logs/adonis/2026-10-01_verbose.log
       Summary log → logs/adonis/2026-10-01_summary.log

