=== Adonis Flyer Fetch — 2026-04-30 ===
Run started : 2026-04-30 13:52:08 UTC

Loaded 16 stores from data/adonis/stores.json

Stores loaded: 16
Loaded existing store_flyers.json (64 flyer entries)

Phase 1: fetching flyer listings per store…

  [21937] Sauvé → ['83010']
  [21938] Laval → ['83010']
  [21940] Place-vertu → ['83010']
  [21941] Brossard → ['83010']
  [21942] Centre-Ville → ['83010']
  [21943] Anjou → ['83010']
  [21944] Laval-Est → ['83010']
  [21945] Griffintown → ['83010']
  [21947] Gatineau → ['83010']
  [21948] Ville de Québec → ['83010']
  [21950] DDO → ['83010']
  [101200] Mississauga → ['83010']
  [101201] Scarborough → ['83010']
  [101202] Dundas → ['83010']
  [101203] Ottawa → ['83010']
  [101204] London → ['83010']

  16 new flyer entries across 16 stores
  1 unique new job(s) to download
  Saved → data/adonis/store_flyers.json  (242,461 bytes)
New flyer entries added to store_flyers.json : 16
Unique new jobs to download                  : 1

Phase 2: fetching products for each new job…

  [83010] store 21937  (https://metrodigital-apim.azure-api.net/api/Pages/83010/21937/fr/search)
    319 products
  Saved → data/adonis/flyers/83010.json  (1,640,958 bytes)

── Phase 2 results ──────────────────────────────────────────────────
  Downloaded : 1
  Skipped    : 0  (file already existed)
  Errors     : 0

Run completed: 2026-04-30 13:52:12 UTC
Elapsed      : 0m 3s


Done.  Verbose log → logs/adonis/2026-04-30_verbose.log
       Summary log → logs/adonis/2026-04-30_summary.log

