=== Adonis Flyer Fetch — 2026-10-08 ===
Run started : 2026-10-08 19:30:21 UTC

Loaded 16 stores from data/adonis/stores.parquet

Stores loaded: 16
Loaded store_flyers.parquet (432 flyer entries)

Phase 1: fetching flyer listings per store…

  [21937] Sauvé → ['84249q']
  [21938] Laval → ['84249q']
  [21940] Place-vertu → ['84249q']
  [21941] Brossard → ['84249q']
  [21942] Centre-Ville → ['84249q']
  [21943] Anjou → ['84249q']
  [21944] Laval-Est → ['84249q']
  [21945] Griffintown → ['84249q']
  [21947] Gatineau → ['84249q']
  [21948] Ville de Québec → ['84249q']
  [21950] DDO → ['84249q']
  [101200] Mississauga → ['84249o']
  [101201] Scarborough → ['84249o']
  [101202] Dundas → ['84249o']
  [101203] Ottawa → ['84249o']
  [101204] London → ['84249o']

  16 new flyer entries across 16 stores
  2 unique new job(s) to download
  Appended 16 rows to data/adonis/store_flyers.parquet
New flyer entries added to store_flyers.parquet : 16
Unique new jobs to download                     : 2

Phase 2: fetching products for each new job…

  [84249q] store 21937  (https://metrodigital-apim.azure-api.net/api/Pages/84249q/21937/fr/search)
    304 products
  [84249o] store 101200  (https://metrodigital-apim.azure-api.net/api/Pages/84249o/101200/fr/search)
    315 products

── Phase 2 results ──────────────────────────────────────────────────
  Downloaded : 2
  Skipped    : 0  (file already existed)
  Errors     : 0

Run completed: 2026-10-08 19:30:25 UTC
Elapsed      : 0m 3s


Done.  Verbose log → logs/adonis/2026-10-08_verbose.log
       Summary log → logs/adonis/2026-10-08_summary.log

