=== Adonis Flyer Fetch — 2026-09-10 ===
Run started : 2026-09-10 17:10:39 UTC

Loaded 16 stores from data/adonis/stores.parquet

Stores loaded: 16
Loaded store_flyers.parquet (368 flyer entries)

Phase 1: fetching flyer listings per store…

  [21937] Sauvé → ['84001q']
  [21938] Laval → ['84001q']
  [21940] Place-vertu → ['84001q']
  [21941] Brossard → ['84001q']
  [21942] Centre-Ville → ['84001q']
  [21943] Anjou → ['84001q']
  [21944] Laval-Est → ['84001q']
  [21945] Griffintown → ['84001q']
  [21947] Gatineau → ['84001q']
  [21948] Ville de Québec → ['84001q']
  [21950] DDO → ['84001q']
  [101200] Mississauga → ['84001o']
  [101201] Scarborough → ['84001o']
  [101202] Dundas → ['84001o']
  [101203] Ottawa → ['84001o']
  [101204] London → ['84001o']

  16 new flyer entries across 16 stores
  2 unique new job(s) to download
  Appended 16 rows to data/adonis/store_flyers.parquet
New flyer entries added to store_flyers.parquet : 16
Unique new jobs to download                     : 2

Phase 2: fetching products for each new job…

  [84001q] store 21937  (https://metrodigital-apim.azure-api.net/api/Pages/84001q/21937/fr/search)
    303 products
  [84001o] store 101200  (https://metrodigital-apim.azure-api.net/api/Pages/84001o/101200/fr/search)
    272 products

── Phase 2 results ──────────────────────────────────────────────────
  Downloaded : 2
  Skipped    : 0  (file already existed)
  Errors     : 0

Run completed: 2026-09-10 17:10:43 UTC
Elapsed      : 0m 3s


Done.  Verbose log → logs/adonis/2026-09-10_verbose.log
       Summary log → logs/adonis/2026-09-10_summary.log

