=== Foodland Flyer Fetch — 2026-10-01 ===
Run started : 2026-10-01 19:02:16 UTC

Loaded 241 stores from data/foodland/stores.parquet

Stores loaded: 241
Loaded store_flyers.parquet (3931 publication entries)

Phase 1: fetching publications per store…

  [1906] Foodland Port Aux Choix → no new flyers
  [3237] Havelock → ['8168696']
  [3238] Elmvale → ['8168696']
  [3239] Wiarton → ['8168697']
  [3245] Walkerton → ['8168696']
  [3247] Buckhorn → ['8168705']
  [3248] Millbrook → ['8168696']
  [3249] Foodland Markdale → ['8168697']
  [3250] Foodland Komoka → ['8168696']
  [3252] Vodden → no new flyers
  [3255] Omemee → ['8168696']
  [3257] Little Britain → no new flyers
  [3260] Stayner → no new flyers
  [3263] Wingham → no new flyers
  [3270] Creemore → no new flyers
  [3273] Hagersville → ['8168696']
  [3279] Mount Albert → ['8161592']
  [3284] Port Carling → ['8168696']
  [3287] Victoria Harbour → ['8168696']
  [3290] Picton → ['8168697']
  [3294] Toronto &#8211; 107 Parkway Forest  Dr → no new flyers
  [3297] St. Marys Stonetown → no new flyers
  [3299] Capreol → ['8168696']
  [3302] Coldwater → ['8168696']
  [3303] Caledon East → no new flyers
  [3304] Craighurst → ['8161592']
  [3307] Cobourg → no new flyers
  [3309] Lucan → ['8168696']
  [3320] Callander → ['8168696']
  [3322] Cookstown → no new flyers
  [3324] Brights Grove → ['8161592']
  [3326] Essex → ['8168696']
  [3328] Elliot Lake → no new flyers
  [3329] Parkway Forest → no new flyers
  [3332] Rockwood → ['8161592']
  [3340] Tobermory → ['8168696']
  [3342] Shelburne → no new flyers
  [3343] Glencoe → ['8168696']
  [3344] Ayr → ['8161592']
  [3345] Exeter → ['8168696']
  [3346] Colborne → no new flyers
  [3347] Little Brittain → no new flyers
  [3348] Bobcaygeon → ['8168696']
  [3349] Madoc → ['8168696']
  [3354] Niagara on the Lake Foodland → ['8161592']
  [3356] Amherstview → ['8168697']
  [3357] Osgoode → no new flyers
  [3360] Cayuga → ['8168696']
  [3361] Corunna → ['8168696']
  [3362] Coboconk → no new flyers
  [3363] Hanover → no new flyers
  [3366] Brussels → no new flyers
  [3367] St. Thomas → ['8168696']
  [3368] Ingersoll → ['8168696']
  [3369] Watford → ['8168696']
  [3370] Arthur → no new flyers
  [3384] Verona → ['8161592']
  [3386] Palmerston → ['8168696']
  [3387] Seaforth → ['8168696']
  [3391] Vankleek Hill → ['8168699']
  [3392] Thornbury → ['8168696']
  [3393] Stirling → ['8168696']
  [3395] Brechin → no new flyers
  [3396] Ennismore → ['8168696']
  [3397] Iroquois → no new flyers
  [3398] Parkhill → ['8168696']
  [3407] Hanover → no new flyers
  [3414] Mindemoya → ['8161592']
  [3415] Wasaga Beach → no new flyers
  [3418] Iroquois → ['8168696']
  [3420] Foodland Dutton → ['8168696']
  [3421] Waterford → ['8168696']
  [3427] Elmira → no new flyers
  [3428] Southampton → ['8168696']
  [3431] Hanover → no new flyers
  [3432] Foodland Mount Forest → ['8168696']
  [3433] Foodland Stroud → ['8168696']
  [3435] Osgoode → ['8161593']
  [3437] Belle River → no new flyers
  [3441] West Lorne → ['8161592']
  [3442] Shelburne → ['8168696']
  [3443] Beeton → ['8161592']
  [3444] Greely → ['8161592']
  [3445] Arthur → ['8168696']
  [3446] Brampton → ['8168696']
  [3448] Timmins → ['8168698']
  [3449] Foodland Springdale → ['8159300']
  [3450] Foodland Schomberg → ['8168696']
  [3453] Foodland Charlottetown → ['8159299']
  [3455] Foodland Kentville → ['8159299']
  [3456] Foodland Chester → ['8159299']
  [3457] Foodland Stewiacke → no new flyers
  [3458] Grand Bay → ['8159299']
  [3461] Foodland Botwood → ['8159300']
  [3462] Co-Op Lewisporte → ['8159300']
  [3463] Foodland Sydney Mines → no new flyers
  [3464] Foodland Westville → ['8159299']
  [3465] Foodland Weymouth → ['8159299']
  [3466] Foodland Bloomfield → ['8159301']
  [3467] Foodland St. Peters → ['8159299']
  [3663] Stayner → ['8168696']
  [3665] Creemore → ['8168696']
  [3667] Mattawa → ['8168696']
  [3668] Dorchester → ['8168696']
  [3672] Foodland Port Stanley → ['8168696']
  [3673] Stonetown → no new flyers
  [3674] Woodstock → ['8161592']
  [4040] Sobeys Three Sisters Liquor → no new flyers
  [4352] Sobeys Edgemont Liquor → no new flyers
  [4819] Sobeys Liquor Glenridding → no new flyers
  [6266] Foxboro → ['8161592']
  [6274] Coldwater → no new flyers
  [6277] Wellington → ['8168696']
  [6283] Thorold → ['8168696']
  [6304] Sydenham &#8211; Trousdales → ['8168696']
  [6340] Waterford → no new flyers
  [6341] Wyoming → ['8161592']
  [6363] Little Current → no new flyers
  [6364] West Lorne → no new flyers
  [6393] Iroquois Falls → no new flyers
  [6396] Midland → ['8168697']
  [6413] Minden → ['8168696']
  [6419] Forest → ['8168696']
  [6421] Ridgetown → ['8168696']
  [6422] Lakefield → ['8168696']
  [6424] Toronto &#8211; 1500 Islington Ave → ['8161605']
  [6425] Toronto &#8211; 2040 Queen St E. → ['8161605']
  [6429] Eganville → ['8168697']
  [6436] Shelburne → no new flyers
  [6445] Stratford → ['8168696']
  [6447] Haliburton → ['8168696']
  [6448] Cannington → ['8161592']
  [6731] Norwood → ['8168696']
  [6740] Northbrook → ['8168696']
  [6742] Bayfield → ['8168696']
  [6756] Toronto &#8211; 623 Danforth Ave → ['8161605']
  [6764] Hamilton → no new flyers
  [6766] Smithville → ['8168696']
  [6767] Tottenham → no new flyers
  [6780] Mactier → ['8168696']
  [6781] Frankford → no new flyers
  [6782] Beeton → no new flyers
  [6783] Bancroft → ['8168696']
  [6785] Chippawa → ['8161592']
  [6791] Harriston → ['8168696']
  [6817] Penetang → ['8168699']
  [6819] Sundridge → ['8168697']
  [6827] Russell → ['8168696']
  [6828] Winchester → ['8168696']
  [6834] Owen Sound → ['8168696']
  [6837] Newcastle → ['8168696']
  [6838] Port Perry → ['8168696']
  [6839] Kirkland Lake → ['8168698']
  [6841] Orillia → ['8168696']
  [6844] Durham → ['8168696']
  [6846] Hillsburgh → ['8161592']
  [6847] Stroud → no new flyers
  [6856] Clinton → ['8168696']
  [6863] Garson → ['8168696']
  [6864] Vineland → no new flyers
  [7025] Burford → ['8161592']
  [7084] Norwich → ['8161592']
  [7086] Bothwell → ['8161592']
  [7099] Port Rowan → no new flyers
  [7102] Lambeth → ['8161592']
  [7119] Tilbury → ['8161592']
  [7129] Dresden → ['8161592']
  [7181] Ingleside → ['8161592']
  [7193] Lions Head → ['8161592']
  [7254] Dundalk → ['8168696']
  [7256] Wilberforce → ['8168696']
  [7284] Peterborough &#8211; 760 Sherbrooke St. W. → ['8168703']
  [7285] Peterborough &#8211; 142 Hunter St. E. → ['8168696']
  [9080] Foodland Carters Cove (Farr&#8217;s) → ['8159300']
  [9083] Foodland Old Perlican → ['8159300']
  [9085] Foodland Blackville → ['8159299']
  [9089] Foodland Berwick → ['8159299']
  [9090] Foodland Torbay → ['8159300']
  [9099] Foodland Arnolds Cove → ['8159300']
  [9147] Foodland Burgeo → ['8159300']
  [9156] Foodland Joe Batts Arm → ['8159300']
  [9159] Foodland Saulnierville → ['8159301']
  [9187] Foodland Coldbrook → ['8159299']
  [9214] Foodland Whitbourne → ['8159300']
  [9215] Foodland Bonavista → ['8159300']
  [9221] Foodland Pasadena → ['8159300']
  [9223] Foodland Harbour Breton → ['8159300']
  [9226] Foodland Minto -TEMPORARY LOCATION → ['8159299']
  [9229] Foodland Jeddore → ['8159299']
  [9232] Foodland Eskasoni → ['8159299']
  [9253] Foodland Carbonear → no new flyers
  [9256] Foodland Twillingate → ['8159300']
  [9257] Foodland Middleton → ['8159299']
  [9258] Foodland Sackville → ['8159299']
  [9261] Foodland Annapolis Royal . → ['8159299']
  [9263] Foodland Grand Falls → ['8159301']
  [9266] Foodland Gander → ['8159300']
  [9270] Foodland Ferryland → ['8159300']
  [9272] Foodland Grand Bank → ['8159302']
  [9274] Foodland Bay Roberts → ['8159300']
  [9275] Shean Co-operative Ltd. → ['8159297']
  [9276] La Cooperative de Cheticamp → ['8159298']
  [9277] La Coop Charles Forest → ['8159298']
  [9278] Margaree Co-operative Soc. → ['8159298']
  [9279] Whycocomagh Co-operative Ltd → ['8159297']
  [9280] Port Hood Co-operative Ltd. → ['8159297']
  [9281] Neils Harbour Co-operative → ['8159297']
  [9282] Baie Verte D.C. Co-op Soc. → ['8159296']
  [9283] Carleton Co-operative Ltd. → ['8159297']
  [9284] Souris Co-operative Ltd. → ['8159297']
  [9285] OLeary Farmers Co-op Assn. → ['8159297']
  [9286] Tignish Co-operative Assn. → ['8159298']
  [9287] Cross Roads Co-operative Ltd → ['8168726']
  [9288] Pugwash Co-operative Ltd. → ['8159297']
  [9289] Canso Co-operative Ltd. → ['8159297']
  [9290] De La Tour Co-op Society Ltd → ['8159297']
  [9291] Beaubear Co-operative Ltd. → ['8159297']
  [9293] Victoria Farmers Co-op → ['8159297']
  [9294] Wellington Co-operative Assn → ['8159298']
  [9295] Morell Consumers Co-op → ['8159297']
  [9299] Foodland Jeddore → no new flyers
  [9315] Foodland Summerside → no new flyers
  [9369] Foodland Bible Hill → ['8159299']
  [9371] Co-Op Stephenville → no new flyers
  [9372] Greely → no new flyers
  [9373] Foodland Dalhousie → ['8159301']
  [9374] Foodland Bay Bulls → ['8159300']
  [9375] Foodland Quispamsis → ['8168723']
  [9377] Foodland St. Anthony → ['8159300']
  [9379] Petitcodiac Foodland → ['8159299']
  [9381] Foodland Springhill → ['8159299']
  [9382] Foodland Milford → ['8159299']
  [9383] Foodland Glace Bay → ['8159299']
  [9388] Foodland Lunenburg → ['8159299']
  [9436] Foodland Placentia → no new flyers
  [9439] Foodland Sheet Harbour → no new flyers
  [9442] Foodland Port Aux Basques → ['8159300']
  [9443] Foodland Deer Lake → ['8159300']
  [9445] Foodland Glovertown → no new flyers
  [9446] Foodland Tatamagouche → ['8159299']
  [9449] Foodland Rexton → ['8159301']

  186 new publication entries across 241 stores
  18 unique new publication(s) to download
  Appended 186 rows to data/foodland/store_flyers.parquet
New publication entries added to store_flyers.parquet: 186
Unique new publications to download: 18

Phase 2: fetching products for each new publication…

  [8168696] Weekly Flyer  (2026-10-01T00:00:00-04:00 → 2026-10-07T23:59:59-04:00)
    173 products
  [8168697] Weekly Flyer  (2026-10-01T00:00:00-04:00 → 2026-10-07T23:59:59-04:00)
    172 products
  [8168705] Weekly Flyer  (2026-10-01T00:00:00-04:00 → 2026-10-07T23:59:59-04:00)
    174 products
  [8161592] Weekly Flyer  (2026-10-01T00:00:00-04:00 → 2026-10-07T23:59:59-04:00)
    165 products
  [8168699] Weekly Flyer  (2026-10-01T00:00:00-04:00 → 2026-10-07T23:59:59-04:00)
    172 products
  [8161593] Weekly Flyer  (2026-10-01T00:00:00-04:00 → 2026-10-07T23:59:59-04:00)
    165 products
  [8168698] Weekly Flyer  (2026-10-01T00:00:00-04:00 → 2026-10-07T23:59:59-04:00)
    173 products
  [8159300] ATL Weekly  (2026-10-01T00:00:00-04:00 → 2026-10-07T23:59:59-04:00)
    158 products
  [8159299] ATL Weekly  (2026-10-01T00:00:00-04:00 → 2026-10-07T23:59:59-04:00)
    158 products
  [8159301] ATL Weekly  (2026-10-01T00:00:00-04:00 → 2026-10-07T23:59:59-04:00)
    158 products
  [8161605] Weekly Flyer  (2026-10-01T00:00:00-04:00 → 2026-10-07T23:59:59-04:00)
    101 products
  [8168703] Weekly Flyer  (2026-10-01T00:00:00-04:00 → 2026-10-07T23:59:59-04:00)
    174 products
  [8159302] ATL Weekly  (2026-10-01T00:00:00-04:00 → 2026-10-07T23:59:59-04:00)
    158 products
  [8159297] Co-op Advantage - Weekly Flyer  (2026-10-01T00:00:00-04:00 → 2026-10-07T23:59:59-04:00)
    157 products
  [8159298] Co-op Advantage - Weekly Flyer  (2026-10-01T00:00:00-04:00 → 2026-10-07T23:59:59-04:00)
    157 products
  [8159296] Co-op Advantage - Weekly Flyer  (2026-10-01T00:00:00-04:00 → 2026-10-07T23:59:59-04:00)
    157 products
  [8168726] Co-op Advantage - Weekly Flyer  (2026-10-01T00:00:00-04:00 → 2026-10-07T23:59:59-04:00)
    158 products
  [8168723] ATL Weekly  (2026-10-01T00:00:00-04:00 → 2026-10-07T23:59:59-04:00)
    159 products

── Phase 2 results ──────────────────────────────────────────────────
  Downloaded : 18
  Skipped    : 0  (file already existed)
  Errors     : 0

Run completed: 2026-10-01 19:03:04 UTC
Elapsed      : 0m 47s


Done.  Verbose log → logs/foodland/2026-10-01_verbose.log
       Summary log → logs/foodland/2026-10-01_summary.log

