=== Foodland Flyer Fetch — 2026-06-11 ===
Run started : 2026-06-11 14:32:41 UTC

Loaded 241 stores from data/foodland/stores.parquet

Stores loaded: 241
Loaded store_flyers.parquet (2014 publication entries)

Phase 1: fetching publications per store…

  [1906] Foodland Port Aux Choix → no new flyers
  [3237] Havelock → ['7979004']
  [3238] Elmvale → ['7979004']
  [3239] Wiarton → ['7979005']
  [3245] Walkerton → ['7979004']
  [3247] Buckhorn → ['7979004']
  [3248] Millbrook → ['7979004']
  [3249] Foodland Markdale → ['7979005']
  [3250] Foodland Komoka → ['7979004']
  [3252] Vodden → no new flyers
  [3255] Omemee → ['7979004']
  [3257] Little Britain → no new flyers
  [3260] Stayner → no new flyers
  [3263] Wingham → no new flyers
  [3270] Creemore → no new flyers
  [3273] Hagersville → ['7979004']
  [3279] Mount Albert → ['7972606']
  [3284] Port Carling → ['7979004']
  [3287] Victoria Harbour → ['7979004']
  [3290] Picton → ['7979005']
  [3294] Toronto &#8211; 107 Parkway Forest  Dr → no new flyers
  [3297] St. Marys Stonetown → no new flyers
  [3299] Capreol → ['7979004']
  [3302] Coldwater → ['7979004']
  [3303] Caledon East → no new flyers
  [3304] Craighurst → ['7972606']
  [3307] Cobourg → ['7979005']
  [3309] Lucan → ['7979004']
  [3320] Callander → ['7979004']
  [3322] Cookstown → no new flyers
  [3324] Brights Grove → ['7972606']
  [3326] Essex → ['7979004']
  [3328] Elliot Lake → ['7979004']
  [3329] Parkway Forest → no new flyers
  [3332] Rockwood → ['7972606']
  [3340] Tobermory → ['7979004']
  [3342] Shelburne → no new flyers
  [3343] Glencoe → ['7979004']
  [3344] Ayr → ['7972606']
  [3345] Exeter → ['7979004']
  [3346] Colborne → no new flyers
  [3347] Little Brittain → no new flyers
  [3348] Bobcaygeon → ['7979004']
  [3349] Madoc → ['7979004']
  [3354] Niagara on the Lake Foodland → ['7972606']
  [3356] Amherstview → ['7979005']
  [3357] Osgoode → no new flyers
  [3360] Cayuga → ['7979004']
  [3361] Corunna → ['7979004']
  [3362] Coboconk → ['7979004']
  [3363] Hanover → no new flyers
  [3366] Brussels → ['7979004']
  [3367] St. Thomas → ['7979004']
  [3368] Ingersoll → ['7979004']
  [3369] Watford → ['7979004']
  [3370] Arthur → no new flyers
  [3384] Verona → ['7972606']
  [3386] Palmerston → ['7979004']
  [3387] Seaforth → ['7979003']
  [3391] Vankleek Hill → ['7979124']
  [3392] Thornbury → ['7979004']
  [3393] Stirling → ['7979004']
  [3395] Brechin → ['7979004']
  [3396] Ennismore → ['7979004']
  [3397] Iroquois → no new flyers
  [3398] Parkhill → ['7979004']
  [3407] Hanover → no new flyers
  [3414] Mindemoya → ['7972606']
  [3415] Wasaga Beach → ['7979004']
  [3418] Iroquois → ['7979004']
  [3420] Foodland Dutton → ['7972606']
  [3421] Waterford → ['7979004']
  [3427] Elmira → no new flyers
  [3428] Southampton → ['7979004']
  [3431] Hanover → ['7979004']
  [3432] Foodland Mount Forest → ['7979004']
  [3433] Foodland Stroud → ['7979004']
  [3435] Osgoode → ['7972607']
  [3437] Belle River → no new flyers
  [3441] West Lorne → ['7972606']
  [3442] Shelburne → ['7979004']
  [3443] Beeton → ['7972606']
  [3444] Greely → ['7972606']
  [3445] Arthur → ['7979004']
  [3446] Brampton → ['7979004']
  [3448] Timmins → ['7979123']
  [3449] Foodland Springdale → ['7971324']
  [3450] Foodland Schomberg → ['7979004']
  [3453] Foodland Charlottetown → ['7971322']
  [3455] Foodland Kentville → ['7971322']
  [3456] Foodland Chester → ['7971322']
  [3457] Foodland Stewiacke → no new flyers
  [3458] Grand Bay → ['7971322']
  [3461] Foodland Botwood → ['7971324']
  [3462] Co-Op Lewisporte → ['7971324']
  [3463] Foodland Sydney Mines → ['7971322']
  [3464] Foodland Westville → ['7971322']
  [3465] Foodland Weymouth → ['7971322']
  [3466] Foodland Bloomfield → ['7971325']
  [3467] Foodland St. Peters → ['7971322']
  [3663] Stayner → ['7979004']
  [3665] Creemore → ['7972606']
  [3667] Mattawa → ['7972606']
  [3668] Dorchester → ['7972606']
  [3672] Foodland Port Stanley → ['7972606']
  [3673] Stonetown → ['7972606']
  [3674] Woodstock → ['7972606']
  [4040] Sobeys Three Sisters Liquor → no new flyers
  [4352] Sobeys Edgemont Liquor → no new flyers
  [4819] Sobeys Liquor Glenridding → no new flyers
  [6266] Foxboro → ['7972606']
  [6274] Coldwater → no new flyers
  [6277] Wellington → ['7979004']
  [6283] Thorold → ['7979004']
  [6304] Sydenham &#8211; Trousdales → ['7979004']
  [6340] Waterford → no new flyers
  [6341] Wyoming → ['7972606']
  [6363] Little Current → no new flyers
  [6364] West Lorne → no new flyers
  [6393] Iroquois Falls → no new flyers
  [6396] Midland → ['7979005']
  [6413] Minden → ['7979004']
  [6419] Forest → ['7979004']
  [6421] Ridgetown → ['7979004']
  [6422] Lakefield → ['7979004']
  [6424] Toronto &#8211; 1500 Islington Ave → ['7972608']
  [6425] Toronto &#8211; 2040 Queen St E. → ['7972608']
  [6429] Eganville → ['7979005']
  [6436] Shelburne → no new flyers
  [6445] Stratford → ['7979004']
  [6447] Haliburton → ['7979004']
  [6448] Cannington → ['7972606']
  [6731] Norwood → ['7979004']
  [6740] Northbrook → ['7979004']
  [6742] Bayfield → ['7979004']
  [6756] Toronto &#8211; 623 Danforth Ave → ['7972608']
  [6764] Hamilton → no new flyers
  [6766] Smithville → ['7979004']
  [6767] Tottenham → no new flyers
  [6780] Mactier → ['7979004']
  [6781] Frankford → no new flyers
  [6782] Beeton → no new flyers
  [6783] Bancroft → ['7979004']
  [6785] Chippawa → ['7972606']
  [6791] Harriston → ['7979004']
  [6817] Penetang → ['7979124']
  [6819] Sundridge → ['7979005']
  [6827] Russell → ['7979001']
  [6828] Winchester → ['7979004']
  [6834] Owen Sound → ['7979004']
  [6837] Newcastle → ['7979004']
  [6838] Port Perry → ['7979004']
  [6839] Kirkland Lake → ['7979123']
  [6841] Orillia → ['7979004']
  [6844] Durham → ['7979004']
  [6846] Hillsburgh → ['7972606']
  [6847] Stroud → no new flyers
  [6856] Clinton → ['7979004']
  [6863] Garson → ['7979004']
  [6864] Vineland → no new flyers
  [7025] Burford → ['7972606']
  [7084] Norwich → ['7972606']
  [7086] Bothwell → ['7972606']
  [7099] Port Rowan → no new flyers
  [7102] Lambeth → ['7972606']
  [7119] Tilbury → ['7972606']
  [7129] Dresden → ['7972606']
  [7181] Ingleside → ['7972606']
  [7193] Lions Head → ['7972606']
  [7254] Dundalk → ['7979004']
  [7256] Wilberforce → ['7979004']
  [7284] Peterborough &#8211; 760 Sherbrooke St. W. → ['7979004']
  [7285] Peterborough &#8211; 142 Hunter St. E. → ['7979004']
  [9080] Foodland Carters Cove (Farr&#8217;s) → ['7971324']
  [9083] Foodland Old Perlican → ['7971324']
  [9085] Foodland Blackville → ['7971322']
  [9089] Foodland Berwick → ['7971322']
  [9090] Foodland Torbay → ['7971324']
  [9099] Foodland Arnolds Cove → ['7971324']
  [9147] Foodland Burgeo → ['7971324']
  [9156] Foodland Joe Batts Arm → ['7971324']
  [9159] Foodland Saulnierville → ['7971325']
  [9187] Foodland Coldbrook → ['7971322']
  [9214] Foodland Whitbourne → ['7971324']
  [9215] Foodland Bonavista → ['7971324']
  [9221] Foodland Pasadena → ['7971324']
  [9223] Foodland Harbour Breton → ['7971324']
  [9226] Foodland Minto -TEMPORARY LOCATION → ['7971322']
  [9229] Foodland Jeddore → ['7971322']
  [9232] Foodland Eskasoni → ['7971322']
  [9253] Foodland Carbonear → no new flyers
  [9256] Foodland Twillingate → ['7971324']
  [9257] Foodland Middleton → ['7971322']
  [9258] Foodland Sackville → ['7971322']
  [9261] Foodland Annapolis Royal . → ['7971322']
  [9263] Foodland Grand Falls → ['7971325']
  [9266] Foodland Gander → ['7971324']
  [9270] Foodland Ferryland → ['7971324']
  [9272] Foodland Grand Bank → ['7971326']
  [9274] Foodland Bay Roberts → ['7971324']
  [9275] Shean Co-operative Ltd. → ['7971330']
  [9276] La Cooperative de Cheticamp → ['7971331']
  [9277] La Coop Charles Forest → ['7971331']
  [9278] Margaree Co-operative Soc. → ['7971331']
  [9279] Whycocomagh Co-operative Ltd → ['7971330']
  [9280] Port Hood Co-operative Ltd. → ['7971330']
  [9281] Neils Harbour Co-operative → ['7971330']
  [9282] Baie Verte D.C. Co-op Soc. → ['7971329']
  [9283] Carleton Co-operative Ltd. → ['7971330']
  [9284] Souris Co-operative Ltd. → ['7971330']
  [9285] OLeary Farmers Co-op Assn. → ['7971330']
  [9286] Tignish Co-operative Assn. → ['7971331']
  [9287] Cross Roads Co-operative Ltd → ['7971330']
  [9288] Pugwash Co-operative Ltd. → ['7971330']
  [9289] Canso Co-operative Ltd. → ['7971330']
  [9290] De La Tour Co-op Society Ltd → ['7971330']
  [9291] Beaubear Co-operative Ltd. → ['7971330']
  [9293] Victoria Farmers Co-op → ['7971330']
  [9294] Wellington Co-operative Assn → ['7971331']
  [9295] Morell Consumers Co-op → ['7971330']
  [9299] Foodland Jeddore → no new flyers
  [9315] Foodland Summerside → no new flyers
  [9369] Foodland Bible Hill → ['7978915']
  [9371] Co-Op Stephenville → no new flyers
  [9372] Greely → no new flyers
  [9373] Foodland Dalhousie → ['7971325']
  [9374] Foodland Bay Bulls → ['7971324']
  [9375] Foodland Quispamsis → ['7971322']
  [9377] Foodland St. Anthony → ['7971324']
  [9379] Petitcodiac Foodland → ['7971322']
  [9381] Foodland Springhill → ['7971322']
  [9382] Foodland Milford → ['7971322']
  [9383] Foodland Glace Bay → ['7971322']
  [9388] Foodland Lunenburg → ['7971322']
  [9436] Foodland Placentia → ['7971324']
  [9439] Foodland Sheet Harbour → ['7971322']
  [9442] Foodland Port Aux Basques → ['7971324']
  [9443] Foodland Deer Lake → ['7971324']
  [9445] Foodland Glovertown → no new flyers
  [9446] Foodland Tatamagouche → ['7971323']
  [9449] Foodland Rexton → ['7971325']

  197 new publication entries across 241 stores
  18 unique new publication(s) to download
  Appended 197 rows to data/foodland/store_flyers.parquet
New publication entries added to store_flyers.parquet: 197
Unique new publications to download: 18

Phase 2: fetching products for each new publication…

  [7979004] Weekly Flyer  (2026-06-11T00:00:00-04:00 → 2026-06-17T23:59:59-04:00)
    174 products
  [7979005] Weekly Flyer  (2026-06-11T00:00:00-04:00 → 2026-06-17T23:59:59-04:00)
    174 products
  [7972606] Weekly Flyer  (2026-06-11T00:00:00-04:00 → 2026-06-17T23:59:59-04:00)
    167 products
  [7979003] Weekly Flyer  (2026-06-11T00:00:00-04:00 → 2026-06-17T23:59:59-04:00)
    175 products
  [7979124] Weekly Flyer  (2026-06-11T00:00:00-04:00 → 2026-06-17T23:59:59-04:00)
    174 products
  [7972607] Weekly Flyer  (2026-06-11T00:00:00-04:00 → 2026-06-17T23:59:59-04:00)
    167 products
  [7979123] Weekly Flyer  (2026-06-11T00:00:00-04:00 → 2026-06-17T23:59:59-04:00)
    174 products
  [7971324] ATL Weekly  (2026-06-11T00:00:00-04:00 → 2026-06-17T23:59:59-04:00)
    170 products
  [7971322] ATL Weekly  (2026-06-11T00:00:00-04:00 → 2026-06-17T23:59:59-04:00)
    171 products
  [7971325] ATL Weekly  (2026-06-11T00:00:00-04:00 → 2026-06-17T23:59:59-04:00)
    171 products
  [7972608] Weekly Flyer  (2026-06-11T00:00:00-04:00 → 2026-06-17T23:59:59-04:00)
    103 products
  [7979001] Weekly Flyer  (2026-06-11T00:00:00-04:00 → 2026-06-17T23:59:59-04:00)
    175 products
  [7971326] ATL Weekly  (2026-06-11T00:00:00-04:00 → 2026-06-17T23:59:59-04:00)
    170 products
  [7971330] Co-op Advantage - Weekly Flyer  (2026-06-11T00:00:00-04:00 → 2026-06-17T23:59:59-04:00)
    169 products
  [7971331] Co-op Advantage - Weekly Flyer  (2026-06-11T00:00:00-04:00 → 2026-06-17T23:59:59-04:00)
    169 products
  [7971329] Co-op Advantage - Weekly Flyer  (2026-06-11T00:00:00-04:00 → 2026-06-17T23:59:59-04:00)
    170 products
  [7978915] ATL Weekly  (2026-06-11T00:00:00-04:00 → 2026-06-17T23:59:59-04:00)
    172 products
  [7971323] ATL Weekly  (2026-06-11T00:00:00-04:00 → 2026-06-17T23:59:59-04:00)
    171 products

── Phase 2 results ──────────────────────────────────────────────────
  Downloaded : 18
  Skipped    : 0  (file already existed)
  Errors     : 0

Run completed: 2026-06-11 14:33:31 UTC
Elapsed      : 0m 50s


Done.  Verbose log → logs/foodland/2026-06-11_verbose.log
       Summary log → logs/foodland/2026-06-11_summary.log

