=== Foodland Flyer Fetch — 2026-04-16 ===
Run started : 2026-04-16 13:50:15 UTC

Loaded 241 stores from data/foodland/stores.json

Stores loaded: 241
Loaded existing store_flyers.json (414 publication entries)

Phase 1: fetching publications per store…

  [1906] Foodland Port Aux Choix → no new flyers
  [3237] Havelock → ['7885472']
  [3238] Elmvale → ['7885472']
  [3239] Wiarton → ['7885473']
  [3245] Walkerton → ['7885472']
  [3247] Buckhorn → ['7885472']
  [3248] Millbrook → ['7885472']
  [3249] Foodland Markdale → ['7885473']
  [3250] Foodland Komoka → ['7885472']
  [3252] Vodden → no new flyers
  [3255] Omemee → ['7885472']
  [3257] Little Britain → no new flyers
  [3260] Stayner → no new flyers
  [3263] Wingham → no new flyers
  [3270] Creemore → no new flyers
  [3273] Hagersville → ['7885472']
  [3279] Mount Albert → ['7878187']
  [3284] Port Carling → ['7885472']
  [3287] Victoria Harbour → ['7885472']
  [3290] Picton → ['7885473']
  [3294] Toronto &#8211; 107 Parkway Forest  Dr → no new flyers
  [3297] St. Marys Stonetown → no new flyers
  [3299] Capreol → ['7885472']
  [3302] Coldwater → ['7885472']
  [3303] Caledon East → ['7885472']
  [3304] Craighurst → ['7878187']
  [3307] Cobourg → ['7885473']
  [3309] Lucan → ['7885472']
  [3320] Callander → ['7885472']
  [3322] Cookstown → no new flyers
  [3324] Brights Grove → ['7878187']
  [3326] Essex → ['7885472']
  [3328] Elliot Lake → ['7885472']
  [3329] Parkway Forest → no new flyers
  [3332] Rockwood → ['7878187']
  [3340] Tobermory → ['7885472']
  [3342] Shelburne → no new flyers
  [3343] Glencoe → ['7885472']
  [3344] Ayr → ['7878187']
  [3345] Exeter → ['7885472']
  [3346] Colborne → no new flyers
  [3347] Little Brittain → no new flyers
  [3348] Bobcaygeon → ['7885472']
  [3349] Madoc → ['7885472']
  [3354] Niagara on the Lake Foodland → ['7878187']
  [3356] Amherstview → ['7885473']
  [3357] Osgoode → no new flyers
  [3360] Cayuga → ['7885472']
  [3361] Corunna → ['7885472']
  [3362] Coboconk → ['7885472']
  [3363] Hanover → no new flyers
  [3366] Brussels → ['7885472']
  [3367] St. Thomas → ['7885472']
  [3368] Ingersoll → ['7885472']
  [3369] Watford → ['7885472']
  [3370] Arthur → no new flyers
  [3384] Verona → ['7878187']
  [3386] Palmerston → ['7885472']
  [3387] Seaforth → ['7885472']
  [3391] Vankleek Hill → ['7885475']
  [3392] Thornbury → ['7885472']
  [3393] Stirling → ['7885472']
  [3395] Brechin → ['7885472']
  [3396] Ennismore → ['7885472']
  [3397] Iroquois → no new flyers
  [3398] Parkhill → ['7885472']
  [3407] Hanover → no new flyers
  [3414] Mindemoya → ['7878187']
  [3415] Wasaga Beach → ['7885472']
  [3418] Iroquois → ['7885472']
  [3420] Foodland Dutton → ['7878187']
  [3421] Waterford → ['7885472']
  [3427] Elmira → ['7885472']
  [3428] Southampton → ['7885472']
  [3431] Hanover → ['7885472']
  [3432] Foodland Mount Forest → ['7885472']
  [3433] Foodland Stroud → ['7885472']
  [3435] Osgoode → ['7878188']
  [3437] Belle River → ['7885472']
  [3441] West Lorne → ['7878187']
  [3442] Shelburne → ['7885472']
  [3443] Beeton → ['7878187']
  [3444] Greely → ['7878187']
  [3445] Arthur → ['7885472']
  [3446] Brampton → ['7885472']
  [3448] Timmins → ['7885474']
  [3449] Foodland Springdale → ['7878039']
  [3450] Foodland Schomberg → ['7885472']
  [3453] Foodland Charlottetown → ['7878038']
  [3455] Foodland Kentville → ['7878038']
  [3456] Foodland Chester → ['7878038']
  [3457] Foodland Stewiacke → no new flyers
  [3458] Grand Bay → ['7878038']
  [3461] Foodland Botwood → ['7878039']
  [3462] Co-Op Lewisporte → ['7878039']
  [3463] Foodland Sydney Mines → ['7878038']
  [3464] Foodland Westville → ['7878038']
  [3465] Foodland Weymouth → ['7878038']
  [3466] Foodland Bloomfield → ['7878040']
  [3467] Foodland St. Peters → ['7878038']
  [3663] Stayner → ['7885472']
  [3665] Creemore → ['7878187']
  [3667] Mattawa → ['7878187']
  [3668] Dorchester → ['7878187']
  [3672] Foodland Port Stanley → ['7878187']
  [3673] Stonetown → ['7878187']
  [3674] Woodstock → ['7878187']
  [4040] Sobeys Three Sisters Liquor → no new flyers
  [4352] Sobeys Edgemont Liquor → no new flyers
  [4819] Sobeys Liquor Glenridding → no new flyers
  [6266] Foxboro → ['7878187']
  [6274] Coldwater → no new flyers
  [6277] Wellington → ['7885472']
  [6283] Thorold → ['7885472']
  [6304] Sydenham &#8211; Trousdales → ['7885472']
  [6340] Waterford → no new flyers
  [6341] Wyoming → ['7878187']
  [6363] Little Current → no new flyers
  [6364] West Lorne → no new flyers
  [6393] Iroquois Falls → ['7885474']
  [6396] Midland → ['7885473']
  [6413] Minden → ['7885472']
  [6419] Forest → ['7885472']
  [6421] Ridgetown → ['7885472']
  [6422] Lakefield → ['7885472']
  [6424] Toronto &#8211; 1500 Islington Ave → ['7878189']
  [6425] Toronto &#8211; 2040 Queen St E. → ['7878189']
  [6429] Eganville → ['7885473']
  [6436] Shelburne → no new flyers
  [6445] Stratford → ['7885472']
  [6447] Haliburton → ['7885472']
  [6448] Cannington → ['7878187']
  [6731] Norwood → ['7885472']
  [6740] Northbrook → ['7885472']
  [6742] Bayfield → ['7885472']
  [6756] Toronto &#8211; 623 Danforth Ave → ['7878189']
  [6764] Hamilton → no new flyers
  [6766] Smithville → ['7885472']
  [6767] Tottenham → no new flyers
  [6780] Mactier → ['7885472']
  [6781] Frankford → ['7885472']
  [6782] Beeton → no new flyers
  [6783] Bancroft → ['7885472']
  [6785] Chippawa → ['7878187']
  [6791] Harriston → ['7885472']
  [6817] Penetang → ['7885475']
  [6819] Sundridge → ['7885473']
  [6827] Russell → ['7885472']
  [6828] Winchester → ['7885472']
  [6834] Owen Sound → ['7885472']
  [6837] Newcastle → ['7885472']
  [6838] Port Perry → ['7885472']
  [6839] Kirkland Lake → ['7885474']
  [6841] Orillia → ['7885472']
  [6844] Durham → ['7885472']
  [6846] Hillsburgh → ['7878187']
  [6847] Stroud → no new flyers
  [6856] Clinton → ['7885472']
  [6863] Garson → ['7885472']
  [6864] Vineland → no new flyers
  [7025] Burford → ['7878187']
  [7084] Norwich → ['7878187']
  [7086] Bothwell → ['7878187']
  [7099] Port Rowan → no new flyers
  [7102] Lambeth → ['7878187']
  [7119] Tilbury → ['7878187']
  [7129] Dresden → ['7878187']
  [7181] Ingleside → ['7878187']
  [7193] Lions Head → ['7878187']
  [7254] Dundalk → ['7885472']
  [7256] Wilberforce → ['7885472']
  [7284] Peterborough &#8211; 760 Sherbrooke St. W. → ['7885472']
  [7285] Peterborough &#8211; 142 Hunter St. E. → ['7885472']
  [9080] Foodland Carters Cove (Farr&#8217;s) → ['7878039']
  [9083] Foodland Old Perlican → ['7878039']
  [9085] Foodland Blackville → ['7878038']
  [9089] Foodland Berwick → ['7878038']
  [9090] Foodland Torbay → ['7878039']
  [9099] Foodland Arnolds Cove → ['7878039']
  [9147] Foodland Burgeo → ['7878039']
  [9156] Foodland Joe Batts Arm → ['7878039']
  [9159] Foodland Saulnierville → ['7878040']
  [9187] Foodland Coldbrook → ['7878038']
  [9214] Foodland Whitbourne → ['7878039']
  [9215] Foodland Bonavista → ['7878039']
  [9221] Foodland Pasadena → ['7878039']
  [9223] Foodland Harbour Breton → ['7878039']
  [9226] Foodland Minto -TEMPORARY LOCATION → ['7878038']
  [9229] Foodland Jeddore → ['7878038']
  [9232] Foodland Eskasoni → ['7878038']
  [9253] Foodland Carbonear → ['7878039']
  [9256] Foodland Twillingate → ['7878039']
  [9257] Foodland Middleton → ['7878038']
  [9258] Foodland Sackville → ['7878038']
  [9261] Foodland Annapolis Royal . → ['7878038']
  [9263] Foodland Grand Falls → ['7878040']
  [9266] Foodland Gander → ['7878039']
  [9270] Foodland Ferryland → ['7878039']
  [9272] Foodland Grand Bank → ['7878041']
  [9274] Foodland Bay Roberts → ['7878039']
  [9275] Shean Co-operative Ltd. → ['7878036']
  [9276] La Cooperative de Cheticamp → ['7878037']
  [9277] La Coop Charles Forest → ['7878037']
  [9278] Margaree Co-operative Soc. → ['7878037']
  [9279] Whycocomagh Co-operative Ltd → ['7878036']
  [9280] Port Hood Co-operative Ltd. → ['7878036']
  [9281] Neils Harbour Co-operative → ['7878036']
  [9282] Baie Verte D.C. Co-op Soc. → ['7878035']
  [9283] Carleton Co-operative Ltd. → ['7878036']
  [9284] Souris Co-operative Ltd. → ['7878036']
  [9285] OLeary Farmers Co-op Assn. → ['7878036']
  [9286] Tignish Co-operative Assn. → ['7878037']
  [9287] Cross Roads Co-operative Ltd → ['7878036']
  [9288] Pugwash Co-operative Ltd. → ['7878036']
  [9289] Canso Co-operative Ltd. → ['7878036']
  [9290] De La Tour Co-op Society Ltd → ['7878036']
  [9291] Beaubear Co-operative Ltd. → ['7878036']
  [9293] Victoria Farmers Co-op → ['7878036']
  [9294] Wellington Co-operative Assn → ['7878037']
  [9295] Morell Consumers Co-op → ['7878036']
  [9299] Foodland Jeddore → no new flyers
  [9315] Foodland Summerside → no new flyers
  [9369] Foodland Bible Hill → ['7878038']
  [9371] Co-Op Stephenville → no new flyers
  [9372] Greely → no new flyers
  [9373] Foodland Dalhousie → ['7878040']
  [9374] Foodland Bay Bulls → ['7878039']
  [9375] Foodland Quispamsis → ['7878038']
  [9377] Foodland St. Anthony → ['7878039']
  [9379] Petitcodiac Foodland → ['7878038']
  [9381] Foodland Springhill → ['7878038']
  [9382] Foodland Milford → ['7878038']
  [9383] Foodland Glace Bay → ['7878038']
  [9388] Foodland Lunenburg → ['7878038']
  [9436] Foodland Placentia → ['7878039']
  [9439] Foodland Sheet Harbour → ['7878038']
  [9442] Foodland Port Aux Basques → ['7878039']
  [9443] Foodland Deer Lake → ['7878039']
  [9445] Foodland Glovertown → no new flyers
  [9446] Foodland Tatamagouche → ['7878038']
  [9449] Foodland Rexton → ['7878040']

  203 new publication entries across 241 stores
  14 unique new publication(s) to download
  Saved → data/foodland/store_flyers.json  (799,710 bytes)
New publication entries added to store_flyers.json: 203
Unique new publications to download: 14

Phase 2: fetching products for each new publication…

  [7885472] Weekly Flyer  (2026-04-16T00:00:00-04:00 → 2026-04-22T23:59:59-04:00)
    195 products
  Saved → data/foodland/flyers/7885472.json  (417,841 bytes)
  [7885473] Weekly Flyer  (2026-04-16T00:00:00-04:00 → 2026-04-22T23:59:59-04:00)
    195 products
  Saved → data/foodland/flyers/7885473.json  (417,734 bytes)
  [7878187] Weekly Flyer  (2026-04-16T00:00:00-04:00 → 2026-04-22T23:59:59-04:00)
    189 products
  Saved → data/foodland/flyers/7878187.json  (405,836 bytes)
  [7885475] Weekly Flyer  (2026-04-16T00:00:00-04:00 → 2026-04-22T23:59:59-04:00)
    195 products
  Saved → data/foodland/flyers/7885475.json  (419,578 bytes)
  [7878188] Weekly Flyer  (2026-04-16T00:00:00-04:00 → 2026-04-22T23:59:59-04:00)
    189 products
  Saved → data/foodland/flyers/7878188.json  (407,680 bytes)
  [7885474] Weekly Flyer  (2026-04-16T00:00:00-04:00 → 2026-04-22T23:59:59-04:00)
    195 products
  Saved → data/foodland/flyers/7885474.json  (419,685 bytes)
  [7878039] ATL Weekly  (2026-04-16T00:00:00-04:00 → 2026-04-22T23:59:59-04:00)
    183 products
  Saved → data/foodland/flyers/7878039.json  (394,134 bytes)
  [7878038] ATL Weekly  (2026-04-16T00:00:00-04:00 → 2026-04-22T23:59:59-04:00)
    183 products
  Saved → data/foodland/flyers/7878038.json  (393,881 bytes)
  [7878040] ATL Weekly  (2026-04-16T00:00:00-04:00 → 2026-04-22T23:59:59-04:00)
    183 products
  Saved → data/foodland/flyers/7878040.json  (401,901 bytes)
  [7878189] Weekly Flyer  (2026-04-16T00:00:00-04:00 → 2026-04-22T23:59:59-04:00)
    98 products
  Saved → data/foodland/flyers/7878189.json  (210,337 bytes)
  [7878041] ATL Weekly  (2026-04-16T00:00:00-04:00 → 2026-04-22T23:59:59-04:00)
    183 products
  Saved → data/foodland/flyers/7878041.json  (401,853 bytes)
  [7878036] Co-op Advantage - Weekly Flyer  (2026-04-16T00:00:00-04:00 → 2026-04-22T23:59:59-04:00)
    182 products
  Saved → data/foodland/flyers/7878036.json  (392,413 bytes)
  [7878037] Co-op Advantage - Weekly Flyer  (2026-04-16T00:00:00-04:00 → 2026-04-22T23:59:59-04:00)
    182 products
  Saved → data/foodland/flyers/7878037.json  (401,205 bytes)
  [7878035] Co-op Advantage - Weekly Flyer  (2026-04-16T00:00:00-04:00 → 2026-04-22T23:59:59-04:00)
    182 products
  Saved → data/foodland/flyers/7878035.json  (392,729 bytes)

── Phase 2 results ──────────────────────────────────────────────────
  Downloaded : 14
  Skipped    : 0  (file already existed)
  Errors     : 0

Run completed: 2026-04-16 13:51:15 UTC
Elapsed      : 1m 0s


Done.  Verbose log → logs/foodland/2026-04-16_verbose.log
       Summary log → logs/foodland/2026-04-16_summary.log

