=== Foodland Flyer Fetch — 2026-09-10 ===
Run started : 2026-09-10 17:08:07 UTC

Loaded 241 stores from data/foodland/stores.parquet

Stores loaded: 241
Loaded store_flyers.parquet (3372 publication entries)

Phase 1: fetching publications per store…

  [1906] Foodland Port Aux Choix → no new flyers
  [3237] Havelock → ['8127885']
  [3238] Elmvale → ['8127885']
  [3239] Wiarton → ['8127887']
  [3245] Walkerton → ['8127885']
  [3247] Buckhorn → ['8127885']
  [3248] Millbrook → ['8127885']
  [3249] Foodland Markdale → ['8127795']
  [3250] Foodland Komoka → ['8127885']
  [3252] Vodden → no new flyers
  [3255] Omemee → ['8127885']
  [3257] Little Britain → no new flyers
  [3260] Stayner → no new flyers
  [3263] Wingham → no new flyers
  [3270] Creemore → no new flyers
  [3273] Hagersville → ['8127885']
  [3279] Mount Albert → ['8122982']
  [3284] Port Carling → ['8127885']
  [3287] Victoria Harbour → ['8127885']
  [3290] Picton → ['8127887']
  [3294] Toronto &#8211; 107 Parkway Forest  Dr → no new flyers
  [3297] St. Marys Stonetown → no new flyers
  [3299] Capreol → ['8127885']
  [3302] Coldwater → ['8127885']
  [3303] Caledon East → no new flyers
  [3304] Craighurst → ['8122982']
  [3307] Cobourg → no new flyers
  [3309] Lucan → ['8127885']
  [3320] Callander → ['8127885']
  [3322] Cookstown → no new flyers
  [3324] Brights Grove → ['8122982']
  [3326] Essex → ['8127885']
  [3328] Elliot Lake → no new flyers
  [3329] Parkway Forest → no new flyers
  [3332] Rockwood → ['8122982']
  [3340] Tobermory → ['8127885']
  [3342] Shelburne → no new flyers
  [3343] Glencoe → ['8127885']
  [3344] Ayr → ['8122982']
  [3345] Exeter → ['8127885']
  [3346] Colborne → no new flyers
  [3347] Little Brittain → no new flyers
  [3348] Bobcaygeon → ['8127885']
  [3349] Madoc → ['8127885']
  [3354] Niagara on the Lake Foodland → ['8122982']
  [3356] Amherstview → ['8127887']
  [3357] Osgoode → no new flyers
  [3360] Cayuga → ['8127885']
  [3361] Corunna → ['8127885']
  [3362] Coboconk → no new flyers
  [3363] Hanover → no new flyers
  [3366] Brussels → no new flyers
  [3367] St. Thomas → ['8127885']
  [3368] Ingersoll → ['8127885']
  [3369] Watford → ['8127885']
  [3370] Arthur → no new flyers
  [3384] Verona → ['8122982']
  [3386] Palmerston → ['8127885']
  [3387] Seaforth → ['8127885']
  [3391] Vankleek Hill → ['8127888']
  [3392] Thornbury → ['8127885']
  [3393] Stirling → ['8127885']
  [3395] Brechin → no new flyers
  [3396] Ennismore → ['8127885']
  [3397] Iroquois → no new flyers
  [3398] Parkhill → ['8127885']
  [3407] Hanover → no new flyers
  [3414] Mindemoya → ['8122982']
  [3415] Wasaga Beach → ['8127885']
  [3418] Iroquois → ['8127885']
  [3420] Foodland Dutton → ['8127885']
  [3421] Waterford → ['8127885']
  [3427] Elmira → no new flyers
  [3428] Southampton → ['8127885']
  [3431] Hanover → no new flyers
  [3432] Foodland Mount Forest → ['8127885']
  [3433] Foodland Stroud → ['8127885']
  [3435] Osgoode → ['8122983']
  [3437] Belle River → no new flyers
  [3441] West Lorne → ['8122982']
  [3442] Shelburne → ['8127885']
  [3443] Beeton → ['8122982']
  [3444] Greely → ['8122982']
  [3445] Arthur → ['8127885']
  [3446] Brampton → ['8127885']
  [3448] Timmins → ['8127886']
  [3449] Foodland Springdale → ['8121585']
  [3450] Foodland Schomberg → ['8127885']
  [3453] Foodland Charlottetown → ['8121584']
  [3455] Foodland Kentville → ['8121584']
  [3456] Foodland Chester → ['8121584']
  [3457] Foodland Stewiacke → no new flyers
  [3458] Grand Bay → ['8121584']
  [3461] Foodland Botwood → ['8121585']
  [3462] Co-Op Lewisporte → ['8121585']
  [3463] Foodland Sydney Mines → no new flyers
  [3464] Foodland Westville → no new flyers
  [3465] Foodland Weymouth → ['8121584']
  [3466] Foodland Bloomfield → ['8121586']
  [3467] Foodland St. Peters → ['8121584']
  [3663] Stayner → ['8127885']
  [3665] Creemore → ['8127885']
  [3667] Mattawa → ['8127885']
  [3668] Dorchester → ['8127885']
  [3672] Foodland Port Stanley → ['8127885']
  [3673] Stonetown → no new flyers
  [3674] Woodstock → ['8122982']
  [4040] Sobeys Three Sisters Liquor → no new flyers
  [4352] Sobeys Edgemont Liquor → no new flyers
  [4819] Sobeys Liquor Glenridding → no new flyers
  [6266] Foxboro → ['8122982']
  [6274] Coldwater → no new flyers
  [6277] Wellington → ['8127885']
  [6283] Thorold → ['8127885']
  [6304] Sydenham &#8211; Trousdales → ['8127885']
  [6340] Waterford → no new flyers
  [6341] Wyoming → ['8122982']
  [6363] Little Current → no new flyers
  [6364] West Lorne → no new flyers
  [6393] Iroquois Falls → no new flyers
  [6396] Midland → ['8127887']
  [6413] Minden → ['8127885']
  [6419] Forest → ['8127885']
  [6421] Ridgetown → ['8127885']
  [6422] Lakefield → ['8127885']
  [6424] Toronto &#8211; 1500 Islington Ave → ['8122984']
  [6425] Toronto &#8211; 2040 Queen St E. → ['8122984']
  [6429] Eganville → ['8127887']
  [6436] Shelburne → no new flyers
  [6445] Stratford → ['8127885']
  [6447] Haliburton → ['8127885']
  [6448] Cannington → ['8122982']
  [6731] Norwood → ['8127885']
  [6740] Northbrook → ['8127885']
  [6742] Bayfield → ['8127885']
  [6756] Toronto &#8211; 623 Danforth Ave → ['8122984']
  [6764] Hamilton → no new flyers
  [6766] Smithville → ['8127885']
  [6767] Tottenham → no new flyers
  [6780] Mactier → ['8127885']
  [6781] Frankford → no new flyers
  [6782] Beeton → no new flyers
  [6783] Bancroft → ['8127885']
  [6785] Chippawa → ['8122982']
  [6791] Harriston → ['8127885']
  [6817] Penetang → ['8127888']
  [6819] Sundridge → ['8127887']
  [6827] Russell → ['8127885']
  [6828] Winchester → ['8127885']
  [6834] Owen Sound → ['8127885']
  [6837] Newcastle → ['8127885']
  [6838] Port Perry → ['8127885']
  [6839] Kirkland Lake → ['8127886']
  [6841] Orillia → ['8127885']
  [6844] Durham → ['8127885']
  [6846] Hillsburgh → ['8122982']
  [6847] Stroud → no new flyers
  [6856] Clinton → ['8127885']
  [6863] Garson → ['8127885']
  [6864] Vineland → no new flyers
  [7025] Burford → ['8122982']
  [7084] Norwich → ['8122982']
  [7086] Bothwell → ['8122982']
  [7099] Port Rowan → no new flyers
  [7102] Lambeth → ['8122982']
  [7119] Tilbury → ['8122982']
  [7129] Dresden → ['8122982']
  [7181] Ingleside → ['8122982']
  [7193] Lions Head → ['8122982']
  [7254] Dundalk → ['8127885']
  [7256] Wilberforce → ['8127885']
  [7284] Peterborough &#8211; 760 Sherbrooke St. W. → ['8127885']
  [7285] Peterborough &#8211; 142 Hunter St. E. → ['8127885']
  [9080] Foodland Carters Cove (Farr&#8217;s) → ['8121585']
  [9083] Foodland Old Perlican → ['8121585']
  [9085] Foodland Blackville → ['8121584']
  [9089] Foodland Berwick → ['8121584']
  [9090] Foodland Torbay → ['8121585']
  [9099] Foodland Arnolds Cove → ['8121585']
  [9147] Foodland Burgeo → ['8121585']
  [9156] Foodland Joe Batts Arm → ['8121585']
  [9159] Foodland Saulnierville → ['8121586']
  [9187] Foodland Coldbrook → ['8121584']
  [9214] Foodland Whitbourne → ['8121585']
  [9215] Foodland Bonavista → ['8121585']
  [9221] Foodland Pasadena → ['8121585']
  [9223] Foodland Harbour Breton → ['8121585']
  [9226] Foodland Minto -TEMPORARY LOCATION → ['8121584']
  [9229] Foodland Jeddore → ['8121584']
  [9232] Foodland Eskasoni → ['8121584']
  [9253] Foodland Carbonear → no new flyers
  [9256] Foodland Twillingate → ['8121585']
  [9257] Foodland Middleton → ['8121584']
  [9258] Foodland Sackville → ['8121584']
  [9261] Foodland Annapolis Royal . → ['8121584']
  [9263] Foodland Grand Falls → ['8121586']
  [9266] Foodland Gander → ['8121585']
  [9270] Foodland Ferryland → ['8121585']
  [9272] Foodland Grand Bank → ['8121587']
  [9274] Foodland Bay Roberts → ['8121585']
  [9275] Shean Co-operative Ltd. → ['8121590']
  [9276] La Cooperative de Cheticamp → ['8121591']
  [9277] La Coop Charles Forest → ['8121591']
  [9278] Margaree Co-operative Soc. → ['8121591']
  [9279] Whycocomagh Co-operative Ltd → ['8121590']
  [9280] Port Hood Co-operative Ltd. → ['8121590']
  [9281] Neils Harbour Co-operative → ['8121590']
  [9282] Baie Verte D.C. Co-op Soc. → ['8121589']
  [9283] Carleton Co-operative Ltd. → ['8121590']
  [9284] Souris Co-operative Ltd. → ['8121590']
  [9285] OLeary Farmers Co-op Assn. → ['8121590']
  [9286] Tignish Co-operative Assn. → ['8121591']
  [9287] Cross Roads Co-operative Ltd → ['8127944']
  [9288] Pugwash Co-operative Ltd. → ['8121590']
  [9289] Canso Co-operative Ltd. → ['8121590']
  [9290] De La Tour Co-op Society Ltd → ['8121590']
  [9291] Beaubear Co-operative Ltd. → ['8121590']
  [9293] Victoria Farmers Co-op → ['8121590']
  [9294] Wellington Co-operative Assn → ['8121591']
  [9295] Morell Consumers Co-op → ['8121590']
  [9299] Foodland Jeddore → no new flyers
  [9315] Foodland Summerside → no new flyers
  [9369] Foodland Bible Hill → ['8121584']
  [9371] Co-Op Stephenville → no new flyers
  [9372] Greely → no new flyers
  [9373] Foodland Dalhousie → ['8121586']
  [9374] Foodland Bay Bulls → ['8121585']
  [9375] Foodland Quispamsis → ['8121584']
  [9377] Foodland St. Anthony → ['8121585']
  [9379] Petitcodiac Foodland → ['8121584']
  [9381] Foodland Springhill → ['8121584']
  [9382] Foodland Milford → ['8121584']
  [9383] Foodland Glace Bay → ['8121584']
  [9388] Foodland Lunenburg → ['8121584']
  [9436] Foodland Placentia → no new flyers
  [9439] Foodland Sheet Harbour → no new flyers
  [9442] Foodland Port Aux Basques → ['8121585']
  [9443] Foodland Deer Lake → ['8121585']
  [9445] Foodland Glovertown → no new flyers
  [9446] Foodland Tatamagouche → ['8121584']
  [9449] Foodland Rexton → ['8121586']

  186 new publication entries across 241 stores
  16 unique new publication(s) to download
  Appended 186 rows to data/foodland/store_flyers.parquet
New publication entries added to store_flyers.parquet: 186
Unique new publications to download: 16

Phase 2: fetching products for each new publication…

  [8127885] Weekly Flyer  (2026-09-10T00:00:00-04:00 → 2026-09-16T23:59:59-04:00)
    161 products
  [8127887] Weekly Flyer  (2026-09-10T00:00:00-04:00 → 2026-09-16T23:59:59-04:00)
    161 products
  [8127795] Weekly Flyer  (2026-09-10T00:00:00-04:00 → 2026-09-16T23:59:59-04:00)
    162 products
  [8122982] Weekly Flyer  (2026-09-10T00:00:00-04:00 → 2026-09-16T23:59:59-04:00)
    154 products
  [8127888] Weekly Flyer  (2026-09-10T00:00:00-04:00 → 2026-09-16T23:59:59-04:00)
    161 products
  [8122983] Weekly Flyer  (2026-09-10T00:00:00-04:00 → 2026-09-16T23:59:59-04:00)
    154 products
  [8127886] Weekly Flyer  (2026-09-10T00:00:00-04:00 → 2026-09-16T23:59:59-04:00)
    161 products
  [8121585] ATL Weekly  (2026-09-10T00:00:00-04:00 → 2026-09-16T23:59:59-04:00)
    146 products
  [8121584] ATL Weekly  (2026-09-10T00:00:00-04:00 → 2026-09-16T23:59:59-04:00)
    146 products
  [8121586] ATL Weekly  (2026-09-10T00:00:00-04:00 → 2026-09-16T23:59:59-04:00)
    146 products
  [8122984] Weekly Flyer  (2026-09-10T00:00:00-04:00 → 2026-09-16T23:59:59-04:00)
    91 products
  [8121587] ATL Weekly  (2026-09-10T00:00:00-04:00 → 2026-09-16T23:59:59-04:00)
    146 products
  [8121590] Co-op Advantage - Weekly Flyer  (2026-09-10T00:00:00-04:00 → 2026-09-16T23:59:59-04:00)
    145 products
  [8121591] Co-op Advantage - Weekly Flyer  (2026-09-10T00:00:00-04:00 → 2026-09-16T23:59:59-04:00)
    145 products
  [8121589] Co-op Advantage - Weekly Flyer  (2026-09-10T00:00:00-04:00 → 2026-09-16T23:59:59-04:00)
    145 products
  [8127944] Co-op Advantage - Weekly Flyer  (2026-09-10T00:00:00-04:00 → 2026-09-16T23:59:59-04:00)
    146 products

── Phase 2 results ──────────────────────────────────────────────────
  Downloaded : 16
  Skipped    : 0  (file already existed)
  Errors     : 0

Run completed: 2026-09-10 17:08:35 UTC
Elapsed      : 0m 28s


Done.  Verbose log → logs/foodland/2026-09-10_verbose.log
       Summary log → logs/foodland/2026-09-10_summary.log

