=== Foodland Flyer Fetch — 2026-06-18 ===
Run started : 2026-06-18 14:16:47 UTC

Loaded 241 stores from data/foodland/stores.parquet

Stores loaded: 241
Loaded store_flyers.parquet (2211 publication entries)

Phase 1: fetching publications per store…

  [1906] Foodland Port Aux Choix → no new flyers
  [3237] Havelock → ['7987506']
  [3238] Elmvale → ['7987506']
  [3239] Wiarton → ['7987503']
  [3245] Walkerton → ['7987506']
  [3247] Buckhorn → ['7987506']
  [3248] Millbrook → ['7987506']
  [3249] Foodland Markdale → ['7987504']
  [3250] Foodland Komoka → ['7987506']
  [3252] Vodden → no new flyers
  [3255] Omemee → ['7987506']
  [3257] Little Britain → no new flyers
  [3260] Stayner → no new flyers
  [3263] Wingham → no new flyers
  [3270] Creemore → no new flyers
  [3273] Hagersville → ['7987507']
  [3279] Mount Albert → ['7981135']
  [3284] Port Carling → ['7987506']
  [3287] Victoria Harbour → ['7987506']
  [3290] Picton → ['7987504']
  [3294] Toronto &#8211; 107 Parkway Forest  Dr → no new flyers
  [3297] St. Marys Stonetown → no new flyers
  [3299] Capreol → ['7987506']
  [3302] Coldwater → ['7987506']
  [3303] Caledon East → no new flyers
  [3304] Craighurst → ['7981135']
  [3307] Cobourg → ['7987503']
  [3309] Lucan → ['7987506']
  [3320] Callander → ['7987506']
  [3322] Cookstown → no new flyers
  [3324] Brights Grove → ['7981135']
  [3326] Essex → ['7987507']
  [3328] Elliot Lake → ['7987506']
  [3329] Parkway Forest → no new flyers
  [3332] Rockwood → ['7981135']
  [3340] Tobermory → ['7987507']
  [3342] Shelburne → no new flyers
  [3343] Glencoe → ['7987506']
  [3344] Ayr → ['7981135']
  [3345] Exeter → ['7987506']
  [3346] Colborne → no new flyers
  [3347] Little Brittain → no new flyers
  [3348] Bobcaygeon → ['7987507']
  [3349] Madoc → ['7987506']
  [3354] Niagara on the Lake Foodland → ['7987511']
  [3356] Amherstview → ['7987503']
  [3357] Osgoode → no new flyers
  [3360] Cayuga → ['7987506']
  [3361] Corunna → ['7987507']
  [3362] Coboconk → ['7987506']
  [3363] Hanover → no new flyers
  [3366] Brussels → ['7987506']
  [3367] St. Thomas → ['7987506']
  [3368] Ingersoll → ['7987506']
  [3369] Watford → ['7987506']
  [3370] Arthur → no new flyers
  [3384] Verona → ['7981135']
  [3386] Palmerston → ['7987506']
  [3387] Seaforth → ['7987415']
  [3391] Vankleek Hill → ['7987464']
  [3392] Thornbury → ['7987506']
  [3393] Stirling → ['7987507']
  [3395] Brechin → ['7987506']
  [3396] Ennismore → ['7987506']
  [3397] Iroquois → no new flyers
  [3398] Parkhill → ['7987506']
  [3407] Hanover → no new flyers
  [3414] Mindemoya → ['7981135']
  [3415] Wasaga Beach → ['7987506']
  [3418] Iroquois → ['7987506']
  [3420] Foodland Dutton → ['7987506']
  [3421] Waterford → ['7987506']
  [3427] Elmira → no new flyers
  [3428] Southampton → ['7987506']
  [3431] Hanover → ['7987507']
  [3432] Foodland Mount Forest → ['7987506']
  [3433] Foodland Stroud → ['7987507']
  [3435] Osgoode → ['7981136']
  [3437] Belle River → no new flyers
  [3441] West Lorne → ['7981135']
  [3442] Shelburne → ['7987506']
  [3443] Beeton → ['7981135']
  [3444] Greely → ['7981135']
  [3445] Arthur → ['7987506']
  [3446] Brampton → ['7987506']
  [3448] Timmins → ['7987468']
  [3449] Foodland Springdale → ['7987445']
  [3450] Foodland Schomberg → ['7987506']
  [3453] Foodland Charlottetown → ['7979988']
  [3455] Foodland Kentville → ['7979988']
  [3456] Foodland Chester → ['7979988']
  [3457] Foodland Stewiacke → no new flyers
  [3458] Grand Bay → ['7979988']
  [3461] Foodland Botwood → ['7979990']
  [3462] Co-Op Lewisporte → ['7979990']
  [3463] Foodland Sydney Mines → ['7979988']
  [3464] Foodland Westville → ['7979988']
  [3465] Foodland Weymouth → ['7979988']
  [3466] Foodland Bloomfield → ['7979991']
  [3467] Foodland St. Peters → ['7979988']
  [3663] Stayner → ['7987506']
  [3665] Creemore → ['7987506']
  [3667] Mattawa → ['7987507']
  [3668] Dorchester → ['7987507']
  [3672] Foodland Port Stanley → ['7987506']
  [3673] Stonetown → ['7981135']
  [3674] Woodstock → ['7987511']
  [4040] Sobeys Three Sisters Liquor → no new flyers
  [4352] Sobeys Edgemont Liquor → no new flyers
  [4819] Sobeys Liquor Glenridding → no new flyers
  [6266] Foxboro → ['7981135']
  [6274] Coldwater → no new flyers
  [6277] Wellington → ['7987506']
  [6283] Thorold → ['7987507']
  [6304] Sydenham &#8211; Trousdales → ['7987506']
  [6340] Waterford → no new flyers
  [6341] Wyoming → ['7981135']
  [6363] Little Current → no new flyers
  [6364] West Lorne → no new flyers
  [6393] Iroquois Falls → no new flyers
  [6396] Midland → ['7987503']
  [6413] Minden → ['7987506']
  [6419] Forest → ['7987507']
  [6421] Ridgetown → ['7987506']
  [6422] Lakefield → ['7987506']
  [6424] Toronto &#8211; 1500 Islington Ave → ['7981137']
  [6425] Toronto &#8211; 2040 Queen St E. → ['7981137']
  [6429] Eganville → ['7987503']
  [6436] Shelburne → no new flyers
  [6445] Stratford → ['7987506']
  [6447] Haliburton → ['7987506']
  [6448] Cannington → ['7981135']
  [6731] Norwood → ['7987506']
  [6740] Northbrook → ['7987506']
  [6742] Bayfield → ['7987506']
  [6756] Toronto &#8211; 623 Danforth Ave → ['7981137']
  [6764] Hamilton → no new flyers
  [6766] Smithville → ['7987506']
  [6767] Tottenham → no new flyers
  [6780] Mactier → ['7987506']
  [6781] Frankford → no new flyers
  [6782] Beeton → no new flyers
  [6783] Bancroft → ['7987507']
  [6785] Chippawa → ['7981135']
  [6791] Harriston → ['7987506']
  [6817] Penetang → ['7987464']
  [6819] Sundridge → ['7987503']
  [6827] Russell → ['7987414']
  [6828] Winchester → ['7987506']
  [6834] Owen Sound → ['7987506']
  [6837] Newcastle → ['7987506']
  [6838] Port Perry → ['7987506']
  [6839] Kirkland Lake → ['7987467']
  [6841] Orillia → ['7987506']
  [6844] Durham → ['7987506']
  [6846] Hillsburgh → ['7981135']
  [6847] Stroud → no new flyers
  [6856] Clinton → ['7987506']
  [6863] Garson → ['7987506']
  [6864] Vineland → no new flyers
  [7025] Burford → ['7981135']
  [7084] Norwich → ['7981135']
  [7086] Bothwell → ['7981135']
  [7099] Port Rowan → no new flyers
  [7102] Lambeth → ['7981135']
  [7119] Tilbury → ['7981135']
  [7129] Dresden → ['7987511']
  [7181] Ingleside → ['7981135']
  [7193] Lions Head → ['7981135']
  [7254] Dundalk → ['7987506']
  [7256] Wilberforce → ['7987506']
  [7284] Peterborough &#8211; 760 Sherbrooke St. W. → ['7987506']
  [7285] Peterborough &#8211; 142 Hunter St. E. → ['7987506']
  [9080] Foodland Carters Cove (Farr&#8217;s) → ['7979990']
  [9083] Foodland Old Perlican → ['7979990']
  [9085] Foodland Blackville → ['7979988']
  [9089] Foodland Berwick → ['7979988']
  [9090] Foodland Torbay → ['7979990']
  [9099] Foodland Arnolds Cove → ['7979990']
  [9147] Foodland Burgeo → ['7987445']
  [9156] Foodland Joe Batts Arm → ['7987445']
  [9159] Foodland Saulnierville → ['7979991']
  [9187] Foodland Coldbrook → ['7979988']
  [9214] Foodland Whitbourne → ['7979990']
  [9215] Foodland Bonavista → ['7979990']
  [9221] Foodland Pasadena → ['7979990']
  [9223] Foodland Harbour Breton → ['7979990']
  [9226] Foodland Minto -TEMPORARY LOCATION → ['7979988']
  [9229] Foodland Jeddore → ['7979988']
  [9232] Foodland Eskasoni → ['7979988']
  [9253] Foodland Carbonear → no new flyers
  [9256] Foodland Twillingate → ['7987445']
  [9257] Foodland Middleton → ['7987444']
  [9258] Foodland Sackville → ['7987444']
  [9261] Foodland Annapolis Royal . → ['7979988']
  [9263] Foodland Grand Falls → ['7979991']
  [9266] Foodland Gander → ['7979990']
  [9270] Foodland Ferryland → ['7979990']
  [9272] Foodland Grand Bank → ['7979992']
  [9274] Foodland Bay Roberts → ['7979990']
  [9275] Shean Co-operative Ltd. → ['7979994']
  [9276] La Cooperative de Cheticamp → ['7987473']
  [9277] La Coop Charles Forest → ['7979995']
  [9278] Margaree Co-operative Soc. → ['7979995']
  [9279] Whycocomagh Co-operative Ltd → ['7979994']
  [9280] Port Hood Co-operative Ltd. → ['7979994']
  [9281] Neils Harbour Co-operative → ['7979994']
  [9282] Baie Verte D.C. Co-op Soc. → ['7979993']
  [9283] Carleton Co-operative Ltd. → ['7979994']
  [9284] Souris Co-operative Ltd. → ['7979994']
  [9285] OLeary Farmers Co-op Assn. → ['7979994']
  [9286] Tignish Co-operative Assn. → ['7979995']
  [9287] Cross Roads Co-operative Ltd → ['7979994']
  [9288] Pugwash Co-operative Ltd. → ['7979994']
  [9289] Canso Co-operative Ltd. → ['7979994']
  [9290] De La Tour Co-op Society Ltd → ['7979994']
  [9291] Beaubear Co-operative Ltd. → ['7987470']
  [9293] Victoria Farmers Co-op → ['7979994']
  [9294] Wellington Co-operative Assn → ['7979995']
  [9295] Morell Consumers Co-op → ['7979994']
  [9299] Foodland Jeddore → no new flyers
  [9315] Foodland Summerside → no new flyers
  [9369] Foodland Bible Hill → ['7987444']
  [9371] Co-Op Stephenville → no new flyers
  [9372] Greely → no new flyers
  [9373] Foodland Dalhousie → ['7979991']
  [9374] Foodland Bay Bulls → ['7979990']
  [9375] Foodland Quispamsis → ['7979988']
  [9377] Foodland St. Anthony → ['7979990']
  [9379] Petitcodiac Foodland → ['7979988']
  [9381] Foodland Springhill → ['7979988']
  [9382] Foodland Milford → ['7979988']
  [9383] Foodland Glace Bay → ['7979988']
  [9388] Foodland Lunenburg → ['7979988']
  [9436] Foodland Placentia → ['7979990']
  [9439] Foodland Sheet Harbour → ['7979988']
  [9442] Foodland Port Aux Basques → ['7979990']
  [9443] Foodland Deer Lake → ['7979990']
  [9445] Foodland Glovertown → no new flyers
  [9446] Foodland Tatamagouche → ['7979989']
  [9449] Foodland Rexton → ['7979991']

  197 new publication entries across 241 stores
  25 unique new publication(s) to download
  Appended 197 rows to data/foodland/store_flyers.parquet
New publication entries added to store_flyers.parquet: 197
Unique new publications to download: 25

Phase 2: fetching products for each new publication…

  [7987506] Weekly Flyer  (2026-06-18T00:00:00-04:00 → 2026-06-24T23:59:59-04:00)
    173 products
  [7987503] Weekly Flyer  (2026-06-18T00:00:00-04:00 → 2026-06-24T23:59:59-04:00)
    173 products
  [7987504] Weekly Flyer  (2026-06-18T00:00:00-04:00 → 2026-06-24T23:59:59-04:00)
    173 products
  [7987507] Weekly Flyer  (2026-06-18T00:00:00-04:00 → 2026-06-24T23:59:59-04:00)
    173 products
  [7981135] Weekly Flyer  (2026-06-18T00:00:00-04:00 → 2026-06-24T23:59:59-04:00)
    165 products
  [7987511] Weekly Flyer  (2026-06-18T00:00:00-04:00 → 2026-06-24T23:59:59-04:00)
    165 products
  [7987415] Weekly Flyer  (2026-06-18T00:00:00-04:00 → 2026-06-24T23:59:59-04:00)
    174 products
  [7987464] Weekly Flyer  (2026-06-18T00:00:00-04:00 → 2026-06-24T23:59:59-04:00)
    173 products
  [7981136] Weekly Flyer  (2026-06-18T00:00:00-04:00 → 2026-06-24T23:59:59-04:00)
    165 products
  [7987468] Weekly Flyer  (2026-06-18T00:00:00-04:00 → 2026-06-24T23:59:59-04:00)
    173 products
  [7987445] ATL Weekly  (2026-06-18T00:00:00-04:00 → 2026-06-24T23:59:59-04:00)
    164 products
  [7979988] ATL Weekly  (2026-06-18T00:00:00-04:00 → 2026-06-24T23:59:59-04:00)
    164 products
  [7979990] ATL Weekly  (2026-06-18T00:00:00-04:00 → 2026-06-24T23:59:59-04:00)
    164 products
  [7979991] ATL Weekly  (2026-06-18T00:00:00-04:00 → 2026-06-24T23:59:59-04:00)
    164 products
  [7981137] Weekly Flyer  (2026-06-18T00:00:00-04:00 → 2026-06-24T23:59:59-04:00)
    101 products
  [7987414] Weekly Flyer  (2026-06-18T00:00:00-04:00 → 2026-06-24T23:59:59-04:00)
    174 products
  [7987467] Weekly Flyer  (2026-06-18T00:00:00-04:00 → 2026-06-24T23:59:59-04:00)
    173 products
  [7987444] ATL Weekly  (2026-06-18T00:00:00-04:00 → 2026-06-24T23:59:59-04:00)
    164 products
  [7979992] ATL Weekly  (2026-06-18T00:00:00-04:00 → 2026-06-24T23:59:59-04:00)
    164 products
  [7979994] Co-op Advantage - Weekly Flyer  (2026-06-18T00:00:00-04:00 → 2026-06-24T23:59:59-04:00)
    163 products
  [7987473] Co-op Advantage - Weekly Flyer  (2026-06-18T00:00:00-04:00 → 2026-06-24T23:59:59-04:00)
    163 products
  [7979995] Co-op Advantage - Weekly Flyer  (2026-06-18T00:00:00-04:00 → 2026-06-24T23:59:59-04:00)
    163 products
  [7979993] Co-op Advantage - Weekly Flyer  (2026-06-18T00:00:00-04:00 → 2026-06-24T23:59:59-04:00)
    163 products
  [7987470] Co-op Advantage - Weekly Flyer  (2026-06-18T00:00:00-04:00 → 2026-06-24T23:59:59-04:00)
    163 products
  [7979989] ATL Weekly  (2026-06-18T00:00:00-04:00 → 2026-06-24T23:59:59-04:00)
    164 products

── Phase 2 results ──────────────────────────────────────────────────
  Downloaded : 25
  Skipped    : 0  (file already existed)
  Errors     : 0

Run completed: 2026-06-18 14:17:29 UTC
Elapsed      : 0m 42s


Done.  Verbose log → logs/foodland/2026-06-18_verbose.log
       Summary log → logs/foodland/2026-06-18_summary.log

