=== Foodland Flyer Fetch — 2026-05-28 ===
Run started : 2026-05-28 14:28:22 UTC

Loaded 241 stores from data/foodland/stores.parquet

Stores loaded: 241
Loaded store_flyers.parquet (1620 publication entries)

Phase 1: fetching publications per store…

  [1906] Foodland Port Aux Choix → no new flyers
  [3237] Havelock → ['7956895']
  [3238] Elmvale → ['7956895']
  [3239] Wiarton → ['7956896']
  [3245] Walkerton → ['7956895']
  [3247] Buckhorn → ['7956895']
  [3248] Millbrook → ['7956895']
  [3249] Foodland Markdale → ['7956896']
  [3250] Foodland Komoka → ['7956895']
  [3252] Vodden → no new flyers
  [3255] Omemee → ['7956895']
  [3257] Little Britain → no new flyers
  [3260] Stayner → no new flyers
  [3263] Wingham → no new flyers
  [3270] Creemore → no new flyers
  [3273] Hagersville → ['7956895']
  [3279] Mount Albert → ['7945415']
  [3284] Port Carling → ['7956895']
  [3287] Victoria Harbour → ['7956895']
  [3290] Picton → ['7956896']
  [3294] Toronto &#8211; 107 Parkway Forest  Dr → no new flyers
  [3297] St. Marys Stonetown → no new flyers
  [3299] Capreol → ['7956895']
  [3302] Coldwater → ['7956895']
  [3303] Caledon East → no new flyers
  [3304] Craighurst → ['7945415']
  [3307] Cobourg → ['7956896']
  [3309] Lucan → ['7956895']
  [3320] Callander → ['7956895']
  [3322] Cookstown → no new flyers
  [3324] Brights Grove → ['7945415']
  [3326] Essex → ['7956895']
  [3328] Elliot Lake → ['7956895']
  [3329] Parkway Forest → no new flyers
  [3332] Rockwood → ['7945415']
  [3340] Tobermory → ['7956895']
  [3342] Shelburne → no new flyers
  [3343] Glencoe → ['7956895']
  [3344] Ayr → ['7945415']
  [3345] Exeter → ['7956895']
  [3346] Colborne → no new flyers
  [3347] Little Brittain → no new flyers
  [3348] Bobcaygeon → ['7956895']
  [3349] Madoc → ['7956895']
  [3354] Niagara on the Lake Foodland → ['7945415']
  [3356] Amherstview → ['7956896']
  [3357] Osgoode → no new flyers
  [3360] Cayuga → ['7956895']
  [3361] Corunna → ['7956895']
  [3362] Coboconk → ['7956895']
  [3363] Hanover → no new flyers
  [3366] Brussels → ['7956895']
  [3367] St. Thomas → ['7956895']
  [3368] Ingersoll → ['7956895']
  [3369] Watford → ['7956895']
  [3370] Arthur → no new flyers
  [3384] Verona → ['7945415']
  [3386] Palmerston → ['7956895']
  [3387] Seaforth → ['7956895']
  [3391] Vankleek Hill → ['7956898']
  [3392] Thornbury → ['7956895']
  [3393] Stirling → ['7956895']
  [3395] Brechin → ['7956895']
  [3396] Ennismore → ['7956895']
  [3397] Iroquois → no new flyers
  [3398] Parkhill → ['7956895']
  [3407] Hanover → no new flyers
  [3414] Mindemoya → ['7945415']
  [3415] Wasaga Beach → ['7956895']
  [3418] Iroquois → ['7956895']
  [3420] Foodland Dutton → ['7945415']
  [3421] Waterford → ['7956895']
  [3427] Elmira → no new flyers
  [3428] Southampton → ['7956895']
  [3431] Hanover → ['7956895']
  [3432] Foodland Mount Forest → ['7956895']
  [3433] Foodland Stroud → ['7956895']
  [3435] Osgoode → ['7945418']
  [3437] Belle River → no new flyers
  [3441] West Lorne → ['7945415']
  [3442] Shelburne → ['7956895']
  [3443] Beeton → ['7945415']
  [3444] Greely → ['7945415']
  [3445] Arthur → ['7956895']
  [3446] Brampton → ['7956895']
  [3448] Timmins → ['7956897']
  [3449] Foodland Springdale → ['7943002']
  [3450] Foodland Schomberg → ['7956895']
  [3453] Foodland Charlottetown → ['7943001']
  [3455] Foodland Kentville → ['7943001']
  [3456] Foodland Chester → ['7943001']
  [3457] Foodland Stewiacke → no new flyers
  [3458] Grand Bay → ['7943001']
  [3461] Foodland Botwood → ['7943002']
  [3462] Co-Op Lewisporte → ['7943002']
  [3463] Foodland Sydney Mines → ['7943001']
  [3464] Foodland Westville → ['7943001']
  [3465] Foodland Weymouth → ['7943001']
  [3466] Foodland Bloomfield → ['7943003']
  [3467] Foodland St. Peters → ['7943001']
  [3663] Stayner → ['7956895']
  [3665] Creemore → ['7945415']
  [3667] Mattawa → ['7945415']
  [3668] Dorchester → ['7945415']
  [3672] Foodland Port Stanley → ['7945415']
  [3673] Stonetown → ['7945415']
  [3674] Woodstock → ['7945415']
  [4040] Sobeys Three Sisters Liquor → no new flyers
  [4352] Sobeys Edgemont Liquor → no new flyers
  [4819] Sobeys Liquor Glenridding → no new flyers
  [6266] Foxboro → ['7945415']
  [6274] Coldwater → no new flyers
  [6277] Wellington → ['7956895']
  [6283] Thorold → ['7956895']
  [6304] Sydenham &#8211; Trousdales → ['7956895']
  [6340] Waterford → no new flyers
  [6341] Wyoming → ['7945415']
  [6363] Little Current → no new flyers
  [6364] West Lorne → no new flyers
  [6393] Iroquois Falls → no new flyers
  [6396] Midland → ['7956896']
  [6413] Minden → ['7956895']
  [6419] Forest → ['7956895']
  [6421] Ridgetown → ['7956895']
  [6422] Lakefield → ['7956895']
  [6424] Toronto &#8211; 1500 Islington Ave → ['7945420']
  [6425] Toronto &#8211; 2040 Queen St E. → ['7945420']
  [6429] Eganville → ['7956896']
  [6436] Shelburne → no new flyers
  [6445] Stratford → ['7956895']
  [6447] Haliburton → ['7956895']
  [6448] Cannington → ['7945415']
  [6731] Norwood → ['7956895']
  [6740] Northbrook → ['7956895']
  [6742] Bayfield → ['7956895']
  [6756] Toronto &#8211; 623 Danforth Ave → ['7945420']
  [6764] Hamilton → no new flyers
  [6766] Smithville → ['7956895']
  [6767] Tottenham → no new flyers
  [6780] Mactier → ['7956895']
  [6781] Frankford → no new flyers
  [6782] Beeton → no new flyers
  [6783] Bancroft → ['7956895']
  [6785] Chippawa → ['7945415']
  [6791] Harriston → ['7956895']
  [6817] Penetang → ['7956898']
  [6819] Sundridge → ['7956896']
  [6827] Russell → ['7956895']
  [6828] Winchester → ['7956895']
  [6834] Owen Sound → ['7956895']
  [6837] Newcastle → ['7956895']
  [6838] Port Perry → ['7956895']
  [6839] Kirkland Lake → ['7956897']
  [6841] Orillia → ['7956895']
  [6844] Durham → ['7956895']
  [6846] Hillsburgh → ['7945415']
  [6847] Stroud → no new flyers
  [6856] Clinton → ['7945415']
  [6863] Garson → ['7956895']
  [6864] Vineland → no new flyers
  [7025] Burford → ['7945415']
  [7084] Norwich → ['7945415']
  [7086] Bothwell → ['7945415']
  [7099] Port Rowan → no new flyers
  [7102] Lambeth → ['7945415']
  [7119] Tilbury → ['7945415']
  [7129] Dresden → ['7945415']
  [7181] Ingleside → ['7945415']
  [7193] Lions Head → ['7945415']
  [7254] Dundalk → ['7956895']
  [7256] Wilberforce → ['7956895']
  [7284] Peterborough &#8211; 760 Sherbrooke St. W. → ['7956895']
  [7285] Peterborough &#8211; 142 Hunter St. E. → ['7956895']
  [9080] Foodland Carters Cove (Farr&#8217;s) → ['7943002']
  [9083] Foodland Old Perlican → ['7943002']
  [9085] Foodland Blackville → ['7943001']
  [9089] Foodland Berwick → ['7943001']
  [9090] Foodland Torbay → ['7943002']
  [9099] Foodland Arnolds Cove → ['7943002']
  [9147] Foodland Burgeo → ['7943002']
  [9156] Foodland Joe Batts Arm → ['7943002']
  [9159] Foodland Saulnierville → ['7943003']
  [9187] Foodland Coldbrook → ['7943001']
  [9214] Foodland Whitbourne → ['7943002']
  [9215] Foodland Bonavista → ['7943002']
  [9221] Foodland Pasadena → ['7943002']
  [9223] Foodland Harbour Breton → ['7943002']
  [9226] Foodland Minto -TEMPORARY LOCATION → ['7943001']
  [9229] Foodland Jeddore → ['7943001']
  [9232] Foodland Eskasoni → ['7943001']
  [9253] Foodland Carbonear → no new flyers
  [9256] Foodland Twillingate → ['7943002']
  [9257] Foodland Middleton → ['7943001']
  [9258] Foodland Sackville → ['7943001']
  [9261] Foodland Annapolis Royal . → ['7943001']
  [9263] Foodland Grand Falls → ['7943003']
  [9266] Foodland Gander → ['7943002']
  [9270] Foodland Ferryland → ['7943002']
  [9272] Foodland Grand Bank → ['7943004']
  [9274] Foodland Bay Roberts → ['7943002']
  [9275] Shean Co-operative Ltd. → ['7942999']
  [9276] La Cooperative de Cheticamp → ['7943000']
  [9277] La Coop Charles Forest → ['7943000']
  [9278] Margaree Co-operative Soc. → ['7943000']
  [9279] Whycocomagh Co-operative Ltd → ['7942999']
  [9280] Port Hood Co-operative Ltd. → ['7942999']
  [9281] Neils Harbour Co-operative → ['7942999']
  [9282] Baie Verte D.C. Co-op Soc. → ['7942998']
  [9283] Carleton Co-operative Ltd. → ['7942999']
  [9284] Souris Co-operative Ltd. → ['7942999']
  [9285] OLeary Farmers Co-op Assn. → ['7942999']
  [9286] Tignish Co-operative Assn. → ['7943000']
  [9287] Cross Roads Co-operative Ltd → ['7942999']
  [9288] Pugwash Co-operative Ltd. → ['7942999']
  [9289] Canso Co-operative Ltd. → ['7942999']
  [9290] De La Tour Co-op Society Ltd → ['7942999']
  [9291] Beaubear Co-operative Ltd. → ['7942999']
  [9293] Victoria Farmers Co-op → ['7942999']
  [9294] Wellington Co-operative Assn → ['7943000']
  [9295] Morell Consumers Co-op → ['7942999']
  [9299] Foodland Jeddore → no new flyers
  [9315] Foodland Summerside → no new flyers
  [9369] Foodland Bible Hill → ['7943001']
  [9371] Co-Op Stephenville → no new flyers
  [9372] Greely → no new flyers
  [9373] Foodland Dalhousie → ['7943003']
  [9374] Foodland Bay Bulls → ['7943002']
  [9375] Foodland Quispamsis → ['7943001']
  [9377] Foodland St. Anthony → ['7943002']
  [9379] Petitcodiac Foodland → ['7943001']
  [9381] Foodland Springhill → ['7943001']
  [9382] Foodland Milford → ['7943001']
  [9383] Foodland Glace Bay → ['7943001']
  [9388] Foodland Lunenburg → ['7943001']
  [9436] Foodland Placentia → ['7943002']
  [9439] Foodland Sheet Harbour → ['7943001']
  [9442] Foodland Port Aux Basques → ['7943002']
  [9443] Foodland Deer Lake → ['7943002']
  [9445] Foodland Glovertown → no new flyers
  [9446] Foodland Tatamagouche → ['7943001']
  [9449] Foodland Rexton → ['7943003']

  197 new publication entries across 241 stores
  14 unique new publication(s) to download
  Appended 197 rows to data/foodland/store_flyers.parquet
New publication entries added to store_flyers.parquet: 197
Unique new publications to download: 14

Phase 2: fetching products for each new publication…

  [7956895] Weekly Flyer  (2026-05-28T00:00:00-04:00 → 2026-06-03T23:59:59-04:00)
    226 products
  [7956896] Weekly Flyer  (2026-05-28T00:00:00-04:00 → 2026-06-03T23:59:59-04:00)
    226 products
  [7945415] Weekly Flyer  (2026-05-28T00:00:00-04:00 → 2026-06-03T23:59:59-04:00)
    220 products
  [7956898] Weekly Flyer  (2026-05-28T00:00:00-04:00 → 2026-06-03T23:59:59-04:00)
    226 products
  [7945418] Weekly Flyer  (2026-05-28T00:00:00-04:00 → 2026-06-03T23:59:59-04:00)
    220 products
  [7956897] Weekly Flyer  (2026-05-28T00:00:00-04:00 → 2026-06-03T23:59:59-04:00)
    226 products
  [7943002] ATL Weekly  (2026-05-28T00:00:00-04:00 → 2026-06-03T23:59:59-04:00)
    221 products
  [7943001] ATL Weekly  (2026-05-28T00:00:00-04:00 → 2026-06-03T23:59:59-04:00)
    221 products
  [7943003] ATL Weekly  (2026-05-28T00:00:00-04:00 → 2026-06-03T23:59:59-04:00)
    221 products
  [7945420] Weekly Flyer  (2026-05-28T00:00:00-04:00 → 2026-06-03T23:59:59-04:00)
    128 products
  [7943004] ATL Weekly  (2026-05-28T00:00:00-04:00 → 2026-06-03T23:59:59-04:00)
    221 products
  [7942999] Co-op Advantage - Weekly Flyer  (2026-05-28T00:00:00-04:00 → 2026-06-03T23:59:59-04:00)
    220 products
  [7943000] Co-op Advantage - Weekly Flyer  (2026-05-28T00:00:00-04:00 → 2026-06-03T23:59:59-04:00)
    219 products
  [7942998] Co-op Advantage - Weekly Flyer  (2026-05-28T00:00:00-04:00 → 2026-06-03T23:59:59-04:00)
    220 products

── Phase 2 results ──────────────────────────────────────────────────
  Downloaded : 14
  Skipped    : 0  (file already existed)
  Errors     : 0

Run completed: 2026-05-28 14:28:56 UTC
Elapsed      : 0m 33s


Done.  Verbose log → logs/foodland/2026-05-28_verbose.log
       Summary log → logs/foodland/2026-05-28_summary.log

