=== Foodland Flyer Fetch — 2026-07-23 ===
Run started : 2026-07-23 13:49:21 UTC

Loaded 241 stores from data/foodland/stores.parquet

Stores loaded: 241
Loaded store_flyers.parquet (2802 publication entries)

Phase 1: fetching publications per store…

  [1906] Foodland Port Aux Choix → no new flyers
  [3237] Havelock → ['8052688']
  [3238] Elmvale → ['8052688']
  [3239] Wiarton → ['8052689']
  [3245] Walkerton → ['8052688']
  [3247] Buckhorn → ['8052688']
  [3248] Millbrook → ['8052688']
  [3249] Foodland Markdale → ['8052689']
  [3250] Foodland Komoka → ['8052688']
  [3252] Vodden → no new flyers
  [3255] Omemee → ['8052688']
  [3257] Little Britain → no new flyers
  [3260] Stayner → no new flyers
  [3263] Wingham → no new flyers
  [3270] Creemore → no new flyers
  [3273] Hagersville → ['8052688']
  [3279] Mount Albert → ['8043610']
  [3284] Port Carling → ['8052688']
  [3287] Victoria Harbour → ['8052688']
  [3290] Picton → ['8052689']
  [3294] Toronto &#8211; 107 Parkway Forest  Dr → no new flyers
  [3297] St. Marys Stonetown → no new flyers
  [3299] Capreol → ['8052688']
  [3302] Coldwater → ['8052688']
  [3303] Caledon East → no new flyers
  [3304] Craighurst → ['8043610']
  [3307] Cobourg → ['8052689']
  [3309] Lucan → ['8052688']
  [3320] Callander → ['8052688']
  [3322] Cookstown → no new flyers
  [3324] Brights Grove → ['8043610']
  [3326] Essex → ['8052688']
  [3328] Elliot Lake → no new flyers
  [3329] Parkway Forest → no new flyers
  [3332] Rockwood → ['8043610']
  [3340] Tobermory → ['8052688']
  [3342] Shelburne → no new flyers
  [3343] Glencoe → ['8052688']
  [3344] Ayr → ['8043610']
  [3345] Exeter → ['8052688']
  [3346] Colborne → no new flyers
  [3347] Little Brittain → no new flyers
  [3348] Bobcaygeon → ['8052688']
  [3349] Madoc → ['8052688']
  [3354] Niagara on the Lake Foodland → ['8043610']
  [3356] Amherstview → ['8052689']
  [3357] Osgoode → no new flyers
  [3360] Cayuga → ['8052688']
  [3361] Corunna → ['8052688']
  [3362] Coboconk → no new flyers
  [3363] Hanover → no new flyers
  [3366] Brussels → no new flyers
  [3367] St. Thomas → ['8052688']
  [3368] Ingersoll → ['8052688']
  [3369] Watford → ['8052688']
  [3370] Arthur → no new flyers
  [3384] Verona → ['8043610']
  [3386] Palmerston → ['8052688']
  [3387] Seaforth → ['8052688']
  [3391] Vankleek Hill → ['8052691']
  [3392] Thornbury → ['8052688']
  [3393] Stirling → ['8052688']
  [3395] Brechin → no new flyers
  [3396] Ennismore → ['8052688']
  [3397] Iroquois → no new flyers
  [3398] Parkhill → ['8052688']
  [3407] Hanover → no new flyers
  [3414] Mindemoya → ['8043610']
  [3415] Wasaga Beach → ['8052688']
  [3418] Iroquois → ['8052688']
  [3420] Foodland Dutton → ['8052688']
  [3421] Waterford → ['8052688']
  [3427] Elmira → no new flyers
  [3428] Southampton → ['8052688']
  [3431] Hanover → ['8052688']
  [3432] Foodland Mount Forest → ['8052688']
  [3433] Foodland Stroud → ['8052688']
  [3435] Osgoode → ['8043611']
  [3437] Belle River → no new flyers
  [3441] West Lorne → ['8043610']
  [3442] Shelburne → ['8052688']
  [3443] Beeton → ['8043610']
  [3444] Greely → ['8043610']
  [3445] Arthur → ['8052688']
  [3446] Brampton → ['8052688']
  [3448] Timmins → ['8052690']
  [3449] Foodland Springdale → ['8035769']
  [3450] Foodland Schomberg → ['8052688']
  [3453] Foodland Charlottetown → ['8035768']
  [3455] Foodland Kentville → ['8035768']
  [3456] Foodland Chester → ['8035768']
  [3457] Foodland Stewiacke → no new flyers
  [3458] Grand Bay → ['8035768']
  [3461] Foodland Botwood → ['8035769']
  [3462] Co-Op Lewisporte → ['8035769']
  [3463] Foodland Sydney Mines → no new flyers
  [3464] Foodland Westville → ['8035768']
  [3465] Foodland Weymouth → ['8035768']
  [3466] Foodland Bloomfield → ['8035770']
  [3467] Foodland St. Peters → ['8035768']
  [3663] Stayner → ['8052688']
  [3665] Creemore → ['8052688']
  [3667] Mattawa → ['8052688']
  [3668] Dorchester → ['8052688']
  [3672] Foodland Port Stanley → ['8052688']
  [3673] Stonetown → ['8043610']
  [3674] Woodstock → ['8043610']
  [4040] Sobeys Three Sisters Liquor → no new flyers
  [4352] Sobeys Edgemont Liquor → no new flyers
  [4819] Sobeys Liquor Glenridding → no new flyers
  [6266] Foxboro → ['8043610']
  [6274] Coldwater → no new flyers
  [6277] Wellington → ['8052688']
  [6283] Thorold → ['8052688']
  [6304] Sydenham &#8211; Trousdales → ['8052688']
  [6340] Waterford → no new flyers
  [6341] Wyoming → ['8043610']
  [6363] Little Current → no new flyers
  [6364] West Lorne → no new flyers
  [6393] Iroquois Falls → no new flyers
  [6396] Midland → ['8052689']
  [6413] Minden → ['8052688']
  [6419] Forest → ['8052688']
  [6421] Ridgetown → ['8052688']
  [6422] Lakefield → ['8052688']
  [6424] Toronto &#8211; 1500 Islington Ave → ['8043612']
  [6425] Toronto &#8211; 2040 Queen St E. → ['8043612']
  [6429] Eganville → ['8052689']
  [6436] Shelburne → no new flyers
  [6445] Stratford → ['8052688']
  [6447] Haliburton → ['8052688']
  [6448] Cannington → ['8043610']
  [6731] Norwood → ['8052688']
  [6740] Northbrook → ['8052688']
  [6742] Bayfield → ['8052688']
  [6756] Toronto &#8211; 623 Danforth Ave → ['8043612']
  [6764] Hamilton → no new flyers
  [6766] Smithville → ['8052688']
  [6767] Tottenham → no new flyers
  [6780] Mactier → ['8052688']
  [6781] Frankford → no new flyers
  [6782] Beeton → no new flyers
  [6783] Bancroft → ['8052688']
  [6785] Chippawa → ['8043610']
  [6791] Harriston → ['8052688']
  [6817] Penetang → ['8052691']
  [6819] Sundridge → ['8052689']
  [6827] Russell → ['8052688']
  [6828] Winchester → ['8052688']
  [6834] Owen Sound → ['8052688']
  [6837] Newcastle → ['8052688']
  [6838] Port Perry → ['8052688']
  [6839] Kirkland Lake → ['8052690']
  [6841] Orillia → ['8052688']
  [6844] Durham → ['8052688']
  [6846] Hillsburgh → ['8043610']
  [6847] Stroud → no new flyers
  [6856] Clinton → ['8052688']
  [6863] Garson → ['8052688']
  [6864] Vineland → no new flyers
  [7025] Burford → ['8043610']
  [7084] Norwich → ['8043610']
  [7086] Bothwell → ['8043610']
  [7099] Port Rowan → no new flyers
  [7102] Lambeth → ['8043610']
  [7119] Tilbury → ['8043610']
  [7129] Dresden → ['8043610']
  [7181] Ingleside → ['8043610']
  [7193] Lions Head → ['8043610']
  [7254] Dundalk → ['8052688']
  [7256] Wilberforce → ['8052688']
  [7284] Peterborough &#8211; 760 Sherbrooke St. W. → ['8052688']
  [7285] Peterborough &#8211; 142 Hunter St. E. → ['8052688']
  [9080] Foodland Carters Cove (Farr&#8217;s) → ['8035769']
  [9083] Foodland Old Perlican → ['8035769']
  [9085] Foodland Blackville → ['8035768']
  [9089] Foodland Berwick → ['8035768']
  [9090] Foodland Torbay → ['8035769']
  [9099] Foodland Arnolds Cove → ['8035769']
  [9147] Foodland Burgeo → ['8035769']
  [9156] Foodland Joe Batts Arm → ['8035769']
  [9159] Foodland Saulnierville → ['8035770']
  [9187] Foodland Coldbrook → ['8035768']
  [9214] Foodland Whitbourne → ['8035769']
  [9215] Foodland Bonavista → ['8035769']
  [9221] Foodland Pasadena → ['8035769']
  [9223] Foodland Harbour Breton → ['8035769']
  [9226] Foodland Minto -TEMPORARY LOCATION → ['8035768']
  [9229] Foodland Jeddore → ['8035768']
  [9232] Foodland Eskasoni → ['8035768']
  [9253] Foodland Carbonear → no new flyers
  [9256] Foodland Twillingate → ['8035769']
  [9257] Foodland Middleton → ['8035768']
  [9258] Foodland Sackville → ['8035768']
  [9261] Foodland Annapolis Royal . → ['8035768']
  [9263] Foodland Grand Falls → ['8035770']
  [9266] Foodland Gander → ['8035769']
  [9270] Foodland Ferryland → ['8035769']
  [9272] Foodland Grand Bank → ['8035772']
  [9274] Foodland Bay Roberts → ['8035769']
  [9275] Shean Co-operative Ltd. → ['8033544']
  [9276] La Cooperative de Cheticamp → ['8033545']
  [9277] La Coop Charles Forest → ['8033545']
  [9278] Margaree Co-operative Soc. → ['8033545']
  [9279] Whycocomagh Co-operative Ltd → ['8033544']
  [9280] Port Hood Co-operative Ltd. → ['8033544']
  [9281] Neils Harbour Co-operative → ['8033544']
  [9282] Baie Verte D.C. Co-op Soc. → ['8033543']
  [9283] Carleton Co-operative Ltd. → ['8033544']
  [9284] Souris Co-operative Ltd. → ['8033544']
  [9285] OLeary Farmers Co-op Assn. → ['8033544']
  [9286] Tignish Co-operative Assn. → ['8033545']
  [9287] Cross Roads Co-operative Ltd → ['8033544']
  [9288] Pugwash Co-operative Ltd. → ['8033544']
  [9289] Canso Co-operative Ltd. → ['8033544']
  [9290] De La Tour Co-op Society Ltd → ['8033544']
  [9291] Beaubear Co-operative Ltd. → ['8033544']
  [9293] Victoria Farmers Co-op → ['8033544']
  [9294] Wellington Co-operative Assn → ['8033545']
  [9295] Morell Consumers Co-op → ['8033544']
  [9299] Foodland Jeddore → no new flyers
  [9315] Foodland Summerside → no new flyers
  [9369] Foodland Bible Hill → ['8035768']
  [9371] Co-Op Stephenville → no new flyers
  [9372] Greely → no new flyers
  [9373] Foodland Dalhousie → ['8035770']
  [9374] Foodland Bay Bulls → ['8035769']
  [9375] Foodland Quispamsis → ['8035768']
  [9377] Foodland St. Anthony → ['8035769']
  [9379] Petitcodiac Foodland → ['8035768']
  [9381] Foodland Springhill → ['8035768']
  [9382] Foodland Milford → ['8035768']
  [9383] Foodland Glace Bay → ['8035768']
  [9388] Foodland Lunenburg → ['8035768']
  [9436] Foodland Placentia → no new flyers
  [9439] Foodland Sheet Harbour → ['8035768']
  [9442] Foodland Port Aux Basques → ['8035769']
  [9443] Foodland Deer Lake → ['8035769']
  [9445] Foodland Glovertown → no new flyers
  [9446] Foodland Tatamagouche → ['8035768']
  [9449] Foodland Rexton → ['8035770']

  191 new publication entries across 241 stores
  14 unique new publication(s) to download
  Appended 191 rows to data/foodland/store_flyers.parquet
New publication entries added to store_flyers.parquet: 191
Unique new publications to download: 14

Phase 2: fetching products for each new publication…

  [8052688] Weekly Flyer  (2026-07-23T00:00:00-04:00 → 2026-07-29T23:59:59-04:00)
    182 products
  [8052689] Weekly Flyer  (2026-07-23T00:00:00-04:00 → 2026-07-29T23:59:59-04:00)
    181 products
  [8043610] Weekly Flyer  (2026-07-23T00:00:00-04:00 → 2026-07-29T23:59:59-04:00)
    174 products
  [8052691] Weekly Flyer  (2026-07-23T00:00:00-04:00 → 2026-07-29T23:59:59-04:00)
    181 products
  [8043611] Weekly Flyer  (2026-07-23T00:00:00-04:00 → 2026-07-29T23:59:59-04:00)
    174 products
  [8052690] Weekly Flyer  (2026-07-23T00:00:00-04:00 → 2026-07-29T23:59:59-04:00)
    182 products
  [8035769] ATL Weekly  (2026-07-23T00:00:00-04:00 → 2026-07-29T23:59:59-04:00)
    175 products
  [8035768] ATL Weekly  (2026-07-23T00:00:00-04:00 → 2026-07-29T23:59:59-04:00)
    175 products
  [8035770] ATL Weekly  (2026-07-23T00:00:00-04:00 → 2026-07-29T23:59:59-04:00)
    175 products
  [8043612] Weekly Flyer  (2026-07-23T00:00:00-04:00 → 2026-07-29T23:59:59-04:00)
    111 products
  [8035772] ATL Weekly  (2026-07-23T00:00:00-04:00 → 2026-07-29T23:59:59-04:00)
    175 products
  [8033544] Co-op Advantage - Weekly Flyer  (2026-07-23T00:00:00-04:00 → 2026-07-29T23:59:59-04:00)
    174 products
  [8033545] Co-op Advantage - Weekly Flyer  (2026-07-23T00:00:00-04:00 → 2026-07-29T23:59:59-04:00)
    174 products
  [8033543] Co-op Advantage - Weekly Flyer  (2026-07-23T00:00:00-04:00 → 2026-07-29T23:59:59-04:00)
    174 products

── Phase 2 results ──────────────────────────────────────────────────
  Downloaded : 14
  Skipped    : 0  (file already existed)
  Errors     : 0

Run completed: 2026-07-23 13:49:54 UTC
Elapsed      : 0m 33s


Done.  Verbose log → logs/foodland/2026-07-23_verbose.log
       Summary log → logs/foodland/2026-07-23_summary.log

