=== Food Basics Flyer Fetch — 2026-06-25 ===
Run started : 2026-06-25 14:01:27 UTC

Loaded 153 stores from data/food_basics/stores.parquet

Stores loaded: 153
Loaded store_flyers.parquet (1989 flyer entries)

Phase 1: fetching flyer listings per store…

  [320] TORONTO 672 → ['83405']
  [601] WINDSOR 601 → ['83405']
  [606] SCARBOROUGH 606 → ['83405']
  [607] HANMER 607 → ['83405']
  [609] NORTH BAY 609 → ['83405']
  [610] SUDBURY 610 → ['83405']
  [611] STRATFORD 611 → ['83405']
  [612] LONDON 612 → ['83405']
  [616] GRIMSBY 616 → ['83405']
  [620] BURLINGTON 620 → ['83405']
  [621] HAMILTON 621 → ['83405']
  [623] STRATHROY 623 → ['83405']
  [627] MISSISSAUGA 627 → ['83405']
  [628] SCARBOROUGH 628 → ['83405']
  [629] TORONTO 629 → ['83405']
  [630] MISSISSAUGA 630 → ['83405']
  [631] TORONTO 631 → ['83405']
  [632] GODERICH 632 → ['83405']
  [633] CAMBRIDGE  633 → ['83405']
  [634] OTTAWA 634 → ['83405']
  [635] OAKVILLE 635 → ['83405']
  [636] OSHAWA 636 → ['83405']
  [638] SUDBURY 638 → ['83405']
  [640] KINGSTON 640 → ['83405']
  [641] ROCKLAND 641 → ['83405']
  [642] TIMMINS 642 → ['83405']
  [643] NEW LISKEARD 643 → ['83405']
  [646] Porcupine (Timmins) 646 → ['83405']
  [648] TORONTO (Emerald) → ['83405']
  [650] MIDLAND 650 → ['83405']
  [651] FONTHILL 651 → ['83405']
  [652] Port Hope 652 → ['83405']
  [653] SCARBOROUGH 653 → ['83405']
  [654] WATERLOO 654 → ['83405']
  [655] MISSISSAUGA 655 → ['83405']
  [656] BURLINGTON 656 → ['83405']
  [657] BURLINGTON 657 → ['83405']
  [658] WELLAND 658 → ['83405']
  [659] SAULT STE. MARIE 659 → ['83405']
  [660] BRAMPTON 660 → ['83405']
  [661] MARKHAM 661 → ['83405']
  [662] STITTSVILLE 662 → ['83405']
  [663] ORLEANS 663 → ['83405']
  [666] OAKVILLE 666 → ['83405']
  [668] CORNWALL 668 → ['83405']
  [669] MISSISSAUGA 669 → ['83405']
  [670] LONDON 670 → ['83405']
  [673] THORNHILL 673 → ['83405']
  [674] NIAGARA FALLS 674 → ['83405']
  [675] LONDON 675 → ['83405']
  [676] BRANTFORD 676 → ['83405']
  [677] WOODSTOCK 677 → ['83405']
  [678] GUELPH 678 → ['83405']
  [679] THORNHILL 679 → ['83405']
  [681] LONDON 681 → ['83405']
  [682] BRANTFORD 682 → ['83405']
  [684] PORT PERRY 684 → ['83405']
  [685] GEORGETOWN 685 → ['83405']
  [687] HAMILTON 687 → ['83405']
  [689] ETOBICOKE 689 → ['83405']
  [690] KITCHENER 690 → ['83405']
  [691] GUELPH 691 → ['83405']
  [692] NORTH YORK 692 → ['83405']
  [693] CHATHAM 693 → ['83405']
  [694] CAMBRIDGE 694 → ['83405']
  [695] HAMILTON 695 → ['83405']
  [696] HANOVER 696 → ['83405']
  [697] SUDBURY 697 → ['83405']
  [811] PORT ELGIN 811 → ['83405']
  [812] KINGSTON 812 → ['83405']
  [813] London Fanshawe → ['83405']
  [815] Mississauga Parkside 815 → ['83405']
  [816] EMBRUN 816 → ['83405']
  [818] INGERSOLL 818 → ['83405']
  [819] Nepean 819 → ['83405']
  [821] LASALLE 821 → ['83405']
  [823] Brampton 823 → ['83405']
  [830] KINGSTON 830 → ['83405']
  [831] WOODBRIDGE 831 → ['83405']
  [832] WINDSOR 832 → ['83405']
  [833] BOLTON → ['83405']
  [834] COURTICE 834 → ['83405']
  [835] St Thomas 835 → ['83405']
  [836] HAMILTON 836 → ['83405']
  [837] BRACEBRIDGE → ['83405']
  [839] CALEDONIA 839 → ['83405']
  [840] Chelmsford → ['83405']
  [841] OAKVILLE 841 → ['83405']
  [842] NEWMARKET 842 → ['83405']
  [843] RICHMOND HILL 843 → ['83405']
  [844] LEAMINGTON 844 → ['83405']
  [845] HAMILTON 845 → ['83405']
  [846] LANSDOWNE 846 → ['83405']
  [847] KITCHENER 847 (New Store) → ['83405']
  [848] St Clair Beach (Tecumseh) → ['83405']
  [855] Bradford 855 → ['83405']
  [856] RICHMOND HILL 856 → ['83405']
  [857] LONDON 857 → ['83405']
  [858] NIAGARA FALLS 858 → ['83405']
  [859] PETAWAWA 859 → ['83405']
  [860] WINDSOR 860 → ['83405']
  [861] PORT COLBORNE  861 → ['83405']
  [862] GUELPH 862 → ['83405']
  [863] SCARBOROUGH 863 → ['83405']
  [867] NORTH YORK 867 → ['83405']
  [868] SARNIA 868 → ['83405']
  [869] KANATA 869 → ['83405']
  [870] OTTAWA 870 → ['83405']
  [871] MISSISSAUGA 871 → ['83405']
  [872] KESWICK 872 → ['83405']
  [874] SCARBOROUGH 874 → ['83405']
  [875] TORONTO 875 → ['83405']
  [876] THORNHILL 876 → ['83405']
  [877] KITCHENER 877 → ['83405']
  [880] TORONTO 880 → ['83405']
  [882] MILTON 882 → ['83405']
  [883] LISTOWEL 883 → ['83405']
  [885] Pickering 885 → ['83405']
  [886] ORILLIA  886 → ['83405']
  [887] KEMPTVILLE 887 → ['83405']
  [888] SIMCOE 888 → ['83405']
  [890] SMITH FALLS 890 → ['83405']
  [891] PEMBROKE 891 → ['83405']
  [892] LINDSAY 892 → ['83405']
  [893] DUNNVILLE 893 → ['83405']
  [894] CORNWALL 894 → ['83405']
  [895] BRAMPTON 895 → ['83405']
  [896] OTTAWA 896 → ['83405']
  [897] BARRIE 897 → ['83405']
  [900] OTTAWA 900 → ['83405']
  [902] BELLEVILLE 902 → ['83405']
  [904] BRAMPTON 904 → ['83405']
  [906] HAMILTON 906 → ['83405']
  [907] OTTAWA 907 → ['83405']
  [908] MISSISSAUGA 908 → ['83405']
  [910] ELMIRA 910 → ['83405']
  [912] BLENHEIM 912 → ['83405']
  [917] Ottawa 917 → ['83405']
  [918] Hawkesbury 918 → ['83405']
  [921] BROCKVILLE 921 → ['83405']
  [927] AJAX 927 → ['83405']
  [928] ETOBICOKE 928 → ['83405']
  [929] AJAX 929 → ['83405']
  [930] TORONTO 930 → ['83405']
  [932] ST. CATHARINES 932 → ['83405']
  [937] HAMILTON 937 → ['83405']
  [939] OWEN SOUND 939 → ['83405']
  [947] SAULT STE. MARIE 947 → ['83405']
  [949] KINGSTON 949 → ['83405']
  [959] KITCHENER 959 → ['83405']
  [960] KITCHENER 960 → ['83405']
  [976] ANCASTER 976 → ['83405']
  [989] ST. CATHARINES  989 → ['83405']

  153 new flyer entries across 153 stores
  1 unique new job(s) to download
  Appended 153 rows to data/food_basics/store_flyers.parquet
New flyer entries added to store_flyers.parquet : 153
Unique new jobs to download                     : 1

Phase 2: fetching products for each new job…

  [83405] store 320  (https://metrodigital-apim.azure-api.net/api/Pages/83405/320/en/search)
    531 products

── Phase 2 results ──────────────────────────────────────────────────
  Downloaded : 1
  Skipped    : 0  (file already existed)
  Errors     : 0

Run completed: 2026-06-25 14:02:29 UTC
Elapsed      : 1m 1s


Done.  Verbose log → logs/food_basics/2026-06-25_verbose.log
       Summary log → logs/food_basics/2026-06-25_summary.log

