=== Freshco Flyer Fetch — 2026-04-11 ===
Run started : 2026-04-11 21:50:15 UTC

Loaded 164 stores from data/freshco/stores.json

Stores loaded: 164
Loaded existing store_flyers.json (284 publication entries)

Phase 1: fetching publications per store…

  [2908] Carleton Place Lansdowne → ['7870723']
  [2910] Hwy 2 &#038; Kendalwood → ['7870723']
  [2912] Trafalgar & Highbury → ['7870723']
  [2916] Brant & Upper Middle → ['7878636']
  [2917] Queen & Gladstone → ['7870723']
  [3313] Bathurst & Rutherford → ['7870723']
  [3315] Sherbourne & Isabella → ['7870723']
  [3811] Kalar & Lundy&#8217;s Lane → ['7876426']
  [3815] Rymal &#038; Upper Gage → ['7870723']
  [3816] Airport & Countryside → no new flyers
  [3817] Winchester & Simcoe → ['7870723']
  [3820] Bathurst & Nassau → ['7876426']
  [3821] Brock &#038; George → ['7870723']
  [3822] Broadway &#038; Dawson → ['7870723']
  [3823] Jane & Denison GO → ['7870723']
  [3834] Hwy 56 &#038; Maggie Johnson → ['7878636']
  [3837] Cottrelle & Hwy 50 Chalo! FreshCo → no new flyers
  [3838] Dundas & Runnymede → ['7870723']
  [3839] Bank & Findlay Creek → ['7870723']
  [3844] Guelph & Sinclair → ['7876426']
  [3846] Major Mackenzie & Weston → ['7876426']
  [3847] Speedvale &#038; Stevenson → ['7870723']
  [3849] Don Mills & Helen Lu → no new flyers
  [3850] Leslie & Lake Shore → ['7870723']
  [3853] Market & Icomm → ['7876426']
  [3856] Dufferin & Dupont → ['7870723']
  [3857] Bovaird & Conestoga → ['7870723']
  [3859] Dixie & Dundas → ['7870723']
  [3860] Chalo Mississauga & Financial Drive → no new flyers
  [3861] Hwy 12 &#038; 7 → ['7870723']
  [3865] Kingston Road &#038; Whites → ['7870723']
  [3867] McArthur & Lafontaine → ['7870723']
  [3875] McCowan & Bur Oak → ['7876426']
  [3876] McCowan &#038; Ellesmere → ['7870723']
  [3879] Sherbourne and Isabella → no new flyers
  [3881] Barton & Strathearne → ['7870723']
  [3883] Brock & Gilbert → ['7870723']
  [3886] FreshCo Orleans → ['7870723']
  [3887] Bramalea & Sandalwood Chalo! FreshCo → no new flyers
  [3889] Queen & McLaughlin → no new flyers
  [3892] Longworth & Scugog → ['7870723']
  [3894] Milton → ['7870723']
  [3902] St. David & Gordon Freshco → ['7870723']
  [4013] FreshCo Huntsville Paisley → ['7870723']
  [4014] Owen Sound → ['7870723']
  [4015] Taunton → ['7870723']
  [4354] FreshCo Evanston → ['7876435']
  [4647] 9541-FreshCo Red Deer → ['7876435']
  [4648] Ogden → ['7876435']
  [8926] 5275 48 Avenue → ['7871019']
  [8929] FreshCo Heritage → ['7871019']
  [8932] Broadmoor Fresh Co WEST → ['7876435']
  [8933] Newton Chalo Fresh Co WEST → no new flyers
  [8934] Lougheed Hwy WEST → ['7876435']
  [8936] Kildonan Crossing → ['7876435']
  [8937] Jefferson McPhilips WEST → ['7876435']
  [8938] Aldergrove → ['7876435']
  [8939] Yale Road → ['7876435']
  [8940] 20201 Lougheed Hwy → ['7876435']
  [8942] Tretheway & S Fraser Way Chalo FreshCo → no new flyers
  [8943] Cariboo Hwy & 5 St. FreshCo → ['7871019']
  [8945] Kamloops → ['7876435']
  [8946] Kelowna → ['7876435']
  [8947] Vernon → ['7876435']
  [8948] Powell River → ['7876435']
  [8949] Regina → ['7876435']
  [8950] Confederation → ['7876435']
  [8952] Freshco Market Mall → ['7876435']
  [8954] Niakwa FreshCo → ['7876435']
  [8955] Pembina FreshCo → ['7876435']
  [8956] Henderson FreshCo → ['7871019']
  [8958] Chalo Tamarack → no new flyers
  [8962] Brentwood → ['7871019']
  [8963] Millbourne - Edmonton → ['7876435']
  [8964] Chalo Saddletowne → no new flyers
  [8965] Thunder Bay Fresh Co WEST → ['7871019']
  [8966] Chalo FreshCo Cornerstone → no new flyers
  [8968] FRESHCO Coliseum → ['7876435']
  [8971] Jasper Gates → ['7876435']
  [8973] Edgemount → ['7871019']
  [8974] Medicine Hat FreshCo → ['7876435']
  [8975] Blundell & No 2 FreshCo WEST → ['7876435']
  [9543] University & Bridge → ['7870723']
  [9544] Eglinton & Gabian Way → ['7870723']
  [9547] Weber & Franklin → ['7870723']
  [9548] Barton & Gage → ['7870723']
  [9550] Steeles & Bathurst → ['7876426']
  [9553] Spence & Blvd Cartier → ['7871867']
  [9554] FreshCo Manning Village → ['7871019']
  [9557] Okotoks FreshCo → ['7871019']
  [9559] FreshCo Chestermere → no new flyers
  [9560] Queensway & Glenwoods → no new flyers
  [9561] Centre &#038; McCulloch → ['7870723']
  [9562] Talbot & First → ['7870723']
  [9563] Upper Middle & Walker&#8217;s Line → ['7870723']
  [9564] Hespeler & Dundas → ['7876426']
  [9571] Merivale & Meadowlands → ['7870723']
  [9572] Dundas & Erindale Station → ['7870723']
  [9575] Bramalea City Centre Mall → ['7870723']
  [9576] King &#038; Townline → ['7870723']
  [9577] Lansdowne &#038; The Parkway → ['7870723']
  [9578] Young & Industrial Pkwy → ['7870723']
  [9579] Queenston &#038; Nash → ['7870723']
  [9581] FreshCo Cambridge → ['7870723']
  [9582] FreshCo Sargent → ['7876435']
  [9586] Gateway Village - St. Albert → ['7876435']
  [9587] King & Wilson → ['7870723']
  [9588] FreshCo Glenridding Wst → ['7871019']
  [9590] Cobblestone - Grande Prairie → ['7871019']
  [9594] Bayfield &#038; Livingstone → ['7878636']
  [9611] Thomas & 10th Chalo Freshco → no new flyers
  [9612] Chalo Chinguacousy test → no new flyers
  [9615] Cann &#038; Chaffey → no new flyers
  [9616] Williams Lake → ['7876435']
  [9617] Parliament & Dundas → ['7870723']
  [9619] Albert Street → ['7871019']
  [9620] Robertson & Moodie → ['7870723']
  [9622] Strawberry Hill CHALO Fresh Co WEST → no new flyers
  [9623] Frontier → ['7871019']
  [9627] Mayfair → ['7876435']
  [9628] FreshCo Waterdown → ['7871879']
  [9632] Hurontario & Dundas → ['7870723']
  [9633] Erie Street → ['7870723']
  [9635] Pallisades - Edmonton → ['7876435']
  [9636] 9636-FreshCo FT MACMURRAY → ['7876435']
  [9637] Calgary Whitehorn → ['7876435']
  [9640] Wentworth & Cedar → ['7870723']
  [9643] Don Mills & Helen Lu → ['7870723']
  [9644] Queensway & Glenwoods → ['7870723']
  [9645] FreshCo Mapleview Drive Barrie → no new flyers
  [9653] FreshCo Homer Watson → ['7870723']
  [9654] Tecumseh & McDougall → ['7870723']
  [9658] Bloor & Dundas → ['7870723']
  [9662] Lawrence & Midland → ['7876426']
  [9665] Ninth & Marlborough → ['7876426']
  [9674] Main & Jasperson → ['7870723']
  [9677] North Front & Tracey → ['7870723']
  [9679] Gerrard & Victoria Park → ['7876426']
  [9689] Strandherd & Cresthaven → ['7870723']
  [9690] Upper Gage &#038; Fennell → ['7870723']
  [9693] Chalo Goreway & Derry → no new flyers
  [9694] Lewis Estates → ['7876435']
  [9698] Tecumseh & Rivard → ['7870723']
  [9705] Glen Erin &#038; Britannia → ['7870723']
  [9712] Third Line &#038; Dundas → ['7870723']
  [9718] Ontario &#038; Southworth → ['7870723']
  [9731] Ontario & Carlton → ['7870723']
  [9732] Malden &#038; Delmar → ['7870723']
  [9736] Westmount & Ottawa → ['7870723']
  [9745] Bunting & Welland → ['7870723']
  [9748] Major Mackenzie & Leslie → ['7876426']
  [9755] Adelaide & Huron → ['7870723']
  [9760] Wonderland &#038; Pine Valley → ['7870723']
  [9762] Trout Lake & Connaught → ['7870723']
  [9766] Ontario &#038; Dundas → ['7870723']
  [9772] Princess & Andersen → ['7876426']
  [9778] Jane & Finch → ['7870723']
  [9822] Huron Church & Tecumseh → ['7870723']
  [9862] Wyandotte & Frank → ['7870723']
  [9863] Commissioners &#038; Wellington → ['7870723']
  [9876] Dundas & Main → ['7870723']
  [9884] Bramalea City Centre → no new flyers
  [9887] Mountain &#038; First → ['7870723']
  [9888] Chinguacousy & Sandalwood → ['7870723']

  143 new publication entries across 164 stores
  7 unique new publication(s) to download
  Saved → data/freshco/store_flyers.json  (508,275 bytes)
New publication entries added to store_flyers.json: 143
Unique new publications to download: 7

Phase 2: fetching products for each new publication…

  [7870723] Flyer  (2026-04-09T00:00:00-04:00 → 2026-04-15T23:59:59-04:00)
    141 products
  Saved → data/freshco/flyers/7870723.json  (302,163 bytes)
  [7878636] Flyer  (2026-04-09T00:00:00-04:00 → 2026-04-15T23:59:59-04:00)
    141 products
  Saved → data/freshco/flyers/7878636.json  (302,163 bytes)
  [7876426] Flyer  (2026-04-09T00:00:00-04:00 → 2026-04-15T23:59:59-04:00)
    141 products
  Saved → data/freshco/flyers/7876426.json  (302,163 bytes)
  [7876435] Weekly West  (2026-04-09T03:00:00-04:00 → 2026-04-15T23:59:59-04:00)
    129 products
  Saved → data/freshco/flyers/7876435.json  (276,262 bytes)
  [7871019] Weekly West  (2026-04-09T03:00:00-04:00 → 2026-04-15T23:59:59-04:00)
    129 products
  Saved → data/freshco/flyers/7871019.json  (276,262 bytes)
  [7871867] Flyer  (2026-04-09T00:00:00-04:00 → 2026-04-15T23:59:59-04:00)
    142 products
  Saved → data/freshco/flyers/7871867.json  (304,576 bytes)
  [7871879] Flyer  (2026-04-09T00:00:00-04:00 → 2026-04-15T23:59:59-04:00)
    141 products
  Saved → data/freshco/flyers/7871879.json  (303,018 bytes)

── Phase 2 results ──────────────────────────────────────────────────
  Downloaded : 7
  Skipped    : 0  (file already existed)
  Errors     : 0

Run completed: 2026-04-11 21:50:35 UTC
Elapsed      : 0m 19s


Done.  Verbose log → logs/freshco/2026-04-11_verbose.log
       Summary log → logs/freshco/2026-04-11_summary.log

