=== Freshco Flyer Fetch — 2026-04-30 ===
Run started : 2026-04-30 13:48:51 UTC

Loaded 164 stores from data/freshco/stores.json

Stores loaded: 164
Loaded existing store_flyers.json (715 publication entries)

Phase 1: fetching publications per store…

  [2908] Carleton Place Lansdowne → ['7903443', '7911230']
  [2910] Hwy 2 &#038; Kendalwood → ['7903443', '7911230']
  [2912] Trafalgar & Highbury → ['7903443', '7911230']
  [2916] Brant & Upper Middle → ['7903443', '7911230']
  [2917] Queen & Gladstone → ['7903443', '7911230']
  [3313] Bathurst & Rutherford → ['7903443', '7911230']
  [3315] Sherbourne & Isabella → ['7903443', '7911230']
  [3811] Kalar & Lundy&#8217;s Lane → ['7903443', '7911230']
  [3815] Rymal &#038; Upper Gage → ['7903443', '7911230']
  [3816] Airport & Countryside → no new flyers
  [3817] Winchester & Simcoe → ['7903443', '7911230']
  [3820] Bathurst & Nassau → ['7903443', '7911230']
  [3821] Brock &#038; George → ['7903443', '7911230']
  [3822] Broadway &#038; Dawson → ['7903443', '7911230']
  [3823] Jane & Denison GO → ['7903443', '7911230']
  [3834] Hwy 56 &#038; Maggie Johnson → ['7903443', '7911230']
  [3837] Cottrelle & Hwy 50 Chalo! FreshCo → no new flyers
  [3838] Dundas & Runnymede → ['7903443', '7911230']
  [3839] Bank & Findlay Creek → ['7903443', '7911230']
  [3844] Guelph & Sinclair → ['7903443', '7911230']
  [3846] Major Mackenzie & Weston → ['7903443', '7911230']
  [3847] Speedvale &#038; Stevenson → ['7903443', '7911230']
  [3849] Don Mills & Helen Lu → no new flyers
  [3850] Leslie & Lake Shore → ['7903443', '7911230']
  [3853] Market & Icomm → ['7903443', '7911230']
  [3856] Dufferin & Dupont → ['7903443', '7911230']
  [3857] Bovaird & Conestoga → ['7903443', '7911230']
  [3859] Dixie & Dundas → ['7903443', '7911230']
  [3860] Chalo Mississauga & Financial Drive → no new flyers
  [3861] Hwy 12 &#038; 7 → ['7903443', '7911230']
  [3865] Kingston Road &#038; Whites → ['7903443', '7911230']
  [3867] McArthur & Lafontaine → ['7903443', '7911230']
  [3875] McCowan & Bur Oak → ['7903443', '7911230']
  [3876] McCowan &#038; Ellesmere → ['7903443', '7911230']
  [3879] Sherbourne and Isabella → no new flyers
  [3881] Barton & Strathearne → ['7903443', '7911230']
  [3883] Brock & Gilbert → ['7903443', '7911230']
  [3886] FreshCo Orleans → ['7903443', '7911230']
  [3887] Bramalea & Sandalwood Chalo! FreshCo → no new flyers
  [3889] Queen & McLaughlin → no new flyers
  [3892] Longworth & Scugog → ['7903443', '7911230']
  [3894] Milton → ['7903443', '7911230']
  [3902] St. David & Gordon Freshco → ['7903443', '7911230']
  [4013] FreshCo Huntsville Paisley → ['7903443', '7911230']
  [4014] Owen Sound → ['7903443', '7911230']
  [4015] Taunton → ['7903443', '7911230']
  [4354] FreshCo Evanston → ['7901929', '7911272']
  [4647] 9541-FreshCo Red Deer → ['7901929', '7911272']
  [4648] Ogden → ['7901929', '7911272']
  [8926] 5275 48 Avenue → ['7901929', '7911272']
  [8929] FreshCo Heritage → ['7901929', '7911272']
  [8932] Broadmoor Fresh Co WEST → ['7901929', '7911272']
  [8933] Newton Chalo Fresh Co WEST → no new flyers
  [8934] Lougheed Hwy WEST → ['7901929', '7911272']
  [8936] Kildonan Crossing → ['7901929', '7911272']
  [8937] Jefferson McPhilips WEST → ['7901929', '7911272']
  [8938] Aldergrove → ['7901929', '7911272']
  [8939] Yale Road → ['7901929', '7911272']
  [8940] 20201 Lougheed Hwy → ['7901929', '7911272']
  [8942] Tretheway & S Fraser Way Chalo FreshCo → no new flyers
  [8943] Cariboo Hwy & 5 St. FreshCo → ['7901929', '7911272']
  [8945] Kamloops → ['7901929', '7911272']
  [8946] Kelowna → ['7901929', '7911272']
  [8947] Vernon → ['7901929', '7911272']
  [8948] Powell River → ['7901929', '7911272']
  [8949] Regina → ['7901929', '7911272']
  [8950] Confederation → ['7901929', '7911272']
  [8952] Freshco Market Mall → ['7901929', '7911272']
  [8954] Niakwa FreshCo → ['7901929', '7911272']
  [8955] Pembina FreshCo → ['7901929', '7911272']
  [8956] Henderson FreshCo → ['7901929', '7911272']
  [8958] Chalo Tamarack → no new flyers
  [8962] Brentwood → ['7901929', '7911272']
  [8963] Millbourne - Edmonton → ['7901929', '7911272']
  [8964] Chalo Saddletowne → no new flyers
  [8965] Thunder Bay Fresh Co WEST → ['7901929', '7911272']
  [8966] Chalo FreshCo Cornerstone → no new flyers
  [8968] FRESHCO Coliseum → ['7901929', '7911272']
  [8971] Jasper Gates → ['7901929', '7911272']
  [8973] Edgemount → ['7901929', '7911272']
  [8974] Medicine Hat FreshCo → ['7901929', '7911272']
  [8975] Blundell & No 2 FreshCo WEST → ['7901929', '7911272']
  [9543] University & Bridge → ['7903443', '7911230']
  [9544] Eglinton & Gabian Way → ['7903443', '7911230']
  [9547] Weber & Franklin → ['7903443', '7911230']
  [9548] Barton & Gage → ['7903443', '7911230']
  [9550] Steeles & Bathurst → ['7903443', '7911230']
  [9553] Spence & Blvd Cartier → ['7903443', '7911230']
  [9554] FreshCo Manning Village → ['7901929', '7911272']
  [9557] Okotoks FreshCo → ['7901929', '7911272']
  [9559] FreshCo Chestermere → ['7901931', '7911274']
  [9560] Queensway & Glenwoods → no new flyers
  [9561] Centre &#038; McCulloch → ['7903443', '7911230']
  [9562] Talbot & First → ['7903443', '7911230']
  [9563] Upper Middle & Walker&#8217;s Line → ['7903443', '7911230']
  [9564] Hespeler & Dundas → ['7903443', '7911230']
  [9571] Merivale & Meadowlands → ['7903443', '7911230']
  [9572] Dundas & Erindale Station → ['7903443', '7911230']
  [9575] Bramalea City Centre Mall → ['7903443', '7911230']
  [9576] King &#038; Townline → ['7903443', '7911230']
  [9577] Lansdowne &#038; The Parkway → ['7903443', '7911230']
  [9578] Young & Industrial Pkwy → ['7903443', '7911230']
  [9579] Queenston &#038; Nash → ['7903443', '7911230']
  [9581] FreshCo Cambridge → ['7903443', '7911230']
  [9582] FreshCo Sargent → ['7901929', '7911272']
  [9586] Gateway Village - St. Albert → ['7901929', '7911272']
  [9587] King & Wilson → ['7903443', '7911230']
  [9588] FreshCo Glenridding Wst → ['7901929', '7911272']
  [9590] Cobblestone - Grande Prairie → ['7901929', '7911272']
  [9594] Bayfield &#038; Livingstone → ['7903443']
  [9611] Thomas & 10th Chalo Freshco → ['7911230']
  [9612] Chalo Chinguacousy test → no new flyers
  [9615] Cann &#038; Chaffey → no new flyers
  [9616] Williams Lake → ['7901929', '7911272']
  [9617] Parliament & Dundas → ['7903443', '7911230']
  [9619] Albert Street → ['7901929', '7911272']
  [9620] Robertson & Moodie → ['7903443', '7911230']
  [9622] Strawberry Hill CHALO Fresh Co WEST → no new flyers
  [9623] Frontier → ['7901929', '7911272']
  [9627] Mayfair → ['7901929', '7911272']
  [9628] FreshCo Waterdown → ['7903444', '7911231']
  [9632] Hurontario & Dundas → ['7903443', '7911230']
  [9633] Erie Street → ['7903443', '7911230']
  [9635] Pallisades - Edmonton → ['7901929', '7911272']
  [9636] 9636-FreshCo FT MACMURRAY → ['7901929', '7911272']
  [9637] Calgary Whitehorn → ['7901929', '7911272']
  [9640] Wentworth & Cedar → ['7903443', '7911230']
  [9643] Don Mills & Helen Lu → ['7903443', '7911230']
  [9644] Queensway & Glenwoods → ['7903443']
  [9645] FreshCo Mapleview Drive Barrie → ['7903445', '7911232']
  [9653] FreshCo Homer Watson → ['7903443', '7911230']
  [9654] Tecumseh & McDougall → ['7903443', '7911230']
  [9658] Bloor & Dundas → ['7903443', '7911230']
  [9662] Lawrence & Midland → no new flyers
  [9665] Ninth & Marlborough → ['7903443', '7911230']
  [9674] Main & Jasperson → ['7903443', '7911230']
  [9677] North Front & Tracey → ['7903443', '7911230']
  [9679] Gerrard & Victoria Park → ['7903443', '7911230']
  [9689] Strandherd & Cresthaven → ['7903443', '7911230']
  [9690] Upper Gage &#038; Fennell → ['7903443', '7911230']
  [9693] Chalo Goreway & Derry → no new flyers
  [9694] Lewis Estates → ['7901929', '7911272']
  [9698] Tecumseh & Rivard → ['7903443', '7911230']
  [9705] Glen Erin &#038; Britannia → ['7903443', '7911230']
  [9712] Third Line &#038; Dundas → ['7903443', '7911230']
  [9718] Ontario &#038; Southworth → ['7903443', '7911230']
  [9731] Ontario & Carlton → ['7903443', '7911230']
  [9732] Malden &#038; Delmar → ['7903443', '7911230']
  [9736] Westmount & Ottawa → ['7903443', '7911230']
  [9745] Bunting & Welland → ['7903443', '7911230']
  [9748] Major Mackenzie & Leslie → ['7903443', '7911230']
  [9755] Adelaide & Huron → ['7903443', '7911230']
  [9760] Wonderland &#038; Pine Valley → ['7903443', '7911230']
  [9762] Trout Lake & Connaught → ['7903443', '7911230']
  [9766] Ontario &#038; Dundas → ['7903443', '7911230']
  [9772] Princess & Andersen → ['7903443', '7911230']
  [9778] Jane & Finch → ['7903443', '7911230']
  [9822] Huron Church & Tecumseh → ['7903443', '7911230']
  [9862] Wyandotte & Frank → ['7903443', '7911230']
  [9863] Commissioners &#038; Wellington → ['7903443', '7911230']
  [9876] Dundas & Main → ['7903443', '7911230']
  [9884] Bramalea City Centre → no new flyers
  [9887] Mountain &#038; First → ['7903443', '7911230']
  [9888] Chinguacousy & Sandalwood → ['7903443', '7911230']

  287 new publication entries across 164 stores
  10 unique new publication(s) to download
  Saved → data/freshco/store_flyers.json  (1,191,783 bytes)
New publication entries added to store_flyers.json: 287
Unique new publications to download: 10

Phase 2: fetching products for each new publication…

  [7903443] Flyer  (2026-04-30T00:00:00-04:00 → 2026-05-06T23:59:59-04:00)
    125 products
  Saved → data/freshco/flyers/7903443.json  (271,796 bytes)
  [7911230] Special Promotion  (2026-04-30T00:00:00-04:00 → 2026-05-27T23:59:59-04:00)
    22 products
  Saved → data/freshco/flyers/7911230.json  (47,133 bytes)
  [7901929] Weekly West  (2026-04-30T03:00:00-04:00 → 2026-05-06T23:59:59-04:00)
    120 products
  Saved → data/freshco/flyers/7901929.json  (259,581 bytes)
  [7911272] Special Promotion  (2026-04-30T03:00:00-04:00 → 2026-05-27T23:59:59-04:00)
    22 products
  Saved → data/freshco/flyers/7911272.json  (47,103 bytes)
  [7901931] Weekly West  (2026-04-30T03:00:00-04:00 → 2026-05-06T23:59:59-04:00)
    120 products
  Saved → data/freshco/flyers/7901931.json  (259,576 bytes)
  [7911274] Special Promotion  (2026-04-30T03:00:00-04:00 → 2026-05-27T23:59:59-04:00)
    22 products
  Saved → data/freshco/flyers/7911274.json  (47,103 bytes)
  [7903444] Flyer  (2026-04-30T00:00:00-04:00 → 2026-05-06T23:59:59-04:00)
    125 products
  Saved → data/freshco/flyers/7903444.json  (271,649 bytes)
  [7911231] Special Promotion  (2026-04-30T00:00:00-04:00 → 2026-05-27T23:59:59-04:00)
    22 products
  Saved → data/freshco/flyers/7911231.json  (47,133 bytes)
  [7903445] Flyer  (2026-04-30T00:00:00-04:00 → 2026-05-06T23:59:59-04:00)
    125 products
  Saved → data/freshco/flyers/7903445.json  (271,581 bytes)
  [7911232] Special Promotion  (2026-04-30T00:00:00-04:00 → 2026-05-27T23:59:59-04:00)
    22 products
  Saved → data/freshco/flyers/7911232.json  (47,133 bytes)

── Phase 2 results ──────────────────────────────────────────────────
  Downloaded : 10
  Skipped    : 0  (file already existed)
  Errors     : 0

Run completed: 2026-04-30 13:49:13 UTC
Elapsed      : 0m 22s


Done.  Verbose log → logs/freshco/2026-04-30_verbose.log
       Summary log → logs/freshco/2026-04-30_summary.log

