=== Freshco Flyer Fetch — 2026-09-24 ===
Run started : 2026-09-24 18:02:23 UTC

Loaded 164 stores from data/freshco/stores.parquet

Stores loaded: 164
Loaded store_flyers.parquet (3195 publication entries)

Phase 1: fetching publications per store…

  [2908] Carleton Place Lansdowne → ['8145404']
  [2910] Hwy 2 &#038; Kendalwood → ['8145404']
  [2912] Trafalgar & Highbury → no new flyers
  [2916] Brant & Upper Middle → no new flyers
  [2917] Queen & Gladstone → no new flyers
  [3313] Bathurst & Rutherford → ['8145406']
  [3315] Sherbourne & Isabella → ['8145404']
  [3811] Kalar & Lundy&#8217;s Lane → ['8145404']
  [3815] Rymal &#038; Upper Gage → ['8145404']
  [3816] Airport & Countryside → no new flyers
  [3817] Winchester & Simcoe → ['8145404']
  [3820] Bathurst & Nassau → ['8145404']
  [3821] Brock &#038; George → no new flyers
  [3822] Broadway &#038; Dawson → ['8145404']
  [3823] Jane & Denison GO → ['8145404']
  [3834] Hwy 56 &#038; Maggie Johnson → ['8145404']
  [3837] Cottrelle & Hwy 50 Chalo! FreshCo → no new flyers
  [3838] Dundas & Runnymede → ['8145404']
  [3839] Bank & Findlay Creek → ['8145404']
  [3844] Guelph & Sinclair → ['8145404']
  [3846] Major Mackenzie & Weston → ['8145404']
  [3847] Speedvale &#038; Stevenson → ['8145404']
  [3849] Don Mills & Helen Lu → no new flyers
  [3850] Leslie & Lake Shore → ['8145404']
  [3853] Market & Icomm → no new flyers
  [3856] Dufferin & Dupont → ['8145404']
  [3857] Bovaird & Conestoga → ['8145404']
  [3859] Dixie & Dundas → ['8145404']
  [3860] Chalo Mississauga & Financial Drive → no new flyers
  [3861] Hwy 12 &#038; 7 → ['8145404']
  [3865] Kingston Road &#038; Whites → ['8145404']
  [3867] McArthur & Lafontaine → ['8145404']
  [3875] McCowan & Bur Oak → ['8145404']
  [3876] McCowan &#038; Ellesmere → ['8145404']
  [3879] Sherbourne and Isabella → no new flyers
  [3881] Barton & Strathearne → ['8145404']
  [3883] Brock & Gilbert → ['8145404']
  [3886] FreshCo Orleans → ['8145404']
  [3887] Bramalea & Sandalwood Chalo! FreshCo → no new flyers
  [3889] Queen & McLaughlin → no new flyers
  [3892] Longworth & Scugog → ['8145404']
  [3894] Milton → ['8145404']
  [3902] St. David & Gordon Freshco → ['8145404']
  [4013] FreshCo Huntsville Paisley → ['8145404']
  [4014] Owen Sound → ['8145404']
  [4015] Taunton → ['8145404']
  [4354] FreshCo Evanston → ['8156967']
  [4647] 9541-FreshCo Red Deer → ['8156967']
  [4648] Ogden → no new flyers
  [8926] 5275 48 Avenue → ['8142488']
  [8929] FreshCo Heritage → ['8156967']
  [8932] Broadmoor Fresh Co WEST → ['8142488']
  [8933] Newton Chalo Fresh Co WEST → no new flyers
  [8934] Lougheed Hwy WEST → ['8142488']
  [8936] Kildonan Crossing → ['8156967']
  [8937] Jefferson McPhilips WEST → ['8156969']
  [8938] Aldergrove → ['8142488']
  [8939] Yale Road → ['8142488']
  [8940] 20201 Lougheed Hwy → ['8142488']
  [8942] Tretheway & S Fraser Way Chalo FreshCo → no new flyers
  [8943] Cariboo Hwy & 5 St. FreshCo → ['8142488']
  [8945] Kamloops → ['8142488']
  [8946] Kelowna → ['8142488']
  [8947] Vernon → ['8142488']
  [8948] Powell River → ['8142488']
  [8949] Regina → ['8156968']
  [8950] Confederation → ['8156968']
  [8952] Freshco Market Mall → ['8156968']
  [8954] Niakwa FreshCo → ['8156969']
  [8955] Pembina FreshCo → ['8156969']
  [8956] Henderson FreshCo → ['8156969']
  [8958] Chalo Tamarack → no new flyers
  [8962] Brentwood → ['8156967']
  [8963] Millbourne - Edmonton → ['8156967']
  [8964] Chalo Saddletowne → no new flyers
  [8965] Thunder Bay Fresh Co WEST → ['8156969']
  [8966] Chalo FreshCo Cornerstone → no new flyers
  [8968] FRESHCO Coliseum → ['8156967']
  [8971] Jasper Gates → ['8156967']
  [8973] Edgemount → ['8156967']
  [8974] Medicine Hat FreshCo → ['8156967']
  [8975] Blundell & No 2 FreshCo WEST → ['8142488']
  [9543] University & Bridge → ['8145404']
  [9544] Eglinton & Gabian Way → ['8145404']
  [9547] Weber & Franklin → ['8145404']
  [9548] Barton & Gage → ['8145404']
  [9550] Steeles & Bathurst → ['8145406']
  [9553] Spence & Blvd Cartier → ['8145404']
  [9554] FreshCo Manning Village → ['8156967']
  [9557] Okotoks FreshCo → ['8156967']
  [9559] FreshCo Chestermere → ['8156967']
  [9560] Queensway & Glenwoods → no new flyers
  [9561] Centre &#038; McCulloch → ['8145404']
  [9562] Talbot & First → ['8145404']
  [9563] Upper Middle & Walker&#8217;s Line → ['8145404']
  [9564] Hespeler & Dundas → ['8145404']
  [9571] Merivale & Meadowlands → ['8145404']
  [9572] Dundas & Erindale Station → ['8145404']
  [9575] Bramalea City Centre Mall → ['8145404']
  [9576] King &#038; Townline → ['8145404']
  [9577] Lansdowne &#038; The Parkway → ['8145404']
  [9578] Young & Industrial Pkwy → ['8145404']
  [9579] Queenston &#038; Nash → ['8145404']
  [9581] FreshCo Cambridge → ['8145404']
  [9582] FreshCo Sargent → ['8156969']
  [9586] Gateway Village - St. Albert → ['8156967']
  [9587] King & Wilson → ['8145404']
  [9588] FreshCo Glenridding Wst → ['8156967']
  [9590] Cobblestone - Grande Prairie → ['8156967']
  [9594] Bayfield &#038; Livingstone → ['8145404']
  [9611] Thomas & 10th Chalo Freshco → no new flyers
  [9612] Chalo Chinguacousy test → no new flyers
  [9615] Cann &#038; Chaffey → no new flyers
  [9616] Williams Lake → ['8142488']
  [9617] Parliament & Dundas → ['8145404']
  [9619] Albert Street → ['8156968']
  [9620] Robertson & Moodie → no new flyers
  [9622] Strawberry Hill CHALO Fresh Co WEST → no new flyers
  [9623] Frontier → ['8156967']
  [9627] Mayfair → ['8156968']
  [9628] FreshCo Waterdown → ['8145404']
  [9632] Hurontario & Dundas → ['8145404']
  [9633] Erie Street → ['8145404']
  [9635] Pallisades - Edmonton → ['8156967']
  [9636] 9636-FreshCo FT MACMURRAY → ['8156967']
  [9637] Calgary Whitehorn → no new flyers
  [9640] Wentworth & Cedar → ['8145404']
  [9643] Don Mills & Helen Lu → ['8145404']
  [9644] Queensway & Glenwoods → ['8145404']
  [9645] FreshCo Mapleview Drive Barrie → no new flyers
  [9653] FreshCo Homer Watson → ['8145404']
  [9654] Tecumseh & McDougall → no new flyers
  [9658] Bloor & Dundas → ['8145404']
  [9662] Lawrence & Midland → no new flyers
  [9665] Ninth & Marlborough → ['8145404']
  [9674] Main & Jasperson → ['8145404']
  [9677] North Front & Tracey → ['8145404']
  [9679] Gerrard & Victoria Park → ['8145404']
  [9689] Strandherd & Cresthaven → ['8145404']
  [9690] Upper Gage &#038; Fennell → ['8145404']
  [9693] Chalo Goreway & Derry → no new flyers
  [9694] Lewis Estates → ['8156967']
  [9698] Tecumseh & Rivard → ['8145404']
  [9705] Glen Erin &#038; Britannia → ['8145404']
  [9712] Third Line &#038; Dundas → no new flyers
  [9718] Ontario &#038; Southworth → ['8145404']
  [9731] Ontario & Carlton → ['8145404']
  [9732] Malden &#038; Delmar → ['8145404']
  [9736] Westmount & Ottawa → no new flyers
  [9745] Bunting & Welland → ['8145404']
  [9748] Major Mackenzie & Leslie → ['8145404']
  [9755] Adelaide & Huron → ['8145404']
  [9760] Wonderland &#038; Pine Valley → ['8145404']
  [9762] Trout Lake & Connaught → ['8145404']
  [9766] Ontario &#038; Dundas → ['8145404']
  [9772] Princess & Andersen → ['8145404']
  [9778] Jane & Finch → ['8145404']
  [9822] Huron Church & Tecumseh → ['8145404']
  [9862] Wyandotte & Frank → ['8145404']
  [9863] Commissioners &#038; Wellington → ['8145404']
  [9876] Dundas & Main → no new flyers
  [9884] Bramalea City Centre → no new flyers
  [9887] Mountain &#038; First → ['8145404']
  [9888] Chinguacousy & Sandalwood → ['8145404']

  131 new publication entries across 164 stores
  6 unique new publication(s) to download
  Appended 131 rows to data/freshco/store_flyers.parquet
New publication entries added to store_flyers.parquet: 131
Unique new publications to download: 6

Phase 2: fetching products for each new publication…

  [8145404] Flyer  (2026-09-24T00:00:00-04:00 → 2026-09-30T23:59:59-04:00)
    160 products
  [8145406] Flyer  (2026-09-24T00:00:00-04:00 → 2026-09-30T23:59:59-04:00)
    178 products
  [8156967] Weekly West  (2026-09-24T03:00:00-04:00 → 2026-09-30T23:59:59-04:00)
    164 products
  [8142488] Weekly West  (2026-09-24T03:00:00-04:00 → 2026-09-30T23:59:59-04:00)
    164 products
  [8156969] Weekly West  (2026-09-24T03:00:00-04:00 → 2026-09-30T23:59:59-04:00)
    164 products
  [8156968] Weekly West  (2026-09-24T03:00:00-04:00 → 2026-09-30T23:59:59-04:00)
    164 products

── Phase 2 results ──────────────────────────────────────────────────
  Downloaded : 6
  Skipped    : 0  (file already existed)
  Errors     : 0

Run completed: 2026-09-24 18:02:53 UTC
Elapsed      : 0m 29s


Done.  Verbose log → logs/freshco/2026-09-24_verbose.log
       Summary log → logs/freshco/2026-09-24_summary.log

