=== Freshco Flyer Fetch — 2026-04-16 ===
Run started : 2026-04-16 13:49:38 UTC

Loaded 164 stores from data/freshco/stores.json

Stores loaded: 164
Loaded existing store_flyers.json (427 publication entries)

Phase 1: fetching publications per store…

  [2908] Carleton Place Lansdowne → ['7878156']
  [2910] Hwy 2 &#038; Kendalwood → ['7878156']
  [2912] Trafalgar & Highbury → ['7878156']
  [2916] Brant & Upper Middle → ['7878156']
  [2917] Queen & Gladstone → ['7878156']
  [3313] Bathurst & Rutherford → ['7880326']
  [3315] Sherbourne & Isabella → ['7878156']
  [3811] Kalar & Lundy&#8217;s Lane → ['7885403']
  [3815] Rymal &#038; Upper Gage → ['7878156']
  [3816] Airport & Countryside → no new flyers
  [3817] Winchester & Simcoe → ['7878156']
  [3820] Bathurst & Nassau → ['7885403']
  [3821] Brock &#038; George → ['7878156']
  [3822] Broadway &#038; Dawson → ['7878156']
  [3823] Jane & Denison GO → ['7878156']
  [3834] Hwy 56 &#038; Maggie Johnson → ['7878156']
  [3837] Cottrelle & Hwy 50 Chalo! FreshCo → no new flyers
  [3838] Dundas & Runnymede → ['7878156']
  [3839] Bank & Findlay Creek → ['7878156']
  [3844] Guelph & Sinclair → ['7885403']
  [3846] Major Mackenzie & Weston → ['7885403']
  [3847] Speedvale &#038; Stevenson → ['7878156']
  [3849] Don Mills & Helen Lu → no new flyers
  [3850] Leslie & Lake Shore → ['7878156']
  [3853] Market & Icomm → ['7885403']
  [3856] Dufferin & Dupont → ['7878156']
  [3857] Bovaird & Conestoga → ['7878156']
  [3859] Dixie & Dundas → ['7878156']
  [3860] Chalo Mississauga & Financial Drive → no new flyers
  [3861] Hwy 12 &#038; 7 → ['7878156']
  [3865] Kingston Road &#038; Whites → ['7878156']
  [3867] McArthur & Lafontaine → ['7878156']
  [3875] McCowan & Bur Oak → ['7885403']
  [3876] McCowan &#038; Ellesmere → ['7878156']
  [3879] Sherbourne and Isabella → no new flyers
  [3881] Barton & Strathearne → ['7878156']
  [3883] Brock & Gilbert → ['7878156']
  [3886] FreshCo Orleans → ['7878156']
  [3887] Bramalea & Sandalwood Chalo! FreshCo → no new flyers
  [3889] Queen & McLaughlin → no new flyers
  [3892] Longworth & Scugog → ['7878156']
  [3894] Milton → ['7878156']
  [3902] St. David & Gordon Freshco → ['7878156']
  [4013] FreshCo Huntsville Paisley → ['7878156']
  [4014] Owen Sound → ['7878156']
  [4015] Taunton → ['7878156']
  [4354] FreshCo Evanston → ['7885405']
  [4647] 9541-FreshCo Red Deer → ['7885405']
  [4648] Ogden → ['7885405']
  [8926] 5275 48 Avenue → ['7878154']
  [8929] FreshCo Heritage → ['7878154']
  [8932] Broadmoor Fresh Co WEST → ['7885405']
  [8933] Newton Chalo Fresh Co WEST → no new flyers
  [8934] Lougheed Hwy WEST → ['7885405']
  [8936] Kildonan Crossing → ['7885405']
  [8937] Jefferson McPhilips WEST → ['7885405']
  [8938] Aldergrove → ['7885405']
  [8939] Yale Road → ['7885405']
  [8940] 20201 Lougheed Hwy → ['7885405']
  [8942] Tretheway & S Fraser Way Chalo FreshCo → no new flyers
  [8943] Cariboo Hwy & 5 St. FreshCo → ['7878154']
  [8945] Kamloops → ['7885405']
  [8946] Kelowna → ['7885405']
  [8947] Vernon → ['7885405']
  [8948] Powell River → ['7885405']
  [8949] Regina → ['7885405']
  [8950] Confederation → ['7885405']
  [8952] Freshco Market Mall → ['7885405']
  [8954] Niakwa FreshCo → ['7885405']
  [8955] Pembina FreshCo → ['7885405']
  [8956] Henderson FreshCo → ['7878154']
  [8958] Chalo Tamarack → no new flyers
  [8962] Brentwood → ['7878154']
  [8963] Millbourne - Edmonton → ['7885405']
  [8964] Chalo Saddletowne → no new flyers
  [8965] Thunder Bay Fresh Co WEST → ['7878154']
  [8966] Chalo FreshCo Cornerstone → no new flyers
  [8968] FRESHCO Coliseum → ['7885405']
  [8971] Jasper Gates → ['7885405']
  [8973] Edgemount → ['7878154']
  [8974] Medicine Hat FreshCo → ['7885405']
  [8975] Blundell & No 2 FreshCo WEST → ['7885405']
  [9543] University & Bridge → ['7878156']
  [9544] Eglinton & Gabian Way → ['7878156']
  [9547] Weber & Franklin → ['7878156']
  [9548] Barton & Gage → ['7878156']
  [9550] Steeles & Bathurst → ['7885403']
  [9553] Spence & Blvd Cartier → ['7878156']
  [9554] FreshCo Manning Village → ['7878154']
  [9557] Okotoks FreshCo → ['7878154']
  [9559] FreshCo Chestermere → no new flyers
  [9560] Queensway & Glenwoods → no new flyers
  [9561] Centre &#038; McCulloch → ['7878156']
  [9562] Talbot & First → ['7878156']
  [9563] Upper Middle & Walker&#8217;s Line → ['7878156']
  [9564] Hespeler & Dundas → ['7885403']
  [9571] Merivale & Meadowlands → ['7878156']
  [9572] Dundas & Erindale Station → ['7878156']
  [9575] Bramalea City Centre Mall → ['7878156']
  [9576] King &#038; Townline → ['7878156']
  [9577] Lansdowne &#038; The Parkway → ['7878156']
  [9578] Young & Industrial Pkwy → ['7878156']
  [9579] Queenston &#038; Nash → ['7878156']
  [9581] FreshCo Cambridge → ['7878156']
  [9582] FreshCo Sargent → ['7885405']
  [9586] Gateway Village - St. Albert → ['7885405']
  [9587] King & Wilson → ['7878156']
  [9588] FreshCo Glenridding Wst → ['7878154']
  [9590] Cobblestone - Grande Prairie → ['7878154']
  [9594] Bayfield &#038; Livingstone → ['7878156']
  [9611] Thomas & 10th Chalo Freshco → no new flyers
  [9612] Chalo Chinguacousy test → no new flyers
  [9615] Cann &#038; Chaffey → no new flyers
  [9616] Williams Lake → ['7885405']
  [9617] Parliament & Dundas → ['7878156']
  [9619] Albert Street → ['7878154']
  [9620] Robertson & Moodie → ['7878156']
  [9622] Strawberry Hill CHALO Fresh Co WEST → no new flyers
  [9623] Frontier → ['7878154']
  [9627] Mayfair → ['7885405']
  [9628] FreshCo Waterdown → ['7880324']
  [9632] Hurontario & Dundas → ['7878156']
  [9633] Erie Street → ['7878156']
  [9635] Pallisades - Edmonton → ['7885405']
  [9636] 9636-FreshCo FT MACMURRAY → ['7885405']
  [9637] Calgary Whitehorn → ['7885405']
  [9640] Wentworth & Cedar → ['7878156']
  [9643] Don Mills & Helen Lu → ['7878156']
  [9644] Queensway & Glenwoods → ['7878156']
  [9645] FreshCo Mapleview Drive Barrie → no new flyers
  [9653] FreshCo Homer Watson → ['7878156']
  [9654] Tecumseh & McDougall → ['7878156']
  [9658] Bloor & Dundas → ['7878156']
  [9662] Lawrence & Midland → ['7885403']
  [9665] Ninth & Marlborough → ['7885403']
  [9674] Main & Jasperson → ['7878156']
  [9677] North Front & Tracey → ['7878156']
  [9679] Gerrard & Victoria Park → ['7885403']
  [9689] Strandherd & Cresthaven → ['7878156']
  [9690] Upper Gage &#038; Fennell → ['7878156']
  [9693] Chalo Goreway & Derry → no new flyers
  [9694] Lewis Estates → ['7885405']
  [9698] Tecumseh & Rivard → ['7878156']
  [9705] Glen Erin &#038; Britannia → ['7878156']
  [9712] Third Line &#038; Dundas → ['7878156']
  [9718] Ontario &#038; Southworth → ['7878156']
  [9731] Ontario & Carlton → ['7878156']
  [9732] Malden &#038; Delmar → ['7878156']
  [9736] Westmount & Ottawa → ['7878156']
  [9745] Bunting & Welland → ['7878156']
  [9748] Major Mackenzie & Leslie → ['7885403']
  [9755] Adelaide & Huron → ['7878156']
  [9760] Wonderland &#038; Pine Valley → ['7878156']
  [9762] Trout Lake & Connaught → ['7878156']
  [9766] Ontario &#038; Dundas → ['7878156']
  [9772] Princess & Andersen → ['7885403']
  [9778] Jane & Finch → ['7878156']
  [9822] Huron Church & Tecumseh → ['7878156']
  [9862] Wyandotte & Frank → ['7878156']
  [9863] Commissioners &#038; Wellington → ['7878156']
  [9876] Dundas & Main → ['7878156']
  [9884] Bramalea City Centre → no new flyers
  [9887] Mountain &#038; First → ['7878156']
  [9888] Chinguacousy & Sandalwood → ['7878156']

  143 new publication entries across 164 stores
  6 unique new publication(s) to download
  Saved → data/freshco/store_flyers.json  (677,531 bytes)
New publication entries added to store_flyers.json: 143
Unique new publications to download: 6

Phase 2: fetching products for each new publication…

  [7878156] Flyer  (2026-04-16T00:00:00-04:00 → 2026-04-22T23:59:59-04:00)
    135 products
  Saved → data/freshco/flyers/7878156.json  (290,508 bytes)
  [7880326] Flyer  (2026-04-16T00:00:00-04:00 → 2026-04-22T23:59:59-04:00)
    150 products
  Saved → data/freshco/flyers/7880326.json  (322,436 bytes)
  [7885403] Flyer  (2026-04-16T00:00:00-04:00 → 2026-04-22T23:59:59-04:00)
    135 products
  Saved → data/freshco/flyers/7885403.json  (290,574 bytes)
  [7885405] Weekly West  (2026-04-16T03:00:00-04:00 → 2026-04-22T23:59:59-04:00)
    125 products
  Saved → data/freshco/flyers/7885405.json  (269,336 bytes)
  [7878154] Weekly West  (2026-04-16T03:00:00-04:00 → 2026-04-22T23:59:59-04:00)
    125 products
  Saved → data/freshco/flyers/7878154.json  (269,274 bytes)
  [7880324] Flyer  (2026-04-16T00:00:00-04:00 → 2026-04-22T23:59:59-04:00)
    137 products
  Saved → data/freshco/flyers/7880324.json  (295,578 bytes)

── Phase 2 results ──────────────────────────────────────────────────
  Downloaded : 6
  Skipped    : 0  (file already existed)
  Errors     : 0

Run completed: 2026-04-16 13:50:15 UTC
Elapsed      : 0m 36s


Done.  Verbose log → logs/freshco/2026-04-16_verbose.log
       Summary log → logs/freshco/2026-04-16_summary.log

