=== Freshco Flyer Fetch — 2026-06-04 ===
Run started : 2026-06-04 14:16:17 UTC

Loaded 164 stores from data/freshco/stores.parquet

Stores loaded: 164
Loaded store_flyers.parquet (1711 publication entries)

Phase 1: fetching publications per store…

  [2908] Carleton Place Lansdowne → ['7960429']
  [2910] Hwy 2 &#038; Kendalwood → ['7960429']
  [2912] Trafalgar & Highbury → ['7960429']
  [2916] Brant & Upper Middle → ['7960429']
  [2917] Queen & Gladstone → ['7960429']
  [3313] Bathurst & Rutherford → ['7960431']
  [3315] Sherbourne & Isabella → ['7960429']
  [3811] Kalar & Lundy&#8217;s Lane → ['7969891']
  [3815] Rymal &#038; Upper Gage → ['7960429']
  [3816] Airport & Countryside → no new flyers
  [3817] Winchester & Simcoe → ['7960429']
  [3820] Bathurst & Nassau → ['7969891']
  [3821] Brock &#038; George → no new flyers
  [3822] Broadway &#038; Dawson → ['7960429']
  [3823] Jane & Denison GO → ['7960429']
  [3834] Hwy 56 &#038; Maggie Johnson → ['7960429']
  [3837] Cottrelle & Hwy 50 Chalo! FreshCo → no new flyers
  [3838] Dundas & Runnymede → ['7960429']
  [3839] Bank & Findlay Creek → ['7960429']
  [3844] Guelph & Sinclair → ['7969891']
  [3846] Major Mackenzie & Weston → ['7969891']
  [3847] Speedvale &#038; Stevenson → ['7960429']
  [3849] Don Mills & Helen Lu → no new flyers
  [3850] Leslie & Lake Shore → ['7960429']
  [3853] Market & Icomm → ['7969891']
  [3856] Dufferin & Dupont → ['7960429']
  [3857] Bovaird & Conestoga → ['7960429']
  [3859] Dixie & Dundas → ['7960429']
  [3860] Chalo Mississauga & Financial Drive → no new flyers
  [3861] Hwy 12 &#038; 7 → ['7960429']
  [3865] Kingston Road &#038; Whites → ['7960429']
  [3867] McArthur & Lafontaine → ['7960429']
  [3875] McCowan & Bur Oak → ['7969891']
  [3876] McCowan &#038; Ellesmere → ['7960429']
  [3879] Sherbourne and Isabella → no new flyers
  [3881] Barton & Strathearne → ['7960429']
  [3883] Brock & Gilbert → ['7960429']
  [3886] FreshCo Orleans → ['7960429']
  [3887] Bramalea & Sandalwood Chalo! FreshCo → no new flyers
  [3889] Queen & McLaughlin → no new flyers
  [3892] Longworth & Scugog → ['7960429']
  [3894] Milton → ['7960429']
  [3902] St. David & Gordon Freshco → ['7960429']
  [4013] FreshCo Huntsville Paisley → ['7960429']
  [4014] Owen Sound → ['7960429']
  [4015] Taunton → ['7960429']
  [4354] FreshCo Evanston → ['7969918']
  [4647] 9541-FreshCo Red Deer → ['7969918']
  [4648] Ogden → no new flyers
  [8926] 5275 48 Avenue → ['7961356']
  [8929] FreshCo Heritage → ['7961356']
  [8932] Broadmoor Fresh Co WEST → ['7969918']
  [8933] Newton Chalo Fresh Co WEST → no new flyers
  [8934] Lougheed Hwy WEST → ['7969918']
  [8936] Kildonan Crossing → ['7969918']
  [8937] Jefferson McPhilips WEST → ['7969918']
  [8938] Aldergrove → ['7969918']
  [8939] Yale Road → ['7969918']
  [8940] 20201 Lougheed Hwy → ['7969918']
  [8942] Tretheway & S Fraser Way Chalo FreshCo → no new flyers
  [8943] Cariboo Hwy & 5 St. FreshCo → ['7961356']
  [8945] Kamloops → ['7969918']
  [8946] Kelowna → ['7969918']
  [8947] Vernon → ['7969918']
  [8948] Powell River → ['7969918']
  [8949] Regina → ['7969918']
  [8950] Confederation → ['7969918']
  [8952] Freshco Market Mall → ['7969918']
  [8954] Niakwa FreshCo → ['7969918']
  [8955] Pembina FreshCo → ['7969918']
  [8956] Henderson FreshCo → ['7961356']
  [8958] Chalo Tamarack → no new flyers
  [8962] Brentwood → ['7961356']
  [8963] Millbourne - Edmonton → ['7969918']
  [8964] Chalo Saddletowne → no new flyers
  [8965] Thunder Bay Fresh Co WEST → ['7969891', '7961356']
  [8966] Chalo FreshCo Cornerstone → no new flyers
  [8968] FRESHCO Coliseum → ['7969918']
  [8971] Jasper Gates → ['7969918']
  [8973] Edgemount → ['7961356']
  [8974] Medicine Hat FreshCo → ['7969918']
  [8975] Blundell & No 2 FreshCo WEST → ['7969918']
  [9543] University & Bridge → ['7960429']
  [9544] Eglinton & Gabian Way → ['7960429']
  [9547] Weber & Franklin → ['7960429']
  [9548] Barton & Gage → ['7960429']
  [9550] Steeles & Bathurst → ['7970059']
  [9553] Spence & Blvd Cartier → ['7960429']
  [9554] FreshCo Manning Village → ['7961356']
  [9557] Okotoks FreshCo → ['7961356']
  [9559] FreshCo Chestermere → ['7961356']
  [9560] Queensway & Glenwoods → no new flyers
  [9561] Centre &#038; McCulloch → ['7960429']
  [9562] Talbot & First → ['7960429']
  [9563] Upper Middle & Walker&#8217;s Line → ['7960429']
  [9564] Hespeler & Dundas → ['7969891']
  [9571] Merivale & Meadowlands → ['7960429']
  [9572] Dundas & Erindale Station → ['7960429']
  [9575] Bramalea City Centre Mall → ['7960429']
  [9576] King &#038; Townline → ['7960429']
  [9577] Lansdowne &#038; The Parkway → ['7960429']
  [9578] Young & Industrial Pkwy → ['7960429']
  [9579] Queenston &#038; Nash → ['7960429']
  [9581] FreshCo Cambridge → ['7960429']
  [9582] FreshCo Sargent → ['7969918']
  [9586] Gateway Village - St. Albert → ['7961356']
  [9587] King & Wilson → ['7960429']
  [9588] FreshCo Glenridding Wst → ['7961356']
  [9590] Cobblestone - Grande Prairie → ['7961356']
  [9594] Bayfield &#038; Livingstone → ['7960429']
  [9611] Thomas & 10th Chalo Freshco → no new flyers
  [9612] Chalo Chinguacousy test → no new flyers
  [9615] Cann &#038; Chaffey → no new flyers
  [9616] Williams Lake → ['7969918']
  [9617] Parliament & Dundas → ['7960429']
  [9619] Albert Street → ['7961356']
  [9620] Robertson & Moodie → ['7960429']
  [9622] Strawberry Hill CHALO Fresh Co WEST → no new flyers
  [9623] Frontier → ['7961356']
  [9627] Mayfair → ['7969918']
  [9628] FreshCo Waterdown → ['7960429']
  [9632] Hurontario & Dundas → ['7960429']
  [9633] Erie Street → ['7960429']
  [9635] Pallisades - Edmonton → ['7969918']
  [9636] 9636-FreshCo FT MACMURRAY → ['7969918']
  [9637] Calgary Whitehorn → ['7969918']
  [9640] Wentworth & Cedar → ['7960429']
  [9643] Don Mills & Helen Lu → ['7960429']
  [9644] Queensway & Glenwoods → ['7960429']
  [9645] FreshCo Mapleview Drive Barrie → ['7960429']
  [9653] FreshCo Homer Watson → ['7960429']
  [9654] Tecumseh & McDougall → ['7960429']
  [9658] Bloor & Dundas → ['7960429']
  [9662] Lawrence & Midland → ['7969891']
  [9665] Ninth & Marlborough → ['7969891']
  [9674] Main & Jasperson → ['7960429']
  [9677] North Front & Tracey → ['7960429']
  [9679] Gerrard & Victoria Park → ['7969891']
  [9689] Strandherd & Cresthaven → ['7960429', '7969918']
  [9690] Upper Gage &#038; Fennell → ['7960429']
  [9693] Chalo Goreway & Derry → no new flyers
  [9694] Lewis Estates → ['7969918']
  [9698] Tecumseh & Rivard → ['7960429']
  [9705] Glen Erin &#038; Britannia → ['7960429']
  [9712] Third Line &#038; Dundas → ['7960429']
  [9718] Ontario &#038; Southworth → ['7960429']
  [9731] Ontario & Carlton → ['7960429']
  [9732] Malden &#038; Delmar → ['7960429']
  [9736] Westmount & Ottawa → ['7960429']
  [9745] Bunting & Welland → ['7960429']
  [9748] Major Mackenzie & Leslie → ['7969891']
  [9755] Adelaide & Huron → ['7960429']
  [9760] Wonderland &#038; Pine Valley → ['7960429']
  [9762] Trout Lake & Connaught → ['7960429']
  [9766] Ontario &#038; Dundas → ['7960429']
  [9772] Princess & Andersen → ['7969891']
  [9778] Jane & Finch → ['7960429']
  [9822] Huron Church & Tecumseh → ['7960429']
  [9862] Wyandotte & Frank → ['7960429']
  [9863] Commissioners &#038; Wellington → ['7960429']
  [9876] Dundas & Main → ['7960429']
  [9884] Bramalea City Centre → no new flyers
  [9887] Mountain &#038; First → ['7960429']
  [9888] Chinguacousy & Sandalwood → ['7960429']

  145 new publication entries across 164 stores
  6 unique new publication(s) to download
  Appended 145 rows to data/freshco/store_flyers.parquet
New publication entries added to store_flyers.parquet: 145
Unique new publications to download: 6

Phase 2: fetching products for each new publication…

  [7960429] Flyer  (2026-06-04T00:00:00-04:00 → 2026-06-10T23:59:59-04:00)
    189 products
  [7960431] Flyer  (2026-06-04T00:00:00-04:00 → 2026-06-10T23:59:59-04:00)
    204 products
  [7969891] Flyer  (2026-06-04T00:00:00-04:00 → 2026-06-10T23:59:59-04:00)
    190 products
  [7969918] Weekly West  (2026-06-04T03:00:00-04:00 → 2026-06-10T23:59:59-04:00)
    188 products
  [7961356] Weekly West  (2026-06-04T03:00:00-04:00 → 2026-06-10T23:59:59-04:00)
    187 products
  [7970059] Flyer  (2026-06-04T00:00:00-04:00 → 2026-06-10T23:59:59-04:00)
    205 products

── Phase 2 results ──────────────────────────────────────────────────
  Downloaded : 6
  Skipped    : 0  (file already existed)
  Errors     : 0

Run completed: 2026-06-04 14:16:54 UTC
Elapsed      : 0m 37s


Done.  Verbose log → logs/freshco/2026-06-04_verbose.log
       Summary log → logs/freshco/2026-06-04_summary.log

