=== Freshmart Flyer Fetch — 2026-08-20 ===
Run started : 2026-08-20 14:00:44 UTC

Loaded 24 stores from data/freshmart/stores.parquet

Stores loaded: 24
Loaded store_flyers.parquet (320 publication entries)

Phase 1: fetching publications per store…

  [2401] Esterhazy Freshmart → ['8087143']
  [3361] PoCo Freshmart → ['8087143']
  [4028] Dildo Freshmart → ['8082930']
  [4030] Warren's Store LTD → ['8082930']
  [4032] Burton's Grocery Hardware → ['8082930']
  [4043] Woodfors's LTD → ['8082930']
  [4048] Yarmouth South Freshmart → ['8082930']
  [4049] Cabot Trail Food Market R&W → ['8082930']
  [4051] Cooper's Red & White → ['8082930']
  [4055] Hartland Freshmart → ['8082930']
  [4136] Neguac Freshmart → ['8082930']
  [4148] Macpherson's Grocery R&W → ['8082930']
  [4152] Comeauville Freshmart → ['8082930']
  [4158] F J Shea & Sons Red &White → no new flyers
  [4183] Grocery Cocagne Variety → no new flyers
  [4192] Ingonish Freshmart → ['8082930']
  [4216] Bala Freshmart → ['8082934']
  [4227] Foster's Freshmart → ['8082934']
  [4359] McClelland's Freshmart → no new flyers
  [4383] North Central CO-OP → ['8082934']
  [4693] Lansdowne Freshmart → ['8082934']
  [4803] Bowers Freshmart → ['8082934']
  [4804] Gordanier's Freshmart → ['8082934']
  [4807] A & G Freshmart → no new flyers

  20 new publication entries across 24 stores
  3 unique new publication(s) to download
  Appended 20 rows to data/freshmart/store_flyers.parquet
New publication entries added to store_flyers.parquet: 20
Unique new publications to download: 3

Phase 2: fetching products for each new publication…

  [8087143] Weekly Flyer  (2026-08-20T00:00:00-04:00 → 2026-08-26T23:59:59-04:00)
    86 products
  [8082930] Weekly Flyer  (2026-08-20T00:00:00-04:00 → 2026-08-26T23:59:59-04:00)
    109 products
  [8082934] Weekly Flyer  (2026-08-20T00:00:00-04:00 → 2026-08-26T23:59:59-04:00)
    86 products

── Phase 2 results ──────────────────────────────────────────────────
  Downloaded : 3
  Skipped    : 0  (file already existed)
  Errors     : 0

Run completed: 2026-08-20 14:00:48 UTC
Elapsed      : 0m 4s


Done.  Verbose log → logs/freshmart/2026-08-20_verbose.log
       Summary log → logs/freshmart/2026-08-20_summary.log

