=== Freshmart Flyer Fetch — 2026-09-17 ===
Run started : 2026-09-17 17:44:26 UTC

Loaded 24 stores from data/freshmart/stores.parquet

Stores loaded: 24
Loaded store_flyers.parquet (360 publication entries)

Phase 1: fetching publications per store…

  [2401] Esterhazy Freshmart → ['8136024']
  [3361] PoCo Freshmart → ['8136024']
  [4028] Dildo Freshmart → ['8131590']
  [4030] Warren's Store LTD → ['8131590']
  [4032] Burton's Grocery Hardware → ['8131590']
  [4043] Woodfors's LTD → ['8131590']
  [4048] Yarmouth South Freshmart → ['8131590']
  [4049] Cabot Trail Food Market R&W → ['8131590']
  [4051] Cooper's Red & White → ['8131590']
  [4055] Hartland Freshmart → ['8131590']
  [4136] Neguac Freshmart → ['8131590']
  [4148] Macpherson's Grocery R&W → ['8131590']
  [4152] Comeauville Freshmart → ['8131590']
  [4158] F J Shea & Sons Red &White → no new flyers
  [4183] Grocery Cocagne Variety → no new flyers
  [4192] Ingonish Freshmart → ['8131590']
  [4216] Bala Freshmart → ['8131678']
  [4227] Foster's Freshmart → ['8131678']
  [4359] McClelland's Freshmart → no new flyers
  [4383] North Central CO-OP → ['8131678']
  [4693] Lansdowne Freshmart → ['8131678']
  [4803] Bowers Freshmart → ['8131678']
  [4804] Gordanier's Freshmart → ['8131678']
  [4807] A & G Freshmart → no new flyers

  20 new publication entries across 24 stores
  3 unique new publication(s) to download
  Appended 20 rows to data/freshmart/store_flyers.parquet
New publication entries added to store_flyers.parquet: 20
Unique new publications to download: 3

Phase 2: fetching products for each new publication…

  [8136024] Weekly Flyer  (2026-09-17T00:00:00-04:00 → 2026-09-23T23:59:59-04:00)
    103 products
  [8131590] Weekly Flyer  (2026-09-17T00:00:00-04:00 → 2026-09-23T23:59:59-04:00)
    103 products
  [8131678] Weekly Flyer  (2026-09-17T00:00:00-04:00 → 2026-09-23T23:59:59-04:00)
    103 products

── Phase 2 results ──────────────────────────────────────────────────
  Downloaded : 3
  Skipped    : 0  (file already existed)
  Errors     : 0

Run completed: 2026-09-17 17:44:29 UTC
Elapsed      : 0m 2s


Done.  Verbose log → logs/freshmart/2026-09-17_verbose.log
       Summary log → logs/freshmart/2026-09-17_summary.log

