=== Freshmart Flyer Fetch — 2026-05-21 ===
Run started : 2026-05-21 14:16:31 UTC

Loaded 24 stores from data/freshmart/stores.parquet

Stores loaded: 24
Loaded store_flyers.parquet (140 publication entries)

Phase 1: fetching publications per store…

  [2401] Esterhazy Freshmart → ['7939426']
  [3361] PoCo Freshmart → ['7939426']
  [4028] Dildo Freshmart → ['7932758']
  [4030] Warren's Store LTD → ['7932758']
  [4032] Burton's Grocery Hardware → ['7932758']
  [4043] Woodfors's LTD → ['7932758']
  [4048] Yarmouth South Freshmart → ['7932758']
  [4049] Cabot Trail Food Market R&W → ['7932758']
  [4051] Cooper's Red & White → ['7932758']
  [4055] Hartland Freshmart → ['7932758']
  [4136] Neguac Freshmart → ['7932758']
  [4148] Macpherson's Grocery R&W → ['7932758']
  [4152] Comeauville Freshmart → ['7932758']
  [4158] F J Shea & Sons Red &White → no new flyers
  [4183] Grocery Cocagne Variety → no new flyers
  [4192] Ingonish Freshmart → ['7932758']
  [4216] Bala Freshmart → ['7932818']
  [4227] Foster's Freshmart → ['7932818']
  [4359] McClelland's Freshmart → no new flyers
  [4383] North Central CO-OP → ['7932818']
  [4693] Lansdowne Freshmart → ['7932818']
  [4803] Bowers Freshmart → ['7932818']
  [4804] Gordanier's Freshmart → ['7932818']
  [4807] A & G Freshmart → no new flyers

  20 new publication entries across 24 stores
  3 unique new publication(s) to download
  Appended 20 rows to data/freshmart/store_flyers.parquet
New publication entries added to store_flyers.parquet: 20
Unique new publications to download: 3

Phase 2: fetching products for each new publication…

  [7939426] Weekly Flyer  (2026-05-21T00:00:00-04:00 → 2026-05-27T23:59:59-04:00)
    101 products
  [7932758] Weekly Flyer  (2026-05-21T00:00:00-04:00 → 2026-05-27T23:59:59-04:00)
    101 products
  [7932818] Weekly Flyer  (2026-05-21T00:00:00-04:00 → 2026-05-27T23:59:59-04:00)
    101 products

── Phase 2 results ──────────────────────────────────────────────────
  Downloaded : 3
  Skipped    : 0  (file already existed)
  Errors     : 0

Run completed: 2026-05-21 14:16:36 UTC
Elapsed      : 0m 5s


Done.  Verbose log → logs/freshmart/2026-05-21_verbose.log
       Summary log → logs/freshmart/2026-05-21_summary.log

