=== Freshmart Flyer Fetch — 2026-05-07 ===
Run started : 2026-05-07 13:49:09 UTC

Loaded 24 stores from data/freshmart/stores.json

Stores loaded: 24
Loaded existing store_flyers.json (100 publication entries)

Phase 1: fetching publications per store…

  [2401] Esterhazy Freshmart → ['7917885']
  [3361] PoCo Freshmart → ['7917885']
  [4028] Dildo Freshmart → ['7911817']
  [4030] Warren's Store LTD → ['7911817']
  [4032] Burton's Grocery Hardware → ['7911817']
  [4043] Woodfors's LTD → ['7911817']
  [4048] Yarmouth South Freshmart → ['7911817']
  [4049] Cabot Trail Food Market R&W → ['7911817']
  [4051] Cooper's Red & White → ['7911817']
  [4055] Hartland Freshmart → ['7911817']
  [4136] Neguac Freshmart → ['7911817']
  [4148] Macpherson's Grocery R&W → ['7911817']
  [4152] Comeauville Freshmart → ['7911817']
  [4158] F J Shea & Sons Red &White → no new flyers
  [4183] Grocery Cocagne Variety → no new flyers
  [4192] Ingonish Freshmart → ['7911817']
  [4216] Bala Freshmart → ['7911850']
  [4227] Foster's Freshmart → ['7911850']
  [4359] McClelland's Freshmart → no new flyers
  [4383] North Central CO-OP → ['7911850']
  [4693] Lansdowne Freshmart → ['7911850']
  [4803] Bowers Freshmart → ['7911850']
  [4804] Gordanier's Freshmart → ['7911850']
  [4807] A & G Freshmart → no new flyers

  20 new publication entries across 24 stores
  3 unique new publication(s) to download
  Saved → data/freshmart/store_flyers.json  (143,882 bytes)
New publication entries added to store_flyers.json: 20
Unique new publications to download: 3

Phase 2: fetching products for each new publication…

  [7917885] Weekly Flyer  (2026-05-07T03:00:00-04:00 → 2026-05-13T23:59:59-04:00)
    94 products
  Saved → data/freshmart/flyers/7917885.json  (205,567 bytes)
  [7911817] Weekly Flyer  (2026-05-07T00:00:00-04:00 → 2026-05-13T23:59:59-04:00)
    96 products
  Saved → data/freshmart/flyers/7911817.json  (212,637 bytes)
  [7911850] Weekly Flyer  (2026-05-07T00:00:00-04:00 → 2026-05-13T23:59:59-04:00)
    96 products
  Saved → data/freshmart/flyers/7911850.json  (212,873 bytes)

── Phase 2 results ──────────────────────────────────────────────────
  Downloaded : 3
  Skipped    : 0  (file already existed)
  Errors     : 0

Run completed: 2026-05-07 13:49:13 UTC
Elapsed      : 0m 3s


Done.  Verbose log → logs/freshmart/2026-05-07_verbose.log
       Summary log → logs/freshmart/2026-05-07_summary.log

