=== Freshmart Flyer Fetch — 2026-05-14 ===
Run started : 2026-05-14 13:45:38 UTC

Loaded 24 stores from data/freshmart/stores.parquet

Stores loaded: 24
Loaded store_flyers.parquet (120 publication entries)

Phase 1: fetching publications per store…

  [2401] Esterhazy Freshmart → ['7929023']
  [3361] PoCo Freshmart → ['7929023']
  [4028] Dildo Freshmart → ['7921876']
  [4030] Warren's Store LTD → ['7921876']
  [4032] Burton's Grocery Hardware → ['7921876']
  [4043] Woodfors's LTD → ['7921876']
  [4048] Yarmouth South Freshmart → ['7921876']
  [4049] Cabot Trail Food Market R&W → ['7921876']
  [4051] Cooper's Red & White → ['7921876']
  [4055] Hartland Freshmart → ['7921876']
  [4136] Neguac Freshmart → ['7921876']
  [4148] Macpherson's Grocery R&W → ['7921876']
  [4152] Comeauville Freshmart → ['7921876']
  [4158] F J Shea & Sons Red &White → no new flyers
  [4183] Grocery Cocagne Variety → no new flyers
  [4192] Ingonish Freshmart → ['7921876']
  [4216] Bala Freshmart → ['7923207']
  [4227] Foster's Freshmart → ['7923207']
  [4359] McClelland's Freshmart → no new flyers
  [4383] North Central CO-OP → ['7923207']
  [4693] Lansdowne Freshmart → ['7923207']
  [4803] Bowers Freshmart → ['7923207']
  [4804] Gordanier's Freshmart → ['7923207']
  [4807] A & G Freshmart → no new flyers

  20 new publication entries across 24 stores
  3 unique new publication(s) to download
  Appended 20 rows to data/freshmart/store_flyers.parquet
New publication entries added to store_flyers.parquet: 20
Unique new publications to download: 3

Phase 2: fetching products for each new publication…

  [7929023] Weekly Flyer  (2026-05-14T00:00:00-04:00 → 2026-05-20T23:59:59-04:00)
    135 products
  [7921876] Weekly Flyer  (2026-05-14T00:00:00-04:00 → 2026-05-20T23:59:59-04:00)
    137 products
  [7923207] Weekly Flyer  (2026-05-14T00:00:00-04:00 → 2026-05-20T23:59:59-04:00)
    136 products

── Phase 2 results ──────────────────────────────────────────────────
  Downloaded : 3
  Skipped    : 0  (file already existed)
  Errors     : 0

Run completed: 2026-05-14 13:45:41 UTC
Elapsed      : 0m 3s


Done.  Verbose log → logs/freshmart/2026-05-14_verbose.log
       Summary log → logs/freshmart/2026-05-14_summary.log

