=== Freshmart Flyer Fetch — 2026-04-30 ===
Run started : 2026-04-30 13:47:10 UTC

Loaded 24 stores from data/freshmart/stores.json

Stores loaded: 24
Loaded existing store_flyers.json (80 publication entries)

Phase 1: fetching publications per store…

  [2401] Esterhazy Freshmart → ['7909393']
  [3361] PoCo Freshmart → ['7909393']
  [4028] Dildo Freshmart → ['7904092']
  [4030] Warren's Store LTD → ['7904092']
  [4032] Burton's Grocery Hardware → ['7904092']
  [4043] Woodfors's LTD → ['7904092']
  [4048] Yarmouth South Freshmart → ['7904092']
  [4049] Cabot Trail Food Market R&W → ['7904092']
  [4051] Cooper's Red & White → ['7904092']
  [4055] Hartland Freshmart → ['7904092']
  [4136] Neguac Freshmart → ['7904092']
  [4148] Macpherson's Grocery R&W → ['7904092']
  [4152] Comeauville Freshmart → ['7904092']
  [4158] F J Shea & Sons Red &White → no new flyers
  [4183] Grocery Cocagne Variety → no new flyers
  [4192] Ingonish Freshmart → ['7904092']
  [4216] Bala Freshmart → ['7904096']
  [4227] Foster's Freshmart → ['7904096']
  [4359] McClelland's Freshmart → no new flyers
  [4383] North Central CO-OP → ['7904096']
  [4693] Lansdowne Freshmart → ['7904096']
  [4803] Bowers Freshmart → ['7904096']
  [4804] Gordanier's Freshmart → ['7904096']
  [4807] A & G Freshmart → no new flyers

  20 new publication entries across 24 stores
  3 unique new publication(s) to download
  Saved → data/freshmart/store_flyers.json  (120,002 bytes)
New publication entries added to store_flyers.json: 20
Unique new publications to download: 3

Phase 2: fetching products for each new publication…

  [7909393] Weekly Flyer  (2026-04-30T00:00:00-04:00 → 2026-05-06T23:59:59-04:00)
    120 products
  Saved → data/freshmart/flyers/7909393.json  (262,409 bytes)
  [7904092] Weekly Flyer  (2026-04-30T00:00:00-04:00 → 2026-05-06T23:59:59-04:00)
    120 products
  Saved → data/freshmart/flyers/7904092.json  (265,798 bytes)
  [7904096] Weekly Flyer  (2026-04-30T00:00:00-04:00 → 2026-05-06T23:59:59-04:00)
    120 products
  Saved → data/freshmart/flyers/7904096.json  (266,399 bytes)

── Phase 2 results ──────────────────────────────────────────────────
  Downloaded : 3
  Skipped    : 0  (file already existed)
  Errors     : 0

Run completed: 2026-04-30 13:47:14 UTC
Elapsed      : 0m 3s


Done.  Verbose log → logs/freshmart/2026-04-30_verbose.log
       Summary log → logs/freshmart/2026-04-30_summary.log

