=== Freshmart Flyer Fetch — 2026-06-25 ===
Run started : 2026-06-25 13:55:42 UTC

Loaded 24 stores from data/freshmart/stores.parquet

Stores loaded: 24
Loaded store_flyers.parquet (240 publication entries)

Phase 1: fetching publications per store…

  [2401] Esterhazy Freshmart → ['8001329']
  [3361] PoCo Freshmart → ['8001329']
  [4028] Dildo Freshmart → ['7991817']
  [4030] Warren's Store LTD → ['7991817']
  [4032] Burton's Grocery Hardware → ['7991817']
  [4043] Woodfors's LTD → ['7991817']
  [4048] Yarmouth South Freshmart → ['7991817']
  [4049] Cabot Trail Food Market R&W → ['7991817']
  [4051] Cooper's Red & White → ['7991817']
  [4055] Hartland Freshmart → ['7991817']
  [4136] Neguac Freshmart → ['7991817']
  [4148] Macpherson's Grocery R&W → ['7991817']
  [4152] Comeauville Freshmart → ['7991817']
  [4158] F J Shea & Sons Red &White → no new flyers
  [4183] Grocery Cocagne Variety → no new flyers
  [4192] Ingonish Freshmart → ['7991817']
  [4216] Bala Freshmart → ['7991954']
  [4227] Foster's Freshmart → ['7991954']
  [4359] McClelland's Freshmart → no new flyers
  [4383] North Central CO-OP → ['7991954']
  [4693] Lansdowne Freshmart → ['7991954']
  [4803] Bowers Freshmart → ['7991954']
  [4804] Gordanier's Freshmart → ['7991954']
  [4807] A & G Freshmart → no new flyers

  20 new publication entries across 24 stores
  3 unique new publication(s) to download
  Appended 20 rows to data/freshmart/store_flyers.parquet
New publication entries added to store_flyers.parquet: 20
Unique new publications to download: 3

Phase 2: fetching products for each new publication…

  [8001329] Weekly Flyer  (2026-06-25T00:00:00-04:00 → 2026-07-01T23:59:59-04:00)
    133 products
  [7991817] Weekly Flyer  (2026-06-25T00:00:00-04:00 → 2026-07-01T23:59:59-04:00)
    133 products
  [7991954] Weekly Flyer  (2026-06-25T00:00:00-04:00 → 2026-07-01T23:59:59-04:00)
    133 products

── Phase 2 results ──────────────────────────────────────────────────
  Downloaded : 3
  Skipped    : 0  (file already existed)
  Errors     : 0

Run completed: 2026-06-25 13:55:46 UTC
Elapsed      : 0m 4s


Done.  Verbose log → logs/freshmart/2026-06-25_verbose.log
       Summary log → logs/freshmart/2026-06-25_summary.log

