=== Freshmart Flyer Fetch — 2026-04-23 ===
Run started : 2026-04-23 13:45:09 UTC

Loaded 24 stores from data/freshmart/stores.json

Stores loaded: 24
Loaded existing store_flyers.json (60 publication entries)

Phase 1: fetching publications per store…

  [2401] Esterhazy Freshmart → ['7897326']
  [3361] PoCo Freshmart → ['7897326']
  [4028] Dildo Freshmart → ['7887570']
  [4030] Warren's Store LTD → ['7887570']
  [4032] Burton's Grocery Hardware → ['7887570']
  [4043] Woodfors's LTD → ['7887570']
  [4048] Yarmouth South Freshmart → ['7887570']
  [4049] Cabot Trail Food Market R&W → ['7887570']
  [4051] Cooper's Red & White → ['7887570']
  [4055] Hartland Freshmart → ['7887570']
  [4136] Neguac Freshmart → ['7887570']
  [4148] Macpherson's Grocery R&W → ['7887570']
  [4152] Comeauville Freshmart → ['7887570']
  [4158] F J Shea & Sons Red &White → no new flyers
  [4183] Grocery Cocagne Variety → no new flyers
  [4192] Ingonish Freshmart → ['7887570']
  [4216] Bala Freshmart → ['7887617']
  [4227] Foster's Freshmart → ['7887617']
  [4359] McClelland's Freshmart → no new flyers
  [4383] North Central CO-OP → ['7887617']
  [4693] Lansdowne Freshmart → ['7887617']
  [4803] Bowers Freshmart → ['7887617']
  [4804] Gordanier's Freshmart → ['7887617']
  [4807] A & G Freshmart → no new flyers

  20 new publication entries across 24 stores
  3 unique new publication(s) to download
  Saved → data/freshmart/store_flyers.json  (96,102 bytes)
New publication entries added to store_flyers.json: 20
Unique new publications to download: 3

Phase 2: fetching products for each new publication…

  [7897326] Weekly Flyer  (2026-04-23T00:00:00-04:00 → 2026-04-29T23:59:59-04:00)
    104 products
  Saved → data/freshmart/flyers/7897326.json  (226,044 bytes)
  [7887570] Weekly Flyer  (2026-04-23T00:00:00-04:00 → 2026-04-29T23:59:59-04:00)
    104 products
  Saved → data/freshmart/flyers/7887570.json  (230,495 bytes)
  [7887617] Weekly Flyer  (2026-04-23T00:00:00-04:00 → 2026-04-29T23:59:59-04:00)
    104 products
  Saved → data/freshmart/flyers/7887617.json  (230,243 bytes)

── Phase 2 results ──────────────────────────────────────────────────
  Downloaded : 3
  Skipped    : 0  (file already existed)
  Errors     : 0

Run completed: 2026-04-23 13:45:12 UTC
Elapsed      : 0m 3s


Done.  Verbose log → logs/freshmart/2026-04-23_verbose.log
       Summary log → logs/freshmart/2026-04-23_summary.log

