=== Freshmart Flyer Fetch — 2026-06-11 ===
Run started : 2026-06-11 14:29:38 UTC

Loaded 24 stores from data/freshmart/stores.parquet

Stores loaded: 24
Loaded store_flyers.parquet (200 publication entries)

Phase 1: fetching publications per store…

  [2401] Esterhazy Freshmart → ['7978930']
  [3361] PoCo Freshmart → ['7978930']
  [4028] Dildo Freshmart → ['7974851']
  [4030] Warren's Store LTD → ['7974851']
  [4032] Burton's Grocery Hardware → ['7974851']
  [4043] Woodfors's LTD → ['7974851']
  [4048] Yarmouth South Freshmart → ['7974851']
  [4049] Cabot Trail Food Market R&W → ['7974851']
  [4051] Cooper's Red & White → ['7974851']
  [4055] Hartland Freshmart → ['7974851']
  [4136] Neguac Freshmart → ['7974851']
  [4148] Macpherson's Grocery R&W → ['7974851']
  [4152] Comeauville Freshmart → ['7974851']
  [4158] F J Shea & Sons Red &White → no new flyers
  [4183] Grocery Cocagne Variety → no new flyers
  [4192] Ingonish Freshmart → ['7974851']
  [4216] Bala Freshmart → ['7974860']
  [4227] Foster's Freshmart → ['7974860']
  [4359] McClelland's Freshmart → no new flyers
  [4383] North Central CO-OP → ['7974860']
  [4693] Lansdowne Freshmart → ['7974860']
  [4803] Bowers Freshmart → ['7974860']
  [4804] Gordanier's Freshmart → ['7974860']
  [4807] A & G Freshmart → no new flyers

  20 new publication entries across 24 stores
  3 unique new publication(s) to download
  Appended 20 rows to data/freshmart/store_flyers.parquet
New publication entries added to store_flyers.parquet: 20
Unique new publications to download: 3

Phase 2: fetching products for each new publication…

  [7978930] Weekly Flyer  (2026-06-11T00:00:00-04:00 → 2026-06-17T23:59:59-04:00)
    121 products
  [7974851] Weekly Flyer  (2026-06-11T00:00:00-04:00 → 2026-06-17T23:59:59-04:00)
    121 products
  [7974860] Weekly Flyer  (2026-06-11T00:00:00-04:00 → 2026-06-17T23:59:59-04:00)
    121 products

── Phase 2 results ──────────────────────────────────────────────────
  Downloaded : 3
  Skipped    : 0  (file already existed)
  Errors     : 0

Run completed: 2026-06-11 14:29:43 UTC
Elapsed      : 0m 5s


Done.  Verbose log → logs/freshmart/2026-06-11_verbose.log
       Summary log → logs/freshmart/2026-06-11_summary.log

