=== Freshmart Flyer Fetch — 2026-04-11 ===
Run started : 2026-04-11 21:48:40 UTC

Loaded 24 stores from data/freshmart/stores.json

Stores loaded: 24
Loaded existing store_flyers.json (20 publication entries)

Phase 1: fetching publications per store…

  [2401] Esterhazy Freshmart → ['7874290']
  [3361] PoCo Freshmart → ['7874290']
  [4028] Dildo Freshmart → ['7872058']
  [4030] Warren's Store LTD → ['7872058']
  [4032] Burton's Grocery Hardware → ['7872058']
  [4043] Woodfors's LTD → ['7872058']
  [4048] Yarmouth South Freshmart → ['7872058']
  [4049] Cabot Trail Food Market R&W → ['7872058']
  [4051] Cooper's Red & White → ['7872058']
  [4055] Hartland Freshmart → ['7872058']
  [4136] Neguac Freshmart → ['7872058']
  [4148] Macpherson's Grocery R&W → ['7872058']
  [4152] Comeauville Freshmart → ['7872058']
  [4158] F J Shea & Sons Red &White → no new flyers
  [4183] Grocery Cocagne Variety → no new flyers
  [4192] Ingonish Freshmart → ['7872058']
  [4216] Bala Freshmart → ['7872050']
  [4227] Foster's Freshmart → ['7872050']
  [4359] McClelland's Freshmart → no new flyers
  [4383] North Central CO-OP → ['7872050']
  [4693] Lansdowne Freshmart → ['7872050']
  [4803] Bowers Freshmart → ['7872050']
  [4804] Gordanier's Freshmart → ['7872050']
  [4807] A & G Freshmart → no new flyers

  20 new publication entries across 24 stores
  3 unique new publication(s) to download
  Saved → data/freshmart/store_flyers.json  (48,182 bytes)
New publication entries added to store_flyers.json: 20
Unique new publications to download: 3

Phase 2: fetching products for each new publication…

  [7874290] Weekly Flyer  (2026-04-09T00:00:00-04:00 → 2026-04-15T23:59:59-04:00)
    102 products
  Saved → data/freshmart/flyers/7874290.json  (223,745 bytes)
  [7872058] Weekly Flyer  (2026-04-09T00:00:00-04:00 → 2026-04-15T23:59:59-04:00)
    102 products
  Saved → data/freshmart/flyers/7872058.json  (226,694 bytes)
  [7872050] Weekly Flyer  (2026-04-09T00:00:00-04:00 → 2026-04-15T23:59:59-04:00)
    102 products
  Saved → data/freshmart/flyers/7872050.json  (225,553 bytes)

── Phase 2 results ──────────────────────────────────────────────────
  Downloaded : 3
  Skipped    : 0  (file already existed)
  Errors     : 0

Run completed: 2026-04-11 21:48:43 UTC
Elapsed      : 0m 3s


Done.  Verbose log → logs/freshmart/2026-04-11_verbose.log
       Summary log → logs/freshmart/2026-04-11_summary.log

