=== Freshmart Flyer Fetch — 2026-04-16 ===
Run started : 2026-04-16 13:46:47 UTC

Loaded 24 stores from data/freshmart/stores.json

Stores loaded: 24
Loaded existing store_flyers.json (40 publication entries)

Phase 1: fetching publications per store…

  [2401] Esterhazy Freshmart → ['7884302']
  [3361] PoCo Freshmart → ['7884302']
  [4028] Dildo Freshmart → ['7878666']
  [4030] Warren's Store LTD → ['7878666']
  [4032] Burton's Grocery Hardware → ['7878666']
  [4043] Woodfors's LTD → ['7878666']
  [4048] Yarmouth South Freshmart → ['7878666']
  [4049] Cabot Trail Food Market R&W → ['7878666']
  [4051] Cooper's Red & White → ['7878666']
  [4055] Hartland Freshmart → ['7878666']
  [4136] Neguac Freshmart → ['7878666']
  [4148] Macpherson's Grocery R&W → ['7878666']
  [4152] Comeauville Freshmart → ['7878666']
  [4158] F J Shea & Sons Red &White → no new flyers
  [4183] Grocery Cocagne Variety → no new flyers
  [4192] Ingonish Freshmart → ['7878666']
  [4216] Bala Freshmart → ['7878680']
  [4227] Foster's Freshmart → ['7878680']
  [4359] McClelland's Freshmart → no new flyers
  [4383] North Central CO-OP → ['7878680']
  [4693] Lansdowne Freshmart → ['7878680']
  [4803] Bowers Freshmart → ['7878680']
  [4804] Gordanier's Freshmart → ['7878680']
  [4807] A & G Freshmart → no new flyers

  20 new publication entries across 24 stores
  3 unique new publication(s) to download
  Saved → data/freshmart/store_flyers.json  (72,142 bytes)
New publication entries added to store_flyers.json: 20
Unique new publications to download: 3

Phase 2: fetching products for each new publication…

  [7884302] Weekly Flyer  (2026-04-16T00:00:00-04:00 → 2026-04-22T23:59:59-04:00)
    109 products
  Saved → data/freshmart/flyers/7884302.json  (237,795 bytes)
  [7878666] Weekly Flyer  (2026-04-16T00:00:00-04:00 → 2026-04-22T23:59:59-04:00)
    109 products
  Saved → data/freshmart/flyers/7878666.json  (241,345 bytes)
  [7878680] Weekly Flyer  (2026-04-16T00:00:00-04:00 → 2026-04-22T23:59:59-04:00)
    109 products
  Saved → data/freshmart/flyers/7878680.json  (241,338 bytes)

── Phase 2 results ──────────────────────────────────────────────────
  Downloaded : 3
  Skipped    : 0  (file already existed)
  Errors     : 0

Run completed: 2026-04-16 13:46:52 UTC
Elapsed      : 0m 5s


Done.  Verbose log → logs/freshmart/2026-04-16_verbose.log
       Summary log → logs/freshmart/2026-04-16_summary.log

