=== Freshmart Flyer Fetch — 2026-09-03 ===
Run started : 2026-09-03 17:08:39 UTC

Loaded 24 stores from data/freshmart/stores.parquet

Stores loaded: 24
Loaded store_flyers.parquet (340 publication entries)

Phase 1: fetching publications per store…

  [2401] Esterhazy Freshmart → ['8116243']
  [3361] PoCo Freshmart → ['8116243']
  [4028] Dildo Freshmart → ['8113619']
  [4030] Warren's Store LTD → ['8113619']
  [4032] Burton's Grocery Hardware → ['8113619']
  [4043] Woodfors's LTD → ['8113619']
  [4048] Yarmouth South Freshmart → ['8113619']
  [4049] Cabot Trail Food Market R&W → ['8113619']
  [4051] Cooper's Red & White → ['8113619']
  [4055] Hartland Freshmart → ['8113619']
  [4136] Neguac Freshmart → ['8113619']
  [4148] Macpherson's Grocery R&W → ['8113619']
  [4152] Comeauville Freshmart → ['8113619']
  [4158] F J Shea & Sons Red &White → no new flyers
  [4183] Grocery Cocagne Variety → no new flyers
  [4192] Ingonish Freshmart → ['8113619']
  [4216] Bala Freshmart → ['8113691']
  [4227] Foster's Freshmart → ['8113691']
  [4359] McClelland's Freshmart → no new flyers
  [4383] North Central CO-OP → ['8113691']
  [4693] Lansdowne Freshmart → ['8113691']
  [4803] Bowers Freshmart → ['8113691']
  [4804] Gordanier's Freshmart → ['8113691']
  [4807] A & G Freshmart → no new flyers

  20 new publication entries across 24 stores
  3 unique new publication(s) to download
  Appended 20 rows to data/freshmart/store_flyers.parquet
New publication entries added to store_flyers.parquet: 20
Unique new publications to download: 3

Phase 2: fetching products for each new publication…

  [8116243] Weekly Flyer  (2026-09-03T00:00:00-04:00 → 2026-09-09T23:59:59-04:00)
    115 products
  [8113619] Weekly Flyer  (2026-09-03T00:00:00-04:00 → 2026-09-09T23:59:59-04:00)
    115 products
  [8113691] Weekly Flyer  (2026-09-03T00:00:00-04:00 → 2026-09-09T23:59:59-04:00)
    115 products

── Phase 2 results ──────────────────────────────────────────────────
  Downloaded : 3
  Skipped    : 0  (file already existed)
  Errors     : 0

Run completed: 2026-09-03 17:08:42 UTC
Elapsed      : 0m 3s


Done.  Verbose log → logs/freshmart/2026-09-03_verbose.log
       Summary log → logs/freshmart/2026-09-03_summary.log

