=== No Frills Flyer Fetch — 2026-06-18 ===
Run started : 2026-06-18 14:10:27 UTC

Loaded 381 stores from data/nofrills/stores.parquet

Stores loaded: 381
Loaded store_flyers.parquet (4396 publication entries)

Phase 1: fetching publications per store…

  [51] Test Store → no new flyers
  [262] Agostino/Nancy nofrills - Bloor E. → no new flyers
  [266] Masse's nofrills- London → ['7981966']
  [291] David's nofrills - Division St. → ['7981922']
  [293] Grant's nofrills - Kingston → no new flyers
  [703] Jeff & Tanis' nofrills → ['7981938']
  [704] Jason's NF Severn → ['7981938']
  [705] Carlo's nofrills → no new flyers
  [718] Rocky's nofrills #718 → ['7981955']
  [723] Tony's  nofrills - Upper James Av → ['7981945']
  [753] Jim's nofrills #753 → ['7981962']
  [758] Marc's nofrills - Rathburn Rd → ['7981915']
  [763] Mike's nofrills - Port Dover → no new flyers
  [793] Domenic's nofrills - Harvard Rd → ['7981914']
  [1302] Gary's nofrills- Baseline Rd East → ['7981959']
  [1306] Jeff/Rose/Herb's nofrills Lakeshore → ['7981964']
  [1312] Daniel's nofrills Principale St → ['7981919']
  [1323] 1323 @Hanna → ['7981982']
  [1326] Jesse/Kelly nofrills - Thompson Rd → ['7981926']
  [1335] Ryan's nofrills, Aylmer → ['7981937']
  [1341] Mackay's nofrills - New Hamburg → ['7981926']
  [1346] Rod & Joe's nofrills - Kingston Rd. → ['7981965']
  [1356] Daniel's nofrills - Eglinton Av W → ['7981972']
  [1371] Mario & Selina's nofrills-Royal York → no new flyers
  [1386] Jim & Lee-Anne's nofrills C Line → ['7981934']
  [1394] Baldree's nofrills - King Street E → ['7981922']
  [1399] Nick's nofrills Sheppard Ave. → ['7981947']
  [1448] Cardston - Cardston, AB → ['7981477']
  [1468] No Frills - Marcel & Narisha's → ['7981982']
  [1469] Correy/Rita's nofrills - Tillsonburg → ['7981983']
  [2702] Colbourne's nofrills - Sydney → no new flyers
  [2706] Sam's nofrills - Bridgewater → ['7981390']
  [2707] No Frills → no new flyers
  [2712] Gouthro's nofrills - Wyse Road → no new flyers
  [2713] No Frills → ['7981392']
  [3041] Chris' nofrills - Fort Sk. → ['7981499']
  [3049] No Frills John's - Newmarket → ['7981969']
  [3112] Dykeman's nofrills - Kincardine → ['7981922']
  [3117] Darryll & Tracy’s nofrills - Highbury Ave., London → ['7981952']
  [3125] Alan's nofrills - Timmins → no new flyers
  [3131] Derek's nofrills Vaughan → ['7981951']
  [3132] Francois’ No Frills → no new flyers
  [3133] Ron's nofrills Main St. → ['7981922']
  [3134] Jim's nofrills #261 → no new flyers
  [3135] Walkers's  nofrills - Brantford → ['7981958']
  [3138] Eric's nofrills - Lincoln St. → ['7981975']
  [3139] Leo's nofrills - Markham → ['7981953']
  [3140] Vince's nofrills - York Gate Blvd → ['7981946']
  [3142] Dieter/Darcy's nofrills - George St → ['7981925']
  [3143] Rob's nofrills - Guelph Line → ['7981967']
  [3145] Greg's nofrills → ['7981970']
  [3150] Oleg's nofrills - Oakville → ['7981917']
  [3151] Conroy's nofrills → ['7981919']
  [3152] 3152 → no new flyers
  [3153] Matt's No Frills → ['7981472']
  [3155] Kevin's NF Calgary → ['7981471']
  [3156] Rob's nofrills - Toronto → no new flyers
  [3240] Terry's nofrills - Surrey → ['7981502']
  [3348] Ashley's nofrills → ['7981973']
  [3349] Scott & Laurie's No Frills → ['7981505']
  [3350] Dylan's nofrills - Halifax → ['7981389']
  [3351] Kyle's nofrills - Exmouth St → ['7981949']
  [3352] Paul's Nofrills - Ponoka → ['7981472']
  [3353] Dennis' nofrills → no new flyers
  [3354] Arkee's NOFRILLS Vancouver → no new flyers
  [3355] No Frills → ['7981391']
  [3402] Dave's nofrills - Dawson Creek → ['7981500']
  [3403] Joti's nofrills - Vancouver → ['7981499']
  [3408] Blair's nofrills - Calgary → ['7981502']
  [3410] Dean's nofrills - Vancouver → ['7981504']
  [3413] Clifton's nofrills - Estevan, SK → ['7981495']
  [3414] Steve's nofrills - Castlegar → ['7981477']
  [3417] Tyler's nofrills - Port Alberni → ['7981476']
  [3419] Deepu's nofrills - Surrey → ['7981503']
  [3422] Matt & Ashley's nofrills - Edmonton → ['7981502']
  [3430] Amanda's nofrills - Fort St. John → ['7981499']
  [3433] Sewak's nofrills - Port Coquitlam → ['7981502']
  [3437] Jason's nofrills - Jericho Mall → ['7981471']
  [3438] Kyle's nofrills - Kitimat → ['7981471']
  [3439] Glenn’s nofrills - Surrey → ['7981502']
  [3441] Coverdale’s No Frills → ['7981476']
  [3442] Hellard's nofrills - Main St. Winnipeg → ['7981500']
  [3445] Terashita's nofrills - Brooks   Opened Feb. 28, 2016 → ['7981495']
  [3448] Troy's nofrills - Lethbridge → ['7981502']
  [3449] Ken's No Frills → ['7981491']
  [3450] Shawn's nofrills - Thunder Bay → no new flyers
  [3451] Andrew & Emily's nofrills - Loyalist Pkwy → no new flyers
  [3456] Steve's nofrills - Dalton Rd → ['7981923']
  [3457] John's nofrills - Milton → ['7981951']
  [3462] John's nofrills - Nobleton → no new flyers
  [3463] Scott's nofrills - Woodstock → ['7981967']
  [3465] Lyle's nofrills → no new flyers
  [3467] Justin & Stacey's nofrills → ['7981929']
  [3472] Fisher's nofrills - Canrobert St → ['7981923']
  [3473] Jamie & Jaclyn's - Centre Street → ['7981939']
  [3474] Rusty's nofrills - Brantford → ['7981922']
  [3476] Palmieri's nofrills - Newcastle → ['7981918']
  [3478] Craig & Jess' nofrills - Stratford, ON → ['7981922']
  [3480] Emiliano & Ana's nofrills → ['7981953']
  [3490] Mike's nofrills → ['7981951']
  [3493] Jones' nofrills - Silvercrk Pk N → no new flyers
  [3494] Leonetti's nofrills → ['7981980']
  [3603] Jordan's's nofrills - Wetaskwin → ['7981471']
  [3604] Shipley's NF Maple Ridge → ['7981499']
  [3608] Terry's - Humboldt → ['7981499']
  [3610] Aaron's no frills → ['7981490']
  [3616] Steve & Peggy's nofrills Kingston Rd → ['7981915']
  [3621] Steve & Adele's nofrills → ['7981969']
  [3625] Brandon & Megan's NF Stittsville, ON → no new flyers
  [3628] Steve's nofrills → ['7981477']
  [3631] Richard's nofrills → ['7981915']
  [3633] Kris's nofrills - Peace River → ['7981502']
  [3636] Dickie's nofrills - Eglinton Av. E → ['7981948']
  [3639] Brandon's nofrills → ['7981927']
  [3640] Luciano's nofrills - Alberta Av → ['7981969']
  [3641] Brandon & Joanny's NO FRILLS Vancouver → ['7981504']
  [3642] Malloch's nofrills - Burnhamthorpe Rd → no new flyers
  [3643] Luciano's nofrills - Front St → ['7981960']
  [3646] XXXX nofrills   Markham Rd → no new flyers
  [3647] Tom's nofrills - Roblin Blvd Winnipeg → ['7981492']
  [3648] Kurtis' nofrills - Trail → ['7981476']
  [3649] Chris' nofrills - Edmonton → ['7981499']
  [3650] Patryck's nofrills → ['7981480']
  [3654] Mark's nofrills Winners Circ → ['7981922']
  [3655] XXXX nofrills - Vegreville → ['7981483']
  [3659] Rob's No Frills #3900 → ['7981970']
  [3660] Durante's nofrills - Centre St → ['7981969']
  [3661] Robert's nofrills - Blake St → ['7981930']
  [3663] Ross' nofrills - Photography Drive → ['7981953']
  [3664] Mark's nofrills - Fanshawe Park Road → ['7981956']
  [3665] Gord & Kim's nofrills - Coverdale Dr → no new flyers
  [3666] Frank's nofrills - Queenston Rd. Hamilton → ['7981963']
  [3667] Steve & Liz's nofrills - Stouffville → ['7981943']
  [3668] Franco's nofrills - Hamilton → ['7981950']
  [3669] Cory & Megan's NOFRILLS High River → no new flyers
  [3670] Pepin's nofrills - Hastings St → ['7981922']
  [3671] Jason's nofrills - Jericho Mall → ['7981504']
  [3672] Mark and Sarah's nofrills - Wallaceburg → ['7981922']
  [3673] Farzin's nofrills - Main St → ['7981951']
  [3676] Chris & Beth's nofrills - Simcoe St → no new flyers
  [3677] Tony & Jill's nofrills → ['7981922']
  [3678] Simon's nofrills - Lethbridge → no new flyers
  [3679] Brent & Jennie's nofrills - Hamilton Road → ['7981950']
  [3680] Vi's nofrills - King Street W. → ['7981970']
  [3681] Tim and Heather's NF Shelburne → no new flyers
  [3683] Carol’s No Frills → ['7981471']
  [3684] Peter's Nofrills → ['7981936']
  [3685] Prakash's NF Edmonton → ['7981503']
  [3688] Steve & Amanda's nofrills - Bayly St W → ['7981915']
  [3690] Guthro's nofrills - Acton → ['7981934']
  [3691] Clements' NF Slave Lake → ['7981476']
  [3695] Mike's  NF - Toronto, ON → ['7981957']
  [3697] Mike & Lori 's nofrills - Elizabeth St → ['7981936']
  [3698] Mike and Lori nofrills Port Union → ['7981972']
  [3699] Tom's nofrills - Victoria Park Ave → no new flyers
  [3714] Christine's nofrills - Okotoks → ['7981499']
  [3715] Rob & Tina’s NF → ['7981914']
  [3716] Dilip's No Frills → no new flyers
  [3717] John & Danielle's NF North York, ON → ['7981969']
  [3728] Rob & Rachael's nofrills → ['7981961']
  [3732] Aureo's No Frills - Saskatoon → ['7981471']
  [3733] Brody’s No Frills → ['7981484']
  [3740] Mills' nofrills - Glencoe → no new flyers
  [3753] Ryan's nofrills - Welland Ave → no new flyers
  [3770] Sam’s No Frills → ['7981932']
  [3771] Jim's No Frills → ['7981955']
  [3776] Ian's nofrills - Edmonton → no new flyers
  [3779] Adrian's → no new flyers
  [3786] Joe & Val's nofrills  - Yonge St → ['7981969']
  [3787] Chris & Tanya’s No Frills → ['7981939']
  [3789] Chris's nofrills → ['7981929']
  [3801] Mike & Andreea’s - Stratford, PEI → ['7981388']
  [3807] Alfie's nofrills - West 4th Ave. → ['7981503']
  [3811] Brook’s No Frills → ['7981502']
  [3814] Shaun & Felicia's - Shediac → ['7981388']
  [3907] Tom & Michelle's nofrills - Creditview → ['7981955']
  [3915] John's nofrills #3915 → ['7981929']
  [3916] Nadim's nofrills - Oshawa → ['7981978']
  [3922] Joe & Barb's - Oshawa → no new flyers
  [3924] Dave's nofrills - Cedarbrae → ['7981972']
  [3925] Carlo's nofrills - Yonge St. → ['7981955']
  [3931] Rocca’s No Frills → ['7981928']
  [3933] James & Jenn's nofrills - Cornwall → ['7981927']
  [3942] Tina's nofrills - Strathmore → ['7981476']
  [3946] Rob's nofrills - Airdrie → ['7981499']
  [3947] Craig's nofrills - Leduc → ['7981499']
  [3948] Lionel's nofrills - Lacombe → ['7981498']
  [3968] Dennis' nofrills - Coquitlam → ['7981479']
  [3969] Darcy's nofrills - Thunder Bay → ['7981479']
  [3970] Kevin and Amanda's nofrills - Calgary → no new flyers
  [3976] Joe's nofrills - Invermere → ['7981479']
  [3978] Crawford's nofrills → ['7981471']
  [3979] Brad's nofrills - Salmon Arm → ['7981477']
  [3982] Mark's nofrills - Cochrane → ['7981499']
  [3983] Sean's nofrills - Stettler → no new flyers
  [3985] Michael's NOFRILLS Langley → ['7981502']
  [3989] Chris & Tracey's nofrills - Morinville → ['7981475']
  [3992] Kevin's nofrills - Olivier → ['7981474']
  [3993] Jerry's → ['7981479']
  [3995] Jeb's nofrills - Beaumont → ['7981476']
  [4012] Phil's nofrills - Argyle Mall → ['7981950']
  [4036] Allen's NF Midland Jones Rd → ['7981918']
  [4112] No Frills Topsail → no new flyers
  [4164] Jordan & Corrina's → ['7981505']
  [4224] Scott's nofrills - Balmoral Drive → no new flyers
  [4404] Rounddhouse Centre → ['7981918']
  [4436] Merv's nofrills - Calgary → ['7981497']
  [4489] Mike & Rebecca’s nofrills - Whitecourt → ['7981476']
  [4493] Spataro's nofrills - Chinguacousy Rd., Brampton → no new flyers
  [5135] Joseph's nofrills → ['7981915']
  [5139] Esplanade → ['7981982']
  [5156] Andrew & Emily's nofrills - Loyalist Pkwy → ['7981924']
  [5174] Karl & Kelly's - Saint John, NB → ['7981389']
  [5238] Anthony & Nadege’s-Belleville → ['7981930']
  [5456] Trevor's No Frills → ['7981478']
  [5457] Ian's nofrills - Edmonton → ['7981503']
  [5458] Sean's nofrills - Stettler → ['7981473']
  [5459] Gord & Kim's nofrills - Coverdale Dr → ['7981925']
  [5549] Romeo's No Frills → ['7981481']
  [5794] Ashley's nofrills - McLaughlin → ['7981915']
  [6791] Felice's nofrills - Shuter St. → ['7981982']
  [6792] Hunterhorn No Frills → no new flyers
  [6793] Pincher Creek - Pincher Creek, AB → no new flyers
  [6797] Vi & Yu Ling's' - Scarborough, ON → ['7981943']
  [6798] Joe's nofrills - Cambridge → ['7981944']
  [6930] David & Mandie's No Frills → ['7981505']
  [6933] MICHAEL'S NOFRILLS SCARBOROUGH → ['7981982']
  [6936] Sudbury → ['7981983']
  [6945] Jesse's - Toronto, ON → ['7981982']
  [6961] AMY & BRENDAN’S → ['7981487']
  [6962] Joe & Lily's NF Ottawa → ['7981961']
  [6964] Jinky's → ['7981505']
  [6966] No Frills - Travis & Sierra's → ['7981505']
  [6969] Cynthia's No Frills - Calgary → ['7981505']
  [6970] Megan's nofrills- Hyde Park → ['7981983']
  [6971] Ray's nofrills → ['7981502']
  [7012] Alfredo's NF Burlington Brant → ['7981967']
  [7026] Nick's and Mira's nofrills-Vic Prk Lawrence → ['7981953']
  [7031] Lorraine's nofrills - Cold Lake → ['7981495']
  [7032] Nadim's nofrills - Whitby → ['7981969']
  [7047] Cosimo's nofrills → ['7981981']
  [7063] Dino's nofrills - Silver Creek Blvd. → no new flyers
  [7074] EF Winnipeg St Anne's → ['7981493']
  [7076] John's nofrills Warden Ave. → ['7981972']
  [7087] Gino's nofrills → ['7981917']
  [7134] Jace’s No Frills → ['7981485']
  [7138] Rob's nofrills → ['7981947']
  [7141] Topher's nofrills - Notre Dame Ave., Winnipeg → ['7981502']
  [7146] John & Irish’s NF → ['7981503']
  [7147] Real & Carolyn’s No Frills → ['7981502']
  [7159] Marc's nofrills # 3901 → ['7981975']
  [7166] Justin's nofrills - Whitby → ['7981915']
  [7167] Harry's nofrills → ['7981929']
  [7175] Tyler's nofrills - Geraldton → no new flyers
  [7177] Evan and Ila's NF Sydney → ['7981389']
  [7181] Paul & Mallory's NO FRILLS → ['7981914']
  [7182] Dylan's No Frills - Oshawa → ['7981947']
  [7188] Bergen's nofrills → ['7981925']
  [7189] Paul & Nancy's nofrills Hwy 17 → no new flyers
  [7191] Mike & Lori's nofrills - Mckeown Av → ['7981929']
  [7192] Joe's nofrills → ['7981938']
  [7227] Chris' nofrills - Renforth Dr. → ['7981981']
  [7228] Dean's nofrills King St. E → ['7981929']
  [7229] Nick's nofrills - Paris → ['7981922']
  [7235] John's No Frills → ['7981495']
  [7236] Frank’s No Frills, Hamilton → ['7981914']
  [7392] Dennis' nofrills - Tilbury → ['7981921']
  [7395] Sheriff's nofrills → ['7981972']
  [7397] Josh's nofrills - Essex → ['7981921']
  [7411] Andrew & Shelley's NF Toronto → ['7981915']
  [7415] Daniel's nofrills → no new flyers
  [7432] Dean & Barb nofrills - Queen St. → ['7981927']
  [7444] Dino's - Vaughan, ON → ['7981915']
  [7487] Paul's nofrills - Innisfail → ['7981475']
  [7488] Simran's nofrills → ['7981488']
  [7496] Blake's - St. Catharines, ON → ['7981934']
  [7498] John's nofrills - Nobleton → ['7981916']
  [7499] DYLAN & GALEN’S → ['7981487']
  [7502] Dilip's No Frills → ['7981972']
  [7503] Jones' nofrills - Silvercrk Pk N → ['7981954']
  [7504] Spataro's nofrills - Chinguacousy Rd., Brampton → ['7981947']
  [7505] DaCosta's nofrills - Markham Plaza/Hwy 7 → ['7981981']
  [7507] Stephen’s No Frills → ['7981479']
  [7508] Mario & Selina's nofrills-Royal York → ['7981962']
  [7509] Carlo's nofrills → ['7981955']
  [7512] Tom's nofrills - Victoria Park Ave → ['7981981']
  [7514] Grant's nofrills - Kingston → ['7981936']
  [7515] Simon's nofrills - Lethbridge → ['7981479']
  [7518] BRAMPTON → ['7981977']
  [7527] Malloch's nofrills - Burnhamthorpe Rd → ['7981972']
  [7530] Walsh's No Frills → ['7981502']
  [7531] Scott's nofrills - Balmoral Drive → ['7981947']
  [7532] Joe & Barb's - Oshawa → ['7981976']
  [7540] Tim and Heather's NF Shelburne → ['7981925']
  [7542] Brian's Nofrills → ['7981942']
  [7578] Dino's nofrills - Silver Creek Blvd. → ['7981970']
  [7579] Evan & Ila's No Frills → ['7981504']
  [7580] Alan's nofrills - Timmins → ['7981931']
  [7648] Cliff's No Frills → ['7981389']
  [7649] Tyler's nofrills-Dorchester Road → ['7981918']
  [7651] Tejus & Raman's - Edmonton, AB → ['7981494']
  [7655] Kevin and Amanda's nofrills - Calgary → ['7981495']
  [7763] Connor & Kennedy’s → ['7981394']
  [7909] Paul & Nancy's nofrills Hwy 17 → ['7981939']
  [7911] Rob's nofrills - Toronto → ['7981932']
  [7919] Tony & Sam's No Frills → ['7981502']
  [7921] Tim & Sue's nofrills - Pacific Ave → ['7981969']
  [7922] Tobi's - Quesnel, BC → ['7981489']
  [7928] Lenora's - St Paul, AB → ['7981488']
  [7930] Nicholas & Megan's - Drumheller, AB → ['7981492']
  [7934] Sarangan's NOFRILLS Brampton → ['7981947']
  [7935] Ted's nofrills - Kenora → ['7981491']
  [7936] Dino's nofrills - Avenue Rd → ['7981933']
  [7937] George's NF Toronto Broadview → ['7981932']
  [7938] NF Gambo - Gambo, NFLD → ['7981390']
  [7940] Brian & Ricki's - Midland, ON → ['7981919']
  [7941] JORDAN'S → ['7981982']
  [7942] Chris & Samia's - Nepean, ON → ['7981974']
  [7944] Eric's nofrills - Chestermere → ['7981499']
  [7947] Dani & Matt's → ['7981941']
  [7949] Joe's nofrills - Korah Rd → ['7981922']
  [7951] Alessandro's → ['7981983']
  [7952] Bo's → ['7981982']
  [7953] Ray's - Kelowna, BC → ['7981505']
  [7954] Vito's nofrills - Keele St → ['7981946']
  [7955] Mitch & Alana's - London, ON → ['7981983']
  [7956] Ross & Lindsay's nofrills → ['7981971']
  [7961] Raman's No Frills → ['7981972']
  [7963] Roy's nofrills - Dartmouth → ['7981389']
  [7965] Stephen's nofrills -Eglinton Ave. → ['7981947']
  [7966] Darwin's nofrills - Wainwright → ['7981482']
  [7967] Chris' nofrills - Goulet St. Winnipeg → ['7981504']
  [7994] Ken's nofrills - Langley → ['7981501']
  [7995] Aaron & Katrina's - Grand Prairie → ['7981502']
  [7996] Ted’s No Frills Winnipeg → ['7981495']
  [8000] Eric's nofrills - Waterdown → ['7981934']
  [8008] Ivan & Karen's → ['7981502']
  [8178] Taylor's NF → ['7981929']
  [8192] Jim’s-St. Catherine’s → ['7981934']
  [8998] Joe & Cassy’s → ['7981934']
  [8999] Johnny’s-Ottawa → ['7981913']
  [9474] Walsh's nofrills - Edmonton → ['7981504']
  [9478] Cliff's No Frills → ['7981390']
  [9479] Paolo's nofrills - Brampton → ['7981947']
  [9482] Justin’s NF → ['7981503']
  [9532] Gordon's nofrills - East Hastings → ['7981503']
  [9535] Francesco's - Fredericton → ['7981389']
  [9536] Ian's nofrills- McAllister Saint John → ['7981388']
  [9537] Ken's No Frills - Summerside → ['7981388']
  [9547] Peter’s NF Burlington Plains → ['7981982']
  [9555] Mike & Grace's nofrills → ['7981979']
  [9566] Tony & Kathy's → ['7981940']
  [9572] Edwards No Frills Kelowna → ['7981505']
  [9573] No Frills → ['7981505']
  [9577] Chemalnus → ['7981505']
  [9578] Andy's → ['7981505']
  [9580] Bathurst - NB → no new flyers
  [9584] PJ's nofrills - College St W → ['7981982']
  [9585] Chad & Maegan's → ['7981983']
  [9586] Jordan's → ['7981505']
  [9689] Michael's nofrills - Silver Star Bvd → ['7981972']
  [9694] Muhammad's No Frills → ['7981505']
  [9775] Paul & Adele's nofrills - Upper Paradise Rd. → ['7981918']
  [9776] Summerhill nofrills - Ajax → ['7981951']
  [9779] Dennis' No Frills → ['7981505']
  [9781] NF Gambo - Gambo, NFLD → ['7981393']
  [9782] Andy & Nick’s No Frills → ['7981486']
  [9785] Chris and Karen nofrills - Yonge St → ['7981951']
  [9786] Andrew and Jessica’s nofrills - High River → ['7981476']
  [9796] Scott's No Frills → ['7981983']
  [9797] Daniel & Alexandra’s nofrills → ['7981984']
  [9799] Jeff & Holly's - Stittsville, ON → ['7981968']
  [9999] Ross & Lindsay's NOFRILLS Cambridge → no new flyers
  [5134] Pam & Steve’s nofrills → ['7981935']
  [5567] Nathiel & Maggie's nofrills → ['7981920']
  [6750] Dean's nofrills → ['7981932']
  [7017] Tara’s no frills → ['7981919']
  [8564] Walker's → ['7981929']
  [9541] John's nofrills → ['7981501']
  [9557] Carter's nofrills → ['7981505']
  [9561] Carmen's nofrills → ['7981505']

  332 new publication entries across 381 stores
  113 unique new publication(s) to download
  Appended 332 rows to data/nofrills/store_flyers.parquet
New publication entries added to store_flyers.parquet: 332
Unique new publications to download: 113

Phase 2: fetching products for each new publication…

  [7981966] Weekly Flyer  (2026-06-18T00:00:00-04:00 → 2026-06-24T23:59:59-04:00)
    291 products
  [7981922] Weekly Flyer  (2026-06-18T00:00:00-04:00 → 2026-06-24T23:59:59-04:00)
    255 products
  [7981938] Weekly Flyer  (2026-06-18T00:00:00-04:00 → 2026-06-24T23:59:59-04:00)
    293 products
  [7981955] Weekly Flyer  (2026-06-18T00:00:00-04:00 → 2026-06-24T23:59:59-04:00)
    308 products
  [7981945] Weekly Flyer  (2026-06-18T00:00:00-04:00 → 2026-06-24T23:59:59-04:00)
    283 products
  [7981962] Weekly Flyer  (2026-06-18T00:00:00-04:00 → 2026-06-24T23:59:59-04:00)
    289 products
  [7981915] Weekly Flyer  (2026-06-18T00:00:00-04:00 → 2026-06-24T23:59:59-04:00)
    310 products
  [7981914] Weekly Flyer  (2026-06-18T00:00:00-04:00 → 2026-06-24T23:59:59-04:00)
    310 products
  [7981959] Weekly Flyer  (2026-06-18T00:00:00-04:00 → 2026-06-24T23:59:59-04:00)
    301 products
  [7981964] Weekly Flyer  (2026-06-18T00:00:00-04:00 → 2026-06-24T23:59:59-04:00)
    296 products
  [7981919] Weekly Flyer  (2026-06-18T00:00:00-04:00 → 2026-06-24T23:59:59-04:00)
    241 products
  [7981982] Weekly Flyer  (2026-06-18T00:00:00-04:00 → 2026-06-24T23:59:59-04:00)
    94 products
  [7981926] Weekly Flyer  (2026-06-18T00:00:00-04:00 → 2026-06-24T23:59:59-04:00)
    273 products
  [7981937] Weekly Flyer  (2026-06-18T00:00:00-04:00 → 2026-06-24T23:59:59-04:00)
    291 products
  [7981965] Weekly Flyer  (2026-06-18T00:00:00-04:00 → 2026-06-24T23:59:59-04:00)
    294 products
  [7981972] Weekly Flyer  (2026-06-18T00:00:00-04:00 → 2026-06-24T23:59:59-04:00)
    328 products
  [7981934] Weekly Flyer  (2026-06-18T00:00:00-04:00 → 2026-06-24T23:59:59-04:00)
    261 products
  [7981947] Weekly Flyer  (2026-06-18T00:00:00-04:00 → 2026-06-24T23:59:59-04:00)
    285 products
  [7981477] Weekly Flyer  (2026-06-18T03:00:00-04:00 → 2026-06-24T23:59:59-04:00)
    261 products
  [7981983] Weekly Flyer  (2026-06-18T00:00:00-04:00 → 2026-06-24T23:59:59-04:00)
    94 products
  [7981390] Weekly Flyer  (2026-06-18T00:00:00-04:00 → 2026-06-24T23:59:59-04:00)
    208 products
  [7981392] Weekly Flyer  (2026-06-18T00:00:00-04:00 → 2026-06-24T23:59:59-04:00)
    227 products
  [7981499] Weekly Flyer  (2026-06-18T03:00:00-04:00 → 2026-06-24T23:59:59-04:00)
    276 products
  [7981969] Weekly Flyer  (2026-06-18T00:00:00-04:00 → 2026-06-24T23:59:59-04:00)
    284 products
  [7981952] Weekly Flyer  (2026-06-18T00:00:00-04:00 → 2026-06-24T23:59:59-04:00)
    303 products
  [7981951] Weekly Flyer  (2026-06-18T00:00:00-04:00 → 2026-06-24T23:59:59-04:00)
    303 products
  [7981958] Weekly Flyer  (2026-06-18T00:00:00-04:00 → 2026-06-24T23:59:59-04:00)
    308 products
  [7981975] Weekly Flyer  (2026-06-18T00:00:00-04:00 → 2026-06-24T23:59:59-04:00)
    316 products
  [7981953] Weekly Flyer  (2026-06-18T00:00:00-04:00 → 2026-06-24T23:59:59-04:00)
    313 products
  [7981946] Weekly Flyer  (2026-06-18T00:00:00-04:00 → 2026-06-24T23:59:59-04:00)
    283 products
  [7981925] Weekly Flyer  (2026-06-18T00:00:00-04:00 → 2026-06-24T23:59:59-04:00)
    278 products
  [7981967] Weekly Flyer  (2026-06-18T00:00:00-04:00 → 2026-06-24T23:59:59-04:00)
    307 products
  [7981970] Weekly Flyer  (2026-06-18T00:00:00-04:00 → 2026-06-24T23:59:59-04:00)
    282 products
  [7981917] Weekly Flyer  (2026-06-18T00:00:00-04:00 → 2026-06-24T23:59:59-04:00)
    264 products
  [7981472] Weekly Flyer  (2026-06-18T03:00:00-04:00 → 2026-06-24T23:59:59-04:00)
    247 products
  [7981471] Weekly Flyer  (2026-06-18T03:00:00-04:00 → 2026-06-24T23:59:59-04:00)
    230 products
  [7981502] Weekly Flyer  (2026-06-18T03:00:00-04:00 → 2026-06-24T23:59:59-04:00)
    252 products
  [7981973] Weekly Flyer  (2026-06-18T00:00:00-04:00 → 2026-06-24T23:59:59-04:00)
    309 products
  [7981505] Weekly Flyer  (2026-06-18T03:00:00-04:00 → 2026-06-24T23:59:59-04:00)
    88 products
  [7981389] Weekly Flyer  (2026-06-18T00:00:00-04:00 → 2026-06-24T23:59:59-04:00)
    226 products
  [7981949] Weekly Flyer  (2026-06-18T00:00:00-04:00 → 2026-06-24T23:59:59-04:00)
    283 products
  [7981391] Weekly Flyer  (2026-06-18T00:00:00-04:00 → 2026-06-24T23:59:59-04:00)
    209 products
  [7981500] Weekly Flyer  (2026-06-18T03:00:00-04:00 → 2026-06-24T23:59:59-04:00)
    283 products
  [7981504] Weekly Flyer  (2026-06-18T03:00:00-04:00 → 2026-06-24T23:59:59-04:00)
    252 products
  [7981495] Weekly Flyer  (2026-06-18T03:00:00-04:00 → 2026-06-24T23:59:59-04:00)
    278 products
  [7981476] Weekly Flyer  (2026-06-18T03:00:00-04:00 → 2026-06-24T23:59:59-04:00)
    254 products
  [7981503] Weekly Flyer  (2026-06-18T03:00:00-04:00 → 2026-06-24T23:59:59-04:00)
    254 products
  [7981491] Weekly Flyer  (2026-06-18T03:00:00-04:00 → 2026-06-24T23:59:59-04:00)
    261 products
  [7981923] Weekly Flyer  (2026-06-18T00:00:00-04:00 → 2026-06-24T23:59:59-04:00)
    253 products
  [7981929] Weekly Flyer  (2026-06-18T00:00:00-04:00 → 2026-06-24T23:59:59-04:00)
    273 products
  [7981939] Weekly Flyer  (2026-06-18T00:00:00-04:00 → 2026-06-24T23:59:59-04:00)
    299 products
  [7981918] Weekly Flyer  (2026-06-18T00:00:00-04:00 → 2026-06-24T23:59:59-04:00)
    243 products
  [7981980] Weekly Flyer  (2026-06-18T00:00:00-04:00 → 2026-06-24T23:59:59-04:00)
    266 products
  [7981490] Weekly Flyer  (2026-06-18T03:00:00-04:00 → 2026-06-24T23:59:59-04:00)
    273 products
  [7981948] Weekly Flyer  (2026-06-18T00:00:00-04:00 → 2026-06-24T23:59:59-04:00)
    297 products
  [7981927] Weekly Flyer  (2026-06-18T00:00:00-04:00 → 2026-06-24T23:59:59-04:00)
    280 products
  [7981960] Weekly Flyer  (2026-06-18T00:00:00-04:00 → 2026-06-24T23:59:59-04:00)
    296 products
  [7981492] Weekly Flyer  (2026-06-18T03:00:00-04:00 → 2026-06-24T23:59:59-04:00)
    256 products
  [7981480] Weekly Flyer  (2026-06-18T03:00:00-04:00 → 2026-06-24T23:59:59-04:00)
    284 products
  [7981483] Weekly Flyer  (2026-06-18T03:00:00-04:00 → 2026-06-24T23:59:59-04:00)
    297 products
  [7981930] Weekly Flyer  (2026-06-18T00:00:00-04:00 → 2026-06-24T23:59:59-04:00)
    271 products
  [7981956] Weekly Flyer  (2026-06-18T00:00:00-04:00 → 2026-06-24T23:59:59-04:00)
    308 products
  [7981963] Weekly Flyer  (2026-06-18T00:00:00-04:00 → 2026-06-24T23:59:59-04:00)
    315 products
  [7981943] Weekly Flyer  (2026-06-18T00:00:00-04:00 → 2026-06-24T23:59:59-04:00)
    292 products
  [7981950] Weekly Flyer  (2026-06-18T00:00:00-04:00 → 2026-06-24T23:59:59-04:00)
    278 products
  [7981936] Weekly Flyer  (2026-06-18T00:00:00-04:00 → 2026-06-24T23:59:59-04:00)
    298 products
  [7981957] Weekly Flyer  (2026-06-18T00:00:00-04:00 → 2026-06-24T23:59:59-04:00)
    320 products
  [7981961] Weekly Flyer  (2026-06-18T00:00:00-04:00 → 2026-06-24T23:59:59-04:00)
    294 products
  [7981484] Weekly Flyer  (2026-06-18T03:00:00-04:00 → 2026-06-24T23:59:59-04:00)
    286 products
  [7981932] Weekly Flyer  (2026-06-18T00:00:00-04:00 → 2026-06-24T23:59:59-04:00)
    238 products
  [7981388] Weekly Flyer  (2026-06-18T00:00:00-04:00 → 2026-06-24T23:59:59-04:00)
    226 products
  [7981978] Weekly Flyer  (2026-06-18T00:00:00-04:00 → 2026-06-24T23:59:59-04:00)
    273 products
  [7981928] Weekly Flyer  (2026-06-18T00:00:00-04:00 → 2026-06-24T23:59:59-04:00)
    273 products
  [7981498] Weekly Flyer  (2026-06-18T03:00:00-04:00 → 2026-06-24T23:59:59-04:00)
    286 products
  [7981479] Weekly Flyer  (2026-06-18T03:00:00-04:00 → 2026-06-24T23:59:59-04:00)
    249 products
  [7981475] Weekly Flyer  (2026-06-18T03:00:00-04:00 → 2026-06-24T23:59:59-04:00)
    266 products
  [7981474] Weekly Flyer  (2026-06-18T03:00:00-04:00 → 2026-06-24T23:59:59-04:00)
    244 products
  [7981497] Weekly Flyer  (2026-06-18T03:00:00-04:00 → 2026-06-24T23:59:59-04:00)
    264 products
  [7981924] Weekly Flyer  (2026-06-18T00:00:00-04:00 → 2026-06-24T23:59:59-04:00)
    285 products
  [7981478] Weekly Flyer  (2026-06-18T03:00:00-04:00 → 2026-06-24T23:59:59-04:00)
    247 products
  [7981473] Weekly Flyer  (2026-06-18T03:00:00-04:00 → 2026-06-24T23:59:59-04:00)
    237 products
  [7981481] Weekly Flyer  (2026-06-18T03:00:00-04:00 → 2026-06-24T23:59:59-04:00)
    269 products
  [7981944] Weekly Flyer  (2026-06-18T00:00:00-04:00 → 2026-06-24T23:59:59-04:00)
    285 products
  [7981487] Weekly Flyer  (2026-06-18T03:00:00-04:00 → 2026-06-24T23:59:59-04:00)
    289 products
  [7981981] Weekly Flyer  (2026-06-18T00:00:00-04:00 → 2026-06-24T23:59:59-04:00)
    264 products
  [7981493] Weekly Flyer  (2026-06-18T03:00:00-04:00 → 2026-06-24T23:59:59-04:00)
    283 products
  [7981485] Weekly Flyer  (2026-06-18T03:00:00-04:00 → 2026-06-24T23:59:59-04:00)
    281 products
  [7981921] Weekly Flyer  (2026-06-18T00:00:00-04:00 → 2026-06-24T23:59:59-04:00)
    262 products
  [7981488] Weekly Flyer  (2026-06-18T03:00:00-04:00 → 2026-06-24T23:59:59-04:00)
    303 products
  [7981916] Weekly Flyer  (2026-06-18T00:00:00-04:00 → 2026-06-24T23:59:59-04:00)
    243 products
  [7981954] Weekly Flyer  (2026-06-18T00:00:00-04:00 → 2026-06-24T23:59:59-04:00)
    313 products
  [7981977] Weekly Flyer  (2026-06-18T00:00:00-04:00 → 2026-06-24T23:59:59-04:00)
    329 products
  [7981976] Weekly Flyer  (2026-06-18T00:00:00-04:00 → 2026-06-24T23:59:59-04:00)
    304 products
  [7981942] Weekly Flyer  (2026-06-18T00:00:00-04:00 → 2026-06-24T23:59:59-04:00)
    292 products
  [7981931] Weekly Flyer  (2026-06-18T00:00:00-04:00 → 2026-06-24T23:59:59-04:00)
    268 products
  [7981494] Weekly Flyer  (2026-06-18T03:00:00-04:00 → 2026-06-24T23:59:59-04:00)
    276 products
  [7981394] Weekly Flyer  (2026-06-18T00:00:00-04:00 → 2026-06-24T23:59:59-04:00)
    109 products
  [7981489] Weekly Flyer  (2026-06-18T03:00:00-04:00 → 2026-06-24T23:59:59-04:00)
    291 products
  [7981933] Weekly Flyer  (2026-06-18T00:00:00-04:00 → 2026-06-24T23:59:59-04:00)
    236 products
  [7981974] Weekly Flyer  (2026-06-18T00:00:00-04:00 → 2026-06-24T23:59:59-04:00)
    302 products
  [7981941] Weekly Flyer  (2026-06-18T00:00:00-04:00 → 2026-06-24T23:59:59-04:00)
    248 products
  [7981971] Weekly Flyer  (2026-06-18T00:00:00-04:00 → 2026-06-24T23:59:59-04:00)
    323 products
  [7981482] Weekly Flyer  (2026-06-18T03:00:00-04:00 → 2026-06-24T23:59:59-04:00)
    275 products
  [7981501] Weekly Flyer  (2026-06-18T03:00:00-04:00 → 2026-06-24T23:59:59-04:00)
    269 products
  [7981913] Weekly Flyer  (2026-06-18T00:00:00-04:00 → 2026-06-24T23:59:59-04:00)
    303 products
  [7981979] Weekly Flyer  (2026-06-18T00:00:00-04:00 → 2026-06-24T23:59:59-04:00)
    264 products
  [7981940] Weekly Flyer  (2026-06-18T00:00:00-04:00 → 2026-06-24T23:59:59-04:00)
    250 products
  [7981393] Weekly Flyer  (2026-06-18T00:00:00-04:00 → 2026-06-24T23:59:59-04:00)
    209 products
  [7981486] Weekly Flyer  (2026-06-18T03:00:00-04:00 → 2026-06-24T23:59:59-04:00)
    269 products
  [7981984] Weekly Flyer  (2026-06-18T00:00:00-04:00 → 2026-06-24T23:59:59-04:00)
    154 products
  [7981968] Weekly Flyer  (2026-06-18T00:00:00-04:00 → 2026-06-24T23:59:59-04:00)
    282 products
  [7981935] Weekly Flyer  (2026-06-18T00:00:00-04:00 → 2026-06-24T23:59:59-04:00)
    259 products
  [7981920] Weekly Flyer  (2026-06-18T00:00:00-04:00 → 2026-06-24T23:59:59-04:00)
    260 products

── Phase 2 results ──────────────────────────────────────────────────
  Downloaded : 113
  Skipped    : 0  (file already existed)
  Errors     : 0

Run completed: 2026-06-18 14:11:48 UTC
Elapsed      : 1m 20s


Done.  Verbose log → logs/nofrills/2026-06-18_verbose.log
       Summary log → logs/nofrills/2026-06-18_summary.log

