=== No Frills Flyer Fetch — 2026-09-10 ===
Run started : 2026-09-10 17:03:48 UTC

Loaded 381 stores from data/nofrills/stores.parquet

Stores loaded: 381
Loaded store_flyers.parquet (6376 publication entries)

Phase 1: fetching publications per store…

  [51] Test Store → no new flyers
  [262] Agostino/Nancy nofrills - Bloor E. → no new flyers
  [266] Masse's nofrills- London → ['8124225']
  [291] David's nofrills - Division St. → ['8124234']
  [293] Grant's nofrills - Kingston → no new flyers
  [703] Jeff & Tanis' nofrills → ['8124215']
  [704] Jason's NF Severn → ['8124215']
  [705] Carlo's nofrills → no new flyers
  [718] Rocky's nofrills #718 → ['8124238']
  [723] Tony's  nofrills - Upper James Av → ['8124231']
  [753] Jim's nofrills #753 → ['8124225']
  [758] Marc's nofrills - Rathburn Rd → ['8124238']
  [763] Mike's nofrills - Port Dover → no new flyers
  [793] Domenic's nofrills - Harvard Rd → ['8124225']
  [1302] Gary's nofrills- Baseline Rd East → ['8124223']
  [1306] Jeff/Rose/Herb's nofrills Lakeshore → ['8124223']
  [1312] Daniel's nofrills Principale St → ['8124212']
  [1323] 1323 @Hanna → ['8124241']
  [1326] Jesse/Kelly nofrills - Thompson Rd → ['8124217']
  [1335] Ryan's nofrills, Aylmer → ['8124215']
  [1341] Mackay's nofrills - New Hamburg → ['8124217']
  [1346] Rod & Joe's nofrills - Kingston Rd. → ['8124220']
  [1356] Daniel's nofrills - Eglinton Av W → ['8124237']
  [1371] Mario & Selina's nofrills-Royal York → no new flyers
  [1386] Jim & Lee-Anne's nofrills C Line → ['8124217']
  [1394] Baldree's nofrills - King Street E → ['8124234']
  [1399] Nick's nofrills Sheppard Ave. → ['8124231']
  [1448] Cardston - Cardston, AB → ['8124323']
  [1468] No Frills - Marcel & Narisha's → ['8124241']
  [1469] Correy/Rita's nofrills - Tillsonburg → ['8124241']
  [2702] Colbourne's nofrills - Sydney → no new flyers
  [2706] Sam's nofrills - Bridgewater → ['8124361']
  [2707] No Frills → no new flyers
  [2712] Gouthro's nofrills - Wyse Road → no new flyers
  [2713] No Frills → ['8124362']
  [3041] Chris' nofrills - Fort Sk. → ['8124331']
  [3049] No Frills John's - Newmarket → ['8124225']
  [3112] Dykeman's nofrills - Kincardine → no new flyers
  [3117] Darryll & Tracy’s nofrills - Highbury Ave., London → ['8124225']
  [3125] Alan's nofrills - Timmins → no new flyers
  [3131] Derek's nofrills Vaughan → ['8124227']
  [3132] Francois’ No Frills → no new flyers
  [3133] Ron's nofrills Main St. → ['8124213']
  [3134] Jim's nofrills #261 → no new flyers
  [3135] Walkers's  nofrills - Brantford → ['8124222']
  [3138] Eric's nofrills - Lincoln St. → ['8124221']
  [3139] Leo's nofrills - Markham → ['8124225']
  [3140] Vince's nofrills - York Gate Blvd → ['8124231']
  [3142] Dieter/Darcy's nofrills - George St → ['8124216']
  [3143] Rob's nofrills - Guelph Line → ['8124225']
  [3145] Greg's nofrills → ['8124226']
  [3150] Oleg's nofrills - Oakville → ['8124212']
  [3151] Conroy's nofrills → ['8124212']
  [3152] 3152 → no new flyers
  [3153] Matt's No Frills → ['8124337']
  [3155] Kevin's NF Calgary → ['8124336']
  [3156] Rob's nofrills - Toronto → no new flyers
  [3240] Terry's nofrills - Surrey → ['8124345']
  [3348] Ashley's nofrills → ['8124224']
  [3349] Scott & Laurie's No Frills → ['8124339']
  [3350] Dylan's nofrills - Halifax → ['8124360']
  [3351] Kyle's nofrills - Exmouth St → ['8124229']
  [3352] Paul's Nofrills - Ponoka → ['8124334']
  [3353] Dennis' nofrills → no new flyers
  [3354] Arkee's NOFRILLS Vancouver → no new flyers
  [3355] No Frills → ['8124363']
  [3402] Dave's nofrills - Dawson Creek → ['8124328']
  [3403] Joti's nofrills - Vancouver → ['8124346']
  [3408] Blair's nofrills - Calgary → ['8124331']
  [3410] Dean's nofrills - Vancouver → ['8124347']
  [3413] Clifton's nofrills - Estevan, SK → ['8124331']
  [3414] Steve's nofrills - Castlegar → ['8124341']
  [3417] Tyler's nofrills - Port Alberni → ['8124343']
  [3419] Deepu's nofrills - Surrey → ['8124347']
  [3422] Matt & Ashley's nofrills - Edmonton → ['8124331']
  [3430] Amanda's nofrills - Fort St. John → ['8124331']
  [3433] Sewak's nofrills - Port Coquitlam → ['8124345']
  [3437] Jason's nofrills - Jericho Mall → ['8124339']
  [3438] Kyle's nofrills - Kitimat → ['8124348']
  [3439] Glenn’s nofrills - Surrey → ['8124345']
  [3441] Coverdale’s No Frills → ['8124331']
  [3442] Hellard's nofrills - Main St. Winnipeg → ['8124328']
  [3445] Terashita's nofrills - Brooks   Opened Feb. 28, 2016 → ['8124331']
  [3448] Troy's nofrills - Lethbridge → ['8124331']
  [3449] Ken's No Frills → ['8124326']
  [3450] Shawn's nofrills - Thunder Bay → no new flyers
  [3451] Andrew & Emily's nofrills - Loyalist Pkwy → no new flyers
  [3456] Steve's nofrills - Dalton Rd → ['8124234']
  [3457] John's nofrills - Milton → ['8124225']
  [3462] John's nofrills - Nobleton → no new flyers
  [3463] Scott's nofrills - Woodstock → ['8124225']
  [3465] Lyle's nofrills → no new flyers
  [3467] Justin & Stacey's nofrills → ['8124216']
  [3472] Fisher's nofrills - Canrobert St → ['8124213']
  [3473] Jamie & Jaclyn's - Centre Street → ['8124219']
  [3474] Rusty's nofrills - Brantford → ['8124233']
  [3476] Palmieri's nofrills - Newcastle → ['8124235']
  [3478] Craig & Jess' nofrills - Stratford, ON → no new flyers
  [3480] Emiliano & Ana's nofrills → ['8124225']
  [3490] Mike's nofrills → ['8124225']
  [3493] Jones' nofrills - Silvercrk Pk N → no new flyers
  [3494] Leonetti's nofrills → ['8124231']
  [3603] Jordan's's nofrills - Wetaskwin → ['8124339']
  [3604] Shipley's NF Maple Ridge → ['8124345']
  [3608] Terry's - Humboldt → ['8124331']
  [3610] Aaron's no frills → ['8124323']
  [3616] Steve & Peggy's nofrills Kingston Rd → ['8124225']
  [3621] Steve & Adele's nofrills → ['8124225']
  [3625] Brandon & Megan's NF Stittsville, ON → no new flyers
  [3628] Steve's nofrills → ['8124323']
  [3631] Richard's nofrills → ['8124225']
  [3633] Kris's nofrills - Peace River → ['8124331']
  [3636] Dickie's nofrills - Eglinton Av. E → ['8124231']
  [3639] Brandon's nofrills → ['8124216']
  [3640] Luciano's nofrills - Alberta Av → ['8124225']
  [3641] Brandon & Joanny's NO FRILLS Vancouver → ['8124348']
  [3642] Malloch's nofrills - Burnhamthorpe Rd → no new flyers
  [3643] Luciano's nofrills - Front St → ['8124225']
  [3646] XXXX nofrills   Markham Rd → no new flyers
  [3647] Tom's nofrills - Roblin Blvd Winnipeg → ['8124331']
  [3648] Kurtis' nofrills - Trail → ['8124343']
  [3649] Chris' nofrills - Edmonton → ['8124331']
  [3650] Patryck's nofrills → ['8124329']
  [3654] Mark's nofrills Winners Circ → ['8124234']
  [3655] XXXX nofrills - Vegreville → ['8124330']
  [3659] Rob's No Frills #3900 → ['8124225']
  [3660] Durante's nofrills - Centre St → ['8124227']
  [3661] Robert's nofrills - Blake St → ['8124214']
  [3663] Ross' nofrills - Photography Drive → ['8124225']
  [3664] Mark's nofrills - Fanshawe Park Road → ['8124225']
  [3665] Gord & Kim's nofrills - Coverdale Dr → no new flyers
  [3666] Frank's nofrills - Queenston Rd. Hamilton → ['8124223']
  [3667] Steve & Liz's nofrills - Stouffville → ['8124231']
  [3668] Franco's nofrills - Hamilton → ['8124229']
  [3669] Cory & Megan's NOFRILLS High River → no new flyers
  [3670] Pepin's nofrills - Hastings St → ['8124234']
  [3671] Jason's nofrills - Jericho Mall → ['8124348']
  [3672] Mark and Sarah's nofrills - Wallaceburg → ['8124234']
  [3673] Farzin's nofrills - Main St → no new flyers
  [3676] Chris & Beth's nofrills - Simcoe St → no new flyers
  [3677] Tony & Jill's nofrills → ['8124234']
  [3678] Simon's nofrills - Lethbridge → no new flyers
  [3679] Brent & Jennie's nofrills - Hamilton Road → ['8124229']
  [3680] Vi's nofrills - King Street W. → ['8124226']
  [3681] Tim and Heather's NF Shelburne → no new flyers
  [3683] Carol’s No Frills → ['8124336']
  [3684] Peter's Nofrills → ['8124215']
  [3685] Prakash's NF Edmonton → ['8124335']
  [3688] Steve & Amanda's nofrills - Bayly St W → ['8124225']
  [3690] Guthro's nofrills - Acton → ['8124217']
  [3691] Clements' NF Slave Lake → ['8124326']
  [3695] Mike's  NF - Toronto, ON → ['8124223']
  [3697] Mike & Lori 's nofrills - Elizabeth St → ['8124215']
  [3698] Mike and Lori nofrills Port Union → ['8124224']
  [3699] Tom's nofrills - Victoria Park Ave → no new flyers
  [3714] Christine's nofrills - Okotoks → ['8124331']
  [3715] Rob & Tina’s NF → ['8124225']
  [3716] Dilip's No Frills → no new flyers
  [3717] John & Danielle's NF North York, ON → ['8124228']
  [3728] Rob & Rachael's nofrills → ['8124225']
  [3732] Aureo's No Frills - Saskatoon → ['8124336']
  [3733] Brody’s No Frills → ['8124322']
  [3740] Mills' nofrills - Glencoe → no new flyers
  [3753] Ryan's nofrills - Welland Ave → no new flyers
  [3770] Sam’s No Frills → ['8124218']
  [3771] Jim's No Frills → ['8124225']
  [3776] Ian's nofrills - Edmonton → no new flyers
  [3779] Adrian's → no new flyers
  [3786] Joe & Val's nofrills  - Yonge St → ['8124225']
  [3787] Chris & Tanya’s No Frills → ['8124219']
  [3789] Chris's nofrills → ['8124216']
  [3801] Mike & Andreea’s - Stratford, PEI → ['8124359']
  [3807] Alfie's nofrills - West 4th Ave. → no new flyers
  [3811] Brook’s No Frills → ['8124333']
  [3814] Shaun & Felicia's - Shediac → ['8124359']
  [3907] Tom & Michelle's nofrills - Creditview → ['8124238']
  [3915] John's nofrills #3915 → ['8124216']
  [3916] Nadim's nofrills - Oshawa → ['8124231']
  [3922] Joe & Barb's - Oshawa → no new flyers
  [3924] Dave's nofrills - Cedarbrae → ['8124224']
  [3925] Carlo's nofrills - Yonge St. → ['8124227']
  [3931] Rocca’s No Frills → ['8124216']
  [3933] James & Jenn's nofrills - Cornwall → ['8124216']
  [3942] Tina's nofrills - Strathmore → ['8124331']
  [3946] Rob's nofrills - Airdrie → ['8124331']
  [3947] Craig's nofrills - Leduc → ['8124331']
  [3948] Lionel's nofrills - Lacombe → ['8124328']
  [3968] Dennis' nofrills - Coquitlam → ['8124345']
  [3969] Darcy's nofrills - Thunder Bay → ['8124331']
  [3970] Kevin and Amanda's nofrills - Calgary → no new flyers
  [3976] Joe's nofrills - Invermere → ['8124343']
  [3978] Crawford's nofrills → ['8124335']
  [3979] Brad's nofrills - Salmon Arm → ['8124341']
  [3982] Mark's nofrills - Cochrane → ['8124331']
  [3983] Sean's nofrills - Stettler → no new flyers
  [3985] Michael's NOFRILLS Langley → ['8124345']
  [3989] Chris & Tracey's nofrills - Morinville → ['8124323']
  [3992] Kevin's nofrills - Olivier → ['8124349']
  [3993] Jerry's → ['8124345']
  [3995] Jeb's nofrills - Beaumont → ['8124326']
  [4012] Phil's nofrills - Argyle Mall → ['8124229']
  [4036] Allen's NF Midland Jones Rd → ['8124235']
  [4112] No Frills Topsail → no new flyers
  [4164] Jordan & Corrina's → ['8124336']
  [4224] Scott's nofrills - Balmoral Drive → no new flyers
  [4404] Rounddhouse Centre → ['8124231']
  [4436] Merv's nofrills - Calgary → ['8124334']
  [4489] Mike & Rebecca’s nofrills - Whitecourt → ['8124331']
  [4493] Spataro's nofrills - Chinguacousy Rd., Brampton → no new flyers
  [5135] Joseph's nofrills → ['8124225']
  [5139] Esplanade → ['8124241']
  [5156] Andrew & Emily's nofrills - Loyalist Pkwy → ['8124216']
  [5174] Karl & Kelly's - Saint John, NB → ['8124359']
  [5238] Anthony & Nadege’s-Belleville → ['8124216']
  [5456] Trevor's No Frills → ['8124332']
  [5457] Ian's nofrills - Edmonton → no new flyers
  [5458] Sean's nofrills - Stettler → ['8124338']
  [5459] Gord & Kim's nofrills - Coverdale Dr → ['8124216']
  [5549] Romeo's No Frills → ['8124342']
  [5794] Ashley's nofrills - McLaughlin → ['8124238']
  [6791] Felice's nofrills - Shuter St. → ['8124241']
  [6792] Hunterhorn No Frills → no new flyers
  [6793] Pincher Creek - Pincher Creek, AB → no new flyers
  [6797] Vi & Yu Ling's' - Scarborough, ON → ['8124231']
  [6798] Joe's nofrills - Cambridge → ['8124232']
  [6930] David & Mandie's No Frills → ['8124339']
  [6933] MICHAEL'S NOFRILLS SCARBOROUGH → ['8124241']
  [6936] Sudbury → ['8124241']
  [6945] Jesse's - Toronto, ON → ['8124241']
  [6961] AMY & BRENDAN’S → ['8124327']
  [6962] Joe & Lily's NF Ottawa → ['8124225']
  [6964] Jinky's → ['8124350']
  [6966] No Frills - Travis & Sierra's → ['8124350']
  [6969] Cynthia's No Frills - Calgary → ['8124339']
  [6970] Megan's nofrills- Hyde Park → ['8124241']
  [6971] Ray's nofrills → ['8124345']
  [7012] Alfredo's NF Burlington Brant → ['8124225']
  [7026] Nick's and Mira's nofrills-Vic Prk Lawrence → ['8124225']
  [7031] Lorraine's nofrills - Cold Lake → ['8124331']
  [7032] Nadim's nofrills - Whitby → ['8124225']
  [7047] Cosimo's nofrills → ['8124232']
  [7063] Dino's nofrills - Silver Creek Blvd. → no new flyers
  [7074] EF Winnipeg St Anne's → ['8124331']
  [7076] John's nofrills Warden Ave. → ['8124224']
  [7087] Gino's nofrills → ['8124212']
  [7134] Jace’s No Frills → ['8124322']
  [7138] Rob's nofrills → ['8124231']
  [7141] Topher's nofrills - Notre Dame Ave., Winnipeg → ['8124331']
  [7146] John & Irish’s NF → ['8124336']
  [7147] Real & Carolyn’s No Frills → ['8124331']
  [7159] Marc's nofrills # 3901 → ['8124221']
  [7166] Justin's nofrills - Whitby → ['8124225']
  [7167] Harry's nofrills → ['8124214']
  [7175] Tyler's nofrills - Geraldton → no new flyers
  [7177] Evan and Ila's NF Sydney → ['8124360']
  [7181] Paul & Mallory's NO FRILLS → ['8124225']
  [7182] Dylan's No Frills - Oshawa → ['8124231']
  [7188] Bergen's nofrills → ['8124216']
  [7189] Paul & Nancy's nofrills Hwy 17 → no new flyers
  [7191] Mike & Lori's nofrills - Mckeown Av → ['8124214']
  [7192] Joe's nofrills → ['8124215']
  [7227] Chris' nofrills - Renforth Dr. → ['8124232']
  [7228] Dean's nofrills King St. E → ['8124216']
  [7229] Nick's nofrills - Paris → ['8124233']
  [7235] John's No Frills → ['8124331']
  [7236] Frank’s No Frills, Hamilton → ['8124225']
  [7392] Dennis' nofrills - Tilbury → ['8124234']
  [7395] Sheriff's nofrills → ['8124224']
  [7397] Josh's nofrills - Essex → ['8124234']
  [7411] Andrew & Shelley's NF Toronto → ['8124225']
  [7415] Daniel's nofrills → no new flyers
  [7432] Dean & Barb nofrills - Queen St. → ['8124216']
  [7444] Dino's - Vaughan, ON → ['8124225']
  [7487] Paul's nofrills - Innisfail → ['8124323']
  [7488] Simran's nofrills → ['8124340']
  [7496] Blake's - St. Catharines, ON → ['8124225']
  [7498] John's nofrills - Nobleton → ['8124235']
  [7499] DYLAN & GALEN’S → ['8124322']
  [7502] Dilip's No Frills → ['8124237']
  [7503] Jones' nofrills - Silvercrk Pk N → ['8124225']
  [7504] Spataro's nofrills - Chinguacousy Rd., Brampton → ['8124239']
  [7505] DaCosta's nofrills - Markham Plaza/Hwy 7 → ['8124232']
  [7507] Stephen’s No Frills → ['8124332']
  [7508] Mario & Selina's nofrills-Royal York → ['8124226']
  [7509] Carlo's nofrills → ['8124225']
  [7512] Tom's nofrills - Victoria Park Ave → ['8124232']
  [7514] Grant's nofrills - Kingston → ['8124215']
  [7515] Simon's nofrills - Lethbridge → ['8124326']
  [7518] BRAMPTON → ['8124236']
  [7527] Malloch's nofrills - Burnhamthorpe Rd → ['8124237']
  [7530] Walsh's No Frills → ['8124331']
  [7531] Scott's nofrills - Balmoral Drive → ['8124240']
  [7532] Joe & Barb's - Oshawa → ['8124224']
  [7540] Tim and Heather's NF Shelburne → ['8124216']
  [7542] Brian's Nofrills → ['8124231']
  [7578] Dino's nofrills - Silver Creek Blvd. → ['8124238']
  [7579] Evan & Ila's No Frills → ['8124335']
  [7580] Alan's nofrills - Timmins → ['8124218']
  [7648] Cliff's No Frills → ['8124359']
  [7649] Tyler's nofrills-Dorchester Road → ['8124235']
  [7651] Tejus & Raman's - Edmonton, AB → ['8124331']
  [7655] Kevin and Amanda's nofrills - Calgary → ['8124331']
  [7763] Connor & Kennedy’s → ['8124364']
  [7909] Paul & Nancy's nofrills Hwy 17 → ['8124219']
  [7911] Rob's nofrills - Toronto → ['8124217']
  [7919] Tony & Sam's No Frills → ['8124331']
  [7921] Tim & Sue's nofrills - Pacific Ave → ['8124226']
  [7922] Tobi's - Quesnel, BC → ['8124344']
  [7928] Lenora's - St Paul, AB → ['8124327']
  [7930] Nicholas & Megan's - Drumheller, AB → ['8124331']
  [7934] Sarangan's NOFRILLS Brampton → ['8124239']
  [7935] Ted's nofrills - Kenora → ['8124326']
  [7936] Dino's nofrills - Avenue Rd → ['8124218']
  [7937] George's NF Toronto Broadview → ['8124217']
  [7938] NF Gambo - Gambo, NFLD → ['8124361']
  [7940] Brian & Ricki's - Midland, ON → ['8124212']
  [7941] JORDAN'S → ['8124241']
  [7942] Chris & Samia's - Nepean, ON → ['8124224']
  [7944] Eric's nofrills - Chestermere → ['8124331']
  [7947] Dani & Matt's → ['8124235']
  [7949] Joe's nofrills - Korah Rd → ['8124234']
  [7951] Alessandro's → ['8124241']
  [7952] Bo's → ['8124241']
  [7953] Ray's - Kelowna, BC → ['8124350']
  [7954] Vito's nofrills - Keele St → ['8124231']
  [7955] Mitch & Alana's - London, ON → ['8124241']
  [7956] Ross & Lindsay's nofrills → ['8124224']
  [7961] Raman's No Frills → ['8124237']
  [7963] Roy's nofrills - Dartmouth → ['8124359']
  [7965] Stephen's nofrills -Eglinton Ave. → ['8124231']
  [7966] Darwin's nofrills - Wainwright → ['8124324']
  [7967] Chris' nofrills - Goulet St. Winnipeg → ['8124336']
  [7994] Ken's nofrills - Langley → ['8124345']
  [7995] Aaron & Katrina's - Grand Prairie → ['8124331']
  [7996] Ted’s No Frills Winnipeg → ['8124331']
  [8000] Eric's nofrills - Waterdown → ['8124217']
  [8008] Ivan & Karen's → ['8124331']
  [8178] Taylor's NF → ['8124216']
  [8192] Jim’s-St. Catherine’s → ['8124217']
  [8998] Joe & Cassy’s → ['8124217']
  [8999] Johnny’s-Ottawa → ['8124230']
  [9474] Walsh's nofrills - Edmonton → ['8124335']
  [9478] Cliff's No Frills → ['8124361']
  [9479] Paolo's nofrills - Brampton → ['8124239']
  [9482] Justin’s NF → ['8124348']
  [9532] Gordon's nofrills - East Hastings → ['8124347']
  [9535] Francesco's - Fredericton → ['8124360']
  [9536] Ian's nofrills- McAllister Saint John → ['8124360']
  [9537] Ken's No Frills - Summerside → ['8124360']
  [9547] Peter’s NF Burlington Plains → ['8124241']
  [9555] Mike & Grace's nofrills → ['8124231']
  [9566] Tony & Kathy's → ['8124231']
  [9572] Edwards No Frills Kelowna → ['8124350']
  [9573] No Frills → ['8124336']
  [9577] Chemalnus → ['8124350']
  [9578] Andy's → ['8124339']
  [9580] Bathurst - NB → no new flyers
  [9584] PJ's nofrills - College St W → ['8124241']
  [9585] Chad & Maegan's → ['8124241']
  [9586] Jordan's → ['8124336']
  [9689] Michael's nofrills - Silver Star Bvd → ['8124224']
  [9694] Muhammad's No Frills → ['8124339']
  [9775] Paul & Adele's nofrills - Upper Paradise Rd. → ['8124212']
  [9776] Summerhill nofrills - Ajax → ['8124225']
  [9779] Dennis' No Frills → ['8124350']
  [9781] NF Gambo - Gambo, NFLD → ['8124363']
  [9782] Andy & Nick’s No Frills → no new flyers
  [9785] Chris and Karen nofrills - Yonge St → ['8124225']
  [9786] Andrew and Jessica’s nofrills - High River → ['8124331']
  [9796] Scott's No Frills → ['8124241']
  [9797] Daniel & Alexandra’s nofrills → ['8124242']
  [9799] Jeff & Holly's - Stittsville, ON → ['8124225']
  [9999] Ross & Lindsay's NOFRILLS Cambridge → no new flyers
  [5134] Pam & Steve’s nofrills → ['8124218']
  [5567] Nathiel & Maggie's nofrills → ['8124234']
  [6750] Dean's nofrills → ['8124217']
  [7017] Tara’s no frills → ['8124232']
  [8564] Walker's → ['8124216']
  [9541] John's nofrills → ['8124333']
  [9557] Carter's nofrills → ['8124339']
  [9561] Carmen's nofrills → ['8124336']

  326 new publication entries across 381 stores
  65 unique new publication(s) to download
  Appended 326 rows to data/nofrills/store_flyers.parquet
New publication entries added to store_flyers.parquet: 326
Unique new publications to download: 65

Phase 2: fetching products for each new publication…

  [8124225] Weekly Flyer  (2026-09-10T00:00:00-04:00 → 2026-09-16T23:59:59-04:00)
    294 products
  [8124234] Weekly Flyer  (2026-09-10T00:00:00-04:00 → 2026-09-16T23:59:59-04:00)
    254 products
  [8124215] Weekly Flyer  (2026-09-10T00:00:00-04:00 → 2026-09-16T23:59:59-04:00)
    284 products
  [8124238] Weekly Flyer  (2026-09-10T00:00:00-04:00 → 2026-09-16T23:59:59-04:00)
    295 products
  [8124231] Weekly Flyer  (2026-09-10T00:00:00-04:00 → 2026-09-16T23:59:59-04:00)
    277 products
  [8124223] Weekly Flyer  (2026-09-10T00:00:00-04:00 → 2026-09-16T23:59:59-04:00)
    306 products
  [8124212] Weekly Flyer  (2026-09-10T00:00:00-04:00 → 2026-09-16T23:59:59-04:00)
    236 products
  [8124241] Weekly Flyer  (2026-09-10T00:00:00-04:00 → 2026-09-16T23:59:59-04:00)
    82 products
  [8124217] Weekly Flyer  (2026-09-10T00:00:00-04:00 → 2026-09-16T23:59:59-04:00)
    259 products
  [8124220] Weekly Flyer  (2026-09-10T00:00:00-04:00 → 2026-09-16T23:59:59-04:00)
    300 products
  [8124237] Weekly Flyer  (2026-09-10T00:00:00-04:00 → 2026-09-16T23:59:59-04:00)
    308 products
  [8124323] Weekly Flyer  (2026-09-10T03:00:00-04:00 → 2026-09-16T23:59:59-04:00)
    260 products
  [8124361] Weekly Flyer  (2026-09-10T00:00:00-04:00 → 2026-09-16T23:59:59-04:00)
    179 products
  [8124362] Weekly Flyer  (2026-09-10T00:00:00-04:00 → 2026-09-16T23:59:59-04:00)
    194 products
  [8124331] Weekly Flyer  (2026-09-10T03:00:00-04:00 → 2026-09-16T23:59:59-04:00)
    266 products
  [8124227] Weekly Flyer  (2026-09-10T00:00:00-04:00 → 2026-09-16T23:59:59-04:00)
    322 products
  [8124213] Weekly Flyer  (2026-09-10T00:00:00-04:00 → 2026-09-16T23:59:59-04:00)
    248 products
  [8124222] Weekly Flyer  (2026-09-10T00:00:00-04:00 → 2026-09-16T23:59:59-04:00)
    306 products
  [8124221] Weekly Flyer  (2026-09-10T00:00:00-04:00 → 2026-09-16T23:59:59-04:00)
    319 products
  [8124216] Weekly Flyer  (2026-09-10T00:00:00-04:00 → 2026-09-16T23:59:59-04:00)
    271 products
  [8124226] Weekly Flyer  (2026-09-10T00:00:00-04:00 → 2026-09-16T23:59:59-04:00)
    288 products
  [8124337] Weekly Flyer  (2026-09-10T03:00:00-04:00 → 2026-09-16T23:59:59-04:00)
    243 products
  [8124336] Weekly Flyer  (2026-09-10T03:00:00-04:00 → 2026-09-16T23:59:59-04:00)
    243 products
  [8124345] Weekly Flyer  (2026-09-10T03:00:00-04:00 → 2026-09-16T23:59:59-04:00)
    267 products
  [8124224] Weekly Flyer  (2026-09-10T00:00:00-04:00 → 2026-09-16T23:59:59-04:00)
    307 products
  [8124339] Weekly Flyer  (2026-09-10T03:00:00-04:00 → 2026-09-16T23:59:59-04:00)
    225 products
  [8124360] Weekly Flyer  (2026-09-10T00:00:00-04:00 → 2026-09-16T23:59:59-04:00)
    194 products
  [8124229] Weekly Flyer  (2026-09-10T00:00:00-04:00 → 2026-09-16T23:59:59-04:00)
    289 products
  [8124334] Weekly Flyer  (2026-09-10T03:00:00-04:00 → 2026-09-16T23:59:59-04:00)
    261 products
  [8124363] Weekly Flyer  (2026-09-10T00:00:00-04:00 → 2026-09-16T23:59:59-04:00)
    179 products
  [8124328] Weekly Flyer  (2026-09-10T03:00:00-04:00 → 2026-09-16T23:59:59-04:00)
    278 products
  [8124346] Weekly Flyer  (2026-09-10T03:00:00-04:00 → 2026-09-16T23:59:59-04:00)
    281 products
  [8124347] Weekly Flyer  (2026-09-10T03:00:00-04:00 → 2026-09-16T23:59:59-04:00)
    250 products
  [8124341] Weekly Flyer  (2026-09-10T03:00:00-04:00 → 2026-09-16T23:59:59-04:00)
    261 products
  [8124343] Weekly Flyer  (2026-09-10T03:00:00-04:00 → 2026-09-16T23:59:59-04:00)
    249 products
  [8124348] Weekly Flyer  (2026-09-10T03:00:00-04:00 → 2026-09-16T23:59:59-04:00)
    244 products
  [8124326] Weekly Flyer  (2026-09-10T03:00:00-04:00 → 2026-09-16T23:59:59-04:00)
    248 products
  [8124219] Weekly Flyer  (2026-09-10T00:00:00-04:00 → 2026-09-16T23:59:59-04:00)
    285 products
  [8124233] Weekly Flyer  (2026-09-10T00:00:00-04:00 → 2026-09-16T23:59:59-04:00)
    254 products
  [8124235] Weekly Flyer  (2026-09-10T00:00:00-04:00 → 2026-09-16T23:59:59-04:00)
    242 products
  [8124329] Weekly Flyer  (2026-09-10T03:00:00-04:00 → 2026-09-16T23:59:59-04:00)
    267 products
  [8124330] Weekly Flyer  (2026-09-10T03:00:00-04:00 → 2026-09-16T23:59:59-04:00)
    280 products
  [8124214] Weekly Flyer  (2026-09-10T00:00:00-04:00 → 2026-09-16T23:59:59-04:00)
    265 products
  [8124335] Weekly Flyer  (2026-09-10T03:00:00-04:00 → 2026-09-16T23:59:59-04:00)
    249 products
  [8124228] Weekly Flyer  (2026-09-10T00:00:00-04:00 → 2026-09-16T23:59:59-04:00)
    316 products
  [8124322] Weekly Flyer  (2026-09-10T03:00:00-04:00 → 2026-09-16T23:59:59-04:00)
    273 products
  [8124218] Weekly Flyer  (2026-09-10T00:00:00-04:00 → 2026-09-16T23:59:59-04:00)
    253 products
  [8124359] Weekly Flyer  (2026-09-10T00:00:00-04:00 → 2026-09-16T23:59:59-04:00)
    210 products
  [8124333] Weekly Flyer  (2026-09-10T03:00:00-04:00 → 2026-09-16T23:59:59-04:00)
    274 products
  [8124349] Weekly Flyer  (2026-09-10T03:00:00-04:00 → 2026-09-16T23:59:59-04:00)
    244 products
  [8124332] Weekly Flyer  (2026-09-10T03:00:00-04:00 → 2026-09-16T23:59:59-04:00)
    260 products
  [8124338] Weekly Flyer  (2026-09-10T03:00:00-04:00 → 2026-09-16T23:59:59-04:00)
    231 products
  [8124342] Weekly Flyer  (2026-09-10T03:00:00-04:00 → 2026-09-16T23:59:59-04:00)
    262 products
  [8124232] Weekly Flyer  (2026-09-10T00:00:00-04:00 → 2026-09-16T23:59:59-04:00)
    271 products
  [8124327] Weekly Flyer  (2026-09-10T03:00:00-04:00 → 2026-09-16T23:59:59-04:00)
    291 products
  [8124350] Weekly Flyer  (2026-09-10T03:00:00-04:00 → 2026-09-16T23:59:59-04:00)
    226 products
  [8124340] Weekly Flyer  (2026-09-10T03:00:00-04:00 → 2026-09-16T23:59:59-04:00)
    274 products
  [8124239] Weekly Flyer  (2026-09-10T00:00:00-04:00 → 2026-09-16T23:59:59-04:00)
    278 products
  [8124236] Weekly Flyer  (2026-09-10T00:00:00-04:00 → 2026-09-16T23:59:59-04:00)
    309 products
  [8124240] Weekly Flyer  (2026-09-10T00:00:00-04:00 → 2026-09-16T23:59:59-04:00)
    272 products
  [8124364] Weekly Flyer  (2026-09-10T00:00:00-04:00 → 2026-09-16T23:59:59-04:00)
    74 products
  [8124344] Weekly Flyer  (2026-09-10T03:00:00-04:00 → 2026-09-16T23:59:59-04:00)
    280 products
  [8124324] Weekly Flyer  (2026-09-10T03:00:00-04:00 → 2026-09-16T23:59:59-04:00)
    262 products
  [8124230] Weekly Flyer  (2026-09-10T00:00:00-04:00 → 2026-09-16T23:59:59-04:00)
    290 products
  [8124242] Weekly Flyer  (2026-09-10T00:00:00-04:00 → 2026-09-16T23:59:59-04:00)
    58 products

── Phase 2 results ──────────────────────────────────────────────────
  Downloaded : 65
  Skipped    : 0  (file already existed)
  Errors     : 0

Run completed: 2026-09-10 17:04:40 UTC
Elapsed      : 0m 51s


Done.  Verbose log → logs/nofrills/2026-09-10_verbose.log
       Summary log → logs/nofrills/2026-09-10_summary.log

