=== No Frills Flyer Fetch — 2026-09-24 ===
Run started : 2026-09-24 17:56:28 UTC

Loaded 381 stores from data/nofrills/stores.parquet

Stores loaded: 381
Loaded store_flyers.parquet (7028 publication entries)

Phase 1: fetching publications per store…

  [51] Test Store → no new flyers
  [262] Agostino/Nancy nofrills - Bloor E. → no new flyers
  [266] Masse's nofrills- London → ['8144404']
  [291] David's nofrills - Division St. → ['8144411']
  [293] Grant's nofrills - Kingston → no new flyers
  [703] Jeff & Tanis' nofrills → ['8144408']
  [704] Jason's NF Severn → ['8144408']
  [705] Carlo's nofrills → no new flyers
  [718] Rocky's nofrills #718 → ['8144425']
  [723] Tony's  nofrills - Upper James Av → ['8144416']
  [753] Jim's nofrills #753 → ['8144405']
  [758] Marc's nofrills - Rathburn Rd → ['8144425']
  [763] Mike's nofrills - Port Dover → no new flyers
  [793] Domenic's nofrills - Harvard Rd → ['8144401']
  [1302] Gary's nofrills- Baseline Rd East → ['8144405']
  [1306] Jeff/Rose/Herb's nofrills Lakeshore → ['8144405']
  [1312] Daniel's nofrills Principale St → ['8144392']
  [1323] 1323 @Hanna → ['8144427']
  [1326] Jesse/Kelly nofrills - Thompson Rd → ['8144410']
  [1335] Ryan's nofrills, Aylmer → ['8144409']
  [1341] Mackay's nofrills - New Hamburg → ['8144410']
  [1346] Rod & Joe's nofrills - Kingston Rd. → ['8144418']
  [1356] Daniel's nofrills - Eglinton Av W → ['8144423']
  [1371] Mario & Selina's nofrills-Royal York → no new flyers
  [1386] Jim & Lee-Anne's nofrills C Line → ['8144411']
  [1394] Baldree's nofrills - King Street E → ['8144411']
  [1399] Nick's nofrills Sheppard Ave. → ['8144401']
  [1448] Cardston - Cardston, AB → ['8144556']
  [1468] No Frills - Marcel & Narisha's → ['8144427']
  [1469] Correy/Rita's nofrills - Tillsonburg → ['8144427']
  [2702] Colbourne's nofrills - Sydney → no new flyers
  [2706] Sam's nofrills - Bridgewater → ['8144432']
  [2707] No Frills → no new flyers
  [2712] Gouthro's nofrills - Wyse Road → no new flyers
  [2713] No Frills → ['8144436']
  [3041] Chris' nofrills - Fort Sk. → ['8144560']
  [3049] No Frills John's - Newmarket → ['8144405']
  [3112] Dykeman's nofrills - Kincardine → no new flyers
  [3117] Darryll & Tracy’s nofrills - Highbury Ave., London → ['8144401']
  [3125] Alan's nofrills - Timmins → no new flyers
  [3131] Derek's nofrills Vaughan → ['8144396']
  [3132] Francois’ No Frills → no new flyers
  [3133] Ron's nofrills Main St. → ['8144413']
  [3134] Jim's nofrills #261 → no new flyers
  [3135] Walkers's  nofrills - Brantford → ['8144404']
  [3138] Eric's nofrills - Lincoln St. → ['8144399']
  [3139] Leo's nofrills - Markham → ['8144401']
  [3140] Vince's nofrills - York Gate Blvd → ['8144416']
  [3142] Dieter/Darcy's nofrills - George St → ['8144411']
  [3143] Rob's nofrills - Guelph Line → ['8144405']
  [3145] Greg's nofrills → ['8144418']
  [3150] Oleg's nofrills - Oakville → ['8144393']
  [3151] Conroy's nofrills → ['8144392']
  [3152] 3152 → no new flyers
  [3153] Matt's No Frills → ['8144565']
  [3155] Kevin's NF Calgary → ['8144571']
  [3156] Rob's nofrills - Toronto → no new flyers
  [3240] Terry's nofrills - Surrey → ['8144560']
  [3348] Ashley's nofrills → ['8144402']
  [3349] Scott & Laurie's No Frills → ['8144548']
  [3350] Dylan's nofrills - Halifax → ['8144433']
  [3351] Kyle's nofrills - Exmouth St → ['8144404']
  [3352] Paul's Nofrills - Ponoka → ['8144562']
  [3353] Dennis' nofrills → no new flyers
  [3354] Arkee's NOFRILLS Vancouver → no new flyers
  [3355] No Frills → ['8144438']
  [3402] Dave's nofrills - Dawson Creek → ['8144560']
  [3403] Joti's nofrills - Vancouver → ['8144560']
  [3408] Blair's nofrills - Calgary → ['8144560']
  [3410] Dean's nofrills - Vancouver → ['8144570']
  [3413] Clifton's nofrills - Estevan, SK → ['8144560']
  [3414] Steve's nofrills - Castlegar → ['8144556']
  [3417] Tyler's nofrills - Port Alberni → ['8144556']
  [3419] Deepu's nofrills - Surrey → ['8144562']
  [3422] Matt & Ashley's nofrills - Edmonton → ['8144560']
  [3430] Amanda's nofrills - Fort St. John → ['8144560']
  [3433] Sewak's nofrills - Port Coquitlam → ['8144560']
  [3437] Jason's nofrills - Jericho Mall → ['8144547']
  [3438] Kyle's nofrills - Kitimat → ['8144571']
  [3439] Glenn’s nofrills - Surrey → ['8144560']
  [3441] Coverdale’s No Frills → ['8144560']
  [3442] Hellard's nofrills - Main St. Winnipeg → ['8144560']
  [3445] Terashita's nofrills - Brooks   Opened Feb. 28, 2016 → ['8144559']
  [3448] Troy's nofrills - Lethbridge → ['8144560']
  [3449] Ken's No Frills → ['8144555']
  [3450] Shawn's nofrills - Thunder Bay → no new flyers
  [3451] Andrew & Emily's nofrills - Loyalist Pkwy → no new flyers
  [3456] Steve's nofrills - Dalton Rd → ['8144420']
  [3457] John's nofrills - Milton → ['8144401']
  [3462] John's nofrills - Nobleton → no new flyers
  [3463] Scott's nofrills - Woodstock → ['8144405']
  [3465] Lyle's nofrills → no new flyers
  [3467] Justin & Stacey's nofrills → ['8144411']
  [3472] Fisher's nofrills - Canrobert St → ['8144392']
  [3473] Jamie & Jaclyn's - Centre Street → ['8144394']
  [3474] Rusty's nofrills - Brantford → ['8144407']
  [3476] Palmieri's nofrills - Newcastle → ['8144411']
  [3478] Craig & Jess' nofrills - Stratford, ON → no new flyers
  [3480] Emiliano & Ana's nofrills → ['8144401']
  [3490] Mike's nofrills → ['8144401']
  [3493] Jones' nofrills - Silvercrk Pk N → no new flyers
  [3494] Leonetti's nofrills → ['8144405']
  [3603] Jordan's's nofrills - Wetaskwin → ['8144547']
  [3604] Shipley's NF Maple Ridge → ['8144560']
  [3608] Terry's - Humboldt → ['8144560']
  [3610] Aaron's no frills → ['8144556']
  [3616] Steve & Peggy's nofrills Kingston Rd → ['8144401']
  [3621] Steve & Adele's nofrills → ['8144405']
  [3625] Brandon & Megan's NF Stittsville, ON → no new flyers
  [3628] Steve's nofrills → ['8144556']
  [3631] Richard's nofrills → ['8144401']
  [3633] Kris's nofrills - Peace River → ['8144560']
  [3636] Dickie's nofrills - Eglinton Av. E → ['8144401']
  [3639] Brandon's nofrills → ['8144410']
  [3640] Luciano's nofrills - Alberta Av → ['8144405']
  [3641] Brandon & Joanny's NO FRILLS Vancouver → ['8144571']
  [3642] Malloch's nofrills - Burnhamthorpe Rd → no new flyers
  [3643] Luciano's nofrills - Front St → ['8144401']
  [3646] XXXX nofrills   Markham Rd → no new flyers
  [3647] Tom's nofrills - Roblin Blvd Winnipeg → ['8144559']
  [3648] Kurtis' nofrills - Trail → ['8144556']
  [3649] Chris' nofrills - Edmonton → ['8144560']
  [3650] Patryck's nofrills → ['8144550']
  [3654] Mark's nofrills Winners Circ → ['8144411']
  [3655] XXXX nofrills - Vegreville → ['8144552']
  [3659] Rob's No Frills #3900 → ['8144417']
  [3660] Durante's nofrills - Centre St → ['8144397']
  [3661] Robert's nofrills - Blake St → ['8144392']
  [3663] Ross' nofrills - Photography Drive → ['8144401']
  [3664] Mark's nofrills - Fanshawe Park Road → ['8144401']
  [3665] Gord & Kim's nofrills - Coverdale Dr → no new flyers
  [3666] Frank's nofrills - Queenston Rd. Hamilton → ['8144401']
  [3667] Steve & Liz's nofrills - Stouffville → ['8144401']
  [3668] Franco's nofrills - Hamilton → ['8144405']
  [3669] Cory & Megan's NOFRILLS High River → no new flyers
  [3670] Pepin's nofrills - Hastings St → ['8144411']
  [3671] Jason's nofrills - Jericho Mall → ['8144571']
  [3672] Mark and Sarah's nofrills - Wallaceburg → ['8144411']
  [3673] Farzin's nofrills - Main St → no new flyers
  [3676] Chris & Beth's nofrills - Simcoe St → no new flyers
  [3677] Tony & Jill's nofrills → ['8144411']
  [3678] Simon's nofrills - Lethbridge → no new flyers
  [3679] Brent & Jennie's nofrills - Hamilton Road → ['8144405']
  [3680] Vi's nofrills - King Street W. → ['8144418']
  [3681] Tim and Heather's NF Shelburne → no new flyers
  [3683] Carol’s No Frills → ['8144571']
  [3684] Peter's Nofrills → ['8144408']
  [3685] Prakash's NF Edmonton → ['8144562']
  [3688] Steve & Amanda's nofrills - Bayly St W → ['8144401']
  [3690] Guthro's nofrills - Acton → ['8144411']
  [3691] Clements' NF Slave Lake → ['8144556']
  [3695] Mike's  NF - Toronto, ON → ['8144401']
  [3697] Mike & Lori 's nofrills - Elizabeth St → ['8144408']
  [3698] Mike and Lori nofrills Port Union → ['8144399']
  [3699] Tom's nofrills - Victoria Park Ave → no new flyers
  [3714] Christine's nofrills - Okotoks → ['8144560']
  [3715] Rob & Tina’s NF → ['8144401']
  [3716] Dilip's No Frills → no new flyers
  [3717] John & Danielle's NF North York, ON → ['8144398']
  [3728] Rob & Rachael's nofrills → ['8144404']
  [3732] Aureo's No Frills - Saskatoon → ['8144571']
  [3733] Brody’s No Frills → ['8144553']
  [3740] Mills' nofrills - Glencoe → no new flyers
  [3753] Ryan's nofrills - Welland Ave → no new flyers
  [3770] Sam’s No Frills → ['8144413']
  [3771] Jim's No Frills → ['8144401']
  [3776] Ian's nofrills - Edmonton → no new flyers
  [3779] Adrian's → no new flyers
  [3786] Joe & Val's nofrills  - Yonge St → ['8144405']
  [3787] Chris & Tanya’s No Frills → ['8144394']
  [3789] Chris's nofrills → ['8144411']
  [3801] Mike & Andreea’s - Stratford, PEI → ['8144434']
  [3807] Alfie's nofrills - West 4th Ave. → no new flyers
  [3811] Brook’s No Frills → ['8144561']
  [3814] Shaun & Felicia's - Shediac → ['8144434']
  [3907] Tom & Michelle's nofrills - Creditview → ['8144424']
  [3915] John's nofrills #3915 → ['8144411']
  [3916] Nadim's nofrills - Oshawa → ['8144405']
  [3922] Joe & Barb's - Oshawa → no new flyers
  [3924] Dave's nofrills - Cedarbrae → ['8144399']
  [3925] Carlo's nofrills - Yonge St. → ['8144396']
  [3931] Rocca’s No Frills → ['8144411']
  [3933] James & Jenn's nofrills - Cornwall → ['8144410']
  [3942] Tina's nofrills - Strathmore → ['8144560']
  [3946] Rob's nofrills - Airdrie → ['8144560']
  [3947] Craig's nofrills - Leduc → ['8144560']
  [3948] Lionel's nofrills - Lacombe → ['8144560']
  [3968] Dennis' nofrills - Coquitlam → ['8144560']
  [3969] Darcy's nofrills - Thunder Bay → ['8144560']
  [3970] Kevin and Amanda's nofrills - Calgary → no new flyers
  [3976] Joe's nofrills - Invermere → ['8144556']
  [3978] Crawford's nofrills → ['8144570']
  [3979] Brad's nofrills - Salmon Arm → ['8144556']
  [3982] Mark's nofrills - Cochrane → ['8144560']
  [3983] Sean's nofrills - Stettler → no new flyers
  [3985] Michael's NOFRILLS Langley → ['8144560']
  [3989] Chris & Tracey's nofrills - Morinville → ['8144556']
  [3992] Kevin's nofrills - Olivier → ['8144565']
  [3993] Jerry's → ['8144560']
  [3995] Jeb's nofrills - Beaumont → ['8144556']
  [4012] Phil's nofrills - Argyle Mall → ['8144405']
  [4036] Allen's NF Midland Jones Rd → ['8144411']
  [4112] No Frills Topsail → no new flyers
  [4164] Jordan & Corrina's → ['8144563']
  [4224] Scott's nofrills - Balmoral Drive → no new flyers
  [4404] Rounddhouse Centre → ['8144401']
  [4436] Merv's nofrills - Calgary → ['8144562']
  [4489] Mike & Rebecca’s nofrills - Whitecourt → ['8144560']
  [4493] Spataro's nofrills - Chinguacousy Rd., Brampton → no new flyers
  [5135] Joseph's nofrills → ['8144401']
  [5139] Esplanade → ['8144427']
  [5156] Andrew & Emily's nofrills - Loyalist Pkwy → ['8144410']
  [5174] Karl & Kelly's - Saint John, NB → ['8144435']
  [5238] Anthony & Nadege’s-Belleville → ['8144420']
  [5456] Trevor's No Frills → ['8144569']
  [5457] Ian's nofrills - Edmonton → no new flyers
  [5458] Sean's nofrills - Stettler → ['8144565']
  [5459] Gord & Kim's nofrills - Coverdale Dr → ['8144411']
  [5549] Romeo's No Frills → ['8144554']
  [5794] Ashley's nofrills - McLaughlin → ['8144424']
  [6791] Felice's nofrills - Shuter St. → ['8144427']
  [6792] Hunterhorn No Frills → no new flyers
  [6793] Pincher Creek - Pincher Creek, AB → no new flyers
  [6797] Vi & Yu Ling's' - Scarborough, ON → ['8144401']
  [6798] Joe's nofrills - Cambridge → ['8144395']
  [6930] David & Mandie's No Frills → ['8144547']
  [6933] MICHAEL'S NOFRILLS SCARBOROUGH → ['8144427']
  [6936] Sudbury → ['8144427']
  [6945] Jesse's - Toronto, ON → ['8144427']
  [6961] AMY & BRENDAN’S → ['8144557']
  [6962] Joe & Lily's NF Ottawa → ['8144404']
  [6964] Jinky's → ['8144566']
  [6966] No Frills - Travis & Sierra's → ['8144547']
  [6969] Cynthia's No Frills - Calgary → ['8144547']
  [6970] Megan's nofrills- Hyde Park → ['8144427']
  [6971] Ray's nofrills → ['8144560']
  [7012] Alfredo's NF Burlington Brant → ['8144405']
  [7026] Nick's and Mira's nofrills-Vic Prk Lawrence → ['8144401']
  [7031] Lorraine's nofrills - Cold Lake → ['8144559']
  [7032] Nadim's nofrills - Whitby → ['8144401']
  [7047] Cosimo's nofrills → ['8144414']
  [7063] Dino's nofrills - Silver Creek Blvd. → no new flyers
  [7074] EF Winnipeg St Anne's → ['8144560']
  [7076] John's nofrills Warden Ave. → ['8144399']
  [7087] Gino's nofrills → ['8144392']
  [7134] Jace’s No Frills → ['8144553']
  [7138] Rob's nofrills → ['8144401']
  [7141] Topher's nofrills - Notre Dame Ave., Winnipeg → ['8144560']
  [7146] John & Irish’s NF → ['8144563']
  [7147] Real & Carolyn’s No Frills → ['8144560']
  [7159] Marc's nofrills # 3901 → ['8144402']
  [7166] Justin's nofrills - Whitby → ['8144401']
  [7167] Harry's nofrills → ['8144413']
  [7175] Tyler's nofrills - Geraldton → no new flyers
  [7177] Evan and Ila's NF Sydney → ['8144433']
  [7181] Paul & Mallory's NO FRILLS → ['8144401']
  [7182] Dylan's No Frills - Oshawa → ['8144401']
  [7188] Bergen's nofrills → ['8144411']
  [7189] Paul & Nancy's nofrills Hwy 17 → no new flyers
  [7191] Mike & Lori's nofrills - Mckeown Av → ['8144413']
  [7192] Joe's nofrills → ['8144408']
  [7227] Chris' nofrills - Renforth Dr. → ['8144418']
  [7228] Dean's nofrills King St. E → ['8144411']
  [7229] Nick's nofrills - Paris → ['8144411']
  [7235] John's No Frills → ['8144559']
  [7236] Frank’s No Frills, Hamilton → ['8144401']
  [7392] Dennis' nofrills - Tilbury → ['8144410']
  [7395] Sheriff's nofrills → ['8144399']
  [7397] Josh's nofrills - Essex → ['8144419']
  [7411] Andrew & Shelley's NF Toronto → ['8144401']
  [7415] Daniel's nofrills → no new flyers
  [7432] Dean & Barb nofrills - Queen St. → ['8144410']
  [7444] Dino's - Vaughan, ON → ['8144401']
  [7487] Paul's nofrills - Innisfail → ['8144556']
  [7488] Simran's nofrills → ['8144553']
  [7496] Blake's - St. Catharines, ON → ['8144401']
  [7498] John's nofrills - Nobleton → ['8144411']
  [7499] DYLAN & GALEN’S → ['8144553']
  [7502] Dilip's No Frills → ['8144423']
  [7503] Jones' nofrills - Silvercrk Pk N → ['8144401']
  [7504] Spataro's nofrills - Chinguacousy Rd., Brampton → ['8144424']
  [7505] DaCosta's nofrills - Markham Plaza/Hwy 7 → ['8144414']
  [7507] Stephen’s No Frills → ['8144561']
  [7508] Mario & Selina's nofrills-Royal York → ['8144406']
  [7509] Carlo's nofrills → ['8144401']
  [7512] Tom's nofrills - Victoria Park Ave → ['8144418']
  [7514] Grant's nofrills - Kingston → ['8144408']
  [7515] Simon's nofrills - Lethbridge → ['8144556']
  [7518] BRAMPTON → ['8144421']
  [7527] Malloch's nofrills - Burnhamthorpe Rd → ['8144423']
  [7530] Walsh's No Frills → ['8144560']
  [7531] Scott's nofrills - Balmoral Drive → ['8144422']
  [7532] Joe & Barb's - Oshawa → ['8144403']
  [7540] Tim and Heather's NF Shelburne → ['8144411']
  [7542] Brian's Nofrills → ['8144401']
  [7578] Dino's nofrills - Silver Creek Blvd. → ['8144426']
  [7579] Evan & Ila's No Frills → ['8144570']
  [7580] Alan's nofrills - Timmins → ['8144412']
  [7648] Cliff's No Frills → ['8144435']
  [7649] Tyler's nofrills-Dorchester Road → ['8144411']
  [7651] Tejus & Raman's - Edmonton, AB → ['8144567']
  [7655] Kevin and Amanda's nofrills - Calgary → ['8144559']
  [7763] Connor & Kennedy’s → ['8144431']
  [7909] Paul & Nancy's nofrills Hwy 17 → ['8144394']
  [7911] Rob's nofrills - Toronto → ['8144407']
  [7919] Tony & Sam's No Frills → ['8144560']
  [7921] Tim & Sue's nofrills - Pacific Ave → ['8144406']
  [7922] Tobi's - Quesnel, BC → ['8144558']
  [7928] Lenora's - St Paul, AB → ['8144558']
  [7930] Nicholas & Megan's - Drumheller, AB → ['8144560']
  [7934] Sarangan's NOFRILLS Brampton → ['8144424']
  [7935] Ted's nofrills - Kenora → ['8144555']
  [7936] Dino's nofrills - Avenue Rd → ['8144392']
  [7937] George's NF Toronto Broadview → ['8144411']
  [7938] NF Gambo - Gambo, NFLD → ['8144432']
  [7940] Brian & Ricki's - Midland, ON → ['8144392']
  [7941] JORDAN'S → ['8144427']
  [7942] Chris & Samia's - Nepean, ON → ['8144403']
  [7944] Eric's nofrills - Chestermere → ['8144560']
  [7947] Dani & Matt's → ['8144419']
  [7949] Joe's nofrills - Korah Rd → ['8144411']
  [7951] Alessandro's → ['8144427']
  [7952] Bo's → ['8144427']
  [7953] Ray's - Kelowna, BC → ['8144547']
  [7954] Vito's nofrills - Keele St → ['8144416']
  [7955] Mitch & Alana's - London, ON → ['8144427']
  [7956] Ross & Lindsay's nofrills → ['8144399']
  [7961] Raman's No Frills → ['8144423']
  [7963] Roy's nofrills - Dartmouth → ['8144435']
  [7965] Stephen's nofrills -Eglinton Ave. → ['8144401']
  [7966] Darwin's nofrills - Wainwright → ['8144551']
  [7967] Chris' nofrills - Goulet St. Winnipeg → ['8144571']
  [7994] Ken's nofrills - Langley → ['8144568']
  [7995] Aaron & Katrina's - Grand Prairie → ['8144560']
  [7996] Ted’s No Frills Winnipeg → ['8144560']
  [8000] Eric's nofrills - Waterdown → ['8144411']
  [8008] Ivan & Karen's → ['8144560']
  [8178] Taylor's NF → ['8144411']
  [8192] Jim’s-St. Catherine’s → ['8144411']
  [8998] Joe & Cassy’s → ['8144411']
  [8999] Johnny’s-Ottawa → ['8144399']
  [9474] Walsh's nofrills - Edmonton → ['8144570']
  [9478] Cliff's No Frills → ['8144432']
  [9479] Paolo's nofrills - Brampton → ['8144424']
  [9482] Justin’s NF → ['8144563']
  [9532] Gordon's nofrills - East Hastings → ['8144562']
  [9535] Francesco's - Fredericton → ['8144435']
  [9536] Ian's nofrills- McAllister Saint John → ['8144434']
  [9537] Ken's No Frills - Summerside → ['8144434']
  [9547] Peter’s NF Burlington Plains → ['8144427']
  [9555] Mike & Grace's nofrills → ['8144417']
  [9566] Tony & Kathy's → ['8144400']
  [9572] Edwards No Frills Kelowna → ['8144547']
  [9573] No Frills → ['8144571']
  [9577] Chemalnus → ['8144547']
  [9578] Andy's → ['8144547']
  [9580] Bathurst - NB → no new flyers
  [9584] PJ's nofrills - College St W → ['8144427']
  [9585] Chad & Maegan's → ['8144427']
  [9586] Jordan's → ['8144571']
  [9689] Michael's nofrills - Silver Star Bvd → ['8144399']
  [9694] Muhammad's No Frills → ['8144547']
  [9775] Paul & Adele's nofrills - Upper Paradise Rd. → ['8144413']
  [9776] Summerhill nofrills - Ajax → ['8144401']
  [9779] Dennis' No Frills → ['8144547']
  [9781] NF Gambo - Gambo, NFLD → ['8144437']
  [9782] Andy & Nick’s No Frills → no new flyers
  [9785] Chris and Karen nofrills - Yonge St → ['8144401']
  [9786] Andrew and Jessica’s nofrills - High River → ['8144560']
  [9796] Scott's No Frills → no new flyers
  [9797] Daniel & Alexandra’s nofrills → ['8144428']
  [9799] Jeff & Holly's - Stittsville, ON → ['8144417']
  [9999] Ross & Lindsay's NOFRILLS Cambridge → no new flyers
  [5134] Pam & Steve’s nofrills → ['8144392']
  [5567] Nathiel & Maggie's nofrills → ['8144411']
  [6750] Dean's nofrills → ['8144411']
  [7017] Tara’s no frills → ['8144414']
  [8564] Walker's → ['8144411']
  [9541] John's nofrills → ['8144569']
  [9557] Carter's nofrills → ['8144547']
  [9561] Carmen's nofrills → ['8144571']

  325 new publication entries across 381 stores
  67 unique new publication(s) to download
  Appended 325 rows to data/nofrills/store_flyers.parquet
New publication entries added to store_flyers.parquet: 325
Unique new publications to download: 67

Phase 2: fetching products for each new publication…

  [8144404] Weekly Flyer  (2026-09-24T00:00:00-04:00 → 2026-09-30T23:59:59-04:00)
    244 products
  [8144411] Weekly Flyer  (2026-09-24T00:00:00-04:00 → 2026-09-30T23:59:59-04:00)
    228 products
  [8144408] Weekly Flyer  (2026-09-24T00:00:00-04:00 → 2026-09-30T23:59:59-04:00)
    225 products
  [8144425] Weekly Flyer  (2026-09-24T00:00:00-04:00 → 2026-09-30T23:59:59-04:00)
    245 products
  [8144416] Weekly Flyer  (2026-09-24T00:00:00-04:00 → 2026-09-30T23:59:59-04:00)
    258 products
  [8144405] Weekly Flyer  (2026-09-24T00:00:00-04:00 → 2026-09-30T23:59:59-04:00)
    243 products
  [8144401] Weekly Flyer  (2026-09-24T00:00:00-04:00 → 2026-09-30T23:59:59-04:00)
    261 products
  [8144392] Weekly Flyer  (2026-09-24T00:00:00-04:00 → 2026-09-30T23:59:59-04:00)
    201 products
  [8144427] Weekly Flyer  (2026-09-24T00:00:00-04:00 → 2026-09-30T23:59:59-04:00)
    86 products
  [8144410] Weekly Flyer  (2026-09-24T00:00:00-04:00 → 2026-09-30T23:59:59-04:00)
    229 products
  [8144409] Weekly Flyer  (2026-09-24T00:00:00-04:00 → 2026-09-30T23:59:59-04:00)
    224 products
  [8144418] Weekly Flyer  (2026-09-24T00:00:00-04:00 → 2026-09-30T23:59:59-04:00)
    235 products
  [8144423] Weekly Flyer  (2026-09-24T00:00:00-04:00 → 2026-09-30T23:59:59-04:00)
    278 products
  [8144556] Weekly Flyer  (2026-09-24T03:00:00-04:00 → 2026-09-30T23:59:59-04:00)
    208 products
  [8144432] Weekly Flyer  (2026-09-24T00:00:00-04:00 → 2026-09-30T23:59:59-04:00)
    144 products
  [8144436] Weekly Flyer  (2026-09-24T00:00:00-04:00 → 2026-09-30T23:59:59-04:00)
    161 products
  [8144560] Weekly Flyer  (2026-09-24T03:00:00-04:00 → 2026-09-30T23:59:59-04:00)
    230 products
  [8144396] Weekly Flyer  (2026-09-24T00:00:00-04:00 → 2026-09-30T23:59:59-04:00)
    289 products
  [8144413] Weekly Flyer  (2026-09-24T00:00:00-04:00 → 2026-09-30T23:59:59-04:00)
    204 products
  [8144399] Weekly Flyer  (2026-09-24T00:00:00-04:00 → 2026-09-30T23:59:59-04:00)
    276 products
  [8144393] Weekly Flyer  (2026-09-24T00:00:00-04:00 → 2026-09-30T23:59:59-04:00)
    219 products
  [8144565] Weekly Flyer  (2026-09-24T03:00:00-04:00 → 2026-09-30T23:59:59-04:00)
    190 products
  [8144571] Weekly Flyer  (2026-09-24T03:00:00-04:00 → 2026-09-30T23:59:59-04:00)
    204 products
  [8144402] Weekly Flyer  (2026-09-24T00:00:00-04:00 → 2026-09-30T23:59:59-04:00)
    259 products
  [8144548] Weekly Flyer  (2026-09-24T03:00:00-04:00 → 2026-09-30T23:59:59-04:00)
    182 products
  [8144433] Weekly Flyer  (2026-09-24T00:00:00-04:00 → 2026-09-30T23:59:59-04:00)
    161 products
  [8144562] Weekly Flyer  (2026-09-24T03:00:00-04:00 → 2026-09-30T23:59:59-04:00)
    212 products
  [8144438] Weekly Flyer  (2026-09-24T00:00:00-04:00 → 2026-09-30T23:59:59-04:00)
    141 products
  [8144570] Weekly Flyer  (2026-09-24T03:00:00-04:00 → 2026-09-30T23:59:59-04:00)
    209 products
  [8144547] Weekly Flyer  (2026-09-24T03:00:00-04:00 → 2026-09-30T23:59:59-04:00)
    182 products
  [8144559] Weekly Flyer  (2026-09-24T03:00:00-04:00 → 2026-09-30T23:59:59-04:00)
    230 products
  [8144555] Weekly Flyer  (2026-09-24T03:00:00-04:00 → 2026-09-30T23:59:59-04:00)
    208 products
  [8144420] Weekly Flyer  (2026-09-24T00:00:00-04:00 → 2026-09-30T23:59:59-04:00)
    206 products
  [8144394] Weekly Flyer  (2026-09-24T00:00:00-04:00 → 2026-09-30T23:59:59-04:00)
    226 products
  [8144407] Weekly Flyer  (2026-09-24T00:00:00-04:00 → 2026-09-30T23:59:59-04:00)
    227 products
  [8144550] Weekly Flyer  (2026-09-24T03:00:00-04:00 → 2026-09-30T23:59:59-04:00)
    231 products
  [8144552] Weekly Flyer  (2026-09-24T03:00:00-04:00 → 2026-09-30T23:59:59-04:00)
    245 products
  [8144417] Weekly Flyer  (2026-09-24T00:00:00-04:00 → 2026-09-30T23:59:59-04:00)
    240 products
  [8144397] Weekly Flyer  (2026-09-24T00:00:00-04:00 → 2026-09-30T23:59:59-04:00)
    271 products
  [8144398] Weekly Flyer  (2026-09-24T00:00:00-04:00 → 2026-09-30T23:59:59-04:00)
    266 products
  [8144553] Weekly Flyer  (2026-09-24T03:00:00-04:00 → 2026-09-30T23:59:59-04:00)
    222 products
  [8144434] Weekly Flyer  (2026-09-24T00:00:00-04:00 → 2026-09-30T23:59:59-04:00)
    177 products
  [8144561] Weekly Flyer  (2026-09-24T03:00:00-04:00 → 2026-09-30T23:59:59-04:00)
    225 products
  [8144424] Weekly Flyer  (2026-09-24T00:00:00-04:00 → 2026-09-30T23:59:59-04:00)
    263 products
  [8144563] Weekly Flyer  (2026-09-24T03:00:00-04:00 → 2026-09-30T23:59:59-04:00)
    207 products
  [8144435] Weekly Flyer  (2026-09-24T00:00:00-04:00 → 2026-09-30T23:59:59-04:00)
    180 products
  [8144569] Weekly Flyer  (2026-09-24T03:00:00-04:00 → 2026-09-30T23:59:59-04:00)
    222 products
  [8144554] Weekly Flyer  (2026-09-24T03:00:00-04:00 → 2026-09-30T23:59:59-04:00)
    222 products
  [8144395] Weekly Flyer  (2026-09-24T00:00:00-04:00 → 2026-09-30T23:59:59-04:00)
    256 products
  [8144557] Weekly Flyer  (2026-09-24T03:00:00-04:00 → 2026-09-30T23:59:59-04:00)
    244 products
  [8144566] Weekly Flyer  (2026-09-24T03:00:00-04:00 → 2026-09-30T23:59:59-04:00)
    185 products
  [8144414] Weekly Flyer  (2026-09-24T00:00:00-04:00 → 2026-09-30T23:59:59-04:00)
    253 products
  [8144419] Weekly Flyer  (2026-09-24T00:00:00-04:00 → 2026-09-30T23:59:59-04:00)
    207 products
  [8144406] Weekly Flyer  (2026-09-24T00:00:00-04:00 → 2026-09-30T23:59:59-04:00)
    238 products
  [8144421] Weekly Flyer  (2026-09-24T00:00:00-04:00 → 2026-09-30T23:59:59-04:00)
    279 products
  [8144422] Weekly Flyer  (2026-09-24T00:00:00-04:00 → 2026-09-30T23:59:59-04:00)
    258 products
  [8144403] Weekly Flyer  (2026-09-24T00:00:00-04:00 → 2026-09-30T23:59:59-04:00)
    258 products
  [8144426] Weekly Flyer  (2026-09-24T00:00:00-04:00 → 2026-09-30T23:59:59-04:00)
    242 products
  [8144412] Weekly Flyer  (2026-09-24T00:00:00-04:00 → 2026-09-30T23:59:59-04:00)
    205 products
  [8144567] Weekly Flyer  (2026-09-24T03:00:00-04:00 → 2026-09-30T23:59:59-04:00)
    227 products
  [8144431] Weekly Flyer  (2026-09-24T00:00:00-04:00 → 2026-09-30T23:59:59-04:00)
    141 products
  [8144558] Weekly Flyer  (2026-09-24T03:00:00-04:00 → 2026-09-30T23:59:59-04:00)
    244 products
  [8144551] Weekly Flyer  (2026-09-24T03:00:00-04:00 → 2026-09-30T23:59:59-04:00)
    223 products
  [8144568] Weekly Flyer  (2026-09-24T03:00:00-04:00 → 2026-09-30T23:59:59-04:00)
    227 products
  [8144400] Weekly Flyer  (2026-09-24T00:00:00-04:00 → 2026-09-30T23:59:59-04:00)
    262 products
  [8144437] Weekly Flyer  (2026-09-24T00:00:00-04:00 → 2026-09-30T23:59:59-04:00)
    144 products
  [8144428] Weekly Flyer  (2026-09-24T00:00:00-04:00 → 2026-09-30T23:59:59-04:00)
    62 products

── Phase 2 results ──────────────────────────────────────────────────
  Downloaded : 67
  Skipped    : 0  (file already existed)
  Errors     : 0

Run completed: 2026-09-24 17:57:44 UTC
Elapsed      : 1m 15s


Done.  Verbose log → logs/nofrills/2026-09-24_verbose.log
       Summary log → logs/nofrills/2026-09-24_summary.log

