=== No Frills Flyer Fetch — 2026-05-21 ===
Run started : 2026-05-21 14:11:55 UTC

Loaded 381 stores from data/nofrills/stores.parquet

Stores loaded: 381
Loaded store_flyers.parquet (3046 publication entries)

Phase 1: fetching publications per store…

  [51] Test Store → no new flyers
  [262] Agostino/Nancy nofrills - Bloor E. → no new flyers
  [266] Masse's nofrills- London → ['7934643']
  [291] David's nofrills - Division St. → ['7934631']
  [293] Grant's nofrills - Kingston → no new flyers
  [703] Jeff & Tanis' nofrills → ['7934651']
  [704] Jason's NF Severn → ['7934651']
  [705] Carlo's nofrills → no new flyers
  [718] Rocky's nofrills #718 → ['7934643']
  [723] Tony's  nofrills - Upper James Av → ['7934633']
  [753] Jim's nofrills #753 → ['7934643']
  [758] Marc's nofrills - Rathburn Rd → ['7934644']
  [763] Mike's nofrills - Port Dover → no new flyers
  [793] Domenic's nofrills - Harvard Rd → ['7934644']
  [1302] Gary's nofrills- Baseline Rd East → ['7934645']
  [1306] Jeff/Rose/Herb's nofrills Lakeshore → ['7934645']
  [1312] Daniel's nofrills Principale St → ['7934628']
  [1323] 1323 @Hanna → ['7934658']
  [1326] Jesse/Kelly nofrills - Thompson Rd → ['7934653']
  [1335] Ryan's nofrills, Aylmer → ['7934651']
  [1341] Mackay's nofrills - New Hamburg → ['7934653']
  [1346] Rod & Joe's nofrills - Kingston Rd. → ['7934648']
  [1356] Daniel's nofrills - Eglinton Av W → ['7934638']
  [1371] Mario & Selina's nofrills-Royal York → no new flyers
  [1386] Jim & Lee-Anne's nofrills C Line → ['7934653']
  [1394] Baldree's nofrills - King Street E → ['7934631']
  [1399] Nick's nofrills Sheppard Ave. → ['7934634']
  [1448] Cardston - Cardston, AB → ['7934763']
  [1468] No Frills - Marcel & Narisha's → ['7934658']
  [1469] Correy/Rita's nofrills - Tillsonburg → ['7934658']
  [2702] Colbourne's nofrills - Sydney → no new flyers
  [2706] Sam's nofrills - Bridgewater → ['7934665']
  [2707] No Frills → ['7934667']
  [2712] Gouthro's nofrills - Wyse Road → ['7934666']
  [2713] No Frills → ['7934668']
  [3041] Chris' nofrills - Fort Sk. → ['7934773']
  [3049] No Frills John's - Newmarket → ['7934644']
  [3112] Dykeman's nofrills - Kincardine → ['7934631']
  [3117] Darryll & Tracy’s nofrills - Highbury Ave., London → ['7934643']
  [3125] Alan's nofrills - Timmins → no new flyers
  [3131] Derek's nofrills Vaughan → ['7934640']
  [3132] Francois’ No Frills → no new flyers
  [3133] Ron's nofrills Main St. → ['7934657']
  [3134] Jim's nofrills #261 → no new flyers
  [3135] Walkers's  nofrills - Brantford → ['7934645']
  [3138] Eric's nofrills - Lincoln St. → ['7934639']
  [3139] Leo's nofrills - Markham → ['7934644']
  [3140] Vince's nofrills - York Gate Blvd → ['7934634']
  [3142] Dieter/Darcy's nofrills - George St → ['7934654']
  [3143] Rob's nofrills - Guelph Line → ['7934643']
  [3145] Greg's nofrills → ['7934642']
  [3150] Oleg's nofrills - Oakville → ['7934628']
  [3151] Conroy's nofrills → ['7934628']
  [3152] 3152 → no new flyers
  [3153] Matt's No Frills → ['7934778']
  [3155] Kevin's NF Calgary → ['7934761']
  [3156] Rob's nofrills - Toronto → no new flyers
  [3240] Terry's nofrills - Surrey → ['7934773']
  [3348] Ashley's nofrills → ['7934638']
  [3349] Scott & Laurie's No Frills → ['7934780']
  [3350] Dylan's nofrills - Halifax → ['7934666']
  [3351] Kyle's nofrills - Exmouth St → ['7934635']
  [3352] Paul's Nofrills - Ponoka → ['7934778']
  [3353] Dennis' nofrills → no new flyers
  [3354] Arkee's NOFRILLS Vancouver → no new flyers
  [3355] No Frills → ['7934667']
  [3402] Dave's nofrills - Dawson Creek → ['7934769']
  [3403] Joti's nofrills - Vancouver → ['7934773']
  [3408] Blair's nofrills - Calgary → ['7934773']
  [3410] Dean's nofrills - Vancouver → ['7934776']
  [3413] Clifton's nofrills - Estevan, SK → ['7934773']
  [3414] Steve's nofrills - Castlegar → ['7934763']
  [3417] Tyler's nofrills - Port Alberni → ['7934766']
  [3419] Deepu's nofrills - Surrey → ['7934776']
  [3422] Matt & Ashley's nofrills - Edmonton → ['7934773']
  [3430] Amanda's nofrills - Fort St. John → ['7934773']
  [3433] Sewak's nofrills - Port Coquitlam → ['7934773']
  [3437] Jason's nofrills - Jericho Mall → ['7934761']
  [3438] Kyle's nofrills - Kitimat → ['7934761']
  [3439] Glenn’s nofrills - Surrey → ['7934773']
  [3441] Coverdale’s No Frills → ['7934766']
  [3442] Hellard's nofrills - Main St. Winnipeg → ['7934769']
  [3445] Terashita's nofrills - Brooks   Opened Feb. 28, 2016 → ['7934773']
  [3448] Troy's nofrills - Lethbridge → ['7934773']
  [3449] Ken's No Frills → ['7934766']
  [3450] Shawn's nofrills - Thunder Bay → ['7934766']
  [3451] Andrew & Emily's nofrills - Loyalist Pkwy → no new flyers
  [3456] Steve's nofrills - Dalton Rd → ['7934631']
  [3457] John's nofrills - Milton → ['7934644']
  [3462] John's nofrills - Nobleton → no new flyers
  [3463] Scott's nofrills - Woodstock → ['7934643']
  [3465] Lyle's nofrills → no new flyers
  [3467] Justin & Stacey's nofrills → ['7934654']
  [3472] Fisher's nofrills - Canrobert St → ['7934657']
  [3473] Jamie & Jaclyn's - Centre Street → ['7934650']
  [3474] Rusty's nofrills - Brantford → ['7934631']
  [3476] Palmieri's nofrills - Newcastle → ['7934629']
  [3478] Craig & Jess' nofrills - Stratford, ON → ['7934631']
  [3480] Emiliano & Ana's nofrills → ['7934644']
  [3490] Mike's nofrills → ['7934643']
  [3493] Jones' nofrills - Silvercrk Pk N → no new flyers
  [3494] Leonetti's nofrills → ['7934634']
  [3603] Jordan's's nofrills - Wetaskwin → ['7934761']
  [3604] Shipley's NF Maple Ridge → ['7934773']
  [3608] Terry's - Humboldt → ['7934773']
  [3610] Aaron's no frills → ['7934763']
  [3616] Steve & Peggy's nofrills Kingston Rd → ['7934643']
  [3621] Steve & Adele's nofrills → ['7934644']
  [3625] Brandon & Megan's NF Stittsville, ON → no new flyers
  [3628] Steve's nofrills → ['7934763']
  [3631] Richard's nofrills → ['7934644']
  [3633] Kris's nofrills - Peace River → ['7934773']
  [3636] Dickie's nofrills - Eglinton Av. E → ['7934634']
  [3639] Brandon's nofrills → ['7934654']
  [3640] Luciano's nofrills - Alberta Av → ['7934643']
  [3641] Brandon & Joanny's NO FRILLS Vancouver → ['7934777']
  [3642] Malloch's nofrills - Burnhamthorpe Rd → no new flyers
  [3643] Luciano's nofrills - Front St → ['7934644']
  [3646] XXXX nofrills   Markham Rd → ['7934644']
  [3647] Tom's nofrills - Roblin Blvd Winnipeg → ['7934766']
  [3648] Kurtis' nofrills - Trail → ['7934766']
  [3649] Chris' nofrills - Edmonton → ['7934773']
  [3650] Patryck's nofrills → ['7934771']
  [3654] Mark's nofrills Winners Circ → ['7934631']
  [3655] XXXX nofrills - Vegreville → ['7934770']
  [3659] Rob's No Frills #3900 → ['7934643']
  [3660] Durante's nofrills - Centre St → ['7934640']
  [3661] Robert's nofrills - Blake St → ['7934656']
  [3663] Ross' nofrills - Photography Drive → ['7934644']
  [3664] Mark's nofrills - Fanshawe Park Road → ['7934644']
  [3665] Gord & Kim's nofrills - Coverdale Dr → no new flyers
  [3666] Frank's nofrills - Queenston Rd. Hamilton → ['7934645']
  [3667] Steve & Liz's nofrills - Stouffville → ['7934634']
  [3668] Franco's nofrills - Hamilton → ['7934635']
  [3669] Cory & Megan's NOFRILLS High River → no new flyers
  [3670] Pepin's nofrills - Hastings St → ['7934631']
  [3671] Jason's nofrills - Jericho Mall → ['7934777']
  [3672] Mark and Sarah's nofrills - Wallaceburg → ['7934631']
  [3673] Farzin's nofrills - Main St → ['7934643']
  [3676] Chris & Beth's nofrills - Simcoe St → no new flyers
  [3677] Tony & Jill's nofrills → ['7934631']
  [3678] Simon's nofrills - Lethbridge → no new flyers
  [3679] Brent & Jennie's nofrills - Hamilton Road → ['7934635']
  [3680] Vi's nofrills - King Street W. → ['7934647']
  [3681] Tim and Heather's NF Shelburne → no new flyers
  [3683] Carol’s No Frills → ['7934761']
  [3684] Peter's Nofrills → ['7934651']
  [3685] Prakash's NF Edmonton → ['7934776']
  [3688] Steve & Amanda's nofrills - Bayly St W → ['7934643']
  [3690] Guthro's nofrills - Acton → ['7934653']
  [3691] Clements' NF Slave Lake → ['7934766']
  [3695] Mike's  NF - Toronto, ON → ['7934646']
  [3697] Mike & Lori 's nofrills - Elizabeth St → ['7934651']
  [3698] Mike and Lori nofrills Port Union → ['7934638']
  [3699] Tom's nofrills - Victoria Park Ave → no new flyers
  [3714] Christine's nofrills - Okotoks → ['7934773']
  [3715] Rob & Tina’s NF → ['7934643']
  [3716] Dilip's No Frills → no new flyers
  [3717] John & Danielle's NF North York, ON → ['7934641']
  [3728] Rob & Rachael's nofrills → ['7934643']
  [3732] Aureo's No Frills - Saskatoon → ['7934761']
  [3733] Brody’s No Frills → ['7934762']
  [3740] Mills' nofrills - Glencoe → ['7934657']
  [3753] Ryan's nofrills - Welland Ave → no new flyers
  [3770] Sam’s No Frills → ['7934652']
  [3771] Jim's No Frills → ['7934644']
  [3776] Ian's nofrills - Edmonton → no new flyers
  [3779] Adrian's → no new flyers
  [3786] Joe & Val's nofrills  - Yonge St → ['7934643']
  [3787] Chris & Tanya’s No Frills → ['7934650']
  [3789] Chris's nofrills → ['7934654']
  [3801] Mike & Andreea’s - Stratford, PEI → ['7934666']
  [3807] Alfie's nofrills - West 4th Ave. → ['7934777']
  [3811] Brook’s No Frills → ['7934774']
  [3814] Shaun & Felicia's - Shediac → ['7934666']
  [3907] Tom & Michelle's nofrills - Creditview → ['7934644']
  [3915] John's nofrills #3915 → ['7934654']
  [3916] Nadim's nofrills - Oshawa → ['7934633']
  [3922] Joe & Barb's - Oshawa → no new flyers
  [3924] Dave's nofrills - Cedarbrae → ['7934638']
  [3925] Carlo's nofrills - Yonge St. → ['7934640']
  [3931] Rocca’s No Frills → ['7934655']
  [3933] James & Jenn's nofrills - Cornwall → ['7934654']
  [3942] Tina's nofrills - Strathmore → ['7934766']
  [3946] Rob's nofrills - Airdrie → ['7934773']
  [3947] Craig's nofrills - Leduc → ['7934773']
  [3948] Lionel's nofrills - Lacombe → ['7934769']
  [3968] Dennis' nofrills - Coquitlam → ['7934766']
  [3969] Darcy's nofrills - Thunder Bay → ['7934766']
  [3970] Kevin and Amanda's nofrills - Calgary → no new flyers
  [3976] Joe's nofrills - Invermere → ['7934766']
  [3978] Crawford's nofrills → ['7934779']
  [3979] Brad's nofrills - Salmon Arm → ['7934763']
  [3982] Mark's nofrills - Cochrane → ['7934773']
  [3983] Sean's nofrills - Stettler → no new flyers
  [3985] Michael's NOFRILLS Langley → ['7934773']
  [3989] Chris & Tracey's nofrills - Morinville → ['7934763']
  [3992] Kevin's nofrills - Olivier → ['7934778']
  [3993] Jerry's → ['7934766']
  [3995] Jeb's nofrills - Beaumont → ['7934766']
  [4012] Phil's nofrills - Argyle Mall → ['7934635']
  [4036] Allen's NF Midland Jones Rd → ['7934629']
  [4112] No Frills Topsail → ['7934667']
  [4164] Jordan & Corrina's → ['7934780']
  [4224] Scott's nofrills - Balmoral Drive → no new flyers
  [4404] Rounddhouse Centre → ['7934629']
  [4436] Merv's nofrills - Calgary → ['7934775']
  [4489] Mike & Rebecca’s nofrills - Whitecourt → ['7934766']
  [4493] Spataro's nofrills - Chinguacousy Rd., Brampton → no new flyers
  [5135] Joseph's nofrills → ['7934644']
  [5139] Esplanade → ['7934658']
  [5156] Andrew & Emily's nofrills - Loyalist Pkwy → ['7934654']
  [5174] Karl & Kelly's - Saint John, NB → ['7934666']
  [5238] Anthony & Nadege’s-Belleville → ['7934654']
  [5456] Trevor's No Frills → ['7934767']
  [5457] Ian's nofrills - Edmonton → ['7934776']
  [5458] Sean's nofrills - Stettler → ['7934779']
  [5459] Gord & Kim's nofrills - Coverdale Dr → ['7934654']
  [5549] Romeo's No Frills → ['7934765']
  [5794] Ashley's nofrills - McLaughlin → ['7934643']
  [6791] Felice's nofrills - Shuter St. → ['7934658']
  [6792] Hunterhorn No Frills → no new flyers
  [6793] Pincher Creek - Pincher Creek, AB → no new flyers
  [6797] Vi & Yu Ling's' - Scarborough, ON → ['7934634']
  [6798] Joe's nofrills - Cambridge → ['7934632']
  [6930] David & Mandie's No Frills → ['7934780']
  [6933] MICHAEL'S NOFRILLS SCARBOROUGH → ['7934658']
  [6936] Sudbury → ['7934658']
  [6945] Jesse's - Toronto, ON → ['7934658']
  [6961] AMY & BRENDAN’S → ['7934768']
  [6962] Joe & Lily's NF Ottawa → ['7934643']
  [6964] Jinky's → ['7934780']
  [6966] No Frills - Travis & Sierra's → ['7934780']
  [6969] Cynthia's No Frills - Calgary → ['7934780']
  [6970] Megan's nofrills- Hyde Park → ['7934658']
  [6971] Ray's nofrills → ['7934773']
  [7012] Alfredo's NF Burlington Brant → ['7934643']
  [7026] Nick's and Mira's nofrills-Vic Prk Lawrence → ['7934644']
  [7031] Lorraine's nofrills - Cold Lake → ['7934773']
  [7032] Nadim's nofrills - Whitby → ['7934643']
  [7047] Cosimo's nofrills → ['7934632']
  [7063] Dino's nofrills - Silver Creek Blvd. → no new flyers
  [7074] EF Winnipeg St Anne's → ['7934773']
  [7076] John's nofrills Warden Ave. → ['7934638']
  [7087] Gino's nofrills → ['7934628']
  [7134] Jace’s No Frills → ['7934762']
  [7138] Rob's nofrills → ['7934633']
  [7141] Topher's nofrills - Notre Dame Ave., Winnipeg → ['7934773']
  [7146] John & Irish’s NF → ['7934777']
  [7147] Real & Carolyn’s No Frills → ['7934773']
  [7159] Marc's nofrills # 3901 → ['7934639']
  [7166] Justin's nofrills - Whitby → ['7934643']
  [7167] Harry's nofrills → ['7934656']
  [7175] Tyler's nofrills - Geraldton → ['7934779']
  [7177] Evan and Ila's NF Sydney → ['7934666']
  [7181] Paul & Mallory's NO FRILLS → ['7934644']
  [7182] Dylan's No Frills - Oshawa → ['7934633']
  [7188] Bergen's nofrills → ['7934654']
  [7189] Paul & Nancy's nofrills Hwy 17 → no new flyers
  [7191] Mike & Lori's nofrills - Mckeown Av → ['7934656']
  [7192] Joe's nofrills → ['7934651']
  [7227] Chris' nofrills - Renforth Dr. → ['7934632']
  [7228] Dean's nofrills King St. E → ['7934654']
  [7229] Nick's nofrills - Paris → ['7934631']
  [7235] John's No Frills → ['7934773']
  [7236] Frank’s No Frills, Hamilton → ['7934643']
  [7392] Dennis' nofrills - Tilbury → ['7934631']
  [7395] Sheriff's nofrills → ['7934638']
  [7397] Josh's nofrills - Essex → ['7934631']
  [7411] Andrew & Shelley's NF Toronto → ['7934644']
  [7415] Daniel's nofrills → ['7934637']
  [7432] Dean & Barb nofrills - Queen St. → ['7934654']
  [7444] Dino's - Vaughan, ON → ['7934644']
  [7487] Paul's nofrills - Innisfail → ['7934763']
  [7488] Simran's nofrills → ['7934768']
  [7496] Blake's - St. Catharines, ON → ['7934653']
  [7498] John's nofrills - Nobleton → ['7934629']
  [7499] DYLAN & GALEN’S → ['7934768']
  [7502] Dilip's No Frills → ['7934637']
  [7503] Jones' nofrills - Silvercrk Pk N → ['7934644']
  [7504] Spataro's nofrills - Chinguacousy Rd., Brampton → ['7934633']
  [7505] DaCosta's nofrills - Markham Plaza/Hwy 7 → ['7934632']
  [7507] Stephen’s No Frills → ['7934767']
  [7508] Mario & Selina's nofrills-Royal York → ['7934642']
  [7509] Carlo's nofrills → ['7934644']
  [7512] Tom's nofrills - Victoria Park Ave → ['7934632']
  [7514] Grant's nofrills - Kingston → ['7934651']
  [7515] Simon's nofrills - Lethbridge → ['7934766']
  [7518] BRAMPTON → ['7934649']
  [7527] Malloch's nofrills - Burnhamthorpe Rd → ['7934638']
  [7530] Walsh's No Frills → ['7934773']
  [7531] Scott's nofrills - Balmoral Drive → ['7934632']
  [7532] Joe & Barb's - Oshawa → ['7934637']
  [7540] Tim and Heather's NF Shelburne → ['7934654']
  [7542] Brian's Nofrills → ['7934633']
  [7578] Dino's nofrills - Silver Creek Blvd. → ['7934643']
  [7579] Evan & Ila's No Frills → ['7934776']
  [7580] Alan's nofrills - Timmins → ['7934652']
  [7648] Cliff's No Frills → ['7934666']
  [7649] Tyler's nofrills-Dorchester Road → ['7934629']
  [7651] Tejus & Raman's - Edmonton, AB → ['7934773']
  [7655] Kevin and Amanda's nofrills - Calgary → ['7934773']
  [7763] Connor & Kennedy’s → ['7934669']
  [7909] Paul & Nancy's nofrills Hwy 17 → ['7934650']
  [7911] Rob's nofrills - Toronto → ['7934653']
  [7919] Tony & Sam's No Frills → ['7934773']
  [7921] Tim & Sue's nofrills - Pacific Ave → ['7934642']
  [7922] Tobi's - Quesnel, BC → ['7934772']
  [7928] Lenora's - St Paul, AB → ['7934768']
  [7930] Nicholas & Megan's - Drumheller, AB → ['7934766']
  [7934] Sarangan's NOFRILLS Brampton → ['7934633']
  [7935] Ted's nofrills - Kenora → ['7934766']
  [7936] Dino's nofrills - Avenue Rd → ['7934652']
  [7937] George's NF Toronto Broadview → ['7934653']
  [7938] NF Gambo - Gambo, NFLD → ['7934669']
  [7940] Brian & Ricki's - Midland, ON → ['7934628']
  [7941] JORDAN'S → ['7934658']
  [7942] Chris & Samia's - Nepean, ON → ['7934637']
  [7944] Eric's nofrills - Chestermere → ['7934773']
  [7947] Dani & Matt's → ['7934630']
  [7949] Joe's nofrills - Korah Rd → ['7934631']
  [7951] Alessandro's → ['7934658']
  [7952] Bo's → ['7934658']
  [7953] Ray's - Kelowna, BC → ['7934780']
  [7954] Vito's nofrills - Keele St → ['7934634']
  [7955] Mitch & Alana's - London, ON → ['7934658']
  [7956] Ross & Lindsay's nofrills → ['7934637']
  [7961] Raman's No Frills → ['7934638']
  [7963] Roy's nofrills - Dartmouth → ['7934666']
  [7965] Stephen's nofrills -Eglinton Ave. → ['7934634']
  [7966] Darwin's nofrills - Wainwright → ['7934764']
  [7967] Chris' nofrills - Goulet St. Winnipeg → ['7934777']
  [7994] Ken's nofrills - Langley → ['7934773']
  [7995] Aaron & Katrina's - Grand Prairie → ['7934773']
  [7996] Ted’s No Frills Winnipeg → ['7934773']
  [8000] Eric's nofrills - Waterdown → ['7934653']
  [8008] Ivan & Karen's → ['7934773']
  [8178] Taylor's NF → ['7934654']
  [8192] Jim’s-St. Catherine’s → ['7934653']
  [8998] Joe & Cassy’s → ['7934653']
  [8999] Johnny’s-Ottawa → ['7934636']
  [9474] Walsh's nofrills - Edmonton → ['7934776']
  [9478] Cliff's No Frills → ['7934665']
  [9479] Paolo's nofrills - Brampton → ['7934633']
  [9482] Justin’s NF → ['7934777']
  [9532] Gordon's nofrills - East Hastings → ['7934776']
  [9535] Francesco's - Fredericton → ['7934666']
  [9536] Ian's nofrills- McAllister Saint John → ['7934666']
  [9537] Ken's No Frills - Summerside → ['7934666']
  [9547] Peter’s NF Burlington Plains → ['7934658']
  [9555] Mike & Grace's nofrills → ['7934633']
  [9566] Tony & Kathy's → ['7934629']
  [9572] Edwards No Frills Kelowna → ['7934780']
  [9573] No Frills → ['7934780']
  [9577] Chemalnus → ['7934780']
  [9578] Andy's → ['7934780']
  [9580] Bathurst - NB → ['7934669']
  [9584] PJ's nofrills - College St W → ['7934658']
  [9585] Chad & Maegan's → ['7934658']
  [9586] Jordan's → ['7934780']
  [9689] Michael's nofrills - Silver Star Bvd → ['7934638']
  [9694] Muhammad's No Frills → ['7934780']
  [9775] Paul & Adele's nofrills - Upper Paradise Rd. → ['7934628']
  [9776] Summerhill nofrills - Ajax → ['7934644']
  [9779] Dennis' No Frills → ['7934780']
  [9781] NF Gambo - Gambo, NFLD → ['7934670']
  [9782] Andy & Nick’s No Frills → ['7934765']
  [9785] Chris and Karen nofrills - Yonge St → ['7934644']
  [9786] Andrew and Jessica’s nofrills - High River → ['7934766']
  [9796] Scott's No Frills → ['7934658']
  [9797] Daniel & Alexandra’s nofrills → ['7934659']
  [9799] Jeff & Holly's - Stittsville, ON → ['7934643']
  [9999] Ross & Lindsay's NOFRILLS Cambridge → no new flyers
  [5134] Pam & Steve’s nofrills → ['7934652']
  [5567] Nathiel & Maggie's nofrills → ['7934631']
  [6750] Dean's nofrills → ['7934653']
  [7017] Tara’s no frills → ['7934628']
  [8564] Walker's → ['7934654']
  [9541] John's nofrills → ['7934774']
  [9557] Carter's nofrills → ['7934780']
  [9561] Carmen's nofrills → ['7934780']

  341 new publication entries across 381 stores
  58 unique new publication(s) to download
  Appended 341 rows to data/nofrills/store_flyers.parquet
New publication entries added to store_flyers.parquet: 341
Unique new publications to download: 58

Phase 2: fetching products for each new publication…

  [7934643] Weekly Flyer  (2026-05-21T00:00:00-04:00 → 2026-05-27T23:59:59-04:00)
    344 products
  [7934631] Weekly Flyer  (2026-05-21T00:00:00-04:00 → 2026-05-27T23:59:59-04:00)
    304 products
  [7934651] Weekly Flyer  (2026-05-21T00:00:00-04:00 → 2026-05-27T23:59:59-04:00)
    335 products
  [7934633] Weekly Flyer  (2026-05-21T00:00:00-04:00 → 2026-05-27T23:59:59-04:00)
    328 products
  [7934644] Weekly Flyer  (2026-05-21T00:00:00-04:00 → 2026-05-27T23:59:59-04:00)
    360 products
  [7934645] Weekly Flyer  (2026-05-21T00:00:00-04:00 → 2026-05-27T23:59:59-04:00)
    356 products
  [7934628] Weekly Flyer  (2026-05-21T00:00:00-04:00 → 2026-05-27T23:59:59-04:00)
    289 products
  [7934658] Weekly Flyer  (2026-05-21T00:00:00-04:00 → 2026-05-27T23:59:59-04:00)
    106 products
  [7934653] Weekly Flyer  (2026-05-21T00:00:00-04:00 → 2026-05-27T23:59:59-04:00)
    308 products
  [7934648] Weekly Flyer  (2026-05-21T00:00:00-04:00 → 2026-05-27T23:59:59-04:00)
    353 products
  [7934638] Weekly Flyer  (2026-05-21T00:00:00-04:00 → 2026-05-27T23:59:59-04:00)
    375 products
  [7934634] Weekly Flyer  (2026-05-21T00:00:00-04:00 → 2026-05-27T23:59:59-04:00)
    344 products
  [7934763] Weekly Flyer  (2026-05-21T03:00:00-04:00 → 2026-05-27T23:59:59-04:00)
    314 products
  [7934665] Weekly Flyer  (2026-05-21T00:00:00-04:00 → 2026-05-27T23:59:59-04:00)
    239 products
  [7934667] Weekly Flyer  (2026-05-21T00:00:00-04:00 → 2026-05-27T23:59:59-04:00)
    236 products
  [7934666] Weekly Flyer  (2026-05-21T00:00:00-04:00 → 2026-05-27T23:59:59-04:00)
    256 products
  [7934668] Weekly Flyer  (2026-05-21T00:00:00-04:00 → 2026-05-27T23:59:59-04:00)
    253 products
  [7934773] Weekly Flyer  (2026-05-21T03:00:00-04:00 → 2026-05-27T23:59:59-04:00)
    321 products
  [7934640] Weekly Flyer  (2026-05-21T00:00:00-04:00 → 2026-05-27T23:59:59-04:00)
    374 products
  [7934657] Weekly Flyer  (2026-05-21T00:00:00-04:00 → 2026-05-27T23:59:59-04:00)
    317 products
  [7934639] Weekly Flyer  (2026-05-21T00:00:00-04:00 → 2026-05-27T23:59:59-04:00)
    371 products
  [7934654] Weekly Flyer  (2026-05-21T00:00:00-04:00 → 2026-05-27T23:59:59-04:00)
    320 products
  [7934642] Weekly Flyer  (2026-05-21T00:00:00-04:00 → 2026-05-27T23:59:59-04:00)
    341 products
  [7934778] Weekly Flyer  (2026-05-21T03:00:00-04:00 → 2026-05-27T23:59:59-04:00)
    298 products
  [7934761] Weekly Flyer  (2026-05-21T03:00:00-04:00 → 2026-05-27T23:59:59-04:00)
    283 products
  [7934780] Weekly Flyer  (2026-05-21T03:00:00-04:00 → 2026-05-27T23:59:59-04:00)
    101 products
  [7934635] Weekly Flyer  (2026-05-21T00:00:00-04:00 → 2026-05-27T23:59:59-04:00)
    340 products
  [7934769] Weekly Flyer  (2026-05-21T03:00:00-04:00 → 2026-05-27T23:59:59-04:00)
    333 products
  [7934776] Weekly Flyer  (2026-05-21T03:00:00-04:00 → 2026-05-27T23:59:59-04:00)
    305 products
  [7934766] Weekly Flyer  (2026-05-21T03:00:00-04:00 → 2026-05-27T23:59:59-04:00)
    302 products
  [7934650] Weekly Flyer  (2026-05-21T00:00:00-04:00 → 2026-05-27T23:59:59-04:00)
    336 products
  [7934629] Weekly Flyer  (2026-05-21T00:00:00-04:00 → 2026-05-27T23:59:59-04:00)
    292 products
  [7934777] Weekly Flyer  (2026-05-21T03:00:00-04:00 → 2026-05-27T23:59:59-04:00)
    302 products
  [7934771] Weekly Flyer  (2026-05-21T03:00:00-04:00 → 2026-05-27T23:59:59-04:00)
    322 products
  [7934770] Weekly Flyer  (2026-05-21T03:00:00-04:00 → 2026-05-27T23:59:59-04:00)
    336 products
  [7934656] Weekly Flyer  (2026-05-21T00:00:00-04:00 → 2026-05-27T23:59:59-04:00)
    317 products
  [7934647] Weekly Flyer  (2026-05-21T00:00:00-04:00 → 2026-05-27T23:59:59-04:00)
    357 products
  [7934646] Weekly Flyer  (2026-05-21T00:00:00-04:00 → 2026-05-27T23:59:59-04:00)
    372 products
  [7934641] Weekly Flyer  (2026-05-21T00:00:00-04:00 → 2026-05-27T23:59:59-04:00)
    371 products
  [7934762] Weekly Flyer  (2026-05-21T03:00:00-04:00 → 2026-05-27T23:59:59-04:00)
    328 products
  [7934652] Weekly Flyer  (2026-05-21T00:00:00-04:00 → 2026-05-27T23:59:59-04:00)
    305 products
  [7934774] Weekly Flyer  (2026-05-21T03:00:00-04:00 → 2026-05-27T23:59:59-04:00)
    318 products
  [7934655] Weekly Flyer  (2026-05-21T00:00:00-04:00 → 2026-05-27T23:59:59-04:00)
    336 products
  [7934779] Weekly Flyer  (2026-05-21T03:00:00-04:00 → 2026-05-27T23:59:59-04:00)
    286 products
  [7934775] Weekly Flyer  (2026-05-21T03:00:00-04:00 → 2026-05-27T23:59:59-04:00)
    317 products
  [7934767] Weekly Flyer  (2026-05-21T03:00:00-04:00 → 2026-05-27T23:59:59-04:00)
    299 products
  [7934765] Weekly Flyer  (2026-05-21T03:00:00-04:00 → 2026-05-27T23:59:59-04:00)
    316 products
  [7934632] Weekly Flyer  (2026-05-21T00:00:00-04:00 → 2026-05-27T23:59:59-04:00)
    325 products
  [7934768] Weekly Flyer  (2026-05-21T03:00:00-04:00 → 2026-05-27T23:59:59-04:00)
    347 products
  [7934637] Weekly Flyer  (2026-05-21T00:00:00-04:00 → 2026-05-27T23:59:59-04:00)
    359 products
  [7934649] Weekly Flyer  (2026-05-21T00:00:00-04:00 → 2026-05-27T23:59:59-04:00)
    324 products
  [7934669] Weekly Flyer  (2026-05-21T00:00:00-04:00 → 2026-05-27T23:59:59-04:00)
    95 products
  [7934772] Weekly Flyer  (2026-05-21T03:00:00-04:00 → 2026-05-27T23:59:59-04:00)
    322 products
  [7934630] Weekly Flyer  (2026-05-21T00:00:00-04:00 → 2026-05-27T23:59:59-04:00)
    292 products
  [7934764] Weekly Flyer  (2026-05-21T03:00:00-04:00 → 2026-05-27T23:59:59-04:00)
    317 products
  [7934636] Weekly Flyer  (2026-05-21T00:00:00-04:00 → 2026-05-27T23:59:59-04:00)
    343 products
  [7934670] Weekly Flyer  (2026-05-21T00:00:00-04:00 → 2026-05-27T23:59:59-04:00)
    95 products
  [7934659] Weekly Flyer  (2026-05-21T00:00:00-04:00 → 2026-05-27T23:59:59-04:00)
    54 products

── Phase 2 results ──────────────────────────────────────────────────
  Downloaded : 58
  Skipped    : 0  (file already existed)
  Errors     : 0

Run completed: 2026-05-21 14:13:28 UTC
Elapsed      : 1m 32s


Done.  Verbose log → logs/nofrills/2026-05-21_verbose.log
       Summary log → logs/nofrills/2026-05-21_summary.log

