=== No Frills Flyer Fetch — 2026-06-11 ===
Run started : 2026-06-11 14:25:11 UTC

Loaded 381 stores from data/nofrills/stores.parquet

Stores loaded: 381
Loaded store_flyers.parquet (4062 publication entries)

Phase 1: fetching publications per store…

  [51] Test Store → no new flyers
  [262] Agostino/Nancy nofrills - Bloor E. → no new flyers
  [266] Masse's nofrills- London → ['7974510']
  [291] David's nofrills - Division St. → ['7974488']
  [293] Grant's nofrills - Kingston → no new flyers
  [703] Jeff & Tanis' nofrills → ['7974490']
  [704] Jason's NF Severn → ['7974490']
  [705] Carlo's nofrills → no new flyers
  [718] Rocky's nofrills #718 → ['7974491']
  [723] Tony's  nofrills - Upper James Av → ['7974492']
  [753] Jim's nofrills #753 → ['7974510']
  [758] Marc's nofrills - Rathburn Rd → ['7974505']
  [763] Mike's nofrills - Port Dover → no new flyers
  [793] Domenic's nofrills - Harvard Rd → ['7974505']
  [1302] Gary's nofrills- Baseline Rd East → ['7974510']
  [1306] Jeff/Rose/Herb's nofrills Lakeshore → ['7974510']
  [1312] Daniel's nofrills Principale St → ['7974488']
  [1323] 1323 @Hanna → ['7974513']
  [1326] Jesse/Kelly nofrills - Thompson Rd → ['7974488']
  [1335] Ryan's nofrills, Aylmer → ['7974490']
  [1341] Mackay's nofrills - New Hamburg → ['7974488']
  [1346] Rod & Joe's nofrills - Kingston Rd. → ['7974510']
  [1356] Daniel's nofrills - Eglinton Av W → ['7974500']
  [1371] Mario & Selina's nofrills-Royal York → no new flyers
  [1386] Jim & Lee-Anne's nofrills C Line → ['7974488']
  [1394] Baldree's nofrills - King Street E → ['7974488']
  [1399] Nick's nofrills Sheppard Ave. → ['7974505']
  [1448] Cardston - Cardston, AB → ['7974357']
  [1468] No Frills - Marcel & Narisha's → ['7974513']
  [1469] Correy/Rita's nofrills - Tillsonburg → ['7974513']
  [2702] Colbourne's nofrills - Sydney → no new flyers
  [2706] Sam's nofrills - Bridgewater → ['7974268']
  [2707] No Frills → no new flyers
  [2712] Gouthro's nofrills - Wyse Road → ['7974268']
  [2713] No Frills → ['7974269']
  [3041] Chris' nofrills - Fort Sk. → ['7974363']
  [3049] No Frills John's - Newmarket → ['7974507']
  [3112] Dykeman's nofrills - Kincardine → ['7974488']
  [3117] Darryll & Tracy’s nofrills - Highbury Ave., London → ['7974492']
  [3125] Alan's nofrills - Timmins → no new flyers
  [3131] Derek's nofrills Vaughan → ['7974494']
  [3132] Francois’ No Frills → no new flyers
  [3133] Ron's nofrills Main St. → ['7974488']
  [3134] Jim's nofrills #261 → no new flyers
  [3135] Walkers's  nofrills - Brantford → ['7974510']
  [3138] Eric's nofrills - Lincoln St. → ['7974504']
  [3139] Leo's nofrills - Markham → ['7974505']
  [3140] Vince's nofrills - York Gate Blvd → ['7974505']
  [3142] Dieter/Darcy's nofrills - George St → ['7974488']
  [3143] Rob's nofrills - Guelph Line → ['7974510']
  [3145] Greg's nofrills → ['7974510']
  [3150] Oleg's nofrills - Oakville → ['7974488']
  [3151] Conroy's nofrills → ['7974488']
  [3152] 3152 → no new flyers
  [3153] Matt's No Frills → ['7974357']
  [3155] Kevin's NF Calgary → ['7974357']
  [3156] Rob's nofrills - Toronto → no new flyers
  [3240] Terry's nofrills - Surrey → ['7974363']
  [3348] Ashley's nofrills → ['7974502']
  [3349] Scott & Laurie's No Frills → ['7974364']
  [3350] Dylan's nofrills - Halifax → ['7974268']
  [3351] Kyle's nofrills - Exmouth St → ['7974510']
  [3352] Paul's Nofrills - Ponoka → ['7974357']
  [3353] Dennis' nofrills → no new flyers
  [3354] Arkee's NOFRILLS Vancouver → no new flyers
  [3355] No Frills → ['7974269']
  [3402] Dave's nofrills - Dawson Creek → ['7974363']
  [3403] Joti's nofrills - Vancouver → ['7974363']
  [3408] Blair's nofrills - Calgary → ['7974363']
  [3410] Dean's nofrills - Vancouver → ['7974363']
  [3413] Clifton's nofrills - Estevan, SK → ['7974363']
  [3414] Steve's nofrills - Castlegar → ['7974357']
  [3417] Tyler's nofrills - Port Alberni → ['7974357']
  [3419] Deepu's nofrills - Surrey → ['7974363']
  [3422] Matt & Ashley's nofrills - Edmonton → ['7974363']
  [3430] Amanda's nofrills - Fort St. John → ['7974363']
  [3433] Sewak's nofrills - Port Coquitlam → ['7974363']
  [3437] Jason's nofrills - Jericho Mall → ['7974357']
  [3438] Kyle's nofrills - Kitimat → ['7974357']
  [3439] Glenn’s nofrills - Surrey → ['7974363']
  [3441] Coverdale’s No Frills → ['7974357']
  [3442] Hellard's nofrills - Main St. Winnipeg → ['7974363']
  [3445] Terashita's nofrills - Brooks   Opened Feb. 28, 2016 → ['7974363']
  [3448] Troy's nofrills - Lethbridge → ['7974363']
  [3449] Ken's No Frills → ['7974357']
  [3450] Shawn's nofrills - Thunder Bay → no new flyers
  [3451] Andrew & Emily's nofrills - Loyalist Pkwy → no new flyers
  [3456] Steve's nofrills - Dalton Rd → ['7974488']
  [3457] John's nofrills - Milton → ['7974506']
  [3462] John's nofrills - Nobleton → no new flyers
  [3463] Scott's nofrills - Woodstock → ['7974510']
  [3465] Lyle's nofrills → no new flyers
  [3467] Justin & Stacey's nofrills → ['7974488']
  [3472] Fisher's nofrills - Canrobert St → ['7974488']
  [3473] Jamie & Jaclyn's - Centre Street → ['7974489']
  [3474] Rusty's nofrills - Brantford → ['7974488']
  [3476] Palmieri's nofrills - Newcastle → ['7974488']
  [3478] Craig & Jess' nofrills - Stratford, ON → ['7974488']
  [3480] Emiliano & Ana's nofrills → ['7974505']
  [3490] Mike's nofrills → ['7974492']
  [3493] Jones' nofrills - Silvercrk Pk N → no new flyers
  [3494] Leonetti's nofrills → ['7974507']
  [3603] Jordan's's nofrills - Wetaskwin → ['7974357']
  [3604] Shipley's NF Maple Ridge → ['7974363']
  [3608] Terry's - Humboldt → ['7974363']
  [3610] Aaron's no frills → ['7974357']
  [3616] Steve & Peggy's nofrills Kingston Rd → ['7974491']
  [3621] Steve & Adele's nofrills → ['7974507']
  [3625] Brandon & Megan's NF Stittsville, ON → no new flyers
  [3628] Steve's nofrills → ['7974357']
  [3631] Richard's nofrills → ['7974505']
  [3633] Kris's nofrills - Peace River → ['7974363']
  [3636] Dickie's nofrills - Eglinton Av. E → ['7974505']
  [3639] Brandon's nofrills → ['7974488']
  [3640] Luciano's nofrills - Alberta Av → ['7974510']
  [3641] Brandon & Joanny's NO FRILLS Vancouver → ['7974363']
  [3642] Malloch's nofrills - Burnhamthorpe Rd → no new flyers
  [3643] Luciano's nofrills - Front St → ['7974507']
  [3646] XXXX nofrills   Markham Rd → ['7974505']
  [3647] Tom's nofrills - Roblin Blvd Winnipeg → ['7974357']
  [3648] Kurtis' nofrills - Trail → ['7974357']
  [3649] Chris' nofrills - Edmonton → ['7974363']
  [3650] Patryck's nofrills → ['7974360']
  [3654] Mark's nofrills Winners Circ → ['7974488']
  [3655] XXXX nofrills - Vegreville → ['7974361']
  [3659] Rob's No Frills #3900 → ['7974510']
  [3660] Durante's nofrills - Centre St → ['7974496']
  [3661] Robert's nofrills - Blake St → ['7974488']
  [3663] Ross' nofrills - Photography Drive → ['7974505']
  [3664] Mark's nofrills - Fanshawe Park Road → ['7974506']
  [3665] Gord & Kim's nofrills - Coverdale Dr → no new flyers
  [3666] Frank's nofrills - Queenston Rd. Hamilton → ['7974491']
  [3667] Steve & Liz's nofrills - Stouffville → ['7974506']
  [3668] Franco's nofrills - Hamilton → ['7974510']
  [3669] Cory & Megan's NOFRILLS High River → no new flyers
  [3670] Pepin's nofrills - Hastings St → ['7974488']
  [3671] Jason's nofrills - Jericho Mall → ['7974363']
  [3672] Mark and Sarah's nofrills - Wallaceburg → ['7974488']
  [3673] Farzin's nofrills - Main St → ['7974491']
  [3676] Chris & Beth's nofrills - Simcoe St → no new flyers
  [3677] Tony & Jill's nofrills → ['7974488']
  [3678] Simon's nofrills - Lethbridge → no new flyers
  [3679] Brent & Jennie's nofrills - Hamilton Road → ['7974510']
  [3680] Vi's nofrills - King Street W. → ['7974508']
  [3681] Tim and Heather's NF Shelburne → no new flyers
  [3683] Carol’s No Frills → ['7974357']
  [3684] Peter's Nofrills → ['7974490']
  [3685] Prakash's NF Edmonton → ['7974363']
  [3688] Steve & Amanda's nofrills - Bayly St W → ['7974491']
  [3690] Guthro's nofrills - Acton → ['7974488']
  [3691] Clements' NF Slave Lake → ['7974357']
  [3695] Mike's  NF - Toronto, ON → ['7974505']
  [3697] Mike & Lori 's nofrills - Elizabeth St → ['7974490']
  [3698] Mike and Lori nofrills Port Union → ['7974500']
  [3699] Tom's nofrills - Victoria Park Ave → no new flyers
  [3714] Christine's nofrills - Okotoks → ['7974363']
  [3715] Rob & Tina’s NF → ['7974491']
  [3716] Dilip's No Frills → no new flyers
  [3717] John & Danielle's NF North York, ON → ['7974495']
  [3728] Rob & Rachael's nofrills → ['7974510']
  [3732] Aureo's No Frills - Saskatoon → ['7974357']
  [3733] Brody’s No Frills → ['7974359']
  [3740] Mills' nofrills - Glencoe → no new flyers
  [3753] Ryan's nofrills - Welland Ave → no new flyers
  [3770] Sam’s No Frills → ['7974488']
  [3771] Jim's No Frills → ['7974506']
  [3776] Ian's nofrills - Edmonton → no new flyers
  [3779] Adrian's → no new flyers
  [3786] Joe & Val's nofrills  - Yonge St → ['7974510']
  [3787] Chris & Tanya’s No Frills → ['7974489']
  [3789] Chris's nofrills → ['7974488']
  [3801] Mike & Andreea’s - Stratford, PEI → ['7974268']
  [3807] Alfie's nofrills - West 4th Ave. → ['7974363']
  [3811] Brook’s No Frills → ['7974363']
  [3814] Shaun & Felicia's - Shediac → ['7974268']
  [3907] Tom & Michelle's nofrills - Creditview → ['7974505']
  [3915] John's nofrills #3915 → ['7974488']
  [3916] Nadim's nofrills - Oshawa → ['7974509']
  [3922] Joe & Barb's - Oshawa → no new flyers
  [3924] Dave's nofrills - Cedarbrae → ['7974500']
  [3925] Carlo's nofrills - Yonge St. → ['7974493']
  [3931] Rocca’s No Frills → ['7974512']
  [3933] James & Jenn's nofrills - Cornwall → ['7974488']
  [3942] Tina's nofrills - Strathmore → ['7974357']
  [3946] Rob's nofrills - Airdrie → ['7974363']
  [3947] Craig's nofrills - Leduc → ['7974363']
  [3948] Lionel's nofrills - Lacombe → ['7974363']
  [3968] Dennis' nofrills - Coquitlam → ['7974357']
  [3969] Darcy's nofrills - Thunder Bay → ['7974357']
  [3970] Kevin and Amanda's nofrills - Calgary → no new flyers
  [3976] Joe's nofrills - Invermere → ['7974357']
  [3978] Crawford's nofrills → ['7974357']
  [3979] Brad's nofrills - Salmon Arm → ['7974357']
  [3982] Mark's nofrills - Cochrane → ['7974363']
  [3983] Sean's nofrills - Stettler → no new flyers
  [3985] Michael's NOFRILLS Langley → ['7974363']
  [3989] Chris & Tracey's nofrills - Morinville → ['7974357']
  [3992] Kevin's nofrills - Olivier → ['7974357']
  [3993] Jerry's → ['7974357']
  [3995] Jeb's nofrills - Beaumont → ['7974357']
  [4012] Phil's nofrills - Argyle Mall → ['7974510']
  [4036] Allen's NF Midland Jones Rd → ['7974488']
  [4112] No Frills Topsail → no new flyers
  [4164] Jordan & Corrina's → ['7974364']
  [4224] Scott's nofrills - Balmoral Drive → no new flyers
  [4404] Rounddhouse Centre → ['7974488']
  [4436] Merv's nofrills - Calgary → ['7974363']
  [4489] Mike & Rebecca’s nofrills - Whitecourt → ['7974357']
  [4493] Spataro's nofrills - Chinguacousy Rd., Brampton → no new flyers
  [5135] Joseph's nofrills → ['7974505']
  [5139] Esplanade → ['7974513']
  [5156] Andrew & Emily's nofrills - Loyalist Pkwy → ['7974488']
  [5174] Karl & Kelly's - Saint John, NB → ['7974268']
  [5238] Anthony & Nadege’s-Belleville → ['7974488']
  [5456] Trevor's No Frills → ['7974357']
  [5457] Ian's nofrills - Edmonton → ['7974363']
  [5458] Sean's nofrills - Stettler → ['7974357']
  [5459] Gord & Kim's nofrills - Coverdale Dr → ['7974488']
  [5549] Romeo's No Frills → ['7974359']
  [5794] Ashley's nofrills - McLaughlin → ['7974491']
  [6791] Felice's nofrills - Shuter St. → ['7974513']
  [6792] Hunterhorn No Frills → no new flyers
  [6793] Pincher Creek - Pincher Creek, AB → no new flyers
  [6797] Vi & Yu Ling's' - Scarborough, ON → ['7974505']
  [6798] Joe's nofrills - Cambridge → ['7974492']
  [6930] David & Mandie's No Frills → ['7974364']
  [6933] MICHAEL'S NOFRILLS SCARBOROUGH → ['7974513']
  [6936] Sudbury → ['7974513']
  [6945] Jesse's - Toronto, ON → ['7974513']
  [6961] AMY & BRENDAN’S → ['7974362']
  [6962] Joe & Lily's NF Ottawa → ['7974510']
  [6964] Jinky's → ['7974364']
  [6966] No Frills - Travis & Sierra's → ['7974364']
  [6969] Cynthia's No Frills - Calgary → ['7974364']
  [6970] Megan's nofrills- Hyde Park → ['7974513']
  [6971] Ray's nofrills → ['7974363']
  [7012] Alfredo's NF Burlington Brant → ['7974510']
  [7026] Nick's and Mira's nofrills-Vic Prk Lawrence → ['7974505']
  [7031] Lorraine's nofrills - Cold Lake → ['7974363']
  [7032] Nadim's nofrills - Whitby → ['7974510']
  [7047] Cosimo's nofrills → ['7974510']
  [7063] Dino's nofrills - Silver Creek Blvd. → no new flyers
  [7074] EF Winnipeg St Anne's → ['7974363']
  [7076] John's nofrills Warden Ave. → ['7974501']
  [7087] Gino's nofrills → ['7974511']
  [7134] Jace’s No Frills → ['7974359']
  [7138] Rob's nofrills → ['7974491']
  [7141] Topher's nofrills - Notre Dame Ave., Winnipeg → ['7974363']
  [7146] John & Irish’s NF → ['7974363']
  [7147] Real & Carolyn’s No Frills → ['7974363']
  [7159] Marc's nofrills # 3901 → ['7974504']
  [7166] Justin's nofrills - Whitby → ['7974491']
  [7167] Harry's nofrills → ['7974488']
  [7175] Tyler's nofrills - Geraldton → no new flyers
  [7177] Evan and Ila's NF Sydney → ['7974268']
  [7181] Paul & Mallory's NO FRILLS → ['7974506']
  [7182] Dylan's No Frills - Oshawa → ['7974491']
  [7188] Bergen's nofrills → ['7974488']
  [7189] Paul & Nancy's nofrills Hwy 17 → no new flyers
  [7191] Mike & Lori's nofrills - Mckeown Av → ['7974488']
  [7192] Joe's nofrills → ['7974490']
  [7227] Chris' nofrills - Renforth Dr. → ['7974510']
  [7228] Dean's nofrills King St. E → ['7974488']
  [7229] Nick's nofrills - Paris → ['7974488']
  [7235] John's No Frills → ['7974363']
  [7236] Frank’s No Frills, Hamilton → ['7974492']
  [7392] Dennis' nofrills - Tilbury → ['7974488']
  [7395] Sheriff's nofrills → ['7974500']
  [7397] Josh's nofrills - Essex → ['7974488']
  [7411] Andrew & Shelley's NF Toronto → ['7974505']
  [7415] Daniel's nofrills → no new flyers
  [7432] Dean & Barb nofrills - Queen St. → ['7974488']
  [7444] Dino's - Vaughan, ON → ['7974506']
  [7487] Paul's nofrills - Innisfail → ['7974357']
  [7488] Simran's nofrills → ['7974362']
  [7496] Blake's - St. Catharines, ON → ['7974488']
  [7498] John's nofrills - Nobleton → ['7974488']
  [7499] DYLAN & GALEN’S → ['7974362']
  [7502] Dilip's No Frills → ['7974497']
  [7503] Jones' nofrills - Silvercrk Pk N → ['7974505']
  [7504] Spataro's nofrills - Chinguacousy Rd., Brampton → ['7974491']
  [7505] DaCosta's nofrills - Markham Plaza/Hwy 7 → ['7974510']
  [7507] Stephen’s No Frills → ['7974357']
  [7508] Mario & Selina's nofrills-Royal York → ['7974510']
  [7509] Carlo's nofrills → ['7974505']
  [7512] Tom's nofrills - Victoria Park Ave → ['7974510']
  [7514] Grant's nofrills - Kingston → ['7974490']
  [7515] Simon's nofrills - Lethbridge → ['7974357']
  [7518] BRAMPTON → ['7974499']
  [7527] Malloch's nofrills - Burnhamthorpe Rd → ['7974500']
  [7530] Walsh's No Frills → ['7974363']
  [7531] Scott's nofrills - Balmoral Drive → ['7974491']
  [7532] Joe & Barb's - Oshawa → ['7974503']
  [7540] Tim and Heather's NF Shelburne → ['7974488']
  [7542] Brian's Nofrills → ['7974491']
  [7578] Dino's nofrills - Silver Creek Blvd. → ['7974510']
  [7579] Evan & Ila's No Frills → ['7974363']
  [7580] Alan's nofrills - Timmins → ['7974488']
  [7648] Cliff's No Frills → ['7974268']
  [7649] Tyler's nofrills-Dorchester Road → ['7974488']
  [7651] Tejus & Raman's - Edmonton, AB → ['7974363']
  [7655] Kevin and Amanda's nofrills - Calgary → ['7974363']
  [7763] Connor & Kennedy’s → ['7974270']
  [7909] Paul & Nancy's nofrills Hwy 17 → ['7974489']
  [7911] Rob's nofrills - Toronto → ['7974488']
  [7919] Tony & Sam's No Frills → ['7974363']
  [7921] Tim & Sue's nofrills - Pacific Ave → ['7974510']
  [7922] Tobi's - Quesnel, BC → ['7974362']
  [7928] Lenora's - St Paul, AB → ['7974362']
  [7930] Nicholas & Megan's - Drumheller, AB → ['7974357']
  [7934] Sarangan's NOFRILLS Brampton → ['7974491']
  [7935] Ted's nofrills - Kenora → ['7974357']
  [7936] Dino's nofrills - Avenue Rd → ['7974488']
  [7937] George's NF Toronto Broadview → ['7974488']
  [7938] NF Gambo - Gambo, NFLD → ['7974270']
  [7940] Brian & Ricki's - Midland, ON → ['7974488']
  [7941] JORDAN'S → ['7974513']
  [7942] Chris & Samia's - Nepean, ON → ['7974504']
  [7944] Eric's nofrills - Chestermere → ['7974363']
  [7947] Dani & Matt's → ['7974488']
  [7949] Joe's nofrills - Korah Rd → ['7974488']
  [7951] Alessandro's → ['7974513']
  [7952] Bo's → ['7974513']
  [7953] Ray's - Kelowna, BC → ['7974364']
  [7954] Vito's nofrills - Keele St → ['7974505']
  [7955] Mitch & Alana's - London, ON → ['7974513']
  [7956] Ross & Lindsay's nofrills → ['7974498']
  [7961] Raman's No Frills → ['7974500']
  [7963] Roy's nofrills - Dartmouth → ['7974268']
  [7965] Stephen's nofrills -Eglinton Ave. → ['7974505']
  [7966] Darwin's nofrills - Wainwright → ['7974358']
  [7967] Chris' nofrills - Goulet St. Winnipeg → ['7974363']
  [7994] Ken's nofrills - Langley → ['7974363']
  [7995] Aaron & Katrina's - Grand Prairie → ['7974363']
  [7996] Ted’s No Frills Winnipeg → ['7974363']
  [8000] Eric's nofrills - Waterdown → ['7974488']
  [8008] Ivan & Karen's → ['7974363']
  [8178] Taylor's NF → ['7974488']
  [8192] Jim’s-St. Catherine’s → ['7974488']
  [8998] Joe & Cassy’s → ['7974488']
  [8999] Johnny’s-Ottawa → ['7974498']
  [9474] Walsh's nofrills - Edmonton → ['7974363']
  [9478] Cliff's No Frills → ['7974268']
  [9479] Paolo's nofrills - Brampton → ['7974491']
  [9482] Justin’s NF → ['7974363']
  [9532] Gordon's nofrills - East Hastings → ['7974363']
  [9535] Francesco's - Fredericton → ['7974268']
  [9536] Ian's nofrills- McAllister Saint John → ['7974268']
  [9537] Ken's No Frills - Summerside → ['7974268']
  [9547] Peter’s NF Burlington Plains → ['7974513']
  [9555] Mike & Grace's nofrills → ['7974510']
  [9566] Tony & Kathy's → ['7974488']
  [9572] Edwards No Frills Kelowna → ['7974364']
  [9573] No Frills → ['7974364']
  [9577] Chemalnus → ['7974364']
  [9578] Andy's → ['7974364']
  [9580] Bathurst - NB → no new flyers
  [9584] PJ's nofrills - College St W → ['7974513']
  [9585] Chad & Maegan's → ['7974513']
  [9586] Jordan's → ['7974364']
  [9689] Michael's nofrills - Silver Star Bvd → ['7974500']
  [9694] Muhammad's No Frills → ['7974364']
  [9775] Paul & Adele's nofrills - Upper Paradise Rd. → ['7974488']
  [9776] Summerhill nofrills - Ajax → ['7974505']
  [9779] Dennis' No Frills → ['7974364']
  [9781] NF Gambo - Gambo, NFLD → ['7974271']
  [9782] Andy & Nick’s No Frills → ['7974359']
  [9785] Chris and Karen nofrills - Yonge St → ['7974506']
  [9786] Andrew and Jessica’s nofrills - High River → ['7974357']
  [9796] Scott's No Frills → ['7974513']
  [9797] Daniel & Alexandra’s nofrills → ['7974514']
  [9799] Jeff & Holly's - Stittsville, ON → ['7974510']
  [9999] Ross & Lindsay's NOFRILLS Cambridge → no new flyers
  [5134] Pam & Steve’s nofrills → ['7974488']
  [5567] Nathiel & Maggie's nofrills → ['7974488']
  [6750] Dean's nofrills → ['7974488']
  [7017] Tara’s no frills → ['7974488']
  [8564] Walker's → ['7974488']
  [9541] John's nofrills → ['7974363']
  [9557] Carter's nofrills → ['7974364']
  [9561] Carmen's nofrills → ['7974364']

  334 new publication entries across 381 stores
  39 unique new publication(s) to download
  Appended 334 rows to data/nofrills/store_flyers.parquet
New publication entries added to store_flyers.parquet: 334
Unique new publications to download: 39

Phase 2: fetching products for each new publication…

  [7974510] Weekly Flyer  (2026-06-11T00:00:00-04:00 → 2026-06-17T23:59:59-04:00)
    256 products
  [7974488] Weekly Flyer  (2026-06-11T00:00:00-04:00 → 2026-06-17T23:59:59-04:00)
    225 products
  [7974490] Weekly Flyer  (2026-06-11T00:00:00-04:00 → 2026-06-17T23:59:59-04:00)
    240 products
  [7974491] Weekly Flyer  (2026-06-11T00:00:00-04:00 → 2026-06-17T23:59:59-04:00)
    289 products
  [7974492] Weekly Flyer  (2026-06-11T00:00:00-04:00 → 2026-06-17T23:59:59-04:00)
    274 products
  [7974505] Weekly Flyer  (2026-06-11T00:00:00-04:00 → 2026-06-17T23:59:59-04:00)
    294 products
  [7974513] Weekly Flyer  (2026-06-11T00:00:00-04:00 → 2026-06-17T23:59:59-04:00)
    96 products
  [7974500] Weekly Flyer  (2026-06-11T00:00:00-04:00 → 2026-06-17T23:59:59-04:00)
    309 products
  [7974357] Weekly Flyer  (2026-06-11T03:00:00-04:00 → 2026-06-17T23:59:59-04:00)
    214 products
  [7974268] Weekly Flyer  (2026-06-11T00:00:00-04:00 → 2026-06-17T23:59:59-04:00)
    163 products
  [7974269] Weekly Flyer  (2026-06-11T00:00:00-04:00 → 2026-06-17T23:59:59-04:00)
    164 products
  [7974363] Weekly Flyer  (2026-06-11T03:00:00-04:00 → 2026-06-17T23:59:59-04:00)
    248 products
  [7974507] Weekly Flyer  (2026-06-11T00:00:00-04:00 → 2026-06-17T23:59:59-04:00)
    276 products
  [7974494] Weekly Flyer  (2026-06-11T00:00:00-04:00 → 2026-06-17T23:59:59-04:00)
    293 products
  [7974504] Weekly Flyer  (2026-06-11T00:00:00-04:00 → 2026-06-17T23:59:59-04:00)
    271 products
  [7974502] Weekly Flyer  (2026-06-11T00:00:00-04:00 → 2026-06-17T23:59:59-04:00)
    276 products
  [7974364] Weekly Flyer  (2026-06-11T03:00:00-04:00 → 2026-06-17T23:59:59-04:00)
    85 products
  [7974506] Weekly Flyer  (2026-06-11T00:00:00-04:00 → 2026-06-17T23:59:59-04:00)
    279 products
  [7974489] Weekly Flyer  (2026-06-11T00:00:00-04:00 → 2026-06-17T23:59:59-04:00)
    241 products
  [7974360] Weekly Flyer  (2026-06-11T03:00:00-04:00 → 2026-06-17T23:59:59-04:00)
    249 products
  [7974361] Weekly Flyer  (2026-06-11T03:00:00-04:00 → 2026-06-17T23:59:59-04:00)
    264 products
  [7974496] Weekly Flyer  (2026-06-11T00:00:00-04:00 → 2026-06-17T23:59:59-04:00)
    275 products
  [7974508] Weekly Flyer  (2026-06-11T00:00:00-04:00 → 2026-06-17T23:59:59-04:00)
    261 products
  [7974495] Weekly Flyer  (2026-06-11T00:00:00-04:00 → 2026-06-17T23:59:59-04:00)
    290 products
  [7974359] Weekly Flyer  (2026-06-11T03:00:00-04:00 → 2026-06-17T23:59:59-04:00)
    229 products
  [7974509] Weekly Flyer  (2026-06-11T00:00:00-04:00 → 2026-06-17T23:59:59-04:00)
    271 products
  [7974493] Weekly Flyer  (2026-06-11T00:00:00-04:00 → 2026-06-17T23:59:59-04:00)
    308 products
  [7974512] Weekly Flyer  (2026-06-11T00:00:00-04:00 → 2026-06-17T23:59:59-04:00)
    230 products
  [7974362] Weekly Flyer  (2026-06-11T03:00:00-04:00 → 2026-06-17T23:59:59-04:00)
    263 products
  [7974501] Weekly Flyer  (2026-06-11T00:00:00-04:00 → 2026-06-17T23:59:59-04:00)
    294 products
  [7974511] Weekly Flyer  (2026-06-11T00:00:00-04:00 → 2026-06-17T23:59:59-04:00)
    240 products
  [7974497] Weekly Flyer  (2026-06-11T00:00:00-04:00 → 2026-06-17T23:59:59-04:00)
    304 products
  [7974499] Weekly Flyer  (2026-06-11T00:00:00-04:00 → 2026-06-17T23:59:59-04:00)
    305 products
  [7974503] Weekly Flyer  (2026-06-11T00:00:00-04:00 → 2026-06-17T23:59:59-04:00)
    286 products
  [7974270] Weekly Flyer  (2026-06-11T00:00:00-04:00 → 2026-06-17T23:59:59-04:00)
    89 products
  [7974498] Weekly Flyer  (2026-06-11T00:00:00-04:00 → 2026-06-17T23:59:59-04:00)
    289 products
  [7974358] Weekly Flyer  (2026-06-11T03:00:00-04:00 → 2026-06-17T23:59:59-04:00)
    230 products
  [7974271] Weekly Flyer  (2026-06-11T00:00:00-04:00 → 2026-06-17T23:59:59-04:00)
    89 products
  [7974514] Weekly Flyer  (2026-06-11T00:00:00-04:00 → 2026-06-17T23:59:59-04:00)
    73 products

── Phase 2 results ──────────────────────────────────────────────────
  Downloaded : 39
  Skipped    : 0  (file already existed)
  Errors     : 0

Run completed: 2026-06-11 14:26:36 UTC
Elapsed      : 1m 25s


Done.  Verbose log → logs/nofrills/2026-06-11_verbose.log
       Summary log → logs/nofrills/2026-06-11_summary.log

