=== No Frills Flyer Fetch — 2026-09-17 ===
Run started : 2026-09-17 17:41:34 UTC

Loaded 381 stores from data/nofrills/stores.parquet

Stores loaded: 381
Loaded store_flyers.parquet (6702 publication entries)

Phase 1: fetching publications per store…

  [51] Test Store → no new flyers
  [262] Agostino/Nancy nofrills - Bloor E. → no new flyers
  [266] Masse's nofrills- London → ['8133000']
  [291] David's nofrills - Division St. → ['8132983']
  [293] Grant's nofrills - Kingston → no new flyers
  [703] Jeff & Tanis' nofrills → ['8132984']
  [704] Jason's NF Severn → ['8132984']
  [705] Carlo's nofrills → no new flyers
  [718] Rocky's nofrills #718 → ['8133007']
  [723] Tony's  nofrills - Upper James Av → ['8133000']
  [753] Jim's nofrills #753 → ['8132991']
  [758] Marc's nofrills - Rathburn Rd → ['8133008']
  [763] Mike's nofrills - Port Dover → no new flyers
  [793] Domenic's nofrills - Harvard Rd → ['8132999']
  [1302] Gary's nofrills- Baseline Rd East → ['8132986']
  [1306] Jeff/Rose/Herb's nofrills Lakeshore → ['8132992']
  [1312] Daniel's nofrills Principale St → ['8132979']
  [1323] 1323 @Hanna → ['8133010']
  [1326] Jesse/Kelly nofrills - Thompson Rd → ['8132982']
  [1335] Ryan's nofrills, Aylmer → ['8132981']
  [1341] Mackay's nofrills - New Hamburg → ['8132982']
  [1346] Rod & Joe's nofrills - Kingston Rd. → ['8132992']
  [1356] Daniel's nofrills - Eglinton Av W → ['8133005']
  [1371] Mario & Selina's nofrills-Royal York → no new flyers
  [1386] Jim & Lee-Anne's nofrills C Line → ['8132979']
  [1394] Baldree's nofrills - King Street E → ['8132983']
  [1399] Nick's nofrills Sheppard Ave. → ['8132999']
  [1448] Cardston - Cardston, AB → ['8132928']
  [1468] No Frills - Marcel & Narisha's → ['8133010']
  [1469] Correy/Rita's nofrills - Tillsonburg → ['8133010']
  [2702] Colbourne's nofrills - Sydney → no new flyers
  [2706] Sam's nofrills - Bridgewater → ['8132954']
  [2707] No Frills → no new flyers
  [2712] Gouthro's nofrills - Wyse Road → no new flyers
  [2713] No Frills → ['8132955']
  [3041] Chris' nofrills - Fort Sk. → ['8132934']
  [3049] No Frills John's - Newmarket → ['8132999']
  [3112] Dykeman's nofrills - Kincardine → no new flyers
  [3117] Darryll & Tracy’s nofrills - Highbury Ave., London → ['8133000']
  [3125] Alan's nofrills - Timmins → no new flyers
  [3131] Derek's nofrills Vaughan → ['8132994']
  [3132] Francois’ No Frills → no new flyers
  [3133] Ron's nofrills Main St. → ['8132983']
  [3134] Jim's nofrills #261 → no new flyers
  [3135] Walkers's  nofrills - Brantford → ['8132986']
  [3138] Eric's nofrills - Lincoln St. → ['8132998']
  [3139] Leo's nofrills - Markham → ['8132990']
  [3140] Vince's nofrills - York Gate Blvd → ['8132999']
  [3142] Dieter/Darcy's nofrills - George St → ['8132980']
  [3143] Rob's nofrills - Guelph Line → ['8133000']
  [3145] Greg's nofrills → ['8133000']
  [3150] Oleg's nofrills - Oakville → ['8133002']
  [3151] Conroy's nofrills → ['8132979']
  [3152] 3152 → no new flyers
  [3153] Matt's No Frills → ['8132924']
  [3155] Kevin's NF Calgary → ['8132938']
  [3156] Rob's nofrills - Toronto → no new flyers
  [3240] Terry's nofrills - Surrey → ['8132938']
  [3348] Ashley's nofrills → ['8132989']
  [3349] Scott & Laurie's No Frills → ['8132922']
  [3350] Dylan's nofrills - Halifax → ['8132954']
  [3351] Kyle's nofrills - Exmouth St → ['8132992']
  [3352] Paul's Nofrills - Ponoka → ['8132931']
  [3353] Dennis' nofrills → no new flyers
  [3354] Arkee's NOFRILLS Vancouver → no new flyers
  [3355] No Frills → ['8132955']
  [3402] Dave's nofrills - Dawson Creek → ['8132936']
  [3403] Joti's nofrills - Vancouver → ['8132934']
  [3408] Blair's nofrills - Calgary → ['8132938']
  [3410] Dean's nofrills - Vancouver → ['8132938']
  [3413] Clifton's nofrills - Estevan, SK → ['8132938']
  [3414] Steve's nofrills - Castlegar → ['8132928']
  [3417] Tyler's nofrills - Port Alberni → ['8132926']
  [3419] Deepu's nofrills - Surrey → ['8132938']
  [3422] Matt & Ashley's nofrills - Edmonton → ['8132938']
  [3430] Amanda's nofrills - Fort St. John → ['8132934']
  [3433] Sewak's nofrills - Port Coquitlam → ['8132938']
  [3437] Jason's nofrills - Jericho Mall → ['8132922']
  [3438] Kyle's nofrills - Kitimat → ['8132938']
  [3439] Glenn’s nofrills - Surrey → ['8132938']
  [3441] Coverdale’s No Frills → ['8132934']
  [3442] Hellard's nofrills - Main St. Winnipeg → ['8132936']
  [3445] Terashita's nofrills - Brooks   Opened Feb. 28, 2016 → ['8132938']
  [3448] Troy's nofrills - Lethbridge → ['8132938']
  [3449] Ken's No Frills → ['8132926']
  [3450] Shawn's nofrills - Thunder Bay → no new flyers
  [3451] Andrew & Emily's nofrills - Loyalist Pkwy → no new flyers
  [3456] Steve's nofrills - Dalton Rd → ['8132983']
  [3457] John's nofrills - Milton → ['8132999']
  [3462] John's nofrills - Nobleton → no new flyers
  [3463] Scott's nofrills - Woodstock → ['8133000']
  [3465] Lyle's nofrills → no new flyers
  [3467] Justin & Stacey's nofrills → ['8132983']
  [3472] Fisher's nofrills - Canrobert St → ['8132983']
  [3473] Jamie & Jaclyn's - Centre Street → ['8132985']
  [3474] Rusty's nofrills - Brantford → ['8132983']
  [3476] Palmieri's nofrills - Newcastle → ['8132979']
  [3478] Craig & Jess' nofrills - Stratford, ON → no new flyers
  [3480] Emiliano & Ana's nofrills → ['8132990']
  [3490] Mike's nofrills → ['8133000']
  [3493] Jones' nofrills - Silvercrk Pk N → no new flyers
  [3494] Leonetti's nofrills → ['8132999']
  [3603] Jordan's's nofrills - Wetaskwin → ['8132922']
  [3604] Shipley's NF Maple Ridge → ['8132934']
  [3608] Terry's - Humboldt → ['8132934']
  [3610] Aaron's no frills → ['8132924']
  [3616] Steve & Peggy's nofrills Kingston Rd → ['8133000']
  [3621] Steve & Adele's nofrills → ['8132999']
  [3625] Brandon & Megan's NF Stittsville, ON → no new flyers
  [3628] Steve's nofrills → ['8132928']
  [3631] Richard's nofrills → ['8132999']
  [3633] Kris's nofrills - Peace River → ['8132938']
  [3636] Dickie's nofrills - Eglinton Av. E → ['8132990']
  [3639] Brandon's nofrills → ['8132983']
  [3640] Luciano's nofrills - Alberta Av → ['8133000']
  [3641] Brandon & Joanny's NO FRILLS Vancouver → ['8132938']
  [3642] Malloch's nofrills - Burnhamthorpe Rd → no new flyers
  [3643] Luciano's nofrills - Front St → ['8132990']
  [3646] XXXX nofrills   Markham Rd → no new flyers
  [3647] Tom's nofrills - Roblin Blvd Winnipeg → ['8132938']
  [3648] Kurtis' nofrills - Trail → ['8132926']
  [3649] Chris' nofrills - Edmonton → ['8132934']
  [3650] Patryck's nofrills → ['8132932']
  [3654] Mark's nofrills Winners Circ → ['8132983']
  [3655] XXXX nofrills - Vegreville → ['8132933']
  [3659] Rob's No Frills #3900 → ['8133000']
  [3660] Durante's nofrills - Centre St → ['8132994']
  [3661] Robert's nofrills - Blake St → ['8132983']
  [3663] Ross' nofrills - Photography Drive → ['8132990']
  [3664] Mark's nofrills - Fanshawe Park Road → ['8132990']
  [3665] Gord & Kim's nofrills - Coverdale Dr → no new flyers
  [3666] Frank's nofrills - Queenston Rd. Hamilton → ['8132992']
  [3667] Steve & Liz's nofrills - Stouffville → ['8132999']
  [3668] Franco's nofrills - Hamilton → ['8132992']
  [3669] Cory & Megan's NOFRILLS High River → no new flyers
  [3670] Pepin's nofrills - Hastings St → ['8132983']
  [3671] Jason's nofrills - Jericho Mall → ['8132938']
  [3672] Mark and Sarah's nofrills - Wallaceburg → ['8132983']
  [3673] Farzin's nofrills - Main St → no new flyers
  [3676] Chris & Beth's nofrills - Simcoe St → no new flyers
  [3677] Tony & Jill's nofrills → ['8132983']
  [3678] Simon's nofrills - Lethbridge → no new flyers
  [3679] Brent & Jennie's nofrills - Hamilton Road → ['8132992']
  [3680] Vi's nofrills - King Street W. → ['8132999']
  [3681] Tim and Heather's NF Shelburne → no new flyers
  [3683] Carol’s No Frills → ['8132938']
  [3684] Peter's Nofrills → ['8132981']
  [3685] Prakash's NF Edmonton → ['8132938']
  [3688] Steve & Amanda's nofrills - Bayly St W → ['8133000']
  [3690] Guthro's nofrills - Acton → ['8132979']
  [3691] Clements' NF Slave Lake → ['8132926']
  [3695] Mike's  NF - Toronto, ON → ['8132988']
  [3697] Mike & Lori 's nofrills - Elizabeth St → ['8132981']
  [3698] Mike and Lori nofrills Port Union → ['8132989']
  [3699] Tom's nofrills - Victoria Park Ave → no new flyers
  [3714] Christine's nofrills - Okotoks → ['8132934']
  [3715] Rob & Tina’s NF → ['8133000']
  [3716] Dilip's No Frills → no new flyers
  [3717] John & Danielle's NF North York, ON → ['8132994']
  [3728] Rob & Rachael's nofrills → ['8132991']
  [3732] Aureo's No Frills - Saskatoon → ['8132938']
  [3733] Brody’s No Frills → ['8132923']
  [3740] Mills' nofrills - Glencoe → no new flyers
  [3753] Ryan's nofrills - Welland Ave → no new flyers
  [3770] Sam’s No Frills → ['8132979']
  [3771] Jim's No Frills → ['8132990']
  [3776] Ian's nofrills - Edmonton → no new flyers
  [3779] Adrian's → no new flyers
  [3786] Joe & Val's nofrills  - Yonge St → ['8133000']
  [3787] Chris & Tanya’s No Frills → ['8132985']
  [3789] Chris's nofrills → ['8132983']
  [3801] Mike & Andreea’s - Stratford, PEI → ['8132954']
  [3807] Alfie's nofrills - West 4th Ave. → no new flyers
  [3811] Brook’s No Frills → ['8132938']
  [3814] Shaun & Felicia's - Shediac → ['8132954']
  [3907] Tom & Michelle's nofrills - Creditview → ['8133006']
  [3915] John's nofrills #3915 → ['8132983']
  [3916] Nadim's nofrills - Oshawa → ['8133000']
  [3922] Joe & Barb's - Oshawa → no new flyers
  [3924] Dave's nofrills - Cedarbrae → ['8132989']
  [3925] Carlo's nofrills - Yonge St. → ['8132993']
  [3931] Rocca’s No Frills → ['8133001']
  [3933] James & Jenn's nofrills - Cornwall → ['8132983']
  [3942] Tina's nofrills - Strathmore → ['8132934']
  [3946] Rob's nofrills - Airdrie → ['8132934']
  [3947] Craig's nofrills - Leduc → ['8132934']
  [3948] Lionel's nofrills - Lacombe → ['8132931']
  [3968] Dennis' nofrills - Coquitlam → ['8132938']
  [3969] Darcy's nofrills - Thunder Bay → ['8132938']
  [3970] Kevin and Amanda's nofrills - Calgary → no new flyers
  [3976] Joe's nofrills - Invermere → ['8132922']
  [3978] Crawford's nofrills → ['8132938']
  [3979] Brad's nofrills - Salmon Arm → ['8132928']
  [3982] Mark's nofrills - Cochrane → ['8132934']
  [3983] Sean's nofrills - Stettler → no new flyers
  [3985] Michael's NOFRILLS Langley → ['8132938']
  [3989] Chris & Tracey's nofrills - Morinville → ['8132924']
  [3992] Kevin's nofrills - Olivier → ['8132928']
  [3993] Jerry's → ['8132938']
  [3995] Jeb's nofrills - Beaumont → ['8132926']
  [4012] Phil's nofrills - Argyle Mall → ['8132992']
  [4036] Allen's NF Midland Jones Rd → ['8132979']
  [4112] No Frills Topsail → no new flyers
  [4164] Jordan & Corrina's → ['8132938']
  [4224] Scott's nofrills - Balmoral Drive → no new flyers
  [4404] Rounddhouse Centre → ['8133000']
  [4436] Merv's nofrills - Calgary → ['8132936']
  [4489] Mike & Rebecca’s nofrills - Whitecourt → ['8132934']
  [4493] Spataro's nofrills - Chinguacousy Rd., Brampton → no new flyers
  [5135] Joseph's nofrills → ['8132999']
  [5139] Esplanade → ['8133010']
  [5156] Andrew & Emily's nofrills - Loyalist Pkwy → ['8132980']
  [5174] Karl & Kelly's - Saint John, NB → ['8132954']
  [5238] Anthony & Nadege’s-Belleville → ['8132983']
  [5456] Trevor's No Frills → ['8132938']
  [5457] Ian's nofrills - Edmonton → no new flyers
  [5458] Sean's nofrills - Stettler → ['8132926']
  [5459] Gord & Kim's nofrills - Coverdale Dr → ['8132980']
  [5549] Romeo's No Frills → ['8132929']
  [5794] Ashley's nofrills - McLaughlin → ['8133009']
  [6791] Felice's nofrills - Shuter St. → ['8133010']
  [6792] Hunterhorn No Frills → no new flyers
  [6793] Pincher Creek - Pincher Creek, AB → no new flyers
  [6797] Vi & Yu Ling's' - Scarborough, ON → ['8132999']
  [6798] Joe's nofrills - Cambridge → ['8133000']
  [6930] David & Mandie's No Frills → ['8132922']
  [6933] MICHAEL'S NOFRILLS SCARBOROUGH → ['8133010']
  [6936] Sudbury → ['8133010']
  [6945] Jesse's - Toronto, ON → ['8133010']
  [6961] AMY & BRENDAN’S → ['8132930']
  [6962] Joe & Lily's NF Ottawa → ['8132991']
  [6964] Jinky's → ['8132922']
  [6966] No Frills - Travis & Sierra's → ['8132922']
  [6969] Cynthia's No Frills - Calgary → ['8132922']
  [6970] Megan's nofrills- Hyde Park → ['8133010']
  [6971] Ray's nofrills → ['8132938']
  [7012] Alfredo's NF Burlington Brant → ['8133000']
  [7026] Nick's and Mira's nofrills-Vic Prk Lawrence → ['8132990']
  [7031] Lorraine's nofrills - Cold Lake → ['8132938']
  [7032] Nadim's nofrills - Whitby → ['8133000']
  [7047] Cosimo's nofrills → ['8132999']
  [7063] Dino's nofrills - Silver Creek Blvd. → no new flyers
  [7074] EF Winnipeg St Anne's → ['8132934']
  [7076] John's nofrills Warden Ave. → ['8132989']
  [7087] Gino's nofrills → ['8132979']
  [7134] Jace’s No Frills → ['8132927']
  [7138] Rob's nofrills → ['8133000']
  [7141] Topher's nofrills - Notre Dame Ave., Winnipeg → ['8132938']
  [7146] John & Irish’s NF → ['8132938']
  [7147] Real & Carolyn’s No Frills → ['8132938']
  [7159] Marc's nofrills # 3901 → ['8132995']
  [7166] Justin's nofrills - Whitby → ['8133000']
  [7167] Harry's nofrills → ['8132983']
  [7175] Tyler's nofrills - Geraldton → no new flyers
  [7177] Evan and Ila's NF Sydney → ['8132954']
  [7181] Paul & Mallory's NO FRILLS → ['8132999']
  [7182] Dylan's No Frills - Oshawa → ['8133000']
  [7188] Bergen's nofrills → ['8132980']
  [7189] Paul & Nancy's nofrills Hwy 17 → no new flyers
  [7191] Mike & Lori's nofrills - Mckeown Av → ['8132983']
  [7192] Joe's nofrills → ['8132984']
  [7227] Chris' nofrills - Renforth Dr. → ['8133000']
  [7228] Dean's nofrills King St. E → ['8132983']
  [7229] Nick's nofrills - Paris → ['8132983']
  [7235] John's No Frills → ['8132938']
  [7236] Frank’s No Frills, Hamilton → ['8133000']
  [7392] Dennis' nofrills - Tilbury → ['8132983']
  [7395] Sheriff's nofrills → ['8132989']
  [7397] Josh's nofrills - Essex → ['8132983']
  [7411] Andrew & Shelley's NF Toronto → ['8132999']
  [7415] Daniel's nofrills → no new flyers
  [7432] Dean & Barb nofrills - Queen St. → ['8132983']
  [7444] Dino's - Vaughan, ON → ['8132999']
  [7487] Paul's nofrills - Innisfail → ['8132924']
  [7488] Simran's nofrills → ['8132927']
  [7496] Blake's - St. Catharines, ON → ['8132999']
  [7498] John's nofrills - Nobleton → ['8132979']
  [7499] DYLAN & GALEN’S → ['8132923']
  [7502] Dilip's No Frills → ['8133004']
  [7503] Jones' nofrills - Silvercrk Pk N → ['8132990']
  [7504] Spataro's nofrills - Chinguacousy Rd., Brampton → ['8133009']
  [7505] DaCosta's nofrills - Markham Plaza/Hwy 7 → ['8132999']
  [7507] Stephen’s No Frills → ['8132938']
  [7508] Mario & Selina's nofrills-Royal York → ['8132991']
  [7509] Carlo's nofrills → ['8132990']
  [7512] Tom's nofrills - Victoria Park Ave → ['8133000']
  [7514] Grant's nofrills - Kingston → ['8132981']
  [7515] Simon's nofrills - Lethbridge → ['8132922']
  [7518] BRAMPTON → ['8133003']
  [7527] Malloch's nofrills - Burnhamthorpe Rd → ['8133005']
  [7530] Walsh's No Frills → ['8132938']
  [7531] Scott's nofrills - Balmoral Drive → ['8133009']
  [7532] Joe & Barb's - Oshawa → ['8132996']
  [7540] Tim and Heather's NF Shelburne → ['8132980']
  [7542] Brian's Nofrills → ['8133000']
  [7578] Dino's nofrills - Silver Creek Blvd. → ['8133009']
  [7579] Evan & Ila's No Frills → ['8132938']
  [7580] Alan's nofrills - Timmins → ['8132979']
  [7648] Cliff's No Frills → ['8132954']
  [7649] Tyler's nofrills-Dorchester Road → ['8132979']
  [7651] Tejus & Raman's - Edmonton, AB → ['8132938']
  [7655] Kevin and Amanda's nofrills - Calgary → ['8132938']
  [7763] Connor & Kennedy’s → ['8132956']
  [7909] Paul & Nancy's nofrills Hwy 17 → ['8132985']
  [7911] Rob's nofrills - Toronto → ['8133002']
  [7919] Tony & Sam's No Frills → ['8132938']
  [7921] Tim & Sue's nofrills - Pacific Ave → ['8133000']
  [7922] Tobi's - Quesnel, BC → ['8132937']
  [7928] Lenora's - St Paul, AB → ['8132935']
  [7930] Nicholas & Megan's - Drumheller, AB → ['8132938']
  [7934] Sarangan's NOFRILLS Brampton → ['8133009']
  [7935] Ted's nofrills - Kenora → ['8132926']
  [7936] Dino's nofrills - Avenue Rd → ['8133002']
  [7937] George's NF Toronto Broadview → ['8133002']
  [7938] NF Gambo - Gambo, NFLD → ['8132954']
  [7940] Brian & Ricki's - Midland, ON → ['8132979']
  [7941] JORDAN'S → ['8133010']
  [7942] Chris & Samia's - Nepean, ON → ['8132987']
  [7944] Eric's nofrills - Chestermere → ['8132934']
  [7947] Dani & Matt's → ['8132979']
  [7949] Joe's nofrills - Korah Rd → ['8132983']
  [7951] Alessandro's → ['8133010']
  [7952] Bo's → ['8133010']
  [7953] Ray's - Kelowna, BC → ['8132922']
  [7954] Vito's nofrills - Keele St → ['8132999']
  [7955] Mitch & Alana's - London, ON → ['8133010']
  [7956] Ross & Lindsay's nofrills → ['8132996']
  [7961] Raman's No Frills → ['8133005']
  [7963] Roy's nofrills - Dartmouth → ['8132954']
  [7965] Stephen's nofrills -Eglinton Ave. → ['8132999']
  [7966] Darwin's nofrills - Wainwright → ['8132925']
  [7967] Chris' nofrills - Goulet St. Winnipeg → ['8132938']
  [7994] Ken's nofrills - Langley → ['8132938']
  [7995] Aaron & Katrina's - Grand Prairie → ['8132938']
  [7996] Ted’s No Frills Winnipeg → ['8132938']
  [8000] Eric's nofrills - Waterdown → ['8132979']
  [8008] Ivan & Karen's → ['8132938']
  [8178] Taylor's NF → ['8132983']
  [8192] Jim’s-St. Catherine’s → ['8132979']
  [8998] Joe & Cassy’s → ['8132979']
  [8999] Johnny’s-Ottawa → ['8132987']
  [9474] Walsh's nofrills - Edmonton → ['8132938']
  [9478] Cliff's No Frills → ['8132954']
  [9479] Paolo's nofrills - Brampton → ['8133009']
  [9482] Justin’s NF → ['8132938']
  [9532] Gordon's nofrills - East Hastings → ['8132938']
  [9535] Francesco's - Fredericton → ['8132954']
  [9536] Ian's nofrills- McAllister Saint John → ['8132954']
  [9537] Ken's No Frills - Summerside → ['8132954']
  [9547] Peter’s NF Burlington Plains → ['8133010']
  [9555] Mike & Grace's nofrills → ['8133000']
  [9566] Tony & Kathy's → ['8133000']
  [9572] Edwards No Frills Kelowna → ['8132922']
  [9573] No Frills → ['8132938']
  [9577] Chemalnus → ['8132922']
  [9578] Andy's → ['8132922']
  [9580] Bathurst - NB → no new flyers
  [9584] PJ's nofrills - College St W → ['8133010']
  [9585] Chad & Maegan's → ['8133010']
  [9586] Jordan's → ['8132938']
  [9689] Michael's nofrills - Silver Star Bvd → ['8132989']
  [9694] Muhammad's No Frills → ['8132922']
  [9775] Paul & Adele's nofrills - Upper Paradise Rd. → ['8132979']
  [9776] Summerhill nofrills - Ajax → ['8132999']
  [9779] Dennis' No Frills → ['8132922']
  [9781] NF Gambo - Gambo, NFLD → ['8132955']
  [9782] Andy & Nick’s No Frills → no new flyers
  [9785] Chris and Karen nofrills - Yonge St → ['8132999']
  [9786] Andrew and Jessica’s nofrills - High River → ['8132934']
  [9796] Scott's No Frills → ['8133010']
  [9797] Daniel & Alexandra’s nofrills → ['8133011']
  [9799] Jeff & Holly's - Stittsville, ON → ['8133000']
  [9999] Ross & Lindsay's NOFRILLS Cambridge → no new flyers
  [5134] Pam & Steve’s nofrills → ['8132979']
  [5567] Nathiel & Maggie's nofrills → ['8132980']
  [6750] Dean's nofrills → ['8132979']
  [7017] Tara’s no frills → ['8133000']
  [8564] Walker's → ['8132983']
  [9541] John's nofrills → ['8132938']
  [9557] Carter's nofrills → ['8132922']
  [9561] Carmen's nofrills → ['8132938']

  326 new publication entries across 381 stores
  52 unique new publication(s) to download
  Appended 326 rows to data/nofrills/store_flyers.parquet
New publication entries added to store_flyers.parquet: 326
Unique new publications to download: 52

Phase 2: fetching products for each new publication…

  [8133000] Weekly Flyer  (2026-09-17T00:00:00-04:00 → 2026-09-23T23:59:59-04:00)
    271 products
  [8132983] Weekly Flyer  (2026-09-17T00:00:00-04:00 → 2026-09-23T23:59:59-04:00)
    235 products
  [8132984] Weekly Flyer  (2026-09-17T00:00:00-04:00 → 2026-09-23T23:59:59-04:00)
    253 products
  [8133007] Weekly Flyer  (2026-09-17T00:00:00-04:00 → 2026-09-23T23:59:59-04:00)
    279 products
  [8132991] Weekly Flyer  (2026-09-17T00:00:00-04:00 → 2026-09-23T23:59:59-04:00)
    276 products
  [8133008] Weekly Flyer  (2026-09-17T00:00:00-04:00 → 2026-09-23T23:59:59-04:00)
    276 products
  [8132999] Weekly Flyer  (2026-09-17T00:00:00-04:00 → 2026-09-23T23:59:59-04:00)
    273 products
  [8132986] Weekly Flyer  (2026-09-17T00:00:00-04:00 → 2026-09-23T23:59:59-04:00)
    284 products
  [8132992] Weekly Flyer  (2026-09-17T00:00:00-04:00 → 2026-09-23T23:59:59-04:00)
    279 products
  [8132979] Weekly Flyer  (2026-09-17T00:00:00-04:00 → 2026-09-23T23:59:59-04:00)
    227 products
  [8133010] Weekly Flyer  (2026-09-17T00:00:00-04:00 → 2026-09-23T23:59:59-04:00)
    84 products
  [8132982] Weekly Flyer  (2026-09-17T00:00:00-04:00 → 2026-09-23T23:59:59-04:00)
    232 products
  [8132981] Weekly Flyer  (2026-09-17T00:00:00-04:00 → 2026-09-23T23:59:59-04:00)
    258 products
  [8133005] Weekly Flyer  (2026-09-17T00:00:00-04:00 → 2026-09-23T23:59:59-04:00)
    299 products
  [8132928] Weekly Flyer  (2026-09-17T03:00:00-04:00 → 2026-09-23T23:59:59-04:00)
    226 products
  [8132954] Weekly Flyer  (2026-09-17T00:00:00-04:00 → 2026-09-23T23:59:59-04:00)
    199 products
  [8132955] Weekly Flyer  (2026-09-17T00:00:00-04:00 → 2026-09-23T23:59:59-04:00)
    200 products
  [8132934] Weekly Flyer  (2026-09-17T03:00:00-04:00 → 2026-09-23T23:59:59-04:00)
    255 products
  [8132994] Weekly Flyer  (2026-09-17T00:00:00-04:00 → 2026-09-23T23:59:59-04:00)
    287 products
  [8132998] Weekly Flyer  (2026-09-17T00:00:00-04:00 → 2026-09-23T23:59:59-04:00)
    299 products
  [8132990] Weekly Flyer  (2026-09-17T00:00:00-04:00 → 2026-09-23T23:59:59-04:00)
    278 products
  [8132980] Weekly Flyer  (2026-09-17T00:00:00-04:00 → 2026-09-23T23:59:59-04:00)
    240 products
  [8133002] Weekly Flyer  (2026-09-17T00:00:00-04:00 → 2026-09-23T23:59:59-04:00)
    229 products
  [8132924] Weekly Flyer  (2026-09-17T03:00:00-04:00 → 2026-09-23T23:59:59-04:00)
    231 products
  [8132938] Weekly Flyer  (2026-09-17T03:00:00-04:00 → 2026-09-23T23:59:59-04:00)
    250 products
  [8132989] Weekly Flyer  (2026-09-17T00:00:00-04:00 → 2026-09-23T23:59:59-04:00)
    296 products
  [8132922] Weekly Flyer  (2026-09-17T03:00:00-04:00 → 2026-09-23T23:59:59-04:00)
    218 products
  [8132931] Weekly Flyer  (2026-09-17T03:00:00-04:00 → 2026-09-23T23:59:59-04:00)
    263 products
  [8132936] Weekly Flyer  (2026-09-17T03:00:00-04:00 → 2026-09-23T23:59:59-04:00)
    258 products
  [8132926] Weekly Flyer  (2026-09-17T03:00:00-04:00 → 2026-09-23T23:59:59-04:00)
    223 products
  [8132985] Weekly Flyer  (2026-09-17T00:00:00-04:00 → 2026-09-23T23:59:59-04:00)
    259 products
  [8132932] Weekly Flyer  (2026-09-17T03:00:00-04:00 → 2026-09-23T23:59:59-04:00)
    256 products
  [8132933] Weekly Flyer  (2026-09-17T03:00:00-04:00 → 2026-09-23T23:59:59-04:00)
    274 products
  [8132988] Weekly Flyer  (2026-09-17T00:00:00-04:00 → 2026-09-23T23:59:59-04:00)
    286 products
  [8132923] Weekly Flyer  (2026-09-17T03:00:00-04:00 → 2026-09-23T23:59:59-04:00)
    249 products
  [8133006] Weekly Flyer  (2026-09-17T00:00:00-04:00 → 2026-09-23T23:59:59-04:00)
    281 products
  [8132993] Weekly Flyer  (2026-09-17T00:00:00-04:00 → 2026-09-23T23:59:59-04:00)
    292 products
  [8133001] Weekly Flyer  (2026-09-17T00:00:00-04:00 → 2026-09-23T23:59:59-04:00)
    237 products
  [8132929] Weekly Flyer  (2026-09-17T03:00:00-04:00 → 2026-09-23T23:59:59-04:00)
    236 products
  [8133009] Weekly Flyer  (2026-09-17T00:00:00-04:00 → 2026-09-23T23:59:59-04:00)
    274 products
  [8132930] Weekly Flyer  (2026-09-17T03:00:00-04:00 → 2026-09-23T23:59:59-04:00)
    281 products
  [8132927] Weekly Flyer  (2026-09-17T03:00:00-04:00 → 2026-09-23T23:59:59-04:00)
    244 products
  [8132995] Weekly Flyer  (2026-09-17T00:00:00-04:00 → 2026-09-23T23:59:59-04:00)
    297 products
  [8133004] Weekly Flyer  (2026-09-17T00:00:00-04:00 → 2026-09-23T23:59:59-04:00)
    297 products
  [8133003] Weekly Flyer  (2026-09-17T00:00:00-04:00 → 2026-09-23T23:59:59-04:00)
    298 products
  [8132996] Weekly Flyer  (2026-09-17T00:00:00-04:00 → 2026-09-23T23:59:59-04:00)
    289 products
  [8132956] Weekly Flyer  (2026-09-17T00:00:00-04:00 → 2026-09-23T23:59:59-04:00)
    81 products
  [8132937] Weekly Flyer  (2026-09-17T03:00:00-04:00 → 2026-09-23T23:59:59-04:00)
    268 products
  [8132935] Weekly Flyer  (2026-09-17T03:00:00-04:00 → 2026-09-23T23:59:59-04:00)
    276 products
  [8132987] Weekly Flyer  (2026-09-17T00:00:00-04:00 → 2026-09-23T23:59:59-04:00)
    294 products
  [8132925] Weekly Flyer  (2026-09-17T03:00:00-04:00 → 2026-09-23T23:59:59-04:00)
    242 products
  [8133011] Weekly Flyer  (2026-09-17T00:00:00-04:00 → 2026-09-23T23:59:59-04:00)
    59 products

── Phase 2 results ──────────────────────────────────────────────────
  Downloaded : 52
  Skipped    : 0  (file already existed)
  Errors     : 0

Run completed: 2026-09-17 17:42:23 UTC
Elapsed      : 0m 49s


Done.  Verbose log → logs/nofrills/2026-09-17_verbose.log
       Summary log → logs/nofrills/2026-09-17_summary.log

