=== No Frills Flyer Fetch — 2026-04-16 ===
Run started : 2026-04-16 13:42:11 UTC

Loaded 373 stores from data/nofrills/stores.json

Stores loaded: 373
Loaded existing store_flyers.json (1016 publication entries)

Phase 1: fetching publications per store…

  [51] Test Store → no new flyers
  [262] Agostino/Nancy nofrills - Bloor E. → ['7880054']
  [266] Masse's nofrills- London → ['7880054']
  [291] David's nofrills - Division St. → ['7880054']
  [293] Grant's nofrills - Kingston → no new flyers
  [703] Jeff & Tanis' nofrills → ['7880059']
  [704] Jason's NF Severn → ['7880059']
  [705] Carlo's nofrills → no new flyers
  [718] Rocky's nofrills #718 → ['7880054']
  [723] Tony's  nofrills - Upper James Av → ['7880054']
  [753] Jim's nofrills #753 → ['7880054']
  [758] Marc's nofrills - Rathburn Rd → ['7880056']
  [763] Mike's nofrills - Port Dover → ['7880054']
  [793] Domenic's nofrills - Harvard Rd → ['7880056']
  [1302] Gary's nofrills- Baseline Rd East → ['7880054']
  [1306] Jeff/Rose/Herb's nofrills Lakeshore → ['7880054']
  [1312] Daniel's nofrills Principale St → ['7880054']
  [1323] 1323 @Hanna → ['7880060']
  [1326] Jesse/Kelly nofrills - Thompson Rd → ['7880054']
  [1335] Ryan's nofrills, Aylmer → ['7880059']
  [1341] Mackay's nofrills - New Hamburg → ['7880054']
  [1346] Rod & Joe's nofrills - Kingston Rd. → ['7880054']
  [1356] Daniel's nofrills - Eglinton Av W → ['7880057']
  [1371] Mario & Selina's nofrills-Royal York → no new flyers
  [1386] Jim & Lee-Anne's nofrills C Line → ['7880054']
  [1394] Baldree's nofrills - King Street E → ['7880054']
  [1399] Nick's nofrills Sheppard Ave. → ['7880056']
  [1448] Cardston - Cardston, AB → ['7880103']
  [1468] No Frills - Marcel & Narisha's → ['7880060']
  [1469] Correy/Rita's nofrills - Tillsonburg → ['7880060']
  [2702] Colbourne's nofrills - Sydney → no new flyers
  [2706] Sam's nofrills - Bridgewater → ['7880062']
  [2707] No Frills → ['7880063']
  [2712] Gouthro's nofrills - Wyse Road → ['7880062']
  [2713] No Frills → ['7880063']
  [3041] Chris' nofrills - Fort Sk. → ['7880106']
  [3049] No Frills John's - Newmarket → ['7880056']
  [3112] Dykeman's nofrills - Kincardine → ['7880054']
  [3117] Darryll & Tracy’s nofrills - Highbury Ave., London → ['7880054']
  [3125] Alan's nofrills - Timmins → no new flyers
  [3131] Derek's nofrills Vaughan → ['7880056']
  [3132] Francois’ No Frills → no new flyers
  [3133] Ron's nofrills Main St. → ['7880054']
  [3134] Jim's nofrills #261 → no new flyers
  [3135] Walkers's  nofrills - Brantford → ['7880054']
  [3138] Eric's nofrills - Lincoln St. → ['7880059']
  [3139] Leo's nofrills - Markham → ['7880056']
  [3140] Vince's nofrills - York Gate Blvd → ['7880056']
  [3142] Dieter/Darcy's nofrills - George St → ['7880054']
  [3143] Rob's nofrills - Guelph Line → ['7880054']
  [3145] Greg's nofrills → ['7880054']
  [3150] Oleg's nofrills - Oakville → ['7880054']
  [3151] Conroy's nofrills → ['7880054']
  [3152] 3152 → ['7880054']
  [3153] Matt's No Frills → ['7880104']
  [3155] Kevin's NF Calgary → ['7880103']
  [3156] Rob's nofrills - Toronto → no new flyers
  [3240] Terry's nofrills - Surrey → ['7880107']
  [3348] Ashley's nofrills → ['7880057']
  [3349] Scott & Laurie's No Frills → ['7880114']
  [3350] Dylan's nofrills - Halifax → ['7880062']
  [3351] Kyle's nofrills - Exmouth St → ['7880054']
  [3352] Paul's Nofrills - Ponoka → ['7880103']
  [3353] Dennis' nofrills → no new flyers
  [3354] Arkee's NOFRILLS Vancouver → no new flyers
  [3355] No Frills → ['7880063']
  [3402] Dave's nofrills - Dawson Creek → ['7880106']
  [3403] Joti's nofrills - Vancouver → ['7880107']
  [3408] Blair's nofrills - Calgary → ['7880106']
  [3410] Dean's nofrills - Vancouver → ['7880107']
  [3413] Clifton's nofrills - Estevan, SK → ['7880107']
  [3414] Steve's nofrills - Castlegar → ['7880104']
  [3417] Tyler's nofrills - Port Alberni → ['7880104']
  [3419] Deepu's nofrills - Surrey → ['7880107']
  [3422] Matt & Ashley's nofrills - Edmonton → ['7880106']
  [3430] Amanda's nofrills - Fort St. John → ['7880106']
  [3433] Sewak's nofrills - Port Coquitlam → ['7880107']
  [3437] Jason's nofrills - Jericho Mall → ['7880104']
  [3438] Kyle's nofrills - Kitimat → ['7880104']
  [3439] Glenn’s nofrills - Surrey → ['7880107']
  [3441] Coverdale’s No Frills → ['7880103']
  [3442] Hellard's nofrills - Main St. Winnipeg → ['7880107']
  [3445] Terashita's nofrills - Brooks   Opened Feb. 28, 2016 → ['7880106']
  [3448] Troy's nofrills - Lethbridge → ['7880106']
  [3449] Ken's No Frills → ['7880104']
  [3450] Shawn's nofrills - Thunder Bay → ['7880104']
  [3451] Andrew & Emily's nofrills - Loyalist Pkwy → no new flyers
  [3456] Steve's nofrills - Dalton Rd → ['7880054']
  [3457] John's nofrills - Milton → ['7880056']
  [3462] John's nofrills - Nobleton → no new flyers
  [3463] Scott's nofrills - Woodstock → ['7880054']
  [3465] Lyle's nofrills → ['7880054']
  [3467] Justin & Stacey's nofrills → ['7880054']
  [3472] Fisher's nofrills - Canrobert St → ['7880054']
  [3473] Jamie & Jaclyn's - Centre Street → ['7880058']
  [3474] Rusty's nofrills - Brantford → ['7880054']
  [3476] Palmieri's nofrills - Newcastle → ['7880054']
  [3478] Craig & Jess' nofrills - Stratford, ON → ['7880054']
  [3480] Emiliano & Ana's nofrills → ['7880056']
  [3490] Mike's nofrills → ['7880054']
  [3493] Jones' nofrills - Silvercrk Pk N → no new flyers
  [3494] Leonetti's nofrills → ['7880056']
  [3603] Jordan's's nofrills - Wetaskwin → ['7880103']
  [3604] Shipley's NF Maple Ridge → ['7880107']
  [3608] Terry's - Humboldt → ['7880107']
  [3610] Aaron's no frills → ['7880104']
  [3616] Steve & Peggy's nofrills Kingston Rd → ['7880054']
  [3621] Steve & Adele's nofrills → ['7880056']
  [3625] Brandon & Megan's NF Stittsville, ON → no new flyers
  [3628] Steve's nofrills → ['7880103']
  [3631] Richard's nofrills → ['7880056']
  [3633] Kris's nofrills - Peace River → ['7880106']
  [3636] Dickie's nofrills - Eglinton Av. E → ['7880056']
  [3639] Brandon's nofrills → ['7880054']
  [3640] Luciano's nofrills - Alberta Av → ['7880054']
  [3641] Brandon & Joanny's NO FRILLS Vancouver → ['7880107']
  [3642] Malloch's nofrills - Burnhamthorpe Rd → no new flyers
  [3643] Luciano's nofrills - Front St → ['7880056']
  [3646] XXXX nofrills   Markham Rd → ['7880056']
  [3647] Tom's nofrills - Roblin Blvd Winnipeg → ['7880104']
  [3648] Kurtis' nofrills - Trail → ['7880104']
  [3649] Chris' nofrills - Edmonton → ['7880106']
  [3650] Patryck's nofrills → ['7880105']
  [3654] Mark's nofrills Winners Circ → ['7880054']
  [3655] XXXX nofrills - Vegreville → ['7880108']
  [3659] Rob's No Frills #3900 → ['7880054']
  [3660] Durante's nofrills - Centre St → ['7880056']
  [3661] Robert's nofrills - Blake St → ['7880054']
  [3663] Ross' nofrills - Photography Drive → ['7880056']
  [3664] Mark's nofrills - Fanshawe Park Road → ['7880056']
  [3665] Gord & Kim's nofrills - Coverdale Dr → no new flyers
  [3666] Frank's nofrills - Queenston Rd. Hamilton → ['7880054']
  [3667] Steve & Liz's nofrills - Stouffville → ['7880056']
  [3668] Franco's nofrills - Hamilton → ['7880054']
  [3669] Cory & Megan's NOFRILLS High River → no new flyers
  [3670] Pepin's nofrills - Hastings St → ['7880054']
  [3671] Jason's nofrills - Jericho Mall → ['7880107']
  [3672] Mark and Sarah's nofrills - Wallaceburg → ['7880054']
  [3673] Farzin's nofrills - Main St → ['7880055']
  [3676] Chris & Beth's nofrills - Simcoe St → no new flyers
  [3677] Tony & Jill's nofrills → ['7880054']
  [3678] Simon's nofrills - Lethbridge → no new flyers
  [3679] Brent & Jennie's nofrills - Hamilton Road → ['7880054']
  [3680] Vi's nofrills - King Street W. → ['7880056']
  [3681] Tim and Heather's NF Shelburne → no new flyers
  [3683] Carol’s No Frills → ['7880103']
  [3684] Peter's Nofrills → ['7880059']
  [3685] Prakash's NF Edmonton → ['7880106']
  [3688] Steve & Amanda's nofrills - Bayly St W → ['7880054']
  [3690] Guthro's nofrills - Acton → ['7880054']
  [3691] Clements' NF Slave Lake → ['7880103']
  [3695] Mike's  NF - Toronto, ON → ['7880056']
  [3697] Mike & Lori 's nofrills - Elizabeth St → ['7880059']
  [3698] Mike and Lori nofrills Port Union → ['7880057']
  [3699] Tom's nofrills - Victoria Park Ave → no new flyers
  [3714] Christine's nofrills - Okotoks → ['7880106']
  [3715] Rob & Tina’s NF → ['7880054']
  [3716] Dilip's No Frills → no new flyers
  [3717] John & Danielle's NF North York, ON → ['7880056']
  [3728] Rob & Rachael's nofrills → ['7880054']
  [3732] Aureo's No Frills - Saskatoon → ['7880104']
  [3733] Brody’s No Frills → ['7880113']
  [3740] Mills' nofrills - Glencoe → ['7880054']
  [3753] Ryan's nofrills - Welland Ave → no new flyers
  [3770] Sam’s No Frills → ['7880054']
  [3771] Jim's No Frills → ['7880056']
  [3776] Ian's nofrills - Edmonton → no new flyers
  [3779] Adrian's → no new flyers
  [3786] Joe & Val's nofrills  - Yonge St → ['7880054']
  [3787] Chris & Tanya’s No Frills → ['7880058']
  [3789] Chris's nofrills → ['7880054']
  [3801] Mike & Andreea’s - Stratford, PEI → ['7880062']
  [3807] Alfie's nofrills - West 4th Ave. → ['7880107']
  [3811] Brook’s No Frills → ['7880106']
  [3814] Shaun & Felicia's - Shediac → ['7880062']
  [3907] Tom & Michelle's nofrills - Creditview → ['7880056']
  [3915] John's nofrills #3915 → ['7880054']
  [3916] Nadim's nofrills - Oshawa → ['7880054']
  [3922] Joe & Barb's - Oshawa → no new flyers
  [3924] Dave's nofrills - Cedarbrae → ['7880057']
  [3925] Carlo's nofrills - Yonge St. → ['7880056']
  [3931] Rocca’s No Frills → ['7880056']
  [3933] James & Jenn's nofrills - Cornwall → ['7880054']
  [3942] Tina's nofrills - Strathmore → ['7880103']
  [3946] Rob's nofrills - Airdrie → ['7880106']
  [3947] Craig's nofrills - Leduc → ['7880106']
  [3948] Lionel's nofrills - Lacombe → ['7880106']
  [3968] Dennis' nofrills - Coquitlam → ['7880104']
  [3969] Darcy's nofrills - Thunder Bay → ['7880104']
  [3970] Kevin and Amanda's nofrills - Calgary → no new flyers
  [3976] Joe's nofrills - Invermere → ['7880104']
  [3978] Crawford's nofrills → ['7880104']
  [3979] Brad's nofrills - Salmon Arm → ['7880104']
  [3982] Mark's nofrills - Cochrane → ['7880106']
  [3983] Sean's nofrills - Stettler → no new flyers
  [3985] Michael's NOFRILLS Langley → ['7880107']
  [3989] Chris & Tracey's nofrills - Morinville → ['7880103']
  [3992] Kevin's nofrills - Olivier → ['7880104']
  [3993] Jerry's → ['7880104']
  [3995] Jeb's nofrills - Beaumont → ['7880103']
  [4012] Phil's nofrills - Argyle Mall → ['7880054']
  [4036] Allen's NF Midland Jones Rd → ['7880054']
  [4112] No Frills Topsail → ['7880063']
  [4164] Jordan & Corrina's → ['7880114']
  [4224] Scott's nofrills - Balmoral Drive → no new flyers
  [4404] Rounddhouse Centre → ['7880054']
  [4436] Merv's nofrills - Calgary → ['7880106']
  [4489] Mike & Rebecca’s nofrills - Whitecourt → ['7880103']
  [4493] Spataro's nofrills - Chinguacousy Rd., Brampton → no new flyers
  [5135] Joseph's nofrills → ['7880056']
  [5139] Esplanade → ['7880060']
  [5156] Andrew & Emily's nofrills - Loyalist Pkwy → ['7880054']
  [5174] Karl & Kelly's - Saint John, NB → ['7880062']
  [5238] Anthony & Nadege’s-Belleville → ['7880054']
  [5456] Trevor's No Frills → ['7880104']
  [5457] Ian's nofrills - Edmonton → ['7880106']
  [5458] Sean's nofrills - Stettler → ['7880103']
  [5459] Gord & Kim's nofrills - Coverdale Dr → ['7880054']
  [5549] Romeo's No Frills → ['7880113']
  [5794] Ashley's nofrills - McLaughlin → ['7880054']
  [6791] Felice's nofrills - Shuter St. → ['7880060']
  [6792] Hunterhorn No Frills → ['7880114']
  [6793] Pincher Creek - Pincher Creek, AB → ['7880114']
  [6797] Vi & Yu Ling's' - Scarborough, ON → ['7880056']
  [6798] Joe's nofrills - Cambridge → ['7880054']
  [6930] David & Mandie's No Frills → ['7880114']
  [6933] MICHAEL'S NOFRILLS SCARBOROUGH → ['7880060']
  [6936] Sudbury → ['7880060']
  [6945] Jesse's - Toronto, ON → ['7880060']
  [6961] AMY & BRENDAN’S → ['7880110']
  [6962] Joe & Lily's NF Ottawa → ['7880054']
  [6964] Jinky's → ['7880115']
  [6966] No Frills - Travis & Sierra's → ['7880115']
  [6969] Cynthia's No Frills - Calgary → ['7880114']
  [6970] Megan's nofrills- Hyde Park → ['7880060']
  [6971] Ray's nofrills → ['7880107']
  [7012] Alfredo's NF Burlington Brant → ['7880054']
  [7026] Nick's and Mira's nofrills-Vic Prk Lawrence → ['7880056']
  [7031] Lorraine's nofrills - Cold Lake → ['7880106']
  [7032] Nadim's nofrills - Whitby → ['7880054']
  [7047] Cosimo's nofrills → ['7880054']
  [7063] Dino's nofrills - Silver Creek Blvd. → no new flyers
  [7074] EF Winnipeg St Anne's → ['7880107']
  [7076] John's nofrills Warden Ave. → ['7880057']
  [7087] Gino's nofrills → ['7880054']
  [7134] Jace’s No Frills → ['7880112']
  [7138] Rob's nofrills → ['7880054']
  [7141] Topher's nofrills - Notre Dame Ave., Winnipeg → ['7880107']
  [7146] John & Irish’s NF → ['7880106']
  [7147] Real & Carolyn’s No Frills → ['7880106']
  [7159] Marc's nofrills # 3901 → ['7880059']
  [7166] Justin's nofrills - Whitby → ['7880054']
  [7167] Harry's nofrills → ['7880054']
  [7175] Tyler's nofrills - Geraldton → ['7880104']
  [7177] Evan and Ila's NF Sydney → ['7880062']
  [7181] Paul & Mallory's NO FRILLS → ['7880056']
  [7182] Dylan's No Frills - Oshawa → ['7880054']
  [7188] Bergen's nofrills → ['7880054']
  [7189] Paul & Nancy's nofrills Hwy 17 → no new flyers
  [7191] Mike & Lori's nofrills - Mckeown Av → ['7880054']
  [7192] Joe's nofrills → ['7880059']
  [7227] Chris' nofrills - Renforth Dr. → ['7880054']
  [7228] Dean's nofrills King St. E → ['7880054']
  [7229] Nick's nofrills - Paris → ['7880054']
  [7235] John's No Frills → ['7880106']
  [7236] Frank’s No Frills, Hamilton → ['7880054']
  [7392] Dennis' nofrills - Tilbury → ['7880054']
  [7395] Sheriff's nofrills → ['7880057']
  [7397] Josh's nofrills - Essex → ['7880054']
  [7411] Andrew & Shelley's NF Toronto → ['7880056']
  [7415] Daniel's nofrills → ['7880059']
  [7432] Dean & Barb nofrills - Queen St. → ['7880054']
  [7444] Dino's - Vaughan, ON → ['7880056']
  [7487] Paul's nofrills - Innisfail → ['7880103']
  [7488] Simran's nofrills → ['7880110']
  [7496] Blake's - St. Catharines, ON → ['7880054']
  [7498] John's nofrills - Nobleton → ['7880054']
  [7499] DYLAN & GALEN’S → ['7880110']
  [7502] Dilip's No Frills → ['7880059']
  [7503] Jones' nofrills - Silvercrk Pk N → ['7880056']
  [7504] Spataro's nofrills - Chinguacousy Rd., Brampton → ['7880055']
  [7505] DaCosta's nofrills - Markham Plaza/Hwy 7 → ['7880054']
  [7507] Stephen’s No Frills → ['7880104']
  [7508] Mario & Selina's nofrills-Royal York → ['7880054']
  [7509] Carlo's nofrills → ['7880056']
  [7512] Tom's nofrills - Victoria Park Ave → ['7880054']
  [7514] Grant's nofrills - Kingston → ['7880059']
  [7515] Simon's nofrills - Lethbridge → ['7880103']
  [7518] BRAMPTON → ['7880058']
  [7527] Malloch's nofrills - Burnhamthorpe Rd → ['7880057']
  [7530] Walsh's No Frills → ['7880106']
  [7531] Scott's nofrills - Balmoral Drive → ['7880054']
  [7532] Joe & Barb's - Oshawa → ['7880059']
  [7540] Tim and Heather's NF Shelburne → ['7880054']
  [7542] Brian's Nofrills → ['7880054']
  [7578] Dino's nofrills - Silver Creek Blvd. → ['7880054']
  [7579] Evan & Ila's No Frills → ['7880107']
  [7580] Alan's nofrills - Timmins → ['7880054']
  [7648] Cliff's No Frills → ['7880062']
  [7649] Tyler's nofrills-Dorchester Road → ['7880054']
  [7651] Tejus & Raman's - Edmonton, AB → ['7880106']
  [7655] Kevin and Amanda's nofrills - Calgary → ['7880106']
  [7763] Connor & Kennedy’s → ['7880064']
  [7909] Paul & Nancy's nofrills Hwy 17 → ['7880058']
  [7911] Rob's nofrills - Toronto → ['7880054']
  [7919] Tony & Sam's No Frills → ['7880106']
  [7921] Tim & Sue's nofrills - Pacific Ave → ['7880054']
  [7922] Tobi's - Quesnel, BC → ['7880110']
  [7928] Lenora's - St Paul, AB → ['7880109']
  [7930] Nicholas & Megan's - Drumheller, AB → ['7880103']
  [7934] Sarangan's NOFRILLS Brampton → ['7880054']
  [7935] Ted's nofrills - Kenora → ['7880104']
  [7936] Dino's nofrills - Avenue Rd → ['7880054']
  [7937] George's NF Toronto Broadview → ['7880054']
  [7938] NF Gambo - Gambo, NFLD → ['7880064']
  [7940] Brian & Ricki's - Midland, ON → ['7880054']
  [7941] JORDAN'S → ['7880060']
  [7942] Chris & Samia's - Nepean, ON → ['7880059']
  [7944] Eric's nofrills - Chestermere → ['7880106']
  [7947] Dani & Matt's → ['7880054']
  [7949] Joe's nofrills - Korah Rd → ['7880054']
  [7951] Alessandro's → ['7880060']
  [7952] Bo's → ['7880060']
  [7953] Ray's - Kelowna, BC → ['7880115']
  [7954] Vito's nofrills - Keele St → ['7880056']
  [7955] Mitch & Alana's - London, ON → ['7880060']
  [7956] Ross & Lindsay's nofrills → ['7880059']
  [7961] Raman's No Frills → ['7880057']
  [7963] Roy's nofrills - Dartmouth → ['7880062']
  [7965] Stephen's nofrills -Eglinton Ave. → ['7880056']
  [7966] Darwin's nofrills - Wainwright → ['7880111']
  [7967] Chris' nofrills - Goulet St. Winnipeg → ['7880107']
  [7994] Ken's nofrills - Langley → ['7880107']
  [7995] Aaron & Katrina's - Grand Prairie → ['7880106']
  [7996] Ted’s No Frills Winnipeg → ['7880107']
  [8000] Eric's nofrills - Waterdown → ['7880054']
  [8008] Ivan & Karen's → ['7880107']
  [8178] Taylor's NF → ['7880054']
  [8192] Jim’s-St. Catherine’s → ['7880054']
  [8998] Joe & Cassy’s → ['7880054']
  [8999] Johnny’s-Ottawa → ['7880059']
  [9474] Walsh's nofrills - Edmonton → ['7880106']
  [9478] Cliff's No Frills → ['7880062']
  [9479] Paolo's nofrills - Brampton → ['7880054']
  [9482] Justin’s NF → ['7880107']
  [9532] Gordon's nofrills - East Hastings → ['7880107']
  [9535] Francesco's - Fredericton → ['7880064']
  [9536] Ian's nofrills- McAllister Saint John → ['7880064']
  [9537] Ken's No Frills - Summerside → ['7880064']
  [9547] Peter’s NF Burlington Plains → ['7880060']
  [9555] Mike & Grace's nofrills → ['7880054']
  [9566] Tony & Kathy's → ['7880054']
  [9572] Edwards No Frills Kelowna → ['7880115']
  [9573] No Frills → ['7880114']
  [9577] Chemalnus → ['7880115']
  [9578] Andy's → ['7880115']
  [9580] Bathurst - NB → ['7880064']
  [9584] PJ's nofrills - College St W → ['7880060']
  [9585] Chad & Maegan's → ['7880060']
  [9586] Jordan's → ['7880114']
  [9689] Michael's nofrills - Silver Star Bvd → ['7880057']
  [9694] Muhammad's No Frills → ['7880115']
  [9775] Paul & Adele's nofrills - Upper Paradise Rd. → ['7880054']
  [9776] Summerhill nofrills - Ajax → ['7880056']
  [9779] Dennis' No Frills → ['7880115']
  [9781] NF Gambo - Gambo, NFLD → ['7880065']
  [9782] Andy & Nick’s No Frills → ['7880113']
  [9785] Chris and Karen nofrills - Yonge St → ['7880056']
  [9786] Andrew and Jessica’s nofrills - High River → ['7880103']
  [9796] Scott's No Frills → ['7880060']
  [9797] Daniel & Alexandra’s nofrills → ['7880061']
  [9799] Jeff & Holly's - Stittsville, ON → ['7880054']
  [9999] Ross & Lindsay's NOFRILLS Cambridge → no new flyers

  339 new publication entries across 373 stores
  25 unique new publication(s) to download
  Saved → data/nofrills/store_flyers.json  (1,799,391 bytes)
New publication entries added to store_flyers.json: 339
Unique new publications to download: 25

Phase 2: fetching products for each new publication…

  [7880054] Weekly Flyer  (2026-04-16T00:00:00-04:00 → 2026-04-22T23:59:59-04:00)
    271 products
  Saved → data/nofrills/flyers/7880054.json  (616,609 bytes)
  [7880059] Weekly Flyer  (2026-04-16T00:00:00-04:00 → 2026-04-22T23:59:59-04:00)
    286 products
  Saved → data/nofrills/flyers/7880059.json  (649,980 bytes)
  [7880056] Weekly Flyer  (2026-04-16T00:00:00-04:00 → 2026-04-22T23:59:59-04:00)
    286 products
  Saved → data/nofrills/flyers/7880056.json  (650,549 bytes)
  [7880060] Weekly Flyer  (2026-04-16T00:00:00-04:00 → 2026-04-22T23:59:59-04:00)
    70 products
  Saved → data/nofrills/flyers/7880060.json  (157,801 bytes)
  [7880057] Weekly Flyer  (2026-04-16T00:00:00-04:00 → 2026-04-22T23:59:59-04:00)
    301 products
  Saved → data/nofrills/flyers/7880057.json  (683,921 bytes)
  [7880103] Weekly Flyer  (2026-04-16T03:00:00-04:00 → 2026-04-22T23:59:59-04:00)
    276 products
  Saved → data/nofrills/flyers/7880103.json  (624,442 bytes)
  [7880062] Weekly Flyer  (2026-04-16T00:00:00-04:00 → 2026-04-22T23:59:59-04:00)
    223 products
  Saved → data/nofrills/flyers/7880062.json  (508,533 bytes)
  [7880063] Weekly Flyer  (2026-04-16T00:00:00-04:00 → 2026-04-22T23:59:59-04:00)
    223 products
  Saved → data/nofrills/flyers/7880063.json  (508,269 bytes)
  [7880106] Weekly Flyer  (2026-04-16T03:00:00-04:00 → 2026-04-22T23:59:59-04:00)
    293 products
  Saved → data/nofrills/flyers/7880106.json  (662,769 bytes)
  [7880104] Weekly Flyer  (2026-04-16T03:00:00-04:00 → 2026-04-22T23:59:59-04:00)
    275 products
  Saved → data/nofrills/flyers/7880104.json  (622,826 bytes)
  [7880107] Weekly Flyer  (2026-04-16T03:00:00-04:00 → 2026-04-22T23:59:59-04:00)
    292 products
  Saved → data/nofrills/flyers/7880107.json  (661,153 bytes)
  [7880114] Weekly Flyer  (2026-04-16T03:00:00-04:00 → 2026-04-22T23:59:59-04:00)
    82 products
  Saved → data/nofrills/flyers/7880114.json  (183,889 bytes)
  [7880058] Weekly Flyer  (2026-04-16T00:00:00-04:00 → 2026-04-22T23:59:59-04:00)
    302 products
  Saved → data/nofrills/flyers/7880058.json  (685,974 bytes)
  [7880105] Weekly Flyer  (2026-04-16T03:00:00-04:00 → 2026-04-22T23:59:59-04:00)
    294 products
  Saved → data/nofrills/flyers/7880105.json  (664,822 bytes)
  [7880108] Weekly Flyer  (2026-04-16T03:00:00-04:00 → 2026-04-22T23:59:59-04:00)
    309 products
  Saved → data/nofrills/flyers/7880108.json  (698,589 bytes)
  [7880055] Weekly Flyer  (2026-04-16T00:00:00-04:00 → 2026-04-22T23:59:59-04:00)
    272 products
  Saved → data/nofrills/flyers/7880055.json  (618,899 bytes)
  [7880113] Weekly Flyer  (2026-04-16T03:00:00-04:00 → 2026-04-22T23:59:59-04:00)
    290 products
  Saved → data/nofrills/flyers/7880113.json  (656,593 bytes)
  [7880110] Weekly Flyer  (2026-04-16T03:00:00-04:00 → 2026-04-22T23:59:59-04:00)
    307 products
  Saved → data/nofrills/flyers/7880110.json  (694,920 bytes)
  [7880115] Weekly Flyer  (2026-04-16T03:00:00-04:00 → 2026-04-22T23:59:59-04:00)
    82 products
  Saved → data/nofrills/flyers/7880115.json  (183,580 bytes)
  [7880112] Weekly Flyer  (2026-04-16T03:00:00-04:00 → 2026-04-22T23:59:59-04:00)
    291 products
  Saved → data/nofrills/flyers/7880112.json  (658,209 bytes)
  [7880064] Weekly Flyer  (2026-04-16T00:00:00-04:00 → 2026-04-22T23:59:59-04:00)
    73 products
  Saved → data/nofrills/flyers/7880064.json  (164,783 bytes)
  [7880109] Weekly Flyer  (2026-04-16T03:00:00-04:00 → 2026-04-22T23:59:59-04:00)
    308 products
  Saved → data/nofrills/flyers/7880109.json  (696,536 bytes)
  [7880111] Weekly Flyer  (2026-04-16T03:00:00-04:00 → 2026-04-22T23:59:59-04:00)
    292 products
  Saved → data/nofrills/flyers/7880111.json  (660,262 bytes)
  [7880065] Weekly Flyer  (2026-04-16T00:00:00-04:00 → 2026-04-22T23:59:59-04:00)
    73 products
  Saved → data/nofrills/flyers/7880065.json  (164,731 bytes)
  [7880061] Weekly Flyer  (2026-04-16T00:00:00-04:00 → 2026-04-22T23:59:59-04:00)
    47 products
  Saved → data/nofrills/flyers/7880061.json  (106,372 bytes)

── Phase 2 results ──────────────────────────────────────────────────
  Downloaded : 25
  Skipped    : 0  (file already existed)
  Errors     : 0

Run completed: 2026-04-16 13:43:37 UTC
Elapsed      : 1m 26s


Done.  Verbose log → logs/nofrills/2026-04-16_verbose.log
       Summary log → logs/nofrills/2026-04-16_summary.log

