=== No Frills Flyer Fetch — 2026-09-03 ===
Run started : 2026-09-03 17:06:02 UTC

Loaded 381 stores from data/nofrills/stores.parquet

Stores loaded: 381
Loaded store_flyers.parquet (6376 publication entries)

Phase 1: fetching publications per store…

  [51] Test Store → no new flyers
  [262] Agostino/Nancy nofrills - Bloor E. → no new flyers
  [266] Masse's nofrills- London → ['8115380']
  [291] David's nofrills - Division St. → ['8115385']
  [293] Grant's nofrills - Kingston → no new flyers
  [703] Jeff & Tanis' nofrills → ['8115383']
  [704] Jason's NF Severn → ['8115383']
  [705] Carlo's nofrills → no new flyers
  [718] Rocky's nofrills #718 → ['8115404']
  [723] Tony's  nofrills - Upper James Av → ['8115372']
  [753] Jim's nofrills #753 → ['8115403']
  [758] Marc's nofrills - Rathburn Rd → ['8115402']
  [763] Mike's nofrills - Port Dover → no new flyers
  [793] Domenic's nofrills - Harvard Rd → ['8115378']
  [1302] Gary's nofrills- Baseline Rd East → ['8115381']
  [1306] Jeff/Rose/Herb's nofrills Lakeshore → ['8115404']
  [1312] Daniel's nofrills Principale St → ['8115386']
  [1323] 1323 @Hanna → ['8115410']
  [1326] Jesse/Kelly nofrills - Thompson Rd → ['8115385']
  [1335] Ryan's nofrills, Aylmer → ['8115383']
  [1341] Mackay's nofrills - New Hamburg → ['8115385']
  [1346] Rod & Joe's nofrills - Kingston Rd. → ['8115404']
  [1356] Daniel's nofrills - Eglinton Av W → ['8115400']
  [1371] Mario & Selina's nofrills-Royal York → no new flyers
  [1386] Jim & Lee-Anne's nofrills C Line → ['8115385']
  [1394] Baldree's nofrills - King Street E → ['8115385']
  [1399] Nick's nofrills Sheppard Ave. → ['8115395']
  [1448] Cardston - Cardston, AB → ['8115331']
  [1468] No Frills - Marcel & Narisha's → ['8115410']
  [1469] Correy/Rita's nofrills - Tillsonburg → ['8115409']
  [2702] Colbourne's nofrills - Sydney → no new flyers
  [2706] Sam's nofrills - Bridgewater → ['8115257']
  [2707] No Frills → no new flyers
  [2712] Gouthro's nofrills - Wyse Road → no new flyers
  [2713] No Frills → ['8115259']
  [3041] Chris' nofrills - Fort Sk. → ['8115338']
  [3049] No Frills John's - Newmarket → ['8115402']
  [3112] Dykeman's nofrills - Kincardine → no new flyers
  [3117] Darryll & Tracy’s nofrills - Highbury Ave., London → ['8115372']
  [3125] Alan's nofrills - Timmins → no new flyers
  [3131] Derek's nofrills Vaughan → ['8115390']
  [3132] Francois’ No Frills → no new flyers
  [3133] Ron's nofrills Main St. → ['8115385']
  [3134] Jim's nofrills #261 → no new flyers
  [3135] Walkers's  nofrills - Brantford → ['8115379']
  [3138] Eric's nofrills - Lincoln St. → ['8115373']
  [3139] Leo's nofrills - Markham → ['8115401']
  [3140] Vince's nofrills - York Gate Blvd → ['8115395']
  [3142] Dieter/Darcy's nofrills - George St → ['8115386']
  [3143] Rob's nofrills - Guelph Line → ['8115380']
  [3145] Greg's nofrills → ['8115404']
  [3150] Oleg's nofrills - Oakville → ['8115406']
  [3151] Conroy's nofrills → ['8115385']
  [3152] 3152 → no new flyers
  [3153] Matt's No Frills → ['8115331']
  [3155] Kevin's NF Calgary → ['8115338']
  [3156] Rob's nofrills - Toronto → no new flyers
  [3240] Terry's nofrills - Surrey → ['8115338']
  [3348] Ashley's nofrills → ['8115396']
  [3349] Scott & Laurie's No Frills → ['8115331']
  [3350] Dylan's nofrills - Halifax → ['8115258']
  [3351] Kyle's nofrills - Exmouth St → ['8115381']
  [3352] Paul's Nofrills - Ponoka → ['8115338']
  [3353] Dennis' nofrills → no new flyers
  [3354] Arkee's NOFRILLS Vancouver → no new flyers
  [3355] No Frills → ['8115259']
  [3402] Dave's nofrills - Dawson Creek → ['8115338']
  [3403] Joti's nofrills - Vancouver → ['8115334']
  [3408] Blair's nofrills - Calgary → ['8115338']
  [3410] Dean's nofrills - Vancouver → ['8115338']
  [3413] Clifton's nofrills - Estevan, SK → ['8115338']
  [3414] Steve's nofrills - Castlegar → ['8115331']
  [3417] Tyler's nofrills - Port Alberni → ['8115331']
  [3419] Deepu's nofrills - Surrey → ['8115338']
  [3422] Matt & Ashley's nofrills - Edmonton → ['8115338']
  [3430] Amanda's nofrills - Fort St. John → ['8115338']
  [3433] Sewak's nofrills - Port Coquitlam → ['8115338']
  [3437] Jason's nofrills - Jericho Mall → ['8115331']
  [3438] Kyle's nofrills - Kitimat → ['8115338']
  [3439] Glenn’s nofrills - Surrey → ['8115338']
  [3441] Coverdale’s No Frills → ['8115338']
  [3442] Hellard's nofrills - Main St. Winnipeg → ['8115338']
  [3445] Terashita's nofrills - Brooks   Opened Feb. 28, 2016 → ['8115338']
  [3448] Troy's nofrills - Lethbridge → ['8115338']
  [3449] Ken's No Frills → ['8115331']
  [3450] Shawn's nofrills - Thunder Bay → no new flyers
  [3451] Andrew & Emily's nofrills - Loyalist Pkwy → no new flyers
  [3456] Steve's nofrills - Dalton Rd → ['8115385']
  [3457] John's nofrills - Milton → ['8115401']
  [3462] John's nofrills - Nobleton → no new flyers
  [3463] Scott's nofrills - Woodstock → ['8115380']
  [3465] Lyle's nofrills → no new flyers
  [3467] Justin & Stacey's nofrills → ['8115385']
  [3472] Fisher's nofrills - Canrobert St → ['8115385']
  [3473] Jamie & Jaclyn's - Centre Street → ['8115382']
  [3474] Rusty's nofrills - Brantford → ['8115370']
  [3476] Palmieri's nofrills - Newcastle → ['8115386']
  [3478] Craig & Jess' nofrills - Stratford, ON → no new flyers
  [3480] Emiliano & Ana's nofrills → ['8115395']
  [3490] Mike's nofrills → ['8115399']
  [3493] Jones' nofrills - Silvercrk Pk N → no new flyers
  [3494] Leonetti's nofrills → ['8115397']
  [3603] Jordan's's nofrills - Wetaskwin → ['8115331']
  [3604] Shipley's NF Maple Ridge → ['8115338']
  [3608] Terry's - Humboldt → ['8115338']
  [3610] Aaron's no frills → ['8115331']
  [3616] Steve & Peggy's nofrills Kingston Rd → ['8115389']
  [3621] Steve & Adele's nofrills → ['8115402']
  [3625] Brandon & Megan's NF Stittsville, ON → no new flyers
  [3628] Steve's nofrills → ['8115331']
  [3631] Richard's nofrills → ['8115395']
  [3633] Kris's nofrills - Peace River → ['8115338']
  [3636] Dickie's nofrills - Eglinton Av. E → ['8115395']
  [3639] Brandon's nofrills → ['8115385']
  [3640] Luciano's nofrills - Alberta Av → ['8115404']
  [3641] Brandon & Joanny's NO FRILLS Vancouver → ['8115338']
  [3642] Malloch's nofrills - Burnhamthorpe Rd → no new flyers
  [3643] Luciano's nofrills - Front St → ['8115395']
  [3646] XXXX nofrills   Markham Rd → no new flyers
  [3647] Tom's nofrills - Roblin Blvd Winnipeg → ['8115338']
  [3648] Kurtis' nofrills - Trail → ['8115331']
  [3649] Chris' nofrills - Edmonton → ['8115338']
  [3650] Patryck's nofrills → ['8115335']
  [3654] Mark's nofrills Winners Circ → ['8115385']
  [3655] XXXX nofrills - Vegreville → ['8115336']
  [3659] Rob's No Frills #3900 → ['8115403']
  [3660] Durante's nofrills - Centre St → ['8115391']
  [3661] Robert's nofrills - Blake St → ['8115385']
  [3663] Ross' nofrills - Photography Drive → ['8115395']
  [3664] Mark's nofrills - Fanshawe Park Road → ['8115378']
  [3665] Gord & Kim's nofrills - Coverdale Dr → no new flyers
  [3666] Frank's nofrills - Queenston Rd. Hamilton → ['8115376']
  [3667] Steve & Liz's nofrills - Stouffville → ['8115401']
  [3668] Franco's nofrills - Hamilton → ['8115381']
  [3669] Cory & Megan's NOFRILLS High River → no new flyers
  [3670] Pepin's nofrills - Hastings St → ['8115385']
  [3671] Jason's nofrills - Jericho Mall → ['8115338']
  [3672] Mark and Sarah's nofrills - Wallaceburg → ['8115385']
  [3673] Farzin's nofrills - Main St → no new flyers
  [3676] Chris & Beth's nofrills - Simcoe St → no new flyers
  [3677] Tony & Jill's nofrills → ['8115385']
  [3678] Simon's nofrills - Lethbridge → no new flyers
  [3679] Brent & Jennie's nofrills - Hamilton Road → ['8115381']
  [3680] Vi's nofrills - King Street W. → ['8115397']
  [3681] Tim and Heather's NF Shelburne → no new flyers
  [3683] Carol’s No Frills → ['8115338']
  [3684] Peter's Nofrills → ['8115383']
  [3685] Prakash's NF Edmonton → ['8115338']
  [3688] Steve & Amanda's nofrills - Bayly St W → ['8115399']
  [3690] Guthro's nofrills - Acton → ['8115385']
  [3691] Clements' NF Slave Lake → ['8115331']
  [3695] Mike's  NF - Toronto, ON → ['8115401']
  [3697] Mike & Lori 's nofrills - Elizabeth St → ['8115383']
  [3698] Mike and Lori nofrills Port Union → ['8115400']
  [3699] Tom's nofrills - Victoria Park Ave → no new flyers
  [3714] Christine's nofrills - Okotoks → ['8115338']
  [3715] Rob & Tina’s NF → ['8115376']
  [3716] Dilip's No Frills → no new flyers
  [3717] John & Danielle's NF North York, ON → ['8115392']
  [3728] Rob & Rachael's nofrills → ['8115381']
  [3732] Aureo's No Frills - Saskatoon → ['8115338']
  [3733] Brody’s No Frills → ['8115333']
  [3740] Mills' nofrills - Glencoe → no new flyers
  [3753] Ryan's nofrills - Welland Ave → no new flyers
  [3770] Sam’s No Frills → ['8115408']
  [3771] Jim's No Frills → ['8115401']
  [3776] Ian's nofrills - Edmonton → no new flyers
  [3779] Adrian's → no new flyers
  [3786] Joe & Val's nofrills  - Yonge St → ['8115403']
  [3787] Chris & Tanya’s No Frills → ['8115382']
  [3789] Chris's nofrills → ['8115385']
  [3801] Mike & Andreea’s - Stratford, PEI → ['8115257']
  [3807] Alfie's nofrills - West 4th Ave. → no new flyers
  [3811] Brook’s No Frills → ['8115334']
  [3814] Shaun & Felicia's - Shediac → ['8115257']
  [3907] Tom & Michelle's nofrills - Creditview → ['8115401']
  [3915] John's nofrills #3915 → ['8115385']
  [3916] Nadim's nofrills - Oshawa → ['8115403']
  [3922] Joe & Barb's - Oshawa → no new flyers
  [3924] Dave's nofrills - Cedarbrae → ['8115394']
  [3925] Carlo's nofrills - Yonge St. → ['8115390']
  [3931] Rocca’s No Frills → ['8115405']
  [3933] James & Jenn's nofrills - Cornwall → ['8115385']
  [3942] Tina's nofrills - Strathmore → ['8115338']
  [3946] Rob's nofrills - Airdrie → ['8115338']
  [3947] Craig's nofrills - Leduc → ['8115338']
  [3948] Lionel's nofrills - Lacombe → ['8115338']
  [3968] Dennis' nofrills - Coquitlam → ['8115338']
  [3969] Darcy's nofrills - Thunder Bay → ['8115338']
  [3970] Kevin and Amanda's nofrills - Calgary → no new flyers
  [3976] Joe's nofrills - Invermere → ['8115331']
  [3978] Crawford's nofrills → ['8115338']
  [3979] Brad's nofrills - Salmon Arm → ['8115331']
  [3982] Mark's nofrills - Cochrane → ['8115338']
  [3983] Sean's nofrills - Stettler → no new flyers
  [3985] Michael's NOFRILLS Langley → ['8115338']
  [3989] Chris & Tracey's nofrills - Morinville → ['8115331']
  [3992] Kevin's nofrills - Olivier → ['8115331']
  [3993] Jerry's → ['8115338']
  [3995] Jeb's nofrills - Beaumont → ['8115331']
  [4012] Phil's nofrills - Argyle Mall → ['8115381']
  [4036] Allen's NF Midland Jones Rd → ['8115386']
  [4112] No Frills Topsail → no new flyers
  [4164] Jordan & Corrina's → ['8115338']
  [4224] Scott's nofrills - Balmoral Drive → no new flyers
  [4404] Rounddhouse Centre → ['8115376']
  [4436] Merv's nofrills - Calgary → ['8115338']
  [4489] Mike & Rebecca’s nofrills - Whitecourt → ['8115338']
  [4493] Spataro's nofrills - Chinguacousy Rd., Brampton → no new flyers
  [5135] Joseph's nofrills → ['8115395']
  [5139] Esplanade → ['8115410']
  [5156] Andrew & Emily's nofrills - Loyalist Pkwy → ['8115386']
  [5174] Karl & Kelly's - Saint John, NB → ['8115257']
  [5238] Anthony & Nadege’s-Belleville → ['8115385']
  [5456] Trevor's No Frills → ['8115338']
  [5457] Ian's nofrills - Edmonton → no new flyers
  [5458] Sean's nofrills - Stettler → ['8115331']
  [5459] Gord & Kim's nofrills - Coverdale Dr → ['8115385']
  [5549] Romeo's No Frills → ['8115333']
  [5794] Ashley's nofrills - McLaughlin → ['8115389']
  [6791] Felice's nofrills - Shuter St. → ['8115410']
  [6792] Hunterhorn No Frills → no new flyers
  [6793] Pincher Creek - Pincher Creek, AB → no new flyers
  [6797] Vi & Yu Ling's' - Scarborough, ON → ['8115395']
  [6798] Joe's nofrills - Cambridge → ['8115372']
  [6930] David & Mandie's No Frills → ['8115331']
  [6933] MICHAEL'S NOFRILLS SCARBOROUGH → ['8115410']
  [6936] Sudbury → ['8115409']
  [6945] Jesse's - Toronto, ON → ['8115410']
  [6961] AMY & BRENDAN’S → ['8115337']
  [6962] Joe & Lily's NF Ottawa → ['8115380']
  [6964] Jinky's → ['8115331']
  [6966] No Frills - Travis & Sierra's → ['8115331']
  [6969] Cynthia's No Frills - Calgary → ['8115331']
  [6970] Megan's nofrills- Hyde Park → ['8115409']
  [6971] Ray's nofrills → ['8115338']
  [7012] Alfredo's NF Burlington Brant → ['8115380']
  [7026] Nick's and Mira's nofrills-Vic Prk Lawrence → ['8115401']
  [7031] Lorraine's nofrills - Cold Lake → ['8115338']
  [7032] Nadim's nofrills - Whitby → ['8115399']
  [7047] Cosimo's nofrills → ['8115395']
  [7063] Dino's nofrills - Silver Creek Blvd. → no new flyers
  [7074] EF Winnipeg St Anne's → ['8115338']
  [7076] John's nofrills Warden Ave. → ['8115400']
  [7087] Gino's nofrills → ['8115408']
  [7134] Jace’s No Frills → ['8115333']
  [7138] Rob's nofrills → ['8115399']
  [7141] Topher's nofrills - Notre Dame Ave., Winnipeg → ['8115338']
  [7146] John & Irish’s NF → ['8115338']
  [7147] Real & Carolyn’s No Frills → ['8115338']
  [7159] Marc's nofrills # 3901 → ['8115377']
  [7166] Justin's nofrills - Whitby → ['8115389']
  [7167] Harry's nofrills → ['8115385']
  [7175] Tyler's nofrills - Geraldton → no new flyers
  [7177] Evan and Ila's NF Sydney → ['8115257']
  [7181] Paul & Mallory's NO FRILLS → ['8115378']
  [7182] Dylan's No Frills - Oshawa → ['8115399']
  [7188] Bergen's nofrills → ['8115385']
  [7189] Paul & Nancy's nofrills Hwy 17 → no new flyers
  [7191] Mike & Lori's nofrills - Mckeown Av → ['8115385']
  [7192] Joe's nofrills → ['8115383']
  [7227] Chris' nofrills - Renforth Dr. → ['8115403']
  [7228] Dean's nofrills King St. E → ['8115385']
  [7229] Nick's nofrills - Paris → ['8115384']
  [7235] John's No Frills → ['8115338']
  [7236] Frank’s No Frills, Hamilton → ['8115376']
  [7392] Dennis' nofrills - Tilbury → ['8115385']
  [7395] Sheriff's nofrills → ['8115394']
  [7397] Josh's nofrills - Essex → ['8115385']
  [7411] Andrew & Shelley's NF Toronto → ['8115395']
  [7415] Daniel's nofrills → no new flyers
  [7432] Dean & Barb nofrills - Queen St. → ['8115385']
  [7444] Dino's - Vaughan, ON → ['8115401']
  [7487] Paul's nofrills - Innisfail → ['8115331']
  [7488] Simran's nofrills → ['8115333']
  [7496] Blake's - St. Catharines, ON → ['8115378']
  [7498] John's nofrills - Nobleton → ['8115408']
  [7499] DYLAN & GALEN’S → ['8115333']
  [7502] Dilip's No Frills → ['8115388']
  [7503] Jones' nofrills - Silvercrk Pk N → ['8115374']
  [7504] Spataro's nofrills - Chinguacousy Rd., Brampton → ['8115389']
  [7505] DaCosta's nofrills - Markham Plaza/Hwy 7 → ['8115401']
  [7507] Stephen’s No Frills → ['8115338']
  [7508] Mario & Selina's nofrills-Royal York → ['8115404']
  [7509] Carlo's nofrills → ['8115395']
  [7512] Tom's nofrills - Victoria Park Ave → ['8115404']
  [7514] Grant's nofrills - Kingston → ['8115383']
  [7515] Simon's nofrills - Lethbridge → ['8115331']
  [7518] BRAMPTON → ['8115387']
  [7527] Malloch's nofrills - Burnhamthorpe Rd → ['8115400']
  [7530] Walsh's No Frills → ['8115338']
  [7531] Scott's nofrills - Balmoral Drive → ['8115399']
  [7532] Joe & Barb's - Oshawa → ['8115393']
  [7540] Tim and Heather's NF Shelburne → ['8115385']
  [7542] Brian's Nofrills → ['8115372']
  [7578] Dino's nofrills - Silver Creek Blvd. → ['8115403']
  [7579] Evan & Ila's No Frills → ['8115338']
  [7580] Alan's nofrills - Timmins → ['8115385']
  [7648] Cliff's No Frills → ['8115257']
  [7649] Tyler's nofrills-Dorchester Road → ['8115386']
  [7651] Tejus & Raman's - Edmonton, AB → ['8115338']
  [7655] Kevin and Amanda's nofrills - Calgary → ['8115338']
  [7763] Connor & Kennedy’s → ['8115260']
  [7909] Paul & Nancy's nofrills Hwy 17 → ['8115382']
  [7911] Rob's nofrills - Toronto → ['8115406']
  [7919] Tony & Sam's No Frills → ['8115338']
  [7921] Tim & Sue's nofrills - Pacific Ave → ['8115403']
  [7922] Tobi's - Quesnel, BC → ['8115337']
  [7928] Lenora's - St Paul, AB → ['8115337']
  [7930] Nicholas & Megan's - Drumheller, AB → ['8115338']
  [7934] Sarangan's NOFRILLS Brampton → ['8115389']
  [7935] Ted's nofrills - Kenora → ['8115331']
  [7936] Dino's nofrills - Avenue Rd → ['8115407']
  [7937] George's NF Toronto Broadview → ['8115405']
  [7938] NF Gambo - Gambo, NFLD → ['8115257']
  [7940] Brian & Ricki's - Midland, ON → ['8115385']
  [7941] JORDAN'S → ['8115410']
  [7942] Chris & Samia's - Nepean, ON → ['8115377']
  [7944] Eric's nofrills - Chestermere → ['8115338']
  [7947] Dani & Matt's → ['8115385']
  [7949] Joe's nofrills - Korah Rd → ['8115385']
  [7951] Alessandro's → ['8115409']
  [7952] Bo's → ['8115410']
  [7953] Ray's - Kelowna, BC → ['8115331']
  [7954] Vito's nofrills - Keele St → ['8115395']
  [7955] Mitch & Alana's - London, ON → ['8115409']
  [7956] Ross & Lindsay's nofrills → ['8115371']
  [7961] Raman's No Frills → ['8115394']
  [7963] Roy's nofrills - Dartmouth → ['8115258']
  [7965] Stephen's nofrills -Eglinton Ave. → ['8115395']
  [7966] Darwin's nofrills - Wainwright → ['8115332']
  [7967] Chris' nofrills - Goulet St. Winnipeg → ['8115338']
  [7994] Ken's nofrills - Langley → ['8115338']
  [7995] Aaron & Katrina's - Grand Prairie → ['8115338']
  [7996] Ted’s No Frills Winnipeg → ['8115338']
  [8000] Eric's nofrills - Waterdown → ['8115385']
  [8008] Ivan & Karen's → ['8115338']
  [8178] Taylor's NF → ['8115385']
  [8192] Jim’s-St. Catherine’s → ['8115385']
  [8998] Joe & Cassy’s → ['8115386']
  [8999] Johnny’s-Ottawa → ['8115375']
  [9474] Walsh's nofrills - Edmonton → ['8115338']
  [9478] Cliff's No Frills → ['8115257']
  [9479] Paolo's nofrills - Brampton → ['8115389']
  [9482] Justin’s NF → ['8115338']
  [9532] Gordon's nofrills - East Hastings → ['8115338']
  [9535] Francesco's - Fredericton → ['8115257']
  [9536] Ian's nofrills- McAllister Saint John → ['8115257']
  [9537] Ken's No Frills - Summerside → ['8115257']
  [9547] Peter’s NF Burlington Plains → ['8115409']
  [9555] Mike & Grace's nofrills → ['8115380']
  [9566] Tony & Kathy's → ['8115376']
  [9572] Edwards No Frills Kelowna → ['8115331']
  [9573] No Frills → ['8115338']
  [9577] Chemalnus → ['8115331']
  [9578] Andy's → ['8115331']
  [9580] Bathurst - NB → no new flyers
  [9584] PJ's nofrills - College St W → ['8115410']
  [9585] Chad & Maegan's → ['8115409']
  [9586] Jordan's → ['8115338']
  [9689] Michael's nofrills - Silver Star Bvd → ['8115394']
  [9694] Muhammad's No Frills → ['8115331']
  [9775] Paul & Adele's nofrills - Upper Paradise Rd. → ['8115385']
  [9776] Summerhill nofrills - Ajax → ['8115395']
  [9779] Dennis' No Frills → ['8115331']
  [9781] NF Gambo - Gambo, NFLD → ['8115259']
  [9782] Andy & Nick’s No Frills → no new flyers
  [9785] Chris and Karen nofrills - Yonge St → ['8115395']
  [9786] Andrew and Jessica’s nofrills - High River → ['8115338']
  [9796] Scott's No Frills → ['8115409']
  [9797] Daniel & Alexandra’s nofrills → ['8115411']
  [9799] Jeff & Holly's - Stittsville, ON → ['8115381']
  [9999] Ross & Lindsay's NOFRILLS Cambridge → no new flyers
  [5134] Pam & Steve’s nofrills → ['8115385']
  [5567] Nathiel & Maggie's nofrills → ['8115385']
  [6750] Dean's nofrills → ['8115408']
  [7017] Tara’s no frills → ['8115376']
  [8564] Walker's → ['8115385']
  [9541] John's nofrills → ['8115334']
  [9557] Carter's nofrills → ['8115331']
  [9561] Carmen's nofrills → ['8115338']

  326 new publication entries across 381 stores
  53 unique new publication(s) to download
  Appended 326 rows to data/nofrills/store_flyers.parquet
New publication entries added to store_flyers.parquet: 326
Unique new publications to download: 53

Phase 2: fetching products for each new publication…

  [8115380] Weekly Flyer  (2026-09-03T00:00:00-04:00 → 2026-09-09T23:59:59-04:00)
    306 products
  [8115385] Weekly Flyer  (2026-09-03T00:00:00-04:00 → 2026-09-09T23:59:59-04:00)
    273 products
  [8115383] Weekly Flyer  (2026-09-03T00:00:00-04:00 → 2026-09-09T23:59:59-04:00)
    287 products
  [8115404] Weekly Flyer  (2026-09-03T00:00:00-04:00 → 2026-09-09T23:59:59-04:00)
    294 products
  [8115372] Weekly Flyer  (2026-09-03T00:00:00-04:00 → 2026-09-09T23:59:59-04:00)
    310 products
  [8115403] Weekly Flyer  (2026-09-03T00:00:00-04:00 → 2026-09-09T23:59:59-04:00)
    306 products
  [8115402] Weekly Flyer  (2026-09-03T00:00:00-04:00 → 2026-09-09T23:59:59-04:00)
    308 products
  [8115378] Weekly Flyer  (2026-09-03T00:00:00-04:00 → 2026-09-09T23:59:59-04:00)
    325 products
  [8115381] Weekly Flyer  (2026-09-03T00:00:00-04:00 → 2026-09-09T23:59:59-04:00)
    296 products
  [8115386] Weekly Flyer  (2026-09-03T00:00:00-04:00 → 2026-09-09T23:59:59-04:00)
    261 products
  [8115410] Weekly Flyer  (2026-09-03T00:00:00-04:00 → 2026-09-09T23:59:59-04:00)
    79 products
  [8115400] Weekly Flyer  (2026-09-03T00:00:00-04:00 → 2026-09-09T23:59:59-04:00)
    338 products
  [8115395] Weekly Flyer  (2026-09-03T00:00:00-04:00 → 2026-09-09T23:59:59-04:00)
    312 products
  [8115331] Weekly Flyer  (2026-09-03T03:00:00-04:00 → 2026-09-09T23:59:59-04:00)
    254 products
  [8115409] Weekly Flyer  (2026-09-03T00:00:00-04:00 → 2026-09-09T23:59:59-04:00)
    82 products
  [8115257] Weekly Flyer  (2026-09-03T00:00:00-04:00 → 2026-09-09T23:59:59-04:00)
    205 products
  [8115259] Weekly Flyer  (2026-09-03T00:00:00-04:00 → 2026-09-09T23:59:59-04:00)
    206 products
  [8115338] Weekly Flyer  (2026-09-03T03:00:00-04:00 → 2026-09-09T23:59:59-04:00)
    252 products
  [8115390] Weekly Flyer  (2026-09-03T00:00:00-04:00 → 2026-09-09T23:59:59-04:00)
    340 products
  [8115379] Weekly Flyer  (2026-09-03T00:00:00-04:00 → 2026-09-09T23:59:59-04:00)
    306 products
  [8115373] Weekly Flyer  (2026-09-03T00:00:00-04:00 → 2026-09-09T23:59:59-04:00)
    326 products
  [8115401] Weekly Flyer  (2026-09-03T00:00:00-04:00 → 2026-09-09T23:59:59-04:00)
    324 products
  [8115406] Weekly Flyer  (2026-09-03T00:00:00-04:00 → 2026-09-09T23:59:59-04:00)
    291 products
  [8115396] Weekly Flyer  (2026-09-03T00:00:00-04:00 → 2026-09-09T23:59:59-04:00)
    310 products
  [8115258] Weekly Flyer  (2026-09-03T00:00:00-04:00 → 2026-09-09T23:59:59-04:00)
    207 products
  [8115334] Weekly Flyer  (2026-09-03T03:00:00-04:00 → 2026-09-09T23:59:59-04:00)
    285 products
  [8115382] Weekly Flyer  (2026-09-03T00:00:00-04:00 → 2026-09-09T23:59:59-04:00)
    290 products
  [8115370] Weekly Flyer  (2026-09-03T00:00:00-04:00 → 2026-09-09T23:59:59-04:00)
    277 products
  [8115399] Weekly Flyer  (2026-09-03T00:00:00-04:00 → 2026-09-09T23:59:59-04:00)
    322 products
  [8115397] Weekly Flyer  (2026-09-03T00:00:00-04:00 → 2026-09-09T23:59:59-04:00)
    296 products
  [8115389] Weekly Flyer  (2026-09-03T00:00:00-04:00 → 2026-09-09T23:59:59-04:00)
    310 products
  [8115335] Weekly Flyer  (2026-09-03T03:00:00-04:00 → 2026-09-09T23:59:59-04:00)
    272 products
  [8115336] Weekly Flyer  (2026-09-03T03:00:00-04:00 → 2026-09-09T23:59:59-04:00)
    286 products
  [8115391] Weekly Flyer  (2026-09-03T00:00:00-04:00 → 2026-09-09T23:59:59-04:00)
    324 products
  [8115376] Weekly Flyer  (2026-09-03T00:00:00-04:00 → 2026-09-09T23:59:59-04:00)
    322 products
  [8115392] Weekly Flyer  (2026-09-03T00:00:00-04:00 → 2026-09-09T23:59:59-04:00)
    336 products
  [8115333] Weekly Flyer  (2026-09-03T03:00:00-04:00 → 2026-09-09T23:59:59-04:00)
    268 products
  [8115408] Weekly Flyer  (2026-09-03T00:00:00-04:00 → 2026-09-09T23:59:59-04:00)
    261 products
  [8115394] Weekly Flyer  (2026-09-03T00:00:00-04:00 → 2026-09-09T23:59:59-04:00)
    326 products
  [8115405] Weekly Flyer  (2026-09-03T00:00:00-04:00 → 2026-09-09T23:59:59-04:00)
    263 products
  [8115337] Weekly Flyer  (2026-09-03T03:00:00-04:00 → 2026-09-09T23:59:59-04:00)
    285 products
  [8115377] Weekly Flyer  (2026-09-03T00:00:00-04:00 → 2026-09-09T23:59:59-04:00)
    320 products
  [8115384] Weekly Flyer  (2026-09-03T00:00:00-04:00 → 2026-09-09T23:59:59-04:00)
    273 products
  [8115388] Weekly Flyer  (2026-09-03T00:00:00-04:00 → 2026-09-09T23:59:59-04:00)
    324 products
  [8115374] Weekly Flyer  (2026-09-03T00:00:00-04:00 → 2026-09-09T23:59:59-04:00)
    312 products
  [8115387] Weekly Flyer  (2026-09-03T00:00:00-04:00 → 2026-09-09T23:59:59-04:00)
    326 products
  [8115393] Weekly Flyer  (2026-09-03T00:00:00-04:00 → 2026-09-09T23:59:59-04:00)
    310 products
  [8115260] Weekly Flyer  (2026-09-03T00:00:00-04:00 → 2026-09-09T23:59:59-04:00)
    71 products
  [8115407] Weekly Flyer  (2026-09-03T00:00:00-04:00 → 2026-09-09T23:59:59-04:00)
    275 products
  [8115371] Weekly Flyer  (2026-09-03T00:00:00-04:00 → 2026-09-09T23:59:59-04:00)
    324 products
  [8115332] Weekly Flyer  (2026-09-03T03:00:00-04:00 → 2026-09-09T23:59:59-04:00)
    269 products
  [8115375] Weekly Flyer  (2026-09-03T00:00:00-04:00 → 2026-09-09T23:59:59-04:00)
    336 products
  [8115411] Weekly Flyer  (2026-09-03T00:00:00-04:00 → 2026-09-09T23:59:59-04:00)
    50 products

── Phase 2 results ──────────────────────────────────────────────────
  Downloaded : 53
  Skipped    : 0  (file already existed)
  Errors     : 0

Run completed: 2026-09-03 17:06:54 UTC
Elapsed      : 0m 51s


Done.  Verbose log → logs/nofrills/2026-09-03_verbose.log
       Summary log → logs/nofrills/2026-09-03_summary.log

