=== No Frills Flyer Fetch — 2026-06-25 ===
Run started : 2026-06-25 13:51:53 UTC

Loaded 381 stores from data/nofrills/stores.parquet

Stores loaded: 381
Loaded store_flyers.parquet (4728 publication entries)

Phase 1: fetching publications per store…

  [51] Test Store → no new flyers
  [262] Agostino/Nancy nofrills - Bloor E. → no new flyers
  [266] Masse's nofrills- London → ['7991904']
  [291] David's nofrills - Division St. → ['7991917']
  [293] Grant's nofrills - Kingston → no new flyers
  [703] Jeff & Tanis' nofrills → ['7991892']
  [704] Jason's NF Severn → ['7991892']
  [705] Carlo's nofrills → no new flyers
  [718] Rocky's nofrills #718 → ['7991903']
  [723] Tony's  nofrills - Upper James Av → ['7991919']
  [753] Jim's nofrills #753 → ['7991916']
  [758] Marc's nofrills - Rathburn Rd → ['7991908']
  [763] Mike's nofrills - Port Dover → no new flyers
  [793] Domenic's nofrills - Harvard Rd → ['7991907']
  [1302] Gary's nofrills- Baseline Rd East → ['7991919']
  [1306] Jeff/Rose/Herb's nofrills Lakeshore → ['7991918']
  [1312] Daniel's nofrills Principale St → ['7991883']
  [1323] 1323 @Hanna → ['7991930']
  [1326] Jesse/Kelly nofrills - Thompson Rd → ['7991904']
  [1335] Ryan's nofrills, Aylmer → ['7991896']
  [1341] Mackay's nofrills - New Hamburg → ['7991904']
  [1346] Rod & Joe's nofrills - Kingston Rd. → ['7991882']
  [1356] Daniel's nofrills - Eglinton Av W → ['7991894']
  [1371] Mario & Selina's nofrills-Royal York → no new flyers
  [1386] Jim & Lee-Anne's nofrills C Line → ['7991917']
  [1394] Baldree's nofrills - King Street E → ['7991917']
  [1399] Nick's nofrills Sheppard Ave. → ['7991928']
  [1448] Cardston - Cardston, AB → ['7991947']
  [1468] No Frills - Marcel & Narisha's → ['7991930']
  [1469] Correy/Rita's nofrills - Tillsonburg → ['7991932']
  [2702] Colbourne's nofrills - Sydney → no new flyers
  [2706] Sam's nofrills - Bridgewater → ['7991833']
  [2707] No Frills → no new flyers
  [2712] Gouthro's nofrills - Wyse Road → no new flyers
  [2713] No Frills → ['7991834']
  [3041] Chris' nofrills - Fort Sk. → ['7991944']
  [3049] No Frills John's - Newmarket → ['7991909']
  [3112] Dykeman's nofrills - Kincardine → ['7991917']
  [3117] Darryll & Tracy’s nofrills - Highbury Ave., London → ['7991919']
  [3125] Alan's nofrills - Timmins → no new flyers
  [3131] Derek's nofrills Vaughan → ['7991927']
  [3132] Francois’ No Frills → no new flyers
  [3133] Ron's nofrills Main St. → ['7991926']
  [3134] Jim's nofrills #261 → no new flyers
  [3135] Walkers's  nofrills - Brantford → ['7991904']
  [3138] Eric's nofrills - Lincoln St. → ['7991888']
  [3139] Leo's nofrills - Markham → ['7991908']
  [3140] Vince's nofrills - York Gate Blvd → ['7991928']
  [3142] Dieter/Darcy's nofrills - George St → ['7991919']
  [3143] Rob's nofrills - Guelph Line → ['7991917']
  [3145] Greg's nofrills → ['7991882']
  [3150] Oleg's nofrills - Oakville → ['7991925']
  [3151] Conroy's nofrills → ['7991926']
  [3152] 3152 → no new flyers
  [3153] Matt's No Frills → ['7991947']
  [3155] Kevin's NF Calgary → ['7991935']
  [3156] Rob's nofrills - Toronto → no new flyers
  [3240] Terry's nofrills - Surrey → ['7991944']
  [3348] Ashley's nofrills → ['7991889']
  [3349] Scott & Laurie's No Frills → ['7991948']
  [3350] Dylan's nofrills - Halifax → ['7991833']
  [3351] Kyle's nofrills - Exmouth St → ['7991898']
  [3352] Paul's Nofrills - Ponoka → ['7991947']
  [3353] Dennis' nofrills → no new flyers
  [3354] Arkee's NOFRILLS Vancouver → no new flyers
  [3355] No Frills → ['7991834']
  [3402] Dave's nofrills - Dawson Creek → ['7991944']
  [3403] Joti's nofrills - Vancouver → ['7991944']
  [3408] Blair's nofrills - Calgary → ['7991944']
  [3410] Dean's nofrills - Vancouver → ['7991944']
  [3413] Clifton's nofrills - Estevan, SK → ['7991943']
  [3414] Steve's nofrills - Castlegar → ['7991947']
  [3417] Tyler's nofrills - Port Alberni → ['7991947']
  [3419] Deepu's nofrills - Surrey → ['7991944']
  [3422] Matt & Ashley's nofrills - Edmonton → ['7991944']
  [3430] Amanda's nofrills - Fort St. John → ['7991944']
  [3433] Sewak's nofrills - Port Coquitlam → ['7991944']
  [3437] Jason's nofrills - Jericho Mall → ['7991935']
  [3438] Kyle's nofrills - Kitimat → ['7991935']
  [3439] Glenn’s nofrills - Surrey → ['7991944']
  [3441] Coverdale’s No Frills → ['7991947']
  [3442] Hellard's nofrills - Main St. Winnipeg → ['7991936']
  [3445] Terashita's nofrills - Brooks   Opened Feb. 28, 2016 → ['7991943']
  [3448] Troy's nofrills - Lethbridge → ['7991944']
  [3449] Ken's No Frills → ['7991946']
  [3450] Shawn's nofrills - Thunder Bay → no new flyers
  [3451] Andrew & Emily's nofrills - Loyalist Pkwy → no new flyers
  [3456] Steve's nofrills - Dalton Rd → ['7991917']
  [3457] John's nofrills - Milton → ['7991911']
  [3462] John's nofrills - Nobleton → no new flyers
  [3463] Scott's nofrills - Woodstock → ['7991917']
  [3465] Lyle's nofrills → no new flyers
  [3467] Justin & Stacey's nofrills → ['7991917']
  [3472] Fisher's nofrills - Canrobert St → ['7991926']
  [3473] Jamie & Jaclyn's - Centre Street → ['7991887']
  [3474] Rusty's nofrills - Brantford → ['7991919']
  [3476] Palmieri's nofrills - Newcastle → ['7991919']
  [3478] Craig & Jess' nofrills - Stratford, ON → ['7991917']
  [3480] Emiliano & Ana's nofrills → ['7991899']
  [3490] Mike's nofrills → ['7991916']
  [3493] Jones' nofrills - Silvercrk Pk N → no new flyers
  [3494] Leonetti's nofrills → ['7991928']
  [3603] Jordan's's nofrills - Wetaskwin → ['7991935']
  [3604] Shipley's NF Maple Ridge → ['7991944']
  [3608] Terry's - Humboldt → ['7991944']
  [3610] Aaron's no frills → ['7991946']
  [3616] Steve & Peggy's nofrills Kingston Rd → ['7991902']
  [3621] Steve & Adele's nofrills → ['7991909']
  [3625] Brandon & Megan's NF Stittsville, ON → no new flyers
  [3628] Steve's nofrills → ['7991947']
  [3631] Richard's nofrills → ['7991899']
  [3633] Kris's nofrills - Peace River → ['7991944']
  [3636] Dickie's nofrills - Eglinton Av. E → ['7991899']
  [3639] Brandon's nofrills → ['7991904']
  [3640] Luciano's nofrills - Alberta Av → ['7991918']
  [3641] Brandon & Joanny's NO FRILLS Vancouver → ['7991945']
  [3642] Malloch's nofrills - Burnhamthorpe Rd → no new flyers
  [3643] Luciano's nofrills - Front St → ['7991899']
  [3646] XXXX nofrills   Markham Rd → no new flyers
  [3647] Tom's nofrills - Roblin Blvd Winnipeg → ['7991946']
  [3648] Kurtis' nofrills - Trail → ['7991947']
  [3649] Chris' nofrills - Edmonton → ['7991944']
  [3650] Patryck's nofrills → ['7991937']
  [3654] Mark's nofrills Winners Circ → ['7991917']
  [3655] XXXX nofrills - Vegreville → ['7991938']
  [3659] Rob's No Frills #3900 → ['7991916']
  [3660] Durante's nofrills - Centre St → ['7991927']
  [3661] Robert's nofrills - Blake St → ['7991926']
  [3663] Ross' nofrills - Photography Drive → ['7991899']
  [3664] Mark's nofrills - Fanshawe Park Road → ['7991910']
  [3665] Gord & Kim's nofrills - Coverdale Dr → no new flyers
  [3666] Frank's nofrills - Queenston Rd. Hamilton → ['7991915']
  [3667] Steve & Liz's nofrills - Stouffville → ['7991905']
  [3668] Franco's nofrills - Hamilton → ['7991919']
  [3669] Cory & Megan's NOFRILLS High River → no new flyers
  [3670] Pepin's nofrills - Hastings St → ['7991917']
  [3671] Jason's nofrills - Jericho Mall → ['7991945']
  [3672] Mark and Sarah's nofrills - Wallaceburg → ['7991917']
  [3673] Farzin's nofrills - Main St → ['7991914']
  [3676] Chris & Beth's nofrills - Simcoe St → no new flyers
  [3677] Tony & Jill's nofrills → ['7991917']
  [3678] Simon's nofrills - Lethbridge → no new flyers
  [3679] Brent & Jennie's nofrills - Hamilton Road → ['7991919']
  [3680] Vi's nofrills - King Street W. → ['7991897']
  [3681] Tim and Heather's NF Shelburne → no new flyers
  [3683] Carol’s No Frills → ['7991935']
  [3684] Peter's Nofrills → ['7991892']
  [3685] Prakash's NF Edmonton → ['7991944']
  [3688] Steve & Amanda's nofrills - Bayly St W → ['7991913']
  [3690] Guthro's nofrills - Acton → ['7991917']
  [3691] Clements' NF Slave Lake → ['7991947']
  [3695] Mike's  NF - Toronto, ON → ['7991909']
  [3697] Mike & Lori 's nofrills - Elizabeth St → ['7991892']
  [3698] Mike and Lori nofrills Port Union → ['7991894']
  [3699] Tom's nofrills - Victoria Park Ave → no new flyers
  [3714] Christine's nofrills - Okotoks → ['7991944']
  [3715] Rob & Tina’s NF → ['7991912']
  [3716] Dilip's No Frills → no new flyers
  [3717] John & Danielle's NF North York, ON → ['7991922']
  [3728] Rob & Rachael's nofrills → ['7991898']
  [3732] Aureo's No Frills - Saskatoon → ['7991935']
  [3733] Brody’s No Frills → ['7991941']
  [3740] Mills' nofrills - Glencoe → no new flyers
  [3753] Ryan's nofrills - Welland Ave → no new flyers
  [3770] Sam’s No Frills → ['7991882']
  [3771] Jim's No Frills → ['7991911']
  [3776] Ian's nofrills - Edmonton → no new flyers
  [3779] Adrian's → no new flyers
  [3786] Joe & Val's nofrills  - Yonge St → ['7991916']
  [3787] Chris & Tanya’s No Frills → ['7991887']
  [3789] Chris's nofrills → ['7991917']
  [3801] Mike & Andreea’s - Stratford, PEI → ['7991833']
  [3807] Alfie's nofrills - West 4th Ave. → ['7991945']
  [3811] Brook’s No Frills → ['7991945']
  [3814] Shaun & Felicia's - Shediac → ['7991833']
  [3907] Tom & Michelle's nofrills - Creditview → ['7991909']
  [3915] John's nofrills #3915 → ['7991917']
  [3916] Nadim's nofrills - Oshawa → ['7991913']
  [3922] Joe & Barb's - Oshawa → no new flyers
  [3924] Dave's nofrills - Cedarbrae → ['7991890']
  [3925] Carlo's nofrills - Yonge St. → ['7991928']
  [3931] Rocca’s No Frills → ['7991927']
  [3933] James & Jenn's nofrills - Cornwall → ['7991904']
  [3942] Tina's nofrills - Strathmore → ['7991947']
  [3946] Rob's nofrills - Airdrie → ['7991944']
  [3947] Craig's nofrills - Leduc → ['7991944']
  [3948] Lionel's nofrills - Lacombe → ['7991944']
  [3968] Dennis' nofrills - Coquitlam → ['7991947']
  [3969] Darcy's nofrills - Thunder Bay → ['7991947']
  [3970] Kevin and Amanda's nofrills - Calgary → no new flyers
  [3976] Joe's nofrills - Invermere → ['7991947']
  [3978] Crawford's nofrills → ['7991947']
  [3979] Brad's nofrills - Salmon Arm → ['7991947']
  [3982] Mark's nofrills - Cochrane → ['7991944']
  [3983] Sean's nofrills - Stettler → no new flyers
  [3985] Michael's NOFRILLS Langley → ['7991944']
  [3989] Chris & Tracey's nofrills - Morinville → ['7991947']
  [3992] Kevin's nofrills - Olivier → ['7991947']
  [3993] Jerry's → ['7991947']
  [3995] Jeb's nofrills - Beaumont → ['7991947']
  [4012] Phil's nofrills - Argyle Mall → ['7991919']
  [4036] Allen's NF Midland Jones Rd → ['7991919']
  [4112] No Frills Topsail → no new flyers
  [4164] Jordan & Corrina's → ['7991948']
  [4224] Scott's nofrills - Balmoral Drive → no new flyers
  [4404] Rounddhouse Centre → ['7991917']
  [4436] Merv's nofrills - Calgary → ['7991944']
  [4489] Mike & Rebecca’s nofrills - Whitecourt → ['7991947']
  [4493] Spataro's nofrills - Chinguacousy Rd., Brampton → no new flyers
  [5135] Joseph's nofrills → ['7991899']
  [5139] Esplanade → ['7991929']
  [5156] Andrew & Emily's nofrills - Loyalist Pkwy → ['7991898']
  [5174] Karl & Kelly's - Saint John, NB → ['7991833']
  [5238] Anthony & Nadege’s-Belleville → ['7991917']
  [5456] Trevor's No Frills → ['7991935']
  [5457] Ian's nofrills - Edmonton → ['7991944']
  [5458] Sean's nofrills - Stettler → ['7991947']
  [5459] Gord & Kim's nofrills - Coverdale Dr → ['7991917']
  [5549] Romeo's No Frills → ['7991942']
  [5794] Ashley's nofrills - McLaughlin → ['7991902']
  [6791] Felice's nofrills - Shuter St. → ['7991929']
  [6792] Hunterhorn No Frills → no new flyers
  [6793] Pincher Creek - Pincher Creek, AB → no new flyers
  [6797] Vi & Yu Ling's' - Scarborough, ON → ['7991899']
  [6798] Joe's nofrills - Cambridge → ['7991883']
  [6930] David & Mandie's No Frills → ['7991948']
  [6933] MICHAEL'S NOFRILLS SCARBOROUGH → ['7991930']
  [6936] Sudbury → ['7991932']
  [6945] Jesse's - Toronto, ON → ['7991929']
  [6961] AMY & BRENDAN’S → ['7991940']
  [6962] Joe & Lily's NF Ottawa → ['7991904']
  [6964] Jinky's → ['7991948']
  [6966] No Frills - Travis & Sierra's → ['7991948']
  [6969] Cynthia's No Frills - Calgary → ['7991948']
  [6970] Megan's nofrills- Hyde Park → ['7991931']
  [6971] Ray's nofrills → ['7991944']
  [7012] Alfredo's NF Burlington Brant → ['7991917']
  [7026] Nick's and Mira's nofrills-Vic Prk Lawrence → ['7991908']
  [7031] Lorraine's nofrills - Cold Lake → ['7991943']
  [7032] Nadim's nofrills - Whitby → ['7991916']
  [7047] Cosimo's nofrills → ['7991882']
  [7063] Dino's nofrills - Silver Creek Blvd. → no new flyers
  [7074] EF Winnipeg St Anne's → ['7991943']
  [7076] John's nofrills Warden Ave. → ['7991893']
  [7087] Gino's nofrills → ['7991920']
  [7134] Jace’s No Frills → ['7991941']
  [7138] Rob's nofrills → ['7991914']
  [7141] Topher's nofrills - Notre Dame Ave., Winnipeg → ['7991944']
  [7146] John & Irish’s NF → ['7991945']
  [7147] Real & Carolyn’s No Frills → ['7991944']
  [7159] Marc's nofrills # 3901 → ['7991892']
  [7166] Justin's nofrills - Whitby → ['7991902']
  [7167] Harry's nofrills → ['7991926']
  [7175] Tyler's nofrills - Geraldton → no new flyers
  [7177] Evan and Ila's NF Sydney → ['7991833']
  [7181] Paul & Mallory's NO FRILLS → ['7991906']
  [7182] Dylan's No Frills - Oshawa → ['7991914']
  [7188] Bergen's nofrills → ['7991917']
  [7189] Paul & Nancy's nofrills Hwy 17 → no new flyers
  [7191] Mike & Lori's nofrills - Mckeown Av → ['7991926']
  [7192] Joe's nofrills → ['7991892']
  [7227] Chris' nofrills - Renforth Dr. → ['7991925']
  [7228] Dean's nofrills King St. E → ['7991917']
  [7229] Nick's nofrills - Paris → ['7991917']
  [7235] John's No Frills → ['7991943']
  [7236] Frank’s No Frills, Hamilton → ['7991904']
  [7392] Dennis' nofrills - Tilbury → ['7991904']
  [7395] Sheriff's nofrills → ['7991890']
  [7397] Josh's nofrills - Essex → ['7991904']
  [7411] Andrew & Shelley's NF Toronto → ['7991899']
  [7415] Daniel's nofrills → no new flyers
  [7432] Dean & Barb nofrills - Queen St. → ['7991904']
  [7444] Dino's - Vaughan, ON → ['7991905']
  [7487] Paul's nofrills - Innisfail → ['7991947']
  [7488] Simran's nofrills → ['7991940']
  [7496] Blake's - St. Catharines, ON → ['7991917']
  [7498] John's nofrills - Nobleton → ['7991918']
  [7499] DYLAN & GALEN’S → ['7991940']
  [7502] Dilip's No Frills → ['7991891']
  [7503] Jones' nofrills - Silvercrk Pk N → ['7991900']
  [7504] Spataro's nofrills - Chinguacousy Rd., Brampton → ['7991903']
  [7505] DaCosta's nofrills - Markham Plaza/Hwy 7 → ['7991923']
  [7507] Stephen’s No Frills → ['7991935']
  [7508] Mario & Selina's nofrills-Royal York → ['7991925']
  [7509] Carlo's nofrills → ['7991928']
  [7512] Tom's nofrills - Victoria Park Ave → ['7991882']
  [7514] Grant's nofrills - Kingston → ['7991892']
  [7515] Simon's nofrills - Lethbridge → ['7991947']
  [7518] BRAMPTON → ['7991886']
  [7527] Malloch's nofrills - Burnhamthorpe Rd → ['7991894']
  [7530] Walsh's No Frills → ['7991944']
  [7531] Scott's nofrills - Balmoral Drive → ['7991924']
  [7532] Joe & Barb's - Oshawa → ['7991891']
  [7540] Tim and Heather's NF Shelburne → ['7991917']
  [7542] Brian's Nofrills → ['7991901']
  [7578] Dino's nofrills - Silver Creek Blvd. → ['7991916']
  [7579] Evan & Ila's No Frills → ['7991944']
  [7580] Alan's nofrills - Timmins → ['7991921']
  [7648] Cliff's No Frills → ['7991833']
  [7649] Tyler's nofrills-Dorchester Road → ['7991919']
  [7651] Tejus & Raman's - Edmonton, AB → ['7991943']
  [7655] Kevin and Amanda's nofrills - Calgary → ['7991943']
  [7763] Connor & Kennedy’s → ['7991835']
  [7909] Paul & Nancy's nofrills Hwy 17 → ['7991887']
  [7911] Rob's nofrills - Toronto → ['7991916']
  [7919] Tony & Sam's No Frills → ['7991944']
  [7921] Tim & Sue's nofrills - Pacific Ave → ['7991925']
  [7922] Tobi's - Quesnel, BC → ['7991940']
  [7928] Lenora's - St Paul, AB → ['7991940']
  [7930] Nicholas & Megan's - Drumheller, AB → ['7991946']
  [7934] Sarangan's NOFRILLS Brampton → ['7991903']
  [7935] Ted's nofrills - Kenora → ['7991946']
  [7936] Dino's nofrills - Avenue Rd → ['7991925']
  [7937] George's NF Toronto Broadview → ['7991918']
  [7938] NF Gambo - Gambo, NFLD → ['7991833']
  [7940] Brian & Ricki's - Midland, ON → ['7991926']
  [7941] JORDAN'S → ['7991929']
  [7942] Chris & Samia's - Nepean, ON → ['7991896']
  [7944] Eric's nofrills - Chestermere → ['7991944']
  [7947] Dani & Matt's → ['7991904']
  [7949] Joe's nofrills - Korah Rd → ['7991917']
  [7951] Alessandro's → ['7991932']
  [7952] Bo's → ['7991930']
  [7953] Ray's - Kelowna, BC → ['7991948']
  [7954] Vito's nofrills - Keele St → ['7991928']
  [7955] Mitch & Alana's - London, ON → ['7991931']
  [7956] Ross & Lindsay's nofrills → ['7991888']
  [7961] Raman's No Frills → ['7991890']
  [7963] Roy's nofrills - Dartmouth → ['7991833']
  [7965] Stephen's nofrills -Eglinton Ave. → ['7991928']
  [7966] Darwin's nofrills - Wainwright → ['7991939']
  [7967] Chris' nofrills - Goulet St. Winnipeg → ['7991945']
  [7994] Ken's nofrills - Langley → ['7991944']
  [7995] Aaron & Katrina's - Grand Prairie → ['7991944']
  [7996] Ted’s No Frills Winnipeg → ['7991943']
  [8000] Eric's nofrills - Waterdown → ['7991919']
  [8008] Ivan & Karen's → ['7991944']
  [8178] Taylor's NF → ['7991917']
  [8192] Jim’s-St. Catherine’s → ['7991917']
  [8998] Joe & Cassy’s → ['7991919']
  [8999] Johnny’s-Ottawa → ['7991896']
  [9474] Walsh's nofrills - Edmonton → ['7991944']
  [9478] Cliff's No Frills → ['7991833']
  [9479] Paolo's nofrills - Brampton → ['7991903']
  [9482] Justin’s NF → ['7991945']
  [9532] Gordon's nofrills - East Hastings → ['7991944']
  [9535] Francesco's - Fredericton → ['7991833']
  [9536] Ian's nofrills- McAllister Saint John → ['7991833']
  [9537] Ken's No Frills - Summerside → ['7991833']
  [9547] Peter’s NF Burlington Plains → ['7991932']
  [9555] Mike & Grace's nofrills → ['7991917']
  [9566] Tony & Kathy's → ['7991904']
  [9572] Edwards No Frills Kelowna → ['7991948']
  [9573] No Frills → ['7991948']
  [9577] Chemalnus → ['7991948']
  [9578] Andy's → ['7991948']
  [9580] Bathurst - NB → no new flyers
  [9584] PJ's nofrills - College St W → ['7991930']
  [9585] Chad & Maegan's → ['7991931']
  [9586] Jordan's → ['7991948']
  [9689] Michael's nofrills - Silver Star Bvd → ['7991890']
  [9694] Muhammad's No Frills → ['7991948']
  [9775] Paul & Adele's nofrills - Upper Paradise Rd. → ['7991926']
  [9776] Summerhill nofrills - Ajax → ['7991928']
  [9779] Dennis' No Frills → ['7991948']
  [9781] NF Gambo - Gambo, NFLD → ['7991834']
  [9782] Andy & Nick’s No Frills → ['7991941']
  [9785] Chris and Karen nofrills - Yonge St → ['7991927']
  [9786] Andrew and Jessica’s nofrills - High River → ['7991947']
  [9796] Scott's No Frills → ['7991931']
  [9797] Daniel & Alexandra’s nofrills → ['7991933']
  [9799] Jeff & Holly's - Stittsville, ON → ['7991919']
  [9999] Ross & Lindsay's NOFRILLS Cambridge → no new flyers
  [5134] Pam & Steve’s nofrills → ['7991926']
  [5567] Nathiel & Maggie's nofrills → ['7991917']
  [6750] Dean's nofrills → ['7991918']
  [7017] Tara’s no frills → ['7991926']
  [8564] Walker's → ['7991917']
  [9541] John's nofrills → ['7991945']
  [9557] Carter's nofrills → ['7991948']
  [9561] Carmen's nofrills → ['7991948']

  332 new publication entries across 381 stores
  66 unique new publication(s) to download
  Appended 332 rows to data/nofrills/store_flyers.parquet
New publication entries added to store_flyers.parquet: 332
Unique new publications to download: 66

Phase 2: fetching products for each new publication…

  [7991904] Weekly Flyer  (2026-06-25T00:00:00-04:00 → 2026-07-01T23:59:59-04:00)
    292 products
  [7991917] Weekly Flyer  (2026-06-25T00:00:00-04:00 → 2026-07-01T23:59:59-04:00)
    289 products
  [7991892] Weekly Flyer  (2026-06-25T00:00:00-04:00 → 2026-07-01T23:59:59-04:00)
    305 products
  [7991903] Weekly Flyer  (2026-06-25T00:00:00-04:00 → 2026-07-01T23:59:59-04:00)
    295 products
  [7991919] Weekly Flyer  (2026-06-25T00:00:00-04:00 → 2026-07-01T23:59:59-04:00)
    277 products
  [7991916] Weekly Flyer  (2026-06-25T00:00:00-04:00 → 2026-07-01T23:59:59-04:00)
    289 products
  [7991908] Weekly Flyer  (2026-06-25T00:00:00-04:00 → 2026-07-01T23:59:59-04:00)
    328 products
  [7991907] Weekly Flyer  (2026-06-25T00:00:00-04:00 → 2026-07-01T23:59:59-04:00)
    342 products
  [7991918] Weekly Flyer  (2026-06-25T00:00:00-04:00 → 2026-07-01T23:59:59-04:00)
    277 products
  [7991883] Weekly Flyer  (2026-06-25T00:00:00-04:00 → 2026-07-01T23:59:59-04:00)
    266 products
  [7991930] Weekly Flyer  (2026-06-25T00:00:00-04:00 → 2026-07-01T23:59:59-04:00)
    84 products
  [7991896] Weekly Flyer  (2026-06-25T00:00:00-04:00 → 2026-07-01T23:59:59-04:00)
    302 products
  [7991882] Weekly Flyer  (2026-06-25T00:00:00-04:00 → 2026-07-01T23:59:59-04:00)
    266 products
  [7991894] Weekly Flyer  (2026-06-25T00:00:00-04:00 → 2026-07-01T23:59:59-04:00)
    341 products
  [7991928] Weekly Flyer  (2026-06-25T00:00:00-04:00 → 2026-07-01T23:59:59-04:00)
    313 products
  [7991947] Weekly Flyer  (2026-06-25T03:00:00-04:00 → 2026-07-01T23:59:59-04:00)
    276 products
  [7991932] Weekly Flyer  (2026-06-25T00:00:00-04:00 → 2026-07-01T23:59:59-04:00)
    84 products
  [7991833] Weekly Flyer  (2026-06-25T00:00:00-04:00 → 2026-07-01T23:59:59-04:00)
    231 products
  [7991834] Weekly Flyer  (2026-06-25T00:00:00-04:00 → 2026-07-01T23:59:59-04:00)
    231 products
  [7991944] Weekly Flyer  (2026-06-25T03:00:00-04:00 → 2026-07-01T23:59:59-04:00)
    293 products
  [7991909] Weekly Flyer  (2026-06-25T00:00:00-04:00 → 2026-07-01T23:59:59-04:00)
    325 products
  [7991927] Weekly Flyer  (2026-06-25T00:00:00-04:00 → 2026-07-01T23:59:59-04:00)
    295 products
  [7991926] Weekly Flyer  (2026-06-25T00:00:00-04:00 → 2026-07-01T23:59:59-04:00)
    278 products
  [7991888] Weekly Flyer  (2026-06-25T00:00:00-04:00 → 2026-07-01T23:59:59-04:00)
    293 products
  [7991925] Weekly Flyer  (2026-06-25T00:00:00-04:00 → 2026-07-01T23:59:59-04:00)
    278 products
  [7991935] Weekly Flyer  (2026-06-25T03:00:00-04:00 → 2026-07-01T23:59:59-04:00)
    265 products
  [7991889] Weekly Flyer  (2026-06-25T00:00:00-04:00 → 2026-07-01T23:59:59-04:00)
    311 products
  [7991948] Weekly Flyer  (2026-06-25T03:00:00-04:00 → 2026-07-01T23:59:59-04:00)
    91 products
  [7991898] Weekly Flyer  (2026-06-25T00:00:00-04:00 → 2026-07-01T23:59:59-04:00)
    280 products
  [7991943] Weekly Flyer  (2026-06-25T03:00:00-04:00 → 2026-07-01T23:59:59-04:00)
    296 products
  [7991936] Weekly Flyer  (2026-06-25T03:00:00-04:00 → 2026-07-01T23:59:59-04:00)
    294 products
  [7991946] Weekly Flyer  (2026-06-25T03:00:00-04:00 → 2026-07-01T23:59:59-04:00)
    279 products
  [7991911] Weekly Flyer  (2026-06-25T00:00:00-04:00 → 2026-07-01T23:59:59-04:00)
    307 products
  [7991887] Weekly Flyer  (2026-06-25T00:00:00-04:00 → 2026-07-01T23:59:59-04:00)
    306 products
  [7991899] Weekly Flyer  (2026-06-25T00:00:00-04:00 → 2026-07-01T23:59:59-04:00)
    316 products
  [7991902] Weekly Flyer  (2026-06-25T00:00:00-04:00 → 2026-07-01T23:59:59-04:00)
    298 products
  [7991945] Weekly Flyer  (2026-06-25T03:00:00-04:00 → 2026-07-01T23:59:59-04:00)
    282 products
  [7991937] Weekly Flyer  (2026-06-25T03:00:00-04:00 → 2026-07-01T23:59:59-04:00)
    297 products
  [7991938] Weekly Flyer  (2026-06-25T03:00:00-04:00 → 2026-07-01T23:59:59-04:00)
    310 products
  [7991910] Weekly Flyer  (2026-06-25T00:00:00-04:00 → 2026-07-01T23:59:59-04:00)
    339 products
  [7991915] Weekly Flyer  (2026-06-25T00:00:00-04:00 → 2026-07-01T23:59:59-04:00)
    289 products
  [7991905] Weekly Flyer  (2026-06-25T00:00:00-04:00 → 2026-07-01T23:59:59-04:00)
    310 products
  [7991914] Weekly Flyer  (2026-06-25T00:00:00-04:00 → 2026-07-01T23:59:59-04:00)
    307 products
  [7991897] Weekly Flyer  (2026-06-25T00:00:00-04:00 → 2026-07-01T23:59:59-04:00)
    284 products
  [7991913] Weekly Flyer  (2026-06-25T00:00:00-04:00 → 2026-07-01T23:59:59-04:00)
    310 products
  [7991912] Weekly Flyer  (2026-06-25T00:00:00-04:00 → 2026-07-01T23:59:59-04:00)
    292 products
  [7991922] Weekly Flyer  (2026-06-25T00:00:00-04:00 → 2026-07-01T23:59:59-04:00)
    314 products
  [7991941] Weekly Flyer  (2026-06-25T03:00:00-04:00 → 2026-07-01T23:59:59-04:00)
    292 products
  [7991890] Weekly Flyer  (2026-06-25T00:00:00-04:00 → 2026-07-01T23:59:59-04:00)
    329 products
  [7991929] Weekly Flyer  (2026-06-25T00:00:00-04:00 → 2026-07-01T23:59:59-04:00)
    87 products
  [7991942] Weekly Flyer  (2026-06-25T03:00:00-04:00 → 2026-07-01T23:59:59-04:00)
    289 products
  [7991940] Weekly Flyer  (2026-06-25T03:00:00-04:00 → 2026-07-01T23:59:59-04:00)
    309 products
  [7991931] Weekly Flyer  (2026-06-25T00:00:00-04:00 → 2026-07-01T23:59:59-04:00)
    87 products
  [7991893] Weekly Flyer  (2026-06-25T00:00:00-04:00 → 2026-07-01T23:59:59-04:00)
    323 products
  [7991920] Weekly Flyer  (2026-06-25T00:00:00-04:00 → 2026-07-01T23:59:59-04:00)
    284 products
  [7991906] Weekly Flyer  (2026-06-25T00:00:00-04:00 → 2026-07-01T23:59:59-04:00)
    310 products
  [7991891] Weekly Flyer  (2026-06-25T00:00:00-04:00 → 2026-07-01T23:59:59-04:00)
    311 products
  [7991900] Weekly Flyer  (2026-06-25T00:00:00-04:00 → 2026-07-01T23:59:59-04:00)
    316 products
  [7991923] Weekly Flyer  (2026-06-25T00:00:00-04:00 → 2026-07-01T23:59:59-04:00)
    296 products
  [7991886] Weekly Flyer  (2026-06-25T00:00:00-04:00 → 2026-07-01T23:59:59-04:00)
    312 products
  [7991924] Weekly Flyer  (2026-06-25T00:00:00-04:00 → 2026-07-01T23:59:59-04:00)
    296 products
  [7991901] Weekly Flyer  (2026-06-25T00:00:00-04:00 → 2026-07-01T23:59:59-04:00)
    298 products
  [7991921] Weekly Flyer  (2026-06-25T00:00:00-04:00 → 2026-07-01T23:59:59-04:00)
    281 products
  [7991835] Weekly Flyer  (2026-06-25T00:00:00-04:00 → 2026-07-01T23:59:59-04:00)
    85 products
  [7991939] Weekly Flyer  (2026-06-25T03:00:00-04:00 → 2026-07-01T23:59:59-04:00)
    293 products
  [7991933] Weekly Flyer  (2026-06-25T00:00:00-04:00 → 2026-07-01T23:59:59-04:00)
    60 products

── Phase 2 results ──────────────────────────────────────────────────
  Downloaded : 66
  Skipped    : 0  (file already existed)
  Errors     : 0

Run completed: 2026-06-25 13:53:10 UTC
Elapsed      : 1m 17s


Done.  Verbose log → logs/nofrills/2026-06-25_verbose.log
       Summary log → logs/nofrills/2026-06-25_summary.log

