=== No Frills Flyer Fetch — 2026-07-23 ===
Run started : 2026-07-23 13:44:14 UTC

Loaded 381 stores from data/nofrills/stores.parquet

Stores loaded: 381
Loaded store_flyers.parquet (5392 publication entries)

Phase 1: fetching publications per store…

  [51] Test Store → no new flyers
  [262] Agostino/Nancy nofrills - Bloor E. → no new flyers
  [266] Masse's nofrills- London → ['8036405']
  [291] David's nofrills - Division St. → ['8036405']
  [293] Grant's nofrills - Kingston → no new flyers
  [703] Jeff & Tanis' nofrills → ['8036420']
  [704] Jason's NF Severn → ['8036420']
  [705] Carlo's nofrills → no new flyers
  [718] Rocky's nofrills #718 → ['8036407']
  [723] Tony's  nofrills - Upper James Av → ['8036410']
  [753] Jim's nofrills #753 → ['8036405']
  [758] Marc's nofrills - Rathburn Rd → ['8036407']
  [763] Mike's nofrills - Port Dover → no new flyers
  [793] Domenic's nofrills - Harvard Rd → ['8036407']
  [1302] Gary's nofrills- Baseline Rd East → ['8036405']
  [1306] Jeff/Rose/Herb's nofrills Lakeshore → ['8036405']
  [1312] Daniel's nofrills Principale St → ['8036406']
  [1323] 1323 @Hanna → ['8036423']
  [1326] Jesse/Kelly nofrills - Thompson Rd → ['8036405']
  [1335] Ryan's nofrills, Aylmer → ['8036420']
  [1341] Mackay's nofrills - New Hamburg → ['8036405']
  [1346] Rod & Joe's nofrills - Kingston Rd. → ['8036406']
  [1356] Daniel's nofrills - Eglinton Av W → ['8036417']
  [1371] Mario & Selina's nofrills-Royal York → no new flyers
  [1386] Jim & Lee-Anne's nofrills C Line → ['8036405']
  [1394] Baldree's nofrills - King Street E → ['8036405']
  [1399] Nick's nofrills Sheppard Ave. → ['8036407']
  [1448] Cardston - Cardston, AB → ['8036622']
  [1468] No Frills - Marcel & Narisha's → ['8036423']
  [1469] Correy/Rita's nofrills - Tillsonburg → ['8036423']
  [2702] Colbourne's nofrills - Sydney → no new flyers
  [2706] Sam's nofrills - Bridgewater → ['8036768']
  [2707] No Frills → no new flyers
  [2712] Gouthro's nofrills - Wyse Road → no new flyers
  [2713] No Frills → ['8036770']
  [3041] Chris' nofrills - Fort Sk. → ['8036620']
  [3049] No Frills John's - Newmarket → ['8036421']
  [3112] Dykeman's nofrills - Kincardine → ['8036405']
  [3117] Darryll & Tracy’s nofrills - Highbury Ave., London → ['8036409']
  [3125] Alan's nofrills - Timmins → no new flyers
  [3131] Derek's nofrills Vaughan → ['8036412']
  [3132] Francois’ No Frills → no new flyers
  [3133] Ron's nofrills Main St. → ['8036405']
  [3134] Jim's nofrills #261 → no new flyers
  [3135] Walkers's  nofrills - Brantford → ['8036405']
  [3138] Eric's nofrills - Lincoln St. → ['8036417']
  [3139] Leo's nofrills - Markham → ['8036407']
  [3140] Vince's nofrills - York Gate Blvd → ['8036408']
  [3142] Dieter/Darcy's nofrills - George St → ['8036405']
  [3143] Rob's nofrills - Guelph Line → ['8036405']
  [3145] Greg's nofrills → ['8036422']
  [3150] Oleg's nofrills - Oakville → ['8036410']
  [3151] Conroy's nofrills → ['8036406']
  [3152] 3152 → no new flyers
  [3153] Matt's No Frills → ['8036622']
  [3155] Kevin's NF Calgary → ['8036621']
  [3156] Rob's nofrills - Toronto → no new flyers
  [3240] Terry's nofrills - Surrey → ['8036629']
  [3348] Ashley's nofrills → ['8036420']
  [3349] Scott & Laurie's No Frills → ['8036632']
  [3350] Dylan's nofrills - Halifax → ['8036768']
  [3351] Kyle's nofrills - Exmouth St → ['8036405']
  [3352] Paul's Nofrills - Ponoka → ['8036620']
  [3353] Dennis' nofrills → no new flyers
  [3354] Arkee's NOFRILLS Vancouver → no new flyers
  [3355] No Frills → ['8036771']
  [3402] Dave's nofrills - Dawson Creek → ['8036620']
  [3403] Joti's nofrills - Vancouver → ['8036629']
  [3408] Blair's nofrills - Calgary → ['8036620']
  [3410] Dean's nofrills - Vancouver → ['8036630']
  [3413] Clifton's nofrills - Estevan, SK → ['8036620']
  [3414] Steve's nofrills - Castlegar → ['8036631']
  [3417] Tyler's nofrills - Port Alberni → ['8036631']
  [3419] Deepu's nofrills - Surrey → ['8036629']
  [3422] Matt & Ashley's nofrills - Edmonton → ['8036620']
  [3430] Amanda's nofrills - Fort St. John → ['8036620']
  [3433] Sewak's nofrills - Port Coquitlam → ['8036629']
  [3437] Jason's nofrills - Jericho Mall → ['8036623']
  [3438] Kyle's nofrills - Kitimat → ['8036630']
  [3439] Glenn’s nofrills - Surrey → ['8036629']
  [3441] Coverdale’s No Frills → ['8036620']
  [3442] Hellard's nofrills - Main St. Winnipeg → ['8036620']
  [3445] Terashita's nofrills - Brooks   Opened Feb. 28, 2016 → ['8036620']
  [3448] Troy's nofrills - Lethbridge → ['8036620']
  [3449] Ken's No Frills → ['8036622']
  [3450] Shawn's nofrills - Thunder Bay → no new flyers
  [3451] Andrew & Emily's nofrills - Loyalist Pkwy → no new flyers
  [3456] Steve's nofrills - Dalton Rd → ['8036406']
  [3457] John's nofrills - Milton → ['8036407']
  [3462] John's nofrills - Nobleton → no new flyers
  [3463] Scott's nofrills - Woodstock → ['8036405']
  [3465] Lyle's nofrills → no new flyers
  [3467] Justin & Stacey's nofrills → ['8036405']
  [3472] Fisher's nofrills - Canrobert St → ['8036406']
  [3473] Jamie & Jaclyn's - Centre Street → ['8036416']
  [3474] Rusty's nofrills - Brantford → ['8036409']
  [3476] Palmieri's nofrills - Newcastle → ['8036405']
  [3478] Craig & Jess' nofrills - Stratford, ON → no new flyers
  [3480] Emiliano & Ana's nofrills → ['8036407']
  [3490] Mike's nofrills → ['8036409']
  [3493] Jones' nofrills - Silvercrk Pk N → no new flyers
  [3494] Leonetti's nofrills → ['8036421']
  [3603] Jordan's's nofrills - Wetaskwin → ['8036623']
  [3604] Shipley's NF Maple Ridge → ['8036629']
  [3608] Terry's - Humboldt → ['8036620']
  [3610] Aaron's no frills → ['8036622']
  [3616] Steve & Peggy's nofrills Kingston Rd → ['8036407']
  [3621] Steve & Adele's nofrills → ['8036421']
  [3625] Brandon & Megan's NF Stittsville, ON → no new flyers
  [3628] Steve's nofrills → ['8036622']
  [3631] Richard's nofrills → ['8036407']
  [3633] Kris's nofrills - Peace River → ['8036620']
  [3636] Dickie's nofrills - Eglinton Av. E → ['8036407']
  [3639] Brandon's nofrills → ['8036405']
  [3640] Luciano's nofrills - Alberta Av → ['8036405']
  [3641] Brandon & Joanny's NO FRILLS Vancouver → ['8036630']
  [3642] Malloch's nofrills - Burnhamthorpe Rd → no new flyers
  [3643] Luciano's nofrills - Front St → ['8036421']
  [3646] XXXX nofrills   Markham Rd → no new flyers
  [3647] Tom's nofrills - Roblin Blvd Winnipeg → ['8036620']
  [3648] Kurtis' nofrills - Trail → ['8036631']
  [3649] Chris' nofrills - Edmonton → ['8036620']
  [3650] Patryck's nofrills → ['8036624']
  [3654] Mark's nofrills Winners Circ → ['8036405']
  [3655] XXXX nofrills - Vegreville → ['8036625']
  [3659] Rob's No Frills #3900 → ['8036406']
  [3660] Durante's nofrills - Centre St → ['8036414']
  [3661] Robert's nofrills - Blake St → ['8036406']
  [3663] Ross' nofrills - Photography Drive → ['8036407']
  [3664] Mark's nofrills - Fanshawe Park Road → ['8036409']
  [3665] Gord & Kim's nofrills - Coverdale Dr → no new flyers
  [3666] Frank's nofrills - Queenston Rd. Hamilton → ['8036407']
  [3667] Steve & Liz's nofrills - Stouffville → ['8036409']
  [3668] Franco's nofrills - Hamilton → ['8036405']
  [3669] Cory & Megan's NOFRILLS High River → no new flyers
  [3670] Pepin's nofrills - Hastings St → ['8036405']
  [3671] Jason's nofrills - Jericho Mall → ['8036630']
  [3672] Mark and Sarah's nofrills - Wallaceburg → ['8036405']
  [3673] Farzin's nofrills - Main St → ['8036407']
  [3676] Chris & Beth's nofrills - Simcoe St → no new flyers
  [3677] Tony & Jill's nofrills → ['8036405']
  [3678] Simon's nofrills - Lethbridge → no new flyers
  [3679] Brent & Jennie's nofrills - Hamilton Road → ['8036405']
  [3680] Vi's nofrills - King Street W. → ['8036422']
  [3681] Tim and Heather's NF Shelburne → no new flyers
  [3683] Carol’s No Frills → ['8036621']
  [3684] Peter's Nofrills → ['8036420']
  [3685] Prakash's NF Edmonton → ['8036620']
  [3688] Steve & Amanda's nofrills - Bayly St W → ['8036407']
  [3690] Guthro's nofrills - Acton → ['8036405']
  [3691] Clements' NF Slave Lake → ['8036622']
  [3695] Mike's  NF - Toronto, ON → ['8036407']
  [3697] Mike & Lori 's nofrills - Elizabeth St → ['8036420']
  [3698] Mike and Lori nofrills Port Union → ['8036417']
  [3699] Tom's nofrills - Victoria Park Ave → no new flyers
  [3714] Christine's nofrills - Okotoks → ['8036620']
  [3715] Rob & Tina’s NF → ['8036407']
  [3716] Dilip's No Frills → no new flyers
  [3717] John & Danielle's NF North York, ON → ['8036413']
  [3728] Rob & Rachael's nofrills → ['8036405']
  [3732] Aureo's No Frills - Saskatoon → ['8036621']
  [3733] Brody’s No Frills → ['8036619']
  [3740] Mills' nofrills - Glencoe → no new flyers
  [3753] Ryan's nofrills - Welland Ave → no new flyers
  [3770] Sam’s No Frills → ['8036405']
  [3771] Jim's No Frills → ['8036409']
  [3776] Ian's nofrills - Edmonton → no new flyers
  [3779] Adrian's → no new flyers
  [3786] Joe & Val's nofrills  - Yonge St → ['8036405']
  [3787] Chris & Tanya’s No Frills → ['8036416']
  [3789] Chris's nofrills → ['8036405']
  [3801] Mike & Andreea’s - Stratford, PEI → ['8036769']
  [3807] Alfie's nofrills - West 4th Ave. → no new flyers
  [3811] Brook’s No Frills → ['8036620']
  [3814] Shaun & Felicia's - Shediac → ['8036769']
  [3907] Tom & Michelle's nofrills - Creditview → ['8036407']
  [3915] John's nofrills #3915 → ['8036405']
  [3916] Nadim's nofrills - Oshawa → ['8036421']
  [3922] Joe & Barb's - Oshawa → no new flyers
  [3924] Dave's nofrills - Cedarbrae → ['8036417']
  [3925] Carlo's nofrills - Yonge St. → ['8036411']
  [3931] Rocca’s No Frills → ['8036405']
  [3933] James & Jenn's nofrills - Cornwall → ['8036405']
  [3942] Tina's nofrills - Strathmore → ['8036620']
  [3946] Rob's nofrills - Airdrie → ['8036620']
  [3947] Craig's nofrills - Leduc → ['8036620']
  [3948] Lionel's nofrills - Lacombe → ['8036620']
  [3968] Dennis' nofrills - Coquitlam → ['8036629']
  [3969] Darcy's nofrills - Thunder Bay → ['8036620']
  [3970] Kevin and Amanda's nofrills - Calgary → no new flyers
  [3976] Joe's nofrills - Invermere → ['8036631']
  [3978] Crawford's nofrills → ['8036621']
  [3979] Brad's nofrills - Salmon Arm → ['8036631']
  [3982] Mark's nofrills - Cochrane → ['8036620']
  [3983] Sean's nofrills - Stettler → no new flyers
  [3985] Michael's NOFRILLS Langley → ['8036629']
  [3989] Chris & Tracey's nofrills - Morinville → ['8036622']
  [3992] Kevin's nofrills - Olivier → ['8036631']
  [3993] Jerry's → ['8036629']
  [3995] Jeb's nofrills - Beaumont → ['8036622']
  [4012] Phil's nofrills - Argyle Mall → ['8036405']
  [4036] Allen's NF Midland Jones Rd → ['8036405']
  [4112] No Frills Topsail → no new flyers
  [4164] Jordan & Corrina's → ['8036632']
  [4224] Scott's nofrills - Balmoral Drive → no new flyers
  [4404] Rounddhouse Centre → ['8036405']
  [4436] Merv's nofrills - Calgary → ['8036620']
  [4489] Mike & Rebecca’s nofrills - Whitecourt → ['8036620']
  [4493] Spataro's nofrills - Chinguacousy Rd., Brampton → no new flyers
  [5135] Joseph's nofrills → ['8036407']
  [5139] Esplanade → ['8036423']
  [5156] Andrew & Emily's nofrills - Loyalist Pkwy → ['8036405']
  [5174] Karl & Kelly's - Saint John, NB → ['8036768']
  [5238] Anthony & Nadege’s-Belleville → ['8036406']
  [5456] Trevor's No Frills → ['8036621']
  [5457] Ian's nofrills - Edmonton → no new flyers
  [5458] Sean's nofrills - Stettler → ['8036622']
  [5459] Gord & Kim's nofrills - Coverdale Dr → ['8036405']
  [5549] Romeo's No Frills → ['8036628']
  [5794] Ashley's nofrills - McLaughlin → ['8036407']
  [6791] Felice's nofrills - Shuter St. → ['8036423']
  [6792] Hunterhorn No Frills → no new flyers
  [6793] Pincher Creek - Pincher Creek, AB → no new flyers
  [6797] Vi & Yu Ling's' - Scarborough, ON → ['8036407']
  [6798] Joe's nofrills - Cambridge → ['8036409']
  [6930] David & Mandie's No Frills → ['8036632']
  [6933] MICHAEL'S NOFRILLS SCARBOROUGH → ['8036423']
  [6936] Sudbury → ['8036423']
  [6945] Jesse's - Toronto, ON → ['8036423']
  [6961] AMY & BRENDAN’S → ['8036618']
  [6962] Joe & Lily's NF Ottawa → ['8036405']
  [6964] Jinky's → ['8036633']
  [6966] No Frills - Travis & Sierra's → ['8036633']
  [6969] Cynthia's No Frills - Calgary → ['8036632']
  [6970] Megan's nofrills- Hyde Park → ['8036423']
  [6971] Ray's nofrills → ['8036629']
  [7012] Alfredo's NF Burlington Brant → ['8036405']
  [7026] Nick's and Mira's nofrills-Vic Prk Lawrence → ['8036407']
  [7031] Lorraine's nofrills - Cold Lake → ['8036620']
  [7032] Nadim's nofrills - Whitby → ['8036421']
  [7047] Cosimo's nofrills → ['8036410']
  [7063] Dino's nofrills - Silver Creek Blvd. → no new flyers
  [7074] EF Winnipeg St Anne's → ['8036620']
  [7076] John's nofrills Warden Ave. → ['8036418']
  [7087] Gino's nofrills → ['8036422']
  [7134] Jace’s No Frills → ['8036619']
  [7138] Rob's nofrills → ['8036407']
  [7141] Topher's nofrills - Notre Dame Ave., Winnipeg → ['8036620']
  [7146] John & Irish’s NF → ['8036620']
  [7147] Real & Carolyn’s No Frills → ['8036620']
  [7159] Marc's nofrills # 3901 → ['8036420']
  [7166] Justin's nofrills - Whitby → ['8036407']
  [7167] Harry's nofrills → ['8036403']
  [7175] Tyler's nofrills - Geraldton → no new flyers
  [7177] Evan and Ila's NF Sydney → ['8036768']
  [7181] Paul & Mallory's NO FRILLS → ['8036409']
  [7182] Dylan's No Frills - Oshawa → ['8036407']
  [7188] Bergen's nofrills → ['8036405']
  [7189] Paul & Nancy's nofrills Hwy 17 → no new flyers
  [7191] Mike & Lori's nofrills - Mckeown Av → ['8036405']
  [7192] Joe's nofrills → ['8036420']
  [7227] Chris' nofrills - Renforth Dr. → ['8036406']
  [7228] Dean's nofrills King St. E → ['8036405']
  [7229] Nick's nofrills - Paris → ['8036405']
  [7235] John's No Frills → ['8036620']
  [7236] Frank’s No Frills, Hamilton → ['8036409']
  [7392] Dennis' nofrills - Tilbury → ['8036405']
  [7395] Sheriff's nofrills → ['8036417']
  [7397] Josh's nofrills - Essex → ['8036405']
  [7411] Andrew & Shelley's NF Toronto → ['8036407']
  [7415] Daniel's nofrills → no new flyers
  [7432] Dean & Barb nofrills - Queen St. → ['8036405']
  [7444] Dino's - Vaughan, ON → ['8036409']
  [7487] Paul's nofrills - Innisfail → ['8036622']
  [7488] Simran's nofrills → ['8036628']
  [7496] Blake's - St. Catharines, ON → ['8036407']
  [7498] John's nofrills - Nobleton → ['8036405']
  [7499] DYLAN & GALEN’S → ['8036619']
  [7502] Dilip's No Frills → ['8036417']
  [7503] Jones' nofrills - Silvercrk Pk N → ['8036407']
  [7504] Spataro's nofrills - Chinguacousy Rd., Brampton → ['8036407']
  [7505] DaCosta's nofrills - Markham Plaza/Hwy 7 → ['8036410']
  [7507] Stephen’s No Frills → ['8036620']
  [7508] Mario & Selina's nofrills-Royal York → ['8036405']
  [7509] Carlo's nofrills → ['8036407']
  [7512] Tom's nofrills - Victoria Park Ave → ['8036422']
  [7514] Grant's nofrills - Kingston → ['8036420']
  [7515] Simon's nofrills - Lethbridge → ['8036620']
  [7518] BRAMPTON → ['8036415']
  [7527] Malloch's nofrills - Burnhamthorpe Rd → ['8036417']
  [7530] Walsh's No Frills → ['8036620']
  [7531] Scott's nofrills - Balmoral Drive → ['8036407']
  [7532] Joe & Barb's - Oshawa → ['8036419']
  [7540] Tim and Heather's NF Shelburne → ['8036421']
  [7542] Brian's Nofrills → ['8036407']
  [7578] Dino's nofrills - Silver Creek Blvd. → ['8036406']
  [7579] Evan & Ila's No Frills → ['8036621']
  [7580] Alan's nofrills - Timmins → ['8036405']
  [7648] Cliff's No Frills → ['8036768']
  [7649] Tyler's nofrills-Dorchester Road → ['8036405']
  [7651] Tejus & Raman's - Edmonton, AB → ['8036621']
  [7655] Kevin and Amanda's nofrills - Calgary → ['8036620']
  [7763] Connor & Kennedy’s → ['8036772']
  [7909] Paul & Nancy's nofrills Hwy 17 → ['8036416']
  [7911] Rob's nofrills - Toronto → ['8036409']
  [7919] Tony & Sam's No Frills → ['8036620']
  [7921] Tim & Sue's nofrills - Pacific Ave → ['8036405']
  [7922] Tobi's - Quesnel, BC → ['8036627']
  [7928] Lenora's - St Paul, AB → ['8036618']
  [7930] Nicholas & Megan's - Drumheller, AB → ['8036620']
  [7934] Sarangan's NOFRILLS Brampton → ['8036407']
  [7935] Ted's nofrills - Kenora → ['8036622']
  [7936] Dino's nofrills - Avenue Rd → ['8036406']
  [7937] George's NF Toronto Broadview → ['8036405']
  [7938] NF Gambo - Gambo, NFLD → ['8036768']
  [7940] Brian & Ricki's - Midland, ON → ['8036406']
  [7941] JORDAN'S → ['8036423']
  [7942] Chris & Samia's - Nepean, ON → ['8036420']
  [7944] Eric's nofrills - Chestermere → ['8036620']
  [7947] Dani & Matt's → ['8036406']
  [7949] Joe's nofrills - Korah Rd → ['8036405']
  [7951] Alessandro's → ['8036423']
  [7952] Bo's → ['8036423']
  [7953] Ray's - Kelowna, BC → ['8036633']
  [7954] Vito's nofrills - Keele St → ['8036408']
  [7955] Mitch & Alana's - London, ON → ['8036423']
  [7956] Ross & Lindsay's nofrills → ['8036418']
  [7961] Raman's No Frills → ['8036417']
  [7963] Roy's nofrills - Dartmouth → ['8036768']
  [7965] Stephen's nofrills -Eglinton Ave. → ['8036407']
  [7966] Darwin's nofrills - Wainwright → ['8036626']
  [7967] Chris' nofrills - Goulet St. Winnipeg → ['8036621']
  [7994] Ken's nofrills - Langley → ['8036630']
  [7995] Aaron & Katrina's - Grand Prairie → ['8036620']
  [7996] Ted’s No Frills Winnipeg → ['8036620']
  [8000] Eric's nofrills - Waterdown → ['8036405']
  [8008] Ivan & Karen's → ['8036620']
  [8178] Taylor's NF → ['8036405']
  [8192] Jim’s-St. Catherine’s → ['8036405']
  [8998] Joe & Cassy’s → ['8036405']
  [8999] Johnny’s-Ottawa → ['8036418']
  [9474] Walsh's nofrills - Edmonton → ['8036621']
  [9478] Cliff's No Frills → ['8036768']
  [9479] Paolo's nofrills - Brampton → ['8036407']
  [9482] Justin’s NF → ['8036629']
  [9532] Gordon's nofrills - East Hastings → ['8036629']
  [9535] Francesco's - Fredericton → ['8036768']
  [9536] Ian's nofrills- McAllister Saint John → ['8036769']
  [9537] Ken's No Frills - Summerside → ['8036769']
  [9547] Peter’s NF Burlington Plains → ['8036423']
  [9555] Mike & Grace's nofrills → ['8036406']
  [9566] Tony & Kathy's → ['8036405']
  [9572] Edwards No Frills Kelowna → ['8036633']
  [9573] No Frills → ['8036632']
  [9577] Chemalnus → ['8036633']
  [9578] Andy's → ['8036632']
  [9580] Bathurst - NB → no new flyers
  [9584] PJ's nofrills - College St W → ['8036423']
  [9585] Chad & Maegan's → ['8036423']
  [9586] Jordan's → ['8036632']
  [9689] Michael's nofrills - Silver Star Bvd → ['8036417']
  [9694] Muhammad's No Frills → ['8036632']
  [9775] Paul & Adele's nofrills - Upper Paradise Rd. → ['8036405']
  [9776] Summerhill nofrills - Ajax → ['8036407']
  [9779] Dennis' No Frills → ['8036633']
  [9781] NF Gambo - Gambo, NFLD → ['8036770']
  [9782] Andy & Nick’s No Frills → ['8036619']
  [9785] Chris and Karen nofrills - Yonge St → ['8036409']
  [9786] Andrew and Jessica’s nofrills - High River → ['8036620']
  [9796] Scott's No Frills → ['8036423']
  [9797] Daniel & Alexandra’s nofrills → ['8036424']
  [9799] Jeff & Holly's - Stittsville, ON → ['8036406']
  [9999] Ross & Lindsay's NOFRILLS Cambridge → no new flyers
  [5134] Pam & Steve’s nofrills → ['8036406']
  [5567] Nathiel & Maggie's nofrills → ['8036405']
  [6750] Dean's nofrills → ['8036405']
  [7017] Tara’s no frills → ['8036406']
  [8564] Walker's → ['8036405']
  [9541] John's nofrills → ['8036621']
  [9557] Carter's nofrills → ['8036632']
  [9561] Carmen's nofrills → ['8036632']

  329 new publication entries across 381 stores
  42 unique new publication(s) to download
  Appended 329 rows to data/nofrills/store_flyers.parquet
New publication entries added to store_flyers.parquet: 329
Unique new publications to download: 42

Phase 2: fetching products for each new publication…

  [8036405] Weekly Flyer  (2026-07-23T00:00:00-04:00 → 2026-07-29T23:59:59-04:00)
    202 products
  [8036420] Weekly Flyer  (2026-07-23T00:00:00-04:00 → 2026-07-29T23:59:59-04:00)
    216 products
  [8036407] Weekly Flyer  (2026-07-23T00:00:00-04:00 → 2026-07-29T23:59:59-04:00)
    238 products
  [8036410] Weekly Flyer  (2026-07-23T00:00:00-04:00 → 2026-07-29T23:59:59-04:00)
    217 products
  [8036406] Weekly Flyer  (2026-07-23T00:00:00-04:00 → 2026-07-29T23:59:59-04:00)
    198 products
  [8036423] Weekly Flyer  (2026-07-23T00:00:00-04:00 → 2026-07-29T23:59:59-04:00)
    87 products
  [8036417] Weekly Flyer  (2026-07-23T00:00:00-04:00 → 2026-07-29T23:59:59-04:00)
    252 products
  [8036622] Weekly Flyer  (2026-07-23T03:00:00-04:00 → 2026-07-29T23:59:59-04:00)
    193 products
  [8036768] Weekly Flyer  (2026-07-23T00:00:00-04:00 → 2026-07-29T23:59:59-04:00)
    153 products
  [8036770] Weekly Flyer  (2026-07-23T00:00:00-04:00 → 2026-07-29T23:59:59-04:00)
    151 products
  [8036620] Weekly Flyer  (2026-07-23T03:00:00-04:00 → 2026-07-29T23:59:59-04:00)
    212 products
  [8036421] Weekly Flyer  (2026-07-23T00:00:00-04:00 → 2026-07-29T23:59:59-04:00)
    219 products
  [8036409] Weekly Flyer  (2026-07-23T00:00:00-04:00 → 2026-07-29T23:59:59-04:00)
    221 products
  [8036412] Weekly Flyer  (2026-07-23T00:00:00-04:00 → 2026-07-29T23:59:59-04:00)
    235 products
  [8036408] Weekly Flyer  (2026-07-23T00:00:00-04:00 → 2026-07-29T23:59:59-04:00)
    234 products
  [8036422] Weekly Flyer  (2026-07-23T00:00:00-04:00 → 2026-07-29T23:59:59-04:00)
    215 products
  [8036621] Weekly Flyer  (2026-07-23T03:00:00-04:00 → 2026-07-29T23:59:59-04:00)
    208 products
  [8036629] Weekly Flyer  (2026-07-23T03:00:00-04:00 → 2026-07-29T23:59:59-04:00)
    208 products
  [8036632] Weekly Flyer  (2026-07-23T03:00:00-04:00 → 2026-07-29T23:59:59-04:00)
    78 products
  [8036771] Weekly Flyer  (2026-07-23T00:00:00-04:00 → 2026-07-29T23:59:59-04:00)
    147 products
  [8036630] Weekly Flyer  (2026-07-23T03:00:00-04:00 → 2026-07-29T23:59:59-04:00)
    204 products
  [8036631] Weekly Flyer  (2026-07-23T03:00:00-04:00 → 2026-07-29T23:59:59-04:00)
    189 products
  [8036623] Weekly Flyer  (2026-07-23T03:00:00-04:00 → 2026-07-29T23:59:59-04:00)
    189 products
  [8036416] Weekly Flyer  (2026-07-23T00:00:00-04:00 → 2026-07-29T23:59:59-04:00)
    217 products
  [8036624] Weekly Flyer  (2026-07-23T03:00:00-04:00 → 2026-07-29T23:59:59-04:00)
    213 products
  [8036625] Weekly Flyer  (2026-07-23T03:00:00-04:00 → 2026-07-29T23:59:59-04:00)
    227 products
  [8036414] Weekly Flyer  (2026-07-23T00:00:00-04:00 → 2026-07-29T23:59:59-04:00)
    216 products
  [8036413] Weekly Flyer  (2026-07-23T00:00:00-04:00 → 2026-07-29T23:59:59-04:00)
    233 products
  [8036619] Weekly Flyer  (2026-07-23T03:00:00-04:00 → 2026-07-29T23:59:59-04:00)
    207 products
  [8036769] Weekly Flyer  (2026-07-23T00:00:00-04:00 → 2026-07-29T23:59:59-04:00)
    149 products
  [8036411] Weekly Flyer  (2026-07-23T00:00:00-04:00 → 2026-07-29T23:59:59-04:00)
    252 products
  [8036628] Weekly Flyer  (2026-07-23T03:00:00-04:00 → 2026-07-29T23:59:59-04:00)
    203 products
  [8036618] Weekly Flyer  (2026-07-23T03:00:00-04:00 → 2026-07-29T23:59:59-04:00)
    226 products
  [8036633] Weekly Flyer  (2026-07-23T03:00:00-04:00 → 2026-07-29T23:59:59-04:00)
    78 products
  [8036418] Weekly Flyer  (2026-07-23T00:00:00-04:00 → 2026-07-29T23:59:59-04:00)
    235 products
  [8036403] Weekly Flyer  (2026-07-23T00:00:00-04:00 → 2026-07-29T23:59:59-04:00)
    204 products
  [8036415] Weekly Flyer  (2026-07-23T00:00:00-04:00 → 2026-07-29T23:59:59-04:00)
    253 products
  [8036419] Weekly Flyer  (2026-07-23T00:00:00-04:00 → 2026-07-29T23:59:59-04:00)
    233 products
  [8036772] Weekly Flyer  (2026-07-23T00:00:00-04:00 → 2026-07-29T23:59:59-04:00)
    82 products
  [8036627] Weekly Flyer  (2026-07-23T03:00:00-04:00 → 2026-07-29T23:59:59-04:00)
    222 products
  [8036626] Weekly Flyer  (2026-07-23T03:00:00-04:00 → 2026-07-29T23:59:59-04:00)
    208 products
  [8036424] Weekly Flyer  (2026-07-23T00:00:00-04:00 → 2026-07-29T23:59:59-04:00)
    60 products

── Phase 2 results ──────────────────────────────────────────────────
  Downloaded : 42
  Skipped    : 0  (file already existed)
  Errors     : 0

Run completed: 2026-07-23 13:45:11 UTC
Elapsed      : 0m 56s


Done.  Verbose log → logs/nofrills/2026-07-23_verbose.log
       Summary log → logs/nofrills/2026-07-23_summary.log

