=== No Frills Flyer Fetch — 2026-08-13 ===
Run started : 2026-08-13 14:29:13 UTC

Loaded 381 stores from data/nofrills/stores.parquet

Stores loaded: 381
Loaded store_flyers.parquet (5721 publication entries)

Phase 1: fetching publications per store…

  [51] Test Store → no new flyers
  [262] Agostino/Nancy nofrills - Bloor E. → no new flyers
  [266] Masse's nofrills- London → ['8073751']
  [291] David's nofrills - Division St. → ['8073736']
  [293] Grant's nofrills - Kingston → no new flyers
  [703] Jeff & Tanis' nofrills → ['8073738']
  [704] Jason's NF Severn → ['8073738']
  [705] Carlo's nofrills → no new flyers
  [718] Rocky's nofrills #718 → ['8073751']
  [723] Tony's  nofrills - Upper James Av → ['8073755']
  [753] Jim's nofrills #753 → ['8073751']
  [758] Marc's nofrills - Rathburn Rd → ['8073750']
  [763] Mike's nofrills - Port Dover → no new flyers
  [793] Domenic's nofrills - Harvard Rd → ['8073750']
  [1302] Gary's nofrills- Baseline Rd East → ['8073746']
  [1306] Jeff/Rose/Herb's nofrills Lakeshore → ['8073746']
  [1312] Daniel's nofrills Principale St → ['8073729']
  [1323] 1323 @Hanna → ['8073761']
  [1326] Jesse/Kelly nofrills - Thompson Rd → ['8073742']
  [1335] Ryan's nofrills, Aylmer → ['8073738']
  [1341] Mackay's nofrills - New Hamburg → ['8073742']
  [1346] Rod & Joe's nofrills - Kingston Rd. → ['8073756']
  [1356] Daniel's nofrills - Eglinton Av W → ['8073749']
  [1371] Mario & Selina's nofrills-Royal York → no new flyers
  [1386] Jim & Lee-Anne's nofrills C Line → ['8073742']
  [1394] Baldree's nofrills - King Street E → ['8073736']
  [1399] Nick's nofrills Sheppard Ave. → ['8073753']
  [1448] Cardston - Cardston, AB → ['8073767']
  [1468] No Frills - Marcel & Narisha's → ['8073761']
  [1469] Correy/Rita's nofrills - Tillsonburg → ['8073761']
  [2702] Colbourne's nofrills - Sydney → no new flyers
  [2706] Sam's nofrills - Bridgewater → ['8073812']
  [2707] No Frills → no new flyers
  [2712] Gouthro's nofrills - Wyse Road → no new flyers
  [2713] No Frills → ['8073815']
  [3041] Chris' nofrills - Fort Sk. → ['8073780']
  [3049] No Frills John's - Newmarket → ['8073750']
  [3112] Dykeman's nofrills - Kincardine → no new flyers
  [3117] Darryll & Tracy’s nofrills - Highbury Ave., London → ['8073751']
  [3125] Alan's nofrills - Timmins → no new flyers
  [3131] Derek's nofrills Vaughan → ['8073750']
  [3132] Francois’ No Frills → no new flyers
  [3133] Ron's nofrills Main St. → ['8073736']
  [3134] Jim's nofrills #261 → no new flyers
  [3135] Walkers's  nofrills - Brantford → ['8073746']
  [3138] Eric's nofrills - Lincoln St. → ['8073744']
  [3139] Leo's nofrills - Markham → ['8073750']
  [3140] Vince's nofrills - York Gate Blvd → ['8073759']
  [3142] Dieter/Darcy's nofrills - George St → ['8073740']
  [3143] Rob's nofrills - Guelph Line → ['8073751']
  [3145] Greg's nofrills → ['8073758']
  [3150] Oleg's nofrills - Oakville → ['8073760']
  [3151] Conroy's nofrills → ['8073729']
  [3152] 3152 → no new flyers
  [3153] Matt's No Frills → ['8073766']
  [3155] Kevin's NF Calgary → ['8073787']
  [3156] Rob's nofrills - Toronto → no new flyers
  [3240] Terry's nofrills - Surrey → ['8073779']
  [3348] Ashley's nofrills → ['8073749']
  [3349] Scott & Laurie's No Frills → ['8073764']
  [3350] Dylan's nofrills - Halifax → ['8073811']
  [3351] Kyle's nofrills - Exmouth St → ['8073743']
  [3352] Paul's Nofrills - Ponoka → ['8073777']
  [3353] Dennis' nofrills → no new flyers
  [3354] Arkee's NOFRILLS Vancouver → no new flyers
  [3355] No Frills → ['8073813']
  [3402] Dave's nofrills - Dawson Creek → ['8073778']
  [3403] Joti's nofrills - Vancouver → ['8073780']
  [3408] Blair's nofrills - Calgary → ['8073779']
  [3410] Dean's nofrills - Vancouver → ['8073787']
  [3413] Clifton's nofrills - Estevan, SK → ['8073780']
  [3414] Steve's nofrills - Castlegar → ['8073767']
  [3417] Tyler's nofrills - Port Alberni → ['8073768']
  [3419] Deepu's nofrills - Surrey → ['8073782']
  [3422] Matt & Ashley's nofrills - Edmonton → ['8073780']
  [3430] Amanda's nofrills - Fort St. John → ['8073780']
  [3433] Sewak's nofrills - Port Coquitlam → ['8073780']
  [3437] Jason's nofrills - Jericho Mall → ['8073764']
  [3438] Kyle's nofrills - Kitimat → ['8073787']
  [3439] Glenn’s nofrills - Surrey → ['8073780']
  [3441] Coverdale’s No Frills → ['8073780']
  [3442] Hellard's nofrills - Main St. Winnipeg → ['8073778']
  [3445] Terashita's nofrills - Brooks   Opened Feb. 28, 2016 → ['8073779']
  [3448] Troy's nofrills - Lethbridge → ['8073780']
  [3449] Ken's No Frills → ['8073768']
  [3450] Shawn's nofrills - Thunder Bay → no new flyers
  [3451] Andrew & Emily's nofrills - Loyalist Pkwy → no new flyers
  [3456] Steve's nofrills - Dalton Rd → ['8073731']
  [3457] John's nofrills - Milton → ['8073750']
  [3462] John's nofrills - Nobleton → no new flyers
  [3463] Scott's nofrills - Woodstock → ['8073751']
  [3465] Lyle's nofrills → no new flyers
  [3467] Justin & Stacey's nofrills → ['8073740']
  [3472] Fisher's nofrills - Canrobert St → ['8073731']
  [3473] Jamie & Jaclyn's - Centre Street → ['8073737']
  [3474] Rusty's nofrills - Brantford → ['8073736']
  [3476] Palmieri's nofrills - Newcastle → ['8073730']
  [3478] Craig & Jess' nofrills - Stratford, ON → no new flyers
  [3480] Emiliano & Ana's nofrills → ['8073750']
  [3490] Mike's nofrills → ['8073751']
  [3493] Jones' nofrills - Silvercrk Pk N → no new flyers
  [3494] Leonetti's nofrills → ['8073753']
  [3603] Jordan's's nofrills - Wetaskwin → ['8073764']
  [3604] Shipley's NF Maple Ridge → ['8073780']
  [3608] Terry's - Humboldt → ['8073780']
  [3610] Aaron's no frills → ['8073767']
  [3616] Steve & Peggy's nofrills Kingston Rd → ['8073751']
  [3621] Steve & Adele's nofrills → ['8073750']
  [3625] Brandon & Megan's NF Stittsville, ON → no new flyers
  [3628] Steve's nofrills → ['8073767']
  [3631] Richard's nofrills → ['8073750']
  [3633] Kris's nofrills - Peace River → ['8073780']
  [3636] Dickie's nofrills - Eglinton Av. E → ['8073753']
  [3639] Brandon's nofrills → ['8073740']
  [3640] Luciano's nofrills - Alberta Av → ['8073751']
  [3641] Brandon & Joanny's NO FRILLS Vancouver → ['8073787']
  [3642] Malloch's nofrills - Burnhamthorpe Rd → no new flyers
  [3643] Luciano's nofrills - Front St → ['8073750']
  [3646] XXXX nofrills   Markham Rd → no new flyers
  [3647] Tom's nofrills - Roblin Blvd Winnipeg → ['8073780']
  [3648] Kurtis' nofrills - Trail → ['8073768']
  [3649] Chris' nofrills - Edmonton → ['8073779']
  [3650] Patryck's nofrills → ['8073769']
  [3654] Mark's nofrills Winners Circ → ['8073736']
  [3655] XXXX nofrills - Vegreville → ['8073773']
  [3659] Rob's No Frills #3900 → ['8073758']
  [3660] Durante's nofrills - Centre St → ['8073750']
  [3661] Robert's nofrills - Blake St → ['8073732']
  [3663] Ross' nofrills - Photography Drive → ['8073750']
  [3664] Mark's nofrills - Fanshawe Park Road → ['8073750']
  [3665] Gord & Kim's nofrills - Coverdale Dr → no new flyers
  [3666] Frank's nofrills - Queenston Rd. Hamilton → ['8073746']
  [3667] Steve & Liz's nofrills - Stouffville → ['8073753']
  [3668] Franco's nofrills - Hamilton → ['8073743']
  [3669] Cory & Megan's NOFRILLS High River → no new flyers
  [3670] Pepin's nofrills - Hastings St → ['8073736']
  [3671] Jason's nofrills - Jericho Mall → ['8073787']
  [3672] Mark and Sarah's nofrills - Wallaceburg → ['8073736']
  [3673] Farzin's nofrills - Main St → ['8073751']
  [3676] Chris & Beth's nofrills - Simcoe St → no new flyers
  [3677] Tony & Jill's nofrills → ['8073736']
  [3678] Simon's nofrills - Lethbridge → no new flyers
  [3679] Brent & Jennie's nofrills - Hamilton Road → ['8073743']
  [3680] Vi's nofrills - King Street W. → ['8073757']
  [3681] Tim and Heather's NF Shelburne → no new flyers
  [3683] Carol’s No Frills → ['8073787']
  [3684] Peter's Nofrills → ['8073738']
  [3685] Prakash's NF Edmonton → ['8073781']
  [3688] Steve & Amanda's nofrills - Bayly St W → ['8073751']
  [3690] Guthro's nofrills - Acton → ['8073742']
  [3691] Clements' NF Slave Lake → ['8073768']
  [3695] Mike's  NF - Toronto, ON → ['8073745']
  [3697] Mike & Lori 's nofrills - Elizabeth St → ['8073738']
  [3698] Mike and Lori nofrills Port Union → ['8073749']
  [3699] Tom's nofrills - Victoria Park Ave → no new flyers
  [3714] Christine's nofrills - Okotoks → ['8073780']
  [3715] Rob & Tina’s NF → ['8073751']
  [3716] Dilip's No Frills → no new flyers
  [3717] John & Danielle's NF North York, ON → ['8073750']
  [3728] Rob & Rachael's nofrills → ['8073751']
  [3732] Aureo's No Frills - Saskatoon → ['8073787']
  [3733] Brody’s No Frills → ['8073770']
  [3740] Mills' nofrills - Glencoe → no new flyers
  [3753] Ryan's nofrills - Welland Ave → no new flyers
  [3770] Sam’s No Frills → ['8073742']
  [3771] Jim's No Frills → ['8073750']
  [3776] Ian's nofrills - Edmonton → no new flyers
  [3779] Adrian's → no new flyers
  [3786] Joe & Val's nofrills  - Yonge St → ['8073751']
  [3787] Chris & Tanya’s No Frills → ['8073737']
  [3789] Chris's nofrills → ['8073740']
  [3801] Mike & Andreea’s - Stratford, PEI → ['8073810']
  [3807] Alfie's nofrills - West 4th Ave. → no new flyers
  [3811] Brook’s No Frills → ['8073780']
  [3814] Shaun & Felicia's - Shediac → ['8073810']
  [3907] Tom & Michelle's nofrills - Creditview → ['8073750']
  [3915] John's nofrills #3915 → ['8073740']
  [3916] Nadim's nofrills - Oshawa → ['8073754']
  [3922] Joe & Barb's - Oshawa → no new flyers
  [3924] Dave's nofrills - Cedarbrae → ['8073749']
  [3925] Carlo's nofrills - Yonge St. → ['8073750']
  [3931] Rocca’s No Frills → ['8073739']
  [3933] James & Jenn's nofrills - Cornwall → ['8073740']
  [3942] Tina's nofrills - Strathmore → ['8073780']
  [3946] Rob's nofrills - Airdrie → ['8073779']
  [3947] Craig's nofrills - Leduc → ['8073779']
  [3948] Lionel's nofrills - Lacombe → ['8073778']
  [3968] Dennis' nofrills - Coquitlam → ['8073780']
  [3969] Darcy's nofrills - Thunder Bay → ['8073780']
  [3970] Kevin and Amanda's nofrills - Calgary → no new flyers
  [3976] Joe's nofrills - Invermere → ['8073768']
  [3978] Crawford's nofrills → ['8073787']
  [3979] Brad's nofrills - Salmon Arm → ['8073767']
  [3982] Mark's nofrills - Cochrane → ['8073780']
  [3983] Sean's nofrills - Stettler → no new flyers
  [3985] Michael's NOFRILLS Langley → ['8073780']
  [3989] Chris & Tracey's nofrills - Morinville → ['8073767']
  [3992] Kevin's nofrills - Olivier → ['8073766']
  [3993] Jerry's → ['8073780']
  [3995] Jeb's nofrills - Beaumont → ['8073768']
  [4012] Phil's nofrills - Argyle Mall → ['8073743']
  [4036] Allen's NF Midland Jones Rd → ['8073730']
  [4112] No Frills Topsail → no new flyers
  [4164] Jordan & Corrina's → ['8073783']
  [4224] Scott's nofrills - Balmoral Drive → no new flyers
  [4404] Rounddhouse Centre → ['8073754']
  [4436] Merv's nofrills - Calgary → ['8073776']
  [4489] Mike & Rebecca’s nofrills - Whitecourt → ['8073780']
  [4493] Spataro's nofrills - Chinguacousy Rd., Brampton → no new flyers
  [5135] Joseph's nofrills → ['8073750']
  [5139] Esplanade → ['8073761']
  [5156] Andrew & Emily's nofrills - Loyalist Pkwy → ['8073740']
  [5174] Karl & Kelly's - Saint John, NB → ['8073811']
  [5238] Anthony & Nadege’s-Belleville → ['8073732']
  [5456] Trevor's No Frills → ['8073785']
  [5457] Ian's nofrills - Edmonton → no new flyers
  [5458] Sean's nofrills - Stettler → ['8073783']
  [5459] Gord & Kim's nofrills - Coverdale Dr → ['8073740']
  [5549] Romeo's No Frills → ['8073771']
  [5794] Ashley's nofrills - McLaughlin → ['8073751']
  [6791] Felice's nofrills - Shuter St. → ['8073761']
  [6792] Hunterhorn No Frills → no new flyers
  [6793] Pincher Creek - Pincher Creek, AB → no new flyers
  [6797] Vi & Yu Ling's' - Scarborough, ON → ['8073753']
  [6798] Joe's nofrills - Cambridge → ['8073754']
  [6930] David & Mandie's No Frills → ['8073764']
  [6933] MICHAEL'S NOFRILLS SCARBOROUGH → ['8073761']
  [6936] Sudbury → ['8073761']
  [6945] Jesse's - Toronto, ON → ['8073761']
  [6961] AMY & BRENDAN’S → ['8073774']
  [6962] Joe & Lily's NF Ottawa → ['8073751']
  [6964] Jinky's → ['8073783']
  [6966] No Frills - Travis & Sierra's → ['8073764']
  [6969] Cynthia's No Frills - Calgary → ['8073764']
  [6970] Megan's nofrills- Hyde Park → ['8073761']
  [6971] Ray's nofrills → ['8073780']
  [7012] Alfredo's NF Burlington Brant → ['8073751']
  [7026] Nick's and Mira's nofrills-Vic Prk Lawrence → ['8073750']
  [7031] Lorraine's nofrills - Cold Lake → ['8073780']
  [7032] Nadim's nofrills - Whitby → ['8073751']
  [7047] Cosimo's nofrills → ['8073759']
  [7063] Dino's nofrills - Silver Creek Blvd. → no new flyers
  [7074] EF Winnipeg St Anne's → ['8073779']
  [7076] John's nofrills Warden Ave. → ['8073749']
  [7087] Gino's nofrills → ['8073729']
  [7134] Jace’s No Frills → ['8073770']
  [7138] Rob's nofrills → ['8073754']
  [7141] Topher's nofrills - Notre Dame Ave., Winnipeg → ['8073779']
  [7146] John & Irish’s NF → ['8073781']
  [7147] Real & Carolyn’s No Frills → ['8073779']
  [7159] Marc's nofrills # 3901 → ['8073744']
  [7166] Justin's nofrills - Whitby → ['8073751']
  [7167] Harry's nofrills → ['8073740']
  [7175] Tyler's nofrills - Geraldton → no new flyers
  [7177] Evan and Ila's NF Sydney → ['8073811']
  [7181] Paul & Mallory's NO FRILLS → ['8073750']
  [7182] Dylan's No Frills - Oshawa → ['8073754']
  [7188] Bergen's nofrills → ['8073740']
  [7189] Paul & Nancy's nofrills Hwy 17 → no new flyers
  [7191] Mike & Lori's nofrills - Mckeown Av → ['8073740']
  [7192] Joe's nofrills → ['8073738']
  [7227] Chris' nofrills - Renforth Dr. → ['8073755']
  [7228] Dean's nofrills King St. E → ['8073740']
  [7229] Nick's nofrills - Paris → ['8073736']
  [7235] John's No Frills → ['8073780']
  [7236] Frank’s No Frills, Hamilton → ['8073751']
  [7392] Dennis' nofrills - Tilbury → ['8073736']
  [7395] Sheriff's nofrills → ['8073749']
  [7397] Josh's nofrills - Essex → ['8073731']
  [7411] Andrew & Shelley's NF Toronto → ['8073750']
  [7415] Daniel's nofrills → no new flyers
  [7432] Dean & Barb nofrills - Queen St. → ['8073740']
  [7444] Dino's - Vaughan, ON → ['8073750']
  [7487] Paul's nofrills - Innisfail → ['8073767']
  [7488] Simran's nofrills → ['8073770']
  [7496] Blake's - St. Catharines, ON → ['8073750']
  [7498] John's nofrills - Nobleton → ['8073730']
  [7499] DYLAN & GALEN’S → ['8073770']
  [7502] Dilip's No Frills → ['8073748']
  [7503] Jones' nofrills - Silvercrk Pk N → ['8073750']
  [7504] Spataro's nofrills - Chinguacousy Rd., Brampton → ['8073754']
  [7505] DaCosta's nofrills - Markham Plaza/Hwy 7 → ['8073759']
  [7507] Stephen’s No Frills → ['8073780']
  [7508] Mario & Selina's nofrills-Royal York → ['8073751']
  [7509] Carlo's nofrills → ['8073750']
  [7512] Tom's nofrills - Victoria Park Ave → ['8073755']
  [7514] Grant's nofrills - Kingston → ['8073738']
  [7515] Simon's nofrills - Lethbridge → ['8073780']
  [7518] BRAMPTON → ['8073747']
  [7527] Malloch's nofrills - Burnhamthorpe Rd → ['8073749']
  [7530] Walsh's No Frills → ['8073779']
  [7531] Scott's nofrills - Balmoral Drive → ['8073754']
  [7532] Joe & Barb's - Oshawa → ['8073748']
  [7540] Tim and Heather's NF Shelburne → ['8073740']
  [7542] Brian's Nofrills → ['8073754']
  [7578] Dino's nofrills - Silver Creek Blvd. → ['8073758']
  [7579] Evan & Ila's No Frills → ['8073787']
  [7580] Alan's nofrills - Timmins → ['8073742']
  [7648] Cliff's No Frills → ['8073811']
  [7649] Tyler's nofrills-Dorchester Road → ['8073730']
  [7651] Tejus & Raman's - Edmonton, AB → ['8073784']
  [7655] Kevin and Amanda's nofrills - Calgary → ['8073779']
  [7763] Connor & Kennedy’s → ['8073816']
  [7909] Paul & Nancy's nofrills Hwy 17 → ['8073737']
  [7911] Rob's nofrills - Toronto → ['8073741']
  [7919] Tony & Sam's No Frills → ['8073780']
  [7921] Tim & Sue's nofrills - Pacific Ave → ['8073751']
  [7922] Tobi's - Quesnel, BC → ['8073775']
  [7928] Lenora's - St Paul, AB → ['8073774']
  [7930] Nicholas & Megan's - Drumheller, AB → ['8073780']
  [7934] Sarangan's NOFRILLS Brampton → ['8073754']
  [7935] Ted's nofrills - Kenora → ['8073768']
  [7936] Dino's nofrills - Avenue Rd → ['8073733']
  [7937] George's NF Toronto Broadview → ['8073741']
  [7938] NF Gambo - Gambo, NFLD → ['8073812']
  [7940] Brian & Ricki's - Midland, ON → ['8073729']
  [7941] JORDAN'S → ['8073761']
  [7942] Chris & Samia's - Nepean, ON → ['8073748']
  [7944] Eric's nofrills - Chestermere → ['8073780']
  [7947] Dani & Matt's → ['8073729']
  [7949] Joe's nofrills - Korah Rd → ['8073736']
  [7951] Alessandro's → ['8073761']
  [7952] Bo's → ['8073761']
  [7953] Ray's - Kelowna, BC → ['8073764']
  [7954] Vito's nofrills - Keele St → ['8073759']
  [7955] Mitch & Alana's - London, ON → ['8073761']
  [7956] Ross & Lindsay's nofrills → ['8073748']
  [7961] Raman's No Frills → ['8073749']
  [7963] Roy's nofrills - Dartmouth → ['8073811']
  [7965] Stephen's nofrills -Eglinton Ave. → ['8073753']
  [7966] Darwin's nofrills - Wainwright → ['8073772']
  [7967] Chris' nofrills - Goulet St. Winnipeg → ['8073786']
  [7994] Ken's nofrills - Langley → ['8073785']
  [7995] Aaron & Katrina's - Grand Prairie → ['8073780']
  [7996] Ted’s No Frills Winnipeg → ['8073780']
  [8000] Eric's nofrills - Waterdown → ['8073742']
  [8008] Ivan & Karen's → ['8073780']
  [8178] Taylor's NF → ['8073740']
  [8192] Jim’s-St. Catherine’s → ['8073742']
  [8998] Joe & Cassy’s → ['8073742']
  [8999] Johnny’s-Ottawa → ['8073752']
  [9474] Walsh's nofrills - Edmonton → ['8073786']
  [9478] Cliff's No Frills → ['8073812']
  [9479] Paolo's nofrills - Brampton → ['8073754']
  [9482] Justin’s NF → ['8073782']
  [9532] Gordon's nofrills - East Hastings → ['8073782']
  [9535] Francesco's - Fredericton → ['8073811']
  [9536] Ian's nofrills- McAllister Saint John → ['8073810']
  [9537] Ken's No Frills - Summerside → ['8073810']
  [9547] Peter’s NF Burlington Plains → ['8073761']
  [9555] Mike & Grace's nofrills → ['8073755']
  [9566] Tony & Kathy's → ['8073754']
  [9572] Edwards No Frills Kelowna → ['8073764']
  [9573] No Frills → ['8073764']
  [9577] Chemalnus → ['8073764']
  [9578] Andy's → ['8073764']
  [9580] Bathurst - NB → no new flyers
  [9584] PJ's nofrills - College St W → ['8073761']
  [9585] Chad & Maegan's → ['8073761']
  [9586] Jordan's → ['8073764']
  [9689] Michael's nofrills - Silver Star Bvd → ['8073749']
  [9694] Muhammad's No Frills → ['8073764']
  [9775] Paul & Adele's nofrills - Upper Paradise Rd. → ['8073730']
  [9776] Summerhill nofrills - Ajax → ['8073750']
  [9779] Dennis' No Frills → ['8073764']
  [9781] NF Gambo - Gambo, NFLD → ['8073814']
  [9782] Andy & Nick’s No Frills → ['8073771']
  [9785] Chris and Karen nofrills - Yonge St → ['8073750']
  [9786] Andrew and Jessica’s nofrills - High River → ['8073780']
  [9796] Scott's No Frills → ['8073761']
  [9797] Daniel & Alexandra’s nofrills → ['8073762']
  [9799] Jeff & Holly's - Stittsville, ON → ['8073758']
  [9999] Ross & Lindsay's NOFRILLS Cambridge → no new flyers
  [5134] Pam & Steve’s nofrills → ['8073735']
  [5567] Nathiel & Maggie's nofrills → ['8073736']
  [6750] Dean's nofrills → ['8073742']
  [7017] Tara’s no frills → ['8073755']
  [8564] Walker's → ['8073740']
  [9541] John's nofrills → ['8073785']
  [9557] Carter's nofrills → ['8073764']
  [9561] Carmen's nofrills → ['8073764']

  328 new publication entries across 381 stores
  63 unique new publication(s) to download
  Appended 328 rows to data/nofrills/store_flyers.parquet
New publication entries added to store_flyers.parquet: 328
Unique new publications to download: 63

Phase 2: fetching products for each new publication…

  [8073751] Weekly Flyer  (2026-08-13T00:00:00-04:00 → 2026-08-19T23:59:59-04:00)
    283 products
  [8073736] Weekly Flyer  (2026-08-13T00:00:00-04:00 → 2026-08-19T23:59:59-04:00)
    259 products
  [8073738] Weekly Flyer  (2026-08-13T00:00:00-04:00 → 2026-08-19T23:59:59-04:00)
    292 products
  [8073755] Weekly Flyer  (2026-08-13T00:00:00-04:00 → 2026-08-19T23:59:59-04:00)
    261 products
  [8073750] Weekly Flyer  (2026-08-13T00:00:00-04:00 → 2026-08-19T23:59:59-04:00)
    301 products
  [8073746] Weekly Flyer  (2026-08-13T00:00:00-04:00 → 2026-08-19T23:59:59-04:00)
    292 products
  [8073729] Weekly Flyer  (2026-08-13T00:00:00-04:00 → 2026-08-19T23:59:59-04:00)
    246 products
  [8073761] Weekly Flyer  (2026-08-13T00:00:00-04:00 → 2026-08-19T23:59:59-04:00)
    96 products
  [8073742] Weekly Flyer  (2026-08-13T00:00:00-04:00 → 2026-08-19T23:59:59-04:00)
    268 products
  [8073756] Weekly Flyer  (2026-08-13T00:00:00-04:00 → 2026-08-19T23:59:59-04:00)
    288 products
  [8073749] Weekly Flyer  (2026-08-13T00:00:00-04:00 → 2026-08-19T23:59:59-04:00)
    316 products
  [8073753] Weekly Flyer  (2026-08-13T00:00:00-04:00 → 2026-08-19T23:59:59-04:00)
    283 products
  [8073767] Weekly Flyer  (2026-08-13T03:00:00-04:00 → 2026-08-19T23:59:59-04:00)
    265 products
  [8073812] Weekly Flyer  (2026-08-13T00:00:00-04:00 → 2026-08-19T23:59:59-04:00)
    198 products
  [8073815] Weekly Flyer  (2026-08-13T00:00:00-04:00 → 2026-08-19T23:59:59-04:00)
    192 products
  [8073780] Weekly Flyer  (2026-08-13T03:00:00-04:00 → 2026-08-19T23:59:59-04:00)
    271 products
  [8073744] Weekly Flyer  (2026-08-13T00:00:00-04:00 → 2026-08-19T23:59:59-04:00)
    307 products
  [8073759] Weekly Flyer  (2026-08-13T00:00:00-04:00 → 2026-08-19T23:59:59-04:00)
    279 products
  [8073740] Weekly Flyer  (2026-08-13T00:00:00-04:00 → 2026-08-19T23:59:59-04:00)
    277 products
  [8073758] Weekly Flyer  (2026-08-13T00:00:00-04:00 → 2026-08-19T23:59:59-04:00)
    279 products
  [8073760] Weekly Flyer  (2026-08-13T00:00:00-04:00 → 2026-08-19T23:59:59-04:00)
    264 products
  [8073766] Weekly Flyer  (2026-08-13T03:00:00-04:00 → 2026-08-19T23:59:59-04:00)
    248 products
  [8073787] Weekly Flyer  (2026-08-13T03:00:00-04:00 → 2026-08-19T23:59:59-04:00)
    250 products
  [8073779] Weekly Flyer  (2026-08-13T03:00:00-04:00 → 2026-08-19T23:59:59-04:00)
    287 products
  [8073764] Weekly Flyer  (2026-08-13T03:00:00-04:00 → 2026-08-19T23:59:59-04:00)
    235 products
  [8073811] Weekly Flyer  (2026-08-13T00:00:00-04:00 → 2026-08-19T23:59:59-04:00)
    210 products
  [8073743] Weekly Flyer  (2026-08-13T00:00:00-04:00 → 2026-08-19T23:59:59-04:00)
    274 products
  [8073777] Weekly Flyer  (2026-08-13T03:00:00-04:00 → 2026-08-19T23:59:59-04:00)
    263 products
  [8073813] Weekly Flyer  (2026-08-13T00:00:00-04:00 → 2026-08-19T23:59:59-04:00)
    192 products
  [8073778] Weekly Flyer  (2026-08-13T03:00:00-04:00 → 2026-08-19T23:59:59-04:00)
    280 products
  [8073768] Weekly Flyer  (2026-08-13T03:00:00-04:00 → 2026-08-19T23:59:59-04:00)
    256 products
  [8073782] Weekly Flyer  (2026-08-13T03:00:00-04:00 → 2026-08-19T23:59:59-04:00)
    254 products
  [8073731] Weekly Flyer  (2026-08-13T00:00:00-04:00 → 2026-08-19T23:59:59-04:00)
    255 products
  [8073737] Weekly Flyer  (2026-08-13T00:00:00-04:00 → 2026-08-19T23:59:59-04:00)
    293 products
  [8073730] Weekly Flyer  (2026-08-13T00:00:00-04:00 → 2026-08-19T23:59:59-04:00)
    250 products
  [8073769] Weekly Flyer  (2026-08-13T03:00:00-04:00 → 2026-08-19T23:59:59-04:00)
    272 products
  [8073773] Weekly Flyer  (2026-08-13T03:00:00-04:00 → 2026-08-19T23:59:59-04:00)
    286 products
  [8073732] Weekly Flyer  (2026-08-13T00:00:00-04:00 → 2026-08-19T23:59:59-04:00)
    273 products
  [8073757] Weekly Flyer  (2026-08-13T00:00:00-04:00 → 2026-08-19T23:59:59-04:00)
    297 products
  [8073781] Weekly Flyer  (2026-08-13T03:00:00-04:00 → 2026-08-19T23:59:59-04:00)
    270 products
  [8073745] Weekly Flyer  (2026-08-13T00:00:00-04:00 → 2026-08-19T23:59:59-04:00)
    310 products
  [8073770] Weekly Flyer  (2026-08-13T03:00:00-04:00 → 2026-08-19T23:59:59-04:00)
    279 products
  [8073810] Weekly Flyer  (2026-08-13T00:00:00-04:00 → 2026-08-19T23:59:59-04:00)
    207 products
  [8073754] Weekly Flyer  (2026-08-13T00:00:00-04:00 → 2026-08-19T23:59:59-04:00)
    265 products
  [8073739] Weekly Flyer  (2026-08-13T00:00:00-04:00 → 2026-08-19T23:59:59-04:00)
    295 products
  [8073783] Weekly Flyer  (2026-08-13T03:00:00-04:00 → 2026-08-19T23:59:59-04:00)
    239 products
  [8073776] Weekly Flyer  (2026-08-13T03:00:00-04:00 → 2026-08-19T23:59:59-04:00)
    279 products
  [8073785] Weekly Flyer  (2026-08-13T03:00:00-04:00 → 2026-08-19T23:59:59-04:00)
    267 products
  [8073771] Weekly Flyer  (2026-08-13T03:00:00-04:00 → 2026-08-19T23:59:59-04:00)
    270 products
  [8073774] Weekly Flyer  (2026-08-13T03:00:00-04:00 → 2026-08-19T23:59:59-04:00)
    294 products
  [8073748] Weekly Flyer  (2026-08-13T00:00:00-04:00 → 2026-08-19T23:59:59-04:00)
    298 products
  [8073747] Weekly Flyer  (2026-08-13T00:00:00-04:00 → 2026-08-19T23:59:59-04:00)
    299 products
  [8073784] Weekly Flyer  (2026-08-13T03:00:00-04:00 → 2026-08-19T23:59:59-04:00)
    283 products
  [8073816] Weekly Flyer  (2026-08-13T00:00:00-04:00 → 2026-08-19T23:59:59-04:00)
    88 products
  [8073741] Weekly Flyer  (2026-08-13T00:00:00-04:00 → 2026-08-19T23:59:59-04:00)
    286 products
  [8073775] Weekly Flyer  (2026-08-13T03:00:00-04:00 → 2026-08-19T23:59:59-04:00)
    285 products
  [8073733] Weekly Flyer  (2026-08-13T00:00:00-04:00 → 2026-08-19T23:59:59-04:00)
    282 products
  [8073772] Weekly Flyer  (2026-08-13T03:00:00-04:00 → 2026-08-19T23:59:59-04:00)
    271 products
  [8073786] Weekly Flyer  (2026-08-13T03:00:00-04:00 → 2026-08-19T23:59:59-04:00)
    266 products
  [8073752] Weekly Flyer  (2026-08-13T00:00:00-04:00 → 2026-08-19T23:59:59-04:00)
    280 products
  [8073814] Weekly Flyer  (2026-08-13T00:00:00-04:00 → 2026-08-19T23:59:59-04:00)
    210 products
  [8073762] Weekly Flyer  (2026-08-13T00:00:00-04:00 → 2026-08-19T23:59:59-04:00)
    68 products
  [8073735] Weekly Flyer  (2026-08-13T00:00:00-04:00 → 2026-08-19T23:59:59-04:00)
    264 products

── Phase 2 results ──────────────────────────────────────────────────
  Downloaded : 63
  Skipped    : 0  (file already existed)
  Errors     : 0

Run completed: 2026-08-13 14:30:05 UTC
Elapsed      : 0m 52s


Done.  Verbose log → logs/nofrills/2026-08-13_verbose.log
       Summary log → logs/nofrills/2026-08-13_summary.log

