=== Atlantic Superstore Flyer Fetch — 2026-08-20 ===
Run started : 2026-08-20 13:59:44 UTC

Loaded 67 stores from data/atlantic_superstore/stores.parquet

Stores loaded: 67
Loaded store_flyers.parquet (998 publication entries)

Phase 1: fetching publications per store…

  [38] Testing Store → no new flyers
  [309] Antigonish Superstore → ['8084992']
  [311] Millidgeville Superstore → ['8084984']
  [312] Amherst Superstore → ['8084986']
  [313] Tantallon Superstore → ['8084986']
  [314] Summerside Superstore → ['8084986']
  [315] Oromocto Superstore → ['8084984']
  [316] Tracadie Superstore → ['8084986']
  [317] Port Hawkesbury Superstore → ['8084984']
  [318] Kingston Superstore → ['8084986']
  [321] North Sydney Superstore → ['8084984']
  [325] Edmundston Superstore → no new flyers
  [326] Trinity  Superstore → ['8084991']
  [329] Nashwaaksis Superstore → ['8084984']
  [331] Liverpool Superstore → ['8084985']
  [332] Miramichi Superstore → ['8084984']
  [336] Truro Superstore → ['8084984']
  [337] Bridgewater Superstore → ['8084986']
  [339] Digby Superstore → ['8084984']
  [341] Fredericton Superstore → ['8084992']
  [344] New Minas Superstore → ['8084984']
  [350] Moncton Superstore → ['8084992']
  [351] Lower Sackville Superstore → ['8084987']
  [352] Dartmouth Superstore → ['8084992']
  [353] Saint John Superstore → ['8084992']
  [354] HaliFax Superstore → ['8084984']
  [357] Bathurst Superstore → ['8084986']
  [358] Bayers Lake Superstore → ['8084992']
  [359] Chatham Superstore → ['8084984']
  [361] Riverview Superstore → ['8084989']
  [362] Atholville Superstore → ['8084986']
  [364] Kennebecasis Valley Market → ['8084986']
  [366] St. Stephen Superstore → ['8084984']
  [367] Porter's Lake Superstore → ['8084984']
  [368] New Glasgow Superstore → ['8084990']
  [369] Barrington St. Superstore → ['8084984']
  [372] Yarmouth Superstore → ['8084990']
  [373] Sydney River Superstore → ['8084984']
  [374] Woodstock Superstore → ['8084986']
  [375] Elmsdale Superstore → ['8084984']
  [376] Charlottetown Superstore → ['8084991']
  [377] Windsor Superstore → ['8084984']
  [378] BedFord Superstore → ['8084987']
  [379] Joseph Howe Superstore → ['8084988']
  [380] Braemar Drive Superstore → ['8084984']
  [383] Quinpool Superstore → ['8084984']
  [384] Cole Harbour Superstore → ['8084984']
  [385] Glace Bay Superstore → ['8084984']
  [386] West Royalty Superstore → ['8084984']
  [388] Montague Superstore → ['8084984']
  [389] Sussex Superstore → ['8084986']
  [396] Grand Falls Superstore → ['8084986']
  [626] Daniel's YIG St George → no new flyers
  [685] Francis' YIG Lunenburg → no new flyers
  [906] Bay Roberts Dominion → no new flyers
  [913] Carbonear Dominion → no new flyers
  [922] Pearlgate Dominion → no new flyers
  [923] Longpond Dominion → no new flyers
  [924] Cabot Square Dominion → no new flyers
  [925] Stephenville Dominion → no new flyers
  [926] Corner Brook Dominion → no new flyers
  [927] Gander Dominion → no new flyers
  [928] Grand Falls Dominion → no new flyers
  [934] Memorial Stadium Dominion → no new flyers
  [935] Blackmarsh Road Dominion → no new flyers
  [2552] Bedford West → ['8084984']
  [7526] RASS DIEPPE → ['8084984']

  52 new publication entries across 67 stores
  9 unique new publication(s) to download
  Appended 52 rows to data/atlantic_superstore/store_flyers.parquet
New publication entries added to store_flyers.parquet: 52
Unique new publications to download: 9

Phase 2: fetching products for each new publication…

  [8084992] Weekly Flyer  (2026-08-20T00:00:00-04:00 → 2026-08-26T23:59:59-04:00)
    382 products
  [8084984] Weekly Flyer  (2026-08-20T00:00:00-04:00 → 2026-08-26T23:59:59-04:00)
    328 products
  [8084986] Weekly Flyer  (2026-08-20T00:00:00-04:00 → 2026-08-26T23:59:59-04:00)
    369 products
  [8084991] Weekly Flyer  (2026-08-20T00:00:00-04:00 → 2026-08-26T23:59:59-04:00)
    372 products
  [8084985] Weekly Flyer  (2026-08-20T00:00:00-04:00 → 2026-08-26T23:59:59-04:00)
    353 products
  [8084987] Weekly Flyer  (2026-08-20T00:00:00-04:00 → 2026-08-26T23:59:59-04:00)
    381 products
  [8084989] Weekly Flyer  (2026-08-20T00:00:00-04:00 → 2026-08-26T23:59:59-04:00)
    396 products
  [8084990] Weekly Flyer  (2026-08-20T00:00:00-04:00 → 2026-08-26T23:59:59-04:00)
    383 products
  [8084988] Weekly Flyer  (2026-08-20T00:00:00-04:00 → 2026-08-26T23:59:59-04:00)
    427 products

── Phase 2 results ──────────────────────────────────────────────────
  Downloaded : 9
  Skipped    : 0  (file already existed)
  Errors     : 0

Run completed: 2026-08-20 13:59:57 UTC
Elapsed      : 0m 12s


Done.  Verbose log → logs/atlantic_superstore/2026-08-20_verbose.log
       Summary log → logs/atlantic_superstore/2026-08-20_summary.log

