=== Atlantic Superstore Flyer Fetch — 2026-04-16 ===
Run started : 2026-04-16 13:45:36 UTC

Loaded 67 stores from data/atlantic_superstore/stores.json

Stores loaded: 67
Loaded existing store_flyers.json (106 publication entries)

Phase 1: fetching publications per store…

  [38] Testing Store → no new flyers
  [309] Antigonish Superstore → ['7880979']
  [311] Millidgeville Superstore → ['7880977']
  [312] Amherst Superstore → ['7880979']
  [313] Tantallon Superstore → ['7880979']
  [314] Summerside Superstore → ['7880976']
  [315] Oromocto Superstore → ['7880977']
  [316] Tracadie Superstore → ['7880979']
  [317] Port Hawkesbury Superstore → ['7880977']
  [318] Kingston Superstore → ['7880979']
  [321] North Sydney Superstore → ['7880977']
  [325] Edmundston Superstore → ['7880978']
  [326] Trinity  Superstore → ['7880981']
  [329] Nashwaaksis Superstore → ['7880977']
  [331] Liverpool Superstore → ['7880978']
  [332] Miramichi Superstore → ['7880977']
  [336] Truro Superstore → ['7880977']
  [337] Bridgewater Superstore → ['7880980']
  [339] Digby Superstore → ['7880977']
  [341] Fredericton Superstore → ['7880979']
  [344] New Minas Superstore → ['7880977']
  [350] Moncton Superstore → ['7880979']
  [351] Lower Sackville Superstore → ['7880979']
  [352] Dartmouth Superstore → ['7880979']
  [353] Saint John Superstore → ['7880979']
  [354] HaliFax Superstore → ['7880977']
  [357] Bathurst Superstore → ['7880979']
  [358] Bayers Lake Superstore → ['7880979']
  [359] Chatham Superstore → ['7880977']
  [361] Riverview Superstore → ['7880979']
  [362] Atholville Superstore → ['7880979']
  [364] Kennebecasis Valley Market → ['7880979']
  [366] St. Stephen Superstore → ['7880977']
  [367] Porter's Lake Superstore → ['7880977']
  [368] New Glasgow Superstore → ['7880979']
  [369] Barrington St. Superstore → ['7880977']
  [372] Yarmouth Superstore → ['7880979']
  [373] Sydney River Superstore → ['7880977']
  [374] Woodstock Superstore → ['7880979']
  [375] Elmsdale Superstore → ['7880977']
  [376] Charlottetown Superstore → ['7880975']
  [377] Windsor Superstore → ['7880977']
  [378] BedFord Superstore → ['7880979']
  [379] Joseph Howe Superstore → ['7880982']
  [380] Braemar Drive Superstore → ['7880977']
  [383] Quinpool Superstore → ['7880977']
  [384] Cole Harbour Superstore → ['7880977']
  [385] Glace Bay Superstore → ['7880977']
  [386] West Royalty Superstore → ['7880974']
  [388] Montague Superstore → ['7880974']
  [389] Sussex Superstore → ['7880979']
  [396] Grand Falls Superstore → ['7880979']
  [626] Daniel's YIG St George → no new flyers
  [685] Francis' YIG Lunenburg → no new flyers
  [906] Bay Roberts Dominion → no new flyers
  [913] Carbonear Dominion → no new flyers
  [922] Pearlgate Dominion → no new flyers
  [923] Longpond Dominion → no new flyers
  [924] Cabot Square Dominion → no new flyers
  [925] Stephenville Dominion → no new flyers
  [926] Corner Brook Dominion → no new flyers
  [927] Gander Dominion → no new flyers
  [928] Grand Falls Dominion → no new flyers
  [934] Memorial Stadium Dominion → no new flyers
  [935] Blackmarsh Road Dominion → no new flyers
  [2552] Bedford West → ['7880977']
  [7526] RASS DIEPPE → ['7880977']

  53 new publication entries across 67 stores
  9 unique new publication(s) to download
  Saved → data/atlantic_superstore/store_flyers.json  (212,434 bytes)
New publication entries added to store_flyers.json: 53
Unique new publications to download: 9

Phase 2: fetching products for each new publication…

  [7880979] Weekly Flyer  (2026-04-16T00:00:00-04:00 → 2026-04-22T23:59:59-04:00)
    342 products
  Saved → data/atlantic_superstore/flyers/7880979.json  (768,191 bytes)
  [7880977] Weekly Flyer  (2026-04-16T00:00:00-04:00 → 2026-04-22T23:59:59-04:00)
    306 products
  Saved → data/atlantic_superstore/flyers/7880977.json  (686,549 bytes)
  [7880976] Weekly Flyer  (2026-04-16T00:00:00-04:00 → 2026-04-22T23:59:59-04:00)
    343 products
  Saved → data/atlantic_superstore/flyers/7880976.json  (770,288 bytes)
  [7880978] Weekly Flyer  (2026-04-16T00:00:00-04:00 → 2026-04-22T23:59:59-04:00)
    320 products
  Saved → data/atlantic_superstore/flyers/7880978.json  (718,752 bytes)
  [7880981] Weekly Flyer  (2026-04-16T00:00:00-04:00 → 2026-04-22T23:59:59-04:00)
    326 products
  Saved → data/atlantic_superstore/flyers/7880981.json  (731,391 bytes)
  [7880980] Weekly Flyer  (2026-04-16T00:00:00-04:00 → 2026-04-22T23:59:59-04:00)
    342 products
  Saved → data/atlantic_superstore/flyers/7880980.json  (768,171 bytes)
  [7880975] Weekly Flyer  (2026-04-16T00:00:00-04:00 → 2026-04-22T23:59:59-04:00)
    327 products
  Saved → data/atlantic_superstore/flyers/7880975.json  (733,489 bytes)
  [7880982] Weekly Flyer  (2026-04-16T00:00:00-04:00 → 2026-04-22T23:59:59-04:00)
    348 products
  Saved → data/atlantic_superstore/flyers/7880982.json  (780,830 bytes)
  [7880974] Weekly Flyer  (2026-04-16T00:00:00-04:00 → 2026-04-22T23:59:59-04:00)
    307 products
  Saved → data/atlantic_superstore/flyers/7880974.json  (688,646 bytes)

── Phase 2 results ──────────────────────────────────────────────────
  Downloaded : 9
  Skipped    : 0  (file already existed)
  Errors     : 0

Run completed: 2026-04-16 13:45:53 UTC
Elapsed      : 0m 16s


Done.  Verbose log → logs/atlantic_superstore/2026-04-16_verbose.log
       Summary log → logs/atlantic_superstore/2026-04-16_summary.log

