=== Atlantic Superstore Flyer Fetch — 2026-05-14 ===
Run started : 2026-05-14 13:44:58 UTC

Loaded 67 stores from data/atlantic_superstore/stores.parquet

Stores loaded: 67
Loaded store_flyers.parquet (318 publication entries)

Phase 1: fetching publications per store…

  [38] Testing Store → no new flyers
  [309] Antigonish Superstore → ['7923239', '7927371']
  [311] Millidgeville Superstore → ['7923236', '7927371']
  [312] Amherst Superstore → ['7923239', '7927371']
  [313] Tantallon Superstore → ['7923239', '7927371']
  [314] Summerside Superstore → ['7923232', '7927371']
  [315] Oromocto Superstore → ['7923236', '7927371']
  [316] Tracadie Superstore → ['7923240', '7927371']
  [317] Port Hawkesbury Superstore → ['7924085', '7927371']
  [318] Kingston Superstore → ['7923239', '7927371']
  [321] North Sydney Superstore → ['7924085', '7927371']
  [325] Edmundston Superstore → ['7923238', '7927371']
  [326] Trinity  Superstore → ['7923234', '7927371']
  [329] Nashwaaksis Superstore → ['7923236', '7927371']
  [331] Liverpool Superstore → ['7923237', '7927371']
  [332] Miramichi Superstore → ['7923236', '7927371']
  [336] Truro Superstore → ['7924085', '7927371']
  [337] Bridgewater Superstore → ['7923239', '7927371']
  [339] Digby Superstore → ['7924085', '7927371']
  [341] Fredericton Superstore → ['7923240', '7927371']
  [344] New Minas Superstore → ['7924085', '7927371']
  [350] Moncton Superstore → ['7923240', '7927371']
  [351] Lower Sackville Superstore → ['7923239', '7927371']
  [352] Dartmouth Superstore → ['7923239', '7927371']
  [353] Saint John Superstore → ['7923240', '7927371']
  [354] HaliFax Superstore → ['7924085', '7927371']
  [357] Bathurst Superstore → ['7923240', '7927371']
  [358] Bayers Lake Superstore → ['7923239', '7927371']
  [359] Chatham Superstore → ['7923236', '7927371']
  [361] Riverview Superstore → ['7923242', '7927371']
  [362] Atholville Superstore → ['7923240', '7927371']
  [364] Kennebecasis Valley Market → ['7923240', '7927371']
  [366] St. Stephen Superstore → ['7923236', '7927371']
  [367] Porter's Lake Superstore → ['7924085', '7927371']
  [368] New Glasgow Superstore → ['7923241', '7927371']
  [369] Barrington St. Superstore → ['7923233', '7927371']
  [372] Yarmouth Superstore → ['7923241', '7927371']
  [373] Sydney River Superstore → ['7924085', '7927371']
  [374] Woodstock Superstore → ['7923240', '7927371']
  [375] Elmsdale Superstore → ['7924085', '7927371']
  [376] Charlottetown Superstore → ['7923231', '7927371']
  [377] Windsor Superstore → ['7924085', '7927371']
  [378] BedFord Superstore → ['7923239', '7927371']
  [379] Joseph Howe Superstore → ['7923235', '7927371']
  [380] Braemar Drive Superstore → ['7924085', '7927371']
  [383] Quinpool Superstore → ['7923233', '7927371']
  [384] Cole Harbour Superstore → ['7924085', '7927371']
  [385] Glace Bay Superstore → ['7924085', '7927371']
  [386] West Royalty Superstore → ['7923230', '7927371']
  [388] Montague Superstore → ['7923230', '7927371']
  [389] Sussex Superstore → ['7923240', '7927371']
  [396] Grand Falls Superstore → ['7923240', '7927371']
  [626] Daniel's YIG St George → no new flyers
  [685] Francis' YIG Lunenburg → no new flyers
  [906] Bay Roberts Dominion → no new flyers
  [913] Carbonear Dominion → no new flyers
  [922] Pearlgate Dominion → no new flyers
  [923] Longpond Dominion → no new flyers
  [924] Cabot Square Dominion → no new flyers
  [925] Stephenville Dominion → no new flyers
  [926] Corner Brook Dominion → no new flyers
  [927] Gander Dominion → no new flyers
  [928] Grand Falls Dominion → no new flyers
  [934] Memorial Stadium Dominion → no new flyers
  [935] Blackmarsh Road Dominion → no new flyers
  [2552] Bedford West → ['7923233', '7927371']
  [7526] RASS DIEPPE → ['7923236', '7927371']

  106 new publication entries across 67 stores
  15 unique new publication(s) to download
  Appended 106 rows to data/atlantic_superstore/store_flyers.parquet
New publication entries added to store_flyers.parquet: 106
Unique new publications to download: 15

Phase 2: fetching products for each new publication…

  [7923239] Weekly Flyer  (2026-05-14T00:00:00-04:00 → 2026-05-20T23:59:59-04:00)
    498 products
  [7927371] General Merchandise  (2026-05-14T00:00:00-04:00 → 2026-07-08T23:59:59-04:00)
    159 products
  [7923236] Weekly Flyer  (2026-05-14T00:00:00-04:00 → 2026-05-20T23:59:59-04:00)
    478 products
  [7923232] Weekly Flyer  (2026-05-14T00:00:00-04:00 → 2026-05-20T23:59:59-04:00)
    499 products
  [7923240] Weekly Flyer  (2026-05-14T00:00:00-04:00 → 2026-05-20T23:59:59-04:00)
    507 products
  [7924085] Weekly Flyer  (2026-05-14T00:00:00-04:00 → 2026-05-20T23:59:59-04:00)
    469 products
  [7923238] Weekly Flyer  (2026-05-14T00:00:00-04:00 → 2026-05-20T23:59:59-04:00)
    492 products
  [7923234] Weekly Flyer  (2026-05-14T00:00:00-04:00 → 2026-05-20T23:59:59-04:00)
    498 products
  [7923237] Weekly Flyer  (2026-05-14T00:00:00-04:00 → 2026-05-20T23:59:59-04:00)
    483 products
  [7923242] Weekly Flyer  (2026-05-14T00:00:00-04:00 → 2026-05-20T23:59:59-04:00)
    522 products
  [7923241] Weekly Flyer  (2026-05-14T00:00:00-04:00 → 2026-05-20T23:59:59-04:00)
    513 products
  [7923233] Weekly Flyer  (2026-05-14T00:00:00-04:00 → 2026-05-20T23:59:59-04:00)
    469 products
  [7923231] Weekly Flyer  (2026-05-14T00:00:00-04:00 → 2026-05-20T23:59:59-04:00)
    490 products
  [7923235] Weekly Flyer  (2026-05-14T00:00:00-04:00 → 2026-05-20T23:59:59-04:00)
    533 products
  [7923230] Weekly Flyer  (2026-05-14T00:00:00-04:00 → 2026-05-20T23:59:59-04:00)
    470 products

── Phase 2 results ──────────────────────────────────────────────────
  Downloaded : 15
  Skipped    : 0  (file already existed)
  Errors     : 0

Run completed: 2026-05-14 13:45:08 UTC
Elapsed      : 0m 9s


Done.  Verbose log → logs/atlantic_superstore/2026-05-14_verbose.log
       Summary log → logs/atlantic_superstore/2026-05-14_summary.log

