=== Atlantic Superstore Flyer Fetch — 2026-09-10 ===
Run started : 2026-09-10 17:05:41 UTC

Loaded 67 stores from data/atlantic_superstore/stores.parquet

Stores loaded: 67
Loaded store_flyers.parquet (1050 publication entries)

Phase 1: fetching publications per store…

  [38] Testing Store → no new flyers
  [309] Antigonish Superstore → ['8124907']
  [311] Millidgeville Superstore → ['8124905']
  [312] Amherst Superstore → ['8124907']
  [313] Tantallon Superstore → ['8124907']
  [314] Summerside Superstore → ['8124907']
  [315] Oromocto Superstore → ['8124905']
  [316] Tracadie Superstore → ['8124907']
  [317] Port Hawkesbury Superstore → ['8124905']
  [318] Kingston Superstore → ['8124907']
  [321] North Sydney Superstore → ['8124905']
  [325] Edmundston Superstore → no new flyers
  [326] Trinity  Superstore → ['8124903']
  [329] Nashwaaksis Superstore → ['8124905']
  [331] Liverpool Superstore → ['8124906']
  [332] Miramichi Superstore → ['8124905']
  [336] Truro Superstore → ['8124905']
  [337] Bridgewater Superstore → ['8124907']
  [339] Digby Superstore → ['8124905']
  [341] Fredericton Superstore → ['8124907']
  [344] New Minas Superstore → ['8124905']
  [350] Moncton Superstore → ['8124907']
  [351] Lower Sackville Superstore → ['8124907']
  [352] Dartmouth Superstore → ['8124907']
  [353] Saint John Superstore → ['8124907']
  [354] HaliFax Superstore → ['8124905']
  [357] Bathurst Superstore → ['8124908']
  [358] Bayers Lake Superstore → ['8124907']
  [359] Chatham Superstore → ['8124905']
  [361] Riverview Superstore → ['8124907']
  [362] Atholville Superstore → ['8124907']
  [364] Kennebecasis Valley Market → ['8124907']
  [366] St. Stephen Superstore → ['8124905']
  [367] Porter's Lake Superstore → ['8124905']
  [368] New Glasgow Superstore → ['8124907']
  [369] Barrington St. Superstore → ['8124902']
  [372] Yarmouth Superstore → ['8124907']
  [373] Sydney River Superstore → ['8124905']
  [374] Woodstock Superstore → ['8124907']
  [375] Elmsdale Superstore → ['8124905']
  [376] Charlottetown Superstore → ['8124909']
  [377] Windsor Superstore → ['8124905']
  [378] BedFord Superstore → ['8124907']
  [379] Joseph Howe Superstore → ['8124904']
  [380] Braemar Drive Superstore → ['8124905']
  [383] Quinpool Superstore → ['8124902']
  [384] Cole Harbour Superstore → ['8124905']
  [385] Glace Bay Superstore → ['8124905']
  [386] West Royalty Superstore → ['8124905']
  [388] Montague Superstore → ['8124905']
  [389] Sussex Superstore → ['8124907']
  [396] Grand Falls Superstore → ['8124907']
  [626] Daniel's YIG St George → no new flyers
  [685] Francis' YIG Lunenburg → no new flyers
  [906] Bay Roberts Dominion → no new flyers
  [913] Carbonear Dominion → no new flyers
  [922] Pearlgate Dominion → no new flyers
  [923] Longpond Dominion → no new flyers
  [924] Cabot Square Dominion → no new flyers
  [925] Stephenville Dominion → no new flyers
  [926] Corner Brook Dominion → no new flyers
  [927] Gander Dominion → no new flyers
  [928] Grand Falls Dominion → no new flyers
  [934] Memorial Stadium Dominion → no new flyers
  [935] Blackmarsh Road Dominion → no new flyers
  [2552] Bedford West → ['8124902']
  [7526] RASS DIEPPE → ['8124905']

  52 new publication entries across 67 stores
  8 unique new publication(s) to download
  Appended 52 rows to data/atlantic_superstore/store_flyers.parquet
New publication entries added to store_flyers.parquet: 52
Unique new publications to download: 8

Phase 2: fetching products for each new publication…

  [8124907] Weekly Flyer  (2026-09-10T00:00:00-04:00 → 2026-09-16T23:59:59-04:00)
    377 products
  [8124905] Weekly Flyer  (2026-09-10T00:00:00-04:00 → 2026-09-16T23:59:59-04:00)
    352 products
  [8124903] Weekly Flyer  (2026-09-10T00:00:00-04:00 → 2026-09-16T23:59:59-04:00)
    372 products
  [8124906] Weekly Flyer  (2026-09-10T00:00:00-04:00 → 2026-09-16T23:59:59-04:00)
    366 products
  [8124908] Weekly Flyer  (2026-09-10T00:00:00-04:00 → 2026-09-16T23:59:59-04:00)
    377 products
  [8124902] Weekly Flyer  (2026-09-10T00:00:00-04:00 → 2026-09-16T23:59:59-04:00)
    352 products
  [8124909] Weekly Flyer  (2026-09-10T00:00:00-04:00 → 2026-09-16T23:59:59-04:00)
    372 products
  [8124904] Weekly Flyer  (2026-09-10T00:00:00-04:00 → 2026-09-16T23:59:59-04:00)
    408 products

── Phase 2 results ──────────────────────────────────────────────────
  Downloaded : 8
  Skipped    : 0  (file already existed)
  Errors     : 0

Run completed: 2026-09-10 17:05:50 UTC
Elapsed      : 0m 8s


Done.  Verbose log → logs/atlantic_superstore/2026-09-10_verbose.log
       Summary log → logs/atlantic_superstore/2026-09-10_summary.log

