=== Farm Boy Flyer Fetch — 2026-06-04 ===
Run started : 2026-06-04 14:18:00 UTC

Loaded 52 stores from data/farm_boy/stores.parquet

Stores loaded: 52
Loaded store_flyers.parquet (468 publication entries)

Phase 1: fetching publications per store…

  [1] Cornwall → ['7964261']
  [4] Nepean → ['7964261']
  [5] Hillside → ['7964261']
  [6] Terry Fox → ['7964261']
  [7] Blossom Park → ['7964261']
  [8] Orléans → ['7964261']
  [9] Barrhaven → ['7964261']
  [10] Blue Heron → ['7964261']
  [11] Kanata Signature Centre → ['7964261']
  [14] Britannia → ['7964261']
  [16] Place d'Orléans → ['7964261']
  [17] Kingston → ['7964261']
  [18] Train Yards → ['7964261']
  [19] London → ['7964261']
  [20] London - Fanshawe → ['7964261']
  [21] Beaverbrook → ['7964261']
  [22] Whitby → ['7964261']
  [23] Fairway Plaza → ['7964261']
  [24] Brantford → ['7964261']
  [25] Farm Boy McRae Avenue → ['7964261']
  [26] Cambridge → ['7964261']
  [27] Pickering → ['7964261']
  [28] Etobicoke → ['7964261']
  [29] Ottawa Rideau → ['7964261']
  [30] Hamilton → ['7964261']
  [31] Oakwoods Centre → ['7964261']
  [32] Lakeshore Blvd E → ['7964261']
  [33] Burlington → ['7964261']
  [34] St.Catharines → ['7964261']
  [35] Metcalfe - Ottawa → ['7964261']
  [36] Newmarket → ['7964261']
  [37] Toronto - Bay & College → ['7964261']
  [38] Toronto – Yonge & Soudan → ['7964261']
  [39] Waterloo → ['7964261']
  [40] Toronto Front & Bathurst → ['7964261']
  [41] Richmond Hill → ['7964261']
  [42] Farm Boy Harbourfront → ['7964261']
  [43] Greenbank → ['7964261']
  [44] Oakville - Bronte → ['7964261']
  [45] Farm Boy Aukland → ['7964261']
  [46] Dupont & Christie → ['7964261']
  [47] Stone Road Guelph → ['7964261']
  [48] Barrie → ['7964261']
  [49] St. Clair → ['7964261']
  [50] Aurora → ['7964261']
  [51] Toronto - Sugar Wharf → ['7964261']
  [52] Oshawa → ['7964261']
  [54] Port Credit → ['7964261']
  [55] Burlington South → ['7964261']
  [56] Laird Drive → ['7964261']
  [57] Hazeldean → ['7964261']
  [58] Collingwood → ['7964261']

  52 new publication entries across 52 stores
  1 unique new publication(s) to download
  Appended 52 rows to data/farm_boy/store_flyers.parquet
New publication entries added to store_flyers.parquet: 52
Unique new publications to download: 1

Phase 2: fetching products for each new publication…

  [7964261] Weekly  (2026-06-04T00:00:00-04:00 → 2026-06-10T23:59:59-04:00)
    82 products

── Phase 2 results ──────────────────────────────────────────────────
  Downloaded : 1
  Skipped    : 0  (file already existed)
  Errors     : 0

Run completed: 2026-06-04 14:18:11 UTC
Elapsed      : 0m 11s


Done.  Verbose log → logs/farm_boy/2026-06-04_verbose.log
       Summary log → logs/farm_boy/2026-06-04_summary.log

