=== Farm Boy Flyer Fetch — 2026-06-11 ===
Run started : 2026-06-11 14:33:40 UTC

Loaded 52 stores from data/farm_boy/stores.parquet

Stores loaded: 52
Loaded store_flyers.parquet (520 publication entries)

Phase 1: fetching publications per store…

  [1] Cornwall → ['7974893']
  [4] Nepean → ['7974893']
  [5] Hillside → ['7974893']
  [6] Terry Fox → ['7974893']
  [7] Blossom Park → ['7974893']
  [8] Orléans → ['7974893']
  [9] Barrhaven → ['7974893']
  [10] Blue Heron → ['7974893']
  [11] Kanata Signature Centre → ['7974893']
  [14] Britannia → ['7974893']
  [16] Place d'Orléans → ['7974893']
  [17] Kingston → ['7974893']
  [18] Train Yards → ['7974893']
  [19] London → ['7974893']
  [20] London - Fanshawe → ['7974893']
  [21] Beaverbrook → ['7974893']
  [22] Whitby → ['7974893']
  [23] Fairway Plaza → ['7974893']
  [24] Brantford → ['7974893']
  [25] Farm Boy McRae Avenue → ['7974893']
  [26] Cambridge → ['7974893']
  [27] Pickering → ['7974893']
  [28] Etobicoke → ['7974893']
  [29] Ottawa Rideau → ['7974893']
  [30] Hamilton → ['7974893']
  [31] Oakwoods Centre → ['7974893']
  [32] Lakeshore Blvd E → ['7974893']
  [33] Burlington → ['7974893']
  [34] St.Catharines → ['7974893']
  [35] Metcalfe - Ottawa → ['7974893']
  [36] Newmarket → ['7974893']
  [37] Toronto - Bay & College → ['7974893']
  [38] Toronto – Yonge & Soudan → ['7974893']
  [39] Waterloo → ['7974893']
  [40] Toronto Front & Bathurst → ['7974893']
  [41] Richmond Hill → ['7974893']
  [42] Farm Boy Harbourfront → ['7974893']
  [43] Greenbank → ['7974893']
  [44] Oakville - Bronte → ['7974893']
  [45] Farm Boy Aukland → ['7974893']
  [46] Dupont & Christie → ['7974893']
  [47] Stone Road Guelph → ['7974893']
  [48] Barrie → ['7974893']
  [49] St. Clair → ['7974893']
  [50] Aurora → ['7974893']
  [51] Toronto - Sugar Wharf → ['7974893']
  [52] Oshawa → ['7974893']
  [54] Port Credit → ['7974893']
  [55] Burlington South → ['7974893']
  [56] Laird Drive → ['7974893']
  [57] Hazeldean → ['7974893']
  [58] Collingwood → ['7974893']

  52 new publication entries across 52 stores
  1 unique new publication(s) to download
  Appended 52 rows to data/farm_boy/store_flyers.parquet
New publication entries added to store_flyers.parquet: 52
Unique new publications to download: 1

Phase 2: fetching products for each new publication…

  [7974893] Weekly  (2026-06-11T00:00:00-04:00 → 2026-06-17T23:59:59-04:00)
    80 products

── Phase 2 results ──────────────────────────────────────────────────
  Downloaded : 1
  Skipped    : 0  (file already existed)
  Errors     : 0

Run completed: 2026-06-11 14:33:50 UTC
Elapsed      : 0m 10s


Done.  Verbose log → logs/farm_boy/2026-06-11_verbose.log
       Summary log → logs/farm_boy/2026-06-11_summary.log

