=== Farm Boy Flyer Fetch — 2026-09-24 ===
Run started : 2026-09-24 18:03:44 UTC

Loaded 52 stores from data/farm_boy/stores.parquet

Stores loaded: 52
Loaded store_flyers.parquet (988 publication entries)

Phase 1: fetching publications per store…

  [1] Cornwall → ['8145407']
  [4] Nepean → ['8145407']
  [5] Hillside → ['8145407']
  [6] Terry Fox → ['8145407']
  [7] Blossom Park → ['8145407']
  [8] Orléans → ['8145407']
  [9] Barrhaven → ['8145407']
  [10] Blue Heron → ['8145407']
  [11] Kanata Signature Centre → ['8145407']
  [14] Britannia → ['8145407']
  [16] Place d'Orléans → ['8145407']
  [17] Kingston → ['8145407']
  [18] Train Yards → ['8145407']
  [19] London → ['8145407']
  [20] London - Fanshawe → ['8145407']
  [21] Beaverbrook → ['8145407']
  [22] Whitby → ['8145407']
  [23] Fairway Plaza → ['8145407']
  [24] Brantford → ['8145407']
  [25] Farm Boy McRae Avenue → ['8145407']
  [26] Cambridge → ['8145407']
  [27] Pickering → ['8145407']
  [28] Etobicoke → ['8145407']
  [29] Ottawa Rideau → ['8145407']
  [30] Hamilton → ['8145407']
  [31] Oakwoods Centre → ['8145407']
  [32] Lakeshore Blvd E → ['8145407']
  [33] Burlington → ['8145407']
  [34] St.Catharines → ['8145407']
  [35] Metcalfe - Ottawa → ['8145407']
  [36] Newmarket → ['8145407']
  [37] Toronto - Bay & College → ['8145407']
  [38] Toronto – Yonge & Soudan → ['8145407']
  [39] Waterloo → ['8145407']
  [40] Toronto Front & Bathurst → ['8145407']
  [41] Richmond Hill → ['8145407']
  [42] Farm Boy Harbourfront → ['8145407']
  [43] Greenbank → ['8145407']
  [44] Oakville - Bronte → ['8145407']
  [45] Farm Boy Aukland → ['8145407']
  [46] Dupont & Christie → ['8145407']
  [47] Stone Road Guelph → ['8145407']
  [48] Barrie → ['8145407']
  [49] St. Clair → ['8145407']
  [50] Aurora → ['8145407']
  [51] Toronto - Sugar Wharf → ['8145407']
  [52] Oshawa → ['8145407']
  [54] Port Credit → ['8145407']
  [55] Burlington South → ['8145407']
  [56] Laird Drive → ['8145407']
  [57] Hazeldean → ['8145407']
  [58] Collingwood → ['8145407']

  52 new publication entries across 52 stores
  1 unique new publication(s) to download
  Appended 52 rows to data/farm_boy/store_flyers.parquet
New publication entries added to store_flyers.parquet: 52
Unique new publications to download: 1

Phase 2: fetching products for each new publication…

  [8145407] Weekly  (2026-09-24T00:00:00-04:00 → 2026-09-30T23:59:59-04:00)
    115 products

── Phase 2 results ──────────────────────────────────────────────────
  Downloaded : 1
  Skipped    : 0  (file already existed)
  Errors     : 0

Run completed: 2026-09-24 18:03:53 UTC
Elapsed      : 0m 8s


Done.  Verbose log → logs/farm_boy/2026-09-24_verbose.log
       Summary log → logs/farm_boy/2026-09-24_summary.log

