=== Loblaws Flyer Fetch — 2026-06-11 ===
Run started : 2026-06-11 14:24:58 UTC

Loaded 50 stores from data/loblaws/stores.parquet

Stores loaded: 50
Loaded store_flyers.parquet (494 publication entries)

Phase 1: fetching publications per store…

  [99] Fake Store For Testing → no new flyers
  [1000] Loblaws - Queen Street West → ['7974166']
  [1001] Loblaws - Liverpool Rd. → ['7974191']
  [1003] Loblaws - Mclaughlin Road → ['7980008']
  [1004] Loblaws - Leslie Street → ['7974166']
  [1005] Loblaws - Bayfield Street → no new flyers
  [1007] Loblaws - Carlton Street → ['7974166']
  [1010] Loblaws - Yonge Street → no new flyers
  [1011] Loblaws - Glen Erin Drive → ['7974172']
  [1014] Loblaws - McArthur Road → ['7974195']
  [1016] Loblaws - Wonderland Road South → ['7974195']
  [1019] Loblaws - Bayview Village → ['7974170']
  [1020] Loblaws - Eglinton Ave. E → ['7974166']
  [1021] Loblaws - Musgrave Street → ['7974191']
  [1022] Loblaws - Kent Street West → ['7974193']
  [1023] Loblaws - Robertson Road → ['7974193']
  [1027] Loblaws - Richmond Street North → ['7974172']
  [1028] Loblaws - High Tech Road → ['7974172']
  [1029] Loblaws - Dupont Street → ['7974166']
  [1032] Loblaws - Bullock Drive → ['7974172']
  [1035] Loblaws - Greenbank Road → ['7974195']
  [1040] Loblaws - Princess Street → ['7974200']
  [1050] Loblaws - Baseline Road → ['7974195']
  [1051] Loblaws - Ogilvie Road → ['7974195']
  [1064] Loblaws - Highway #2 → ['7974193']
  [1066] Loblaws - The East Mall → ['7974168']
  [1079] Loblaws - Lower Jarvis Street → ['7974166']
  [1082] Loblaws - 1460 Merivale Road → ['7974193']
  [1083] Loblaws - Midland Ave → ['7974200']
  [1090] Loblaws - Lakeshore Road West → ['7974170']
  [1092] Loblaws - Redway Road → ['7974166']
  [1095] Loblaws - Isabella Street → ['7974193']
  [1099] Loblaws - Dundas Street West → ['7974166']
  [1114] Loblaws - Earl Grey Drive → ['7974193']
  [1127] Loblaws - Hurontario Street → ['7974193']
  [1132] Loblaws - Carling Avenue → ['7974193']
  [1142] Loblaws City Market- St. Clair Avenue East → ['7974166']
  [1154] Loblaws - Dundas Street West → no new flyers
  [1155] Loblaws - Moore Avenue → ['7974166']
  [1170] Loblaws - Rideau Street → ['7974193']
  [1174] Loblaws - 270 The Kingsway → ['7980017']
  [1179] Loblaws - Broadview Ave → no new flyers
  [1188] Loblaws - Bank Street → ['7974195']
  [1194] Loblaws - Yonge Street → ['7974166']
  [1212] Loblaws - St. Clair Ave West → ['7974166']
  [1424] Loblaws- Lakeshore/Bathurst → ['7974202']
  [1789] Squamish YIG (W) → no new flyers
  [1790] Loblaws City Market → no new flyers
  [1822] Loblaws City Market - Sage Hill → no new flyers
  [1872] Lonsdale City Market → no new flyers

  41 new publication entries across 50 stores
  11 unique new publication(s) to download
  Appended 41 rows to data/loblaws/store_flyers.parquet
New publication entries added to store_flyers.parquet: 41
Unique new publications to download: 11

Phase 2: fetching products for each new publication…

  [7974166] Weekly Flyer  (2026-06-11T00:00:00-04:00 → 2026-06-17T23:59:59-04:00)
    229 products
  [7974191] Weekly Flyer  (2026-06-11T00:00:00-04:00 → 2026-06-17T23:59:59-04:00)
    243 products
  [7980008] Weekly Flyer  (2026-06-11T00:00:00-04:00 → 2026-06-17T23:59:59-04:00)
    229 products
  [7974172] Weekly Flyer  (2026-06-11T00:00:00-04:00 → 2026-06-17T23:59:59-04:00)
    229 products
  [7974195] Weekly Flyer  (2026-06-11T00:00:00-04:00 → 2026-06-17T23:59:59-04:00)
    226 products
  [7974170] Weekly Flyer  (2026-06-11T00:00:00-04:00 → 2026-06-17T23:59:59-04:00)
    214 products
  [7974193] Weekly Flyer  (2026-06-11T00:00:00-04:00 → 2026-06-17T23:59:59-04:00)
    211 products
  [7974200] Weekly Flyer  (2026-06-11T00:00:00-04:00 → 2026-06-17T23:59:59-04:00)
    253 products
  [7974168] Weekly Flyer  (2026-06-11T00:00:00-04:00 → 2026-06-17T23:59:59-04:00)
    244 products
  [7980017] Weekly Flyer  (2026-06-11T00:00:00-04:00 → 2026-06-17T23:59:59-04:00)
    233 products
  [7974202] Weekly Flyer  (2026-06-11T00:00:00-04:00 → 2026-06-17T23:59:59-04:00)
    120 products

── Phase 2 results ──────────────────────────────────────────────────
  Downloaded : 11
  Skipped    : 0  (file already existed)
  Errors     : 0

Run completed: 2026-06-11 14:25:11 UTC
Elapsed      : 0m 12s


Done.  Verbose log → logs/loblaws/2026-06-11_verbose.log
       Summary log → logs/loblaws/2026-06-11_summary.log

