=== Loblaws Flyer Fetch — 2026-06-25 ===
Run started : 2026-06-25 13:51:39 UTC

Loaded 50 stores from data/loblaws/stores.parquet

Stores loaded: 50
Loaded store_flyers.parquet (576 publication entries)

Phase 1: fetching publications per store…

  [99] Fake Store For Testing → no new flyers
  [1000] Loblaws - Queen Street West → ['7994538']
  [1001] Loblaws - Liverpool Rd. → ['7994565']
  [1003] Loblaws - Mclaughlin Road → ['7994555']
  [1004] Loblaws - Leslie Street → ['7994538']
  [1005] Loblaws - Bayfield Street → no new flyers
  [1007] Loblaws - Carlton Street → ['7994542']
  [1010] Loblaws - Yonge Street → no new flyers
  [1011] Loblaws - Glen Erin Drive → ['7994560']
  [1014] Loblaws - McArthur Road → ['7994576']
  [1016] Loblaws - Wonderland Road South → ['7994558']
  [1019] Loblaws - Bayview Village → ['7994552']
  [1020] Loblaws - Eglinton Ave. E → ['7994533']
  [1021] Loblaws - Musgrave Street → ['7994567']
  [1022] Loblaws - Kent Street West → ['7994572']
  [1023] Loblaws - Robertson Road → ['7994570']
  [1027] Loblaws - Richmond Street North → ['7994558']
  [1028] Loblaws - High Tech Road → ['7994562']
  [1029] Loblaws - Dupont Street → ['7994540']
  [1032] Loblaws - Bullock Drive → ['7994558']
  [1035] Loblaws - Greenbank Road → ['7994576']
  [1040] Loblaws - Princess Street → ['7994580']
  [1050] Loblaws - Baseline Road → ['7994578']
  [1051] Loblaws - Ogilvie Road → ['7994574']
  [1064] Loblaws - Highway #2 → ['7994572']
  [1066] Loblaws - The East Mall → ['7994546']
  [1079] Loblaws - Lower Jarvis Street → ['7994538']
  [1082] Loblaws - 1460 Merivale Road → ['7994572']
  [1083] Loblaws - Midland Ave → ['7994582']
  [1090] Loblaws - Lakeshore Road West → ['7994550']
  [1092] Loblaws - Redway Road → ['7994538']
  [1095] Loblaws - Isabella Street → ['7994572']
  [1099] Loblaws - Dundas Street West → ['7994538']
  [1114] Loblaws - Earl Grey Drive → ['7994572']
  [1127] Loblaws - Hurontario Street → ['7994572']
  [1132] Loblaws - Carling Avenue → ['7994572']
  [1142] Loblaws City Market- St. Clair Avenue East → ['7994538']
  [1154] Loblaws - Dundas Street West → no new flyers
  [1155] Loblaws - Moore Avenue → ['7994538']
  [1170] Loblaws - Rideau Street → ['7994572']
  [1174] Loblaws - 270 The Kingsway → ['7994535']
  [1179] Loblaws - Broadview Ave → no new flyers
  [1188] Loblaws - Bank Street → ['7994576']
  [1194] Loblaws - Yonge Street → ['7994538']
  [1212] Loblaws - St. Clair Ave West → ['7994544']
  [1424] Loblaws- Lakeshore/Bathurst → ['7994584']
  [1789] Squamish YIG (W) → no new flyers
  [1790] Loblaws City Market → no new flyers
  [1822] Loblaws City Market - Sage Hill → no new flyers
  [1872] Lonsdale City Market → no new flyers

  41 new publication entries across 50 stores
  23 unique new publication(s) to download
  Appended 41 rows to data/loblaws/store_flyers.parquet
New publication entries added to store_flyers.parquet: 41
Unique new publications to download: 23

Phase 2: fetching products for each new publication…

  [7994538] Weekly Flyer  (2026-06-25T00:00:00-04:00 → 2026-07-01T23:59:59-04:00)
    294 products
  [7994565] Weekly Flyer  (2026-06-25T00:00:00-04:00 → 2026-07-01T23:59:59-04:00)
    292 products
  [7994555] Weekly Flyer  (2026-06-25T00:00:00-04:00 → 2026-07-01T23:59:59-04:00)
    269 products
  [7994542] Weekly Flyer  (2026-06-25T00:00:00-04:00 → 2026-07-01T23:59:59-04:00)
    307 products
  [7994560] Weekly Flyer  (2026-06-25T00:00:00-04:00 → 2026-07-01T23:59:59-04:00)
    298 products
  [7994576] Weekly Flyer  (2026-06-25T00:00:00-04:00 → 2026-07-01T23:59:59-04:00)
    274 products
  [7994558] Weekly Flyer  (2026-06-25T00:00:00-04:00 → 2026-07-01T23:59:59-04:00)
    277 products
  [7994552] Weekly Flyer  (2026-06-25T00:00:00-04:00 → 2026-07-01T23:59:59-04:00)
    287 products
  [7994533] Weekly Flyer  (2026-06-25T00:00:00-04:00 → 2026-07-01T23:59:59-04:00)
    286 products
  [7994567] Weekly Flyer  (2026-06-25T00:00:00-04:00 → 2026-07-01T23:59:59-04:00)
    313 products
  [7994572] Weekly Flyer  (2026-06-25T00:00:00-04:00 → 2026-07-01T23:59:59-04:00)
    263 products
  [7994570] Weekly Flyer  (2026-06-25T00:00:00-04:00 → 2026-07-01T23:59:59-04:00)
    255 products
  [7994562] Weekly Flyer  (2026-06-25T00:00:00-04:00 → 2026-07-01T23:59:59-04:00)
    298 products
  [7994540] Weekly Flyer  (2026-06-25T00:00:00-04:00 → 2026-07-01T23:59:59-04:00)
    315 products
  [7994580] Weekly Flyer  (2026-06-25T00:00:00-04:00 → 2026-07-01T23:59:59-04:00)
    303 products
  [7994578] Weekly Flyer  (2026-06-25T00:00:00-04:00 → 2026-07-01T23:59:59-04:00)
    294 products
  [7994574] Weekly Flyer  (2026-06-25T00:00:00-04:00 → 2026-07-01T23:59:59-04:00)
    266 products
  [7994546] Weekly Flyer  (2026-06-25T00:00:00-04:00 → 2026-07-01T23:59:59-04:00)
    305 products
  [7994582] Weekly Flyer  (2026-06-25T00:00:00-04:00 → 2026-07-01T23:59:59-04:00)
    324 products
  [7994550] Weekly Flyer  (2026-06-25T00:00:00-04:00 → 2026-07-01T23:59:59-04:00)
    266 products
  [7994535] Weekly Flyer  (2026-06-25T00:00:00-04:00 → 2026-07-01T23:59:59-04:00)
    290 products
  [7994544] Weekly Flyer  (2026-06-25T00:00:00-04:00 → 2026-07-01T23:59:59-04:00)
    306 products
  [7994584] Weekly Flyer  (2026-06-25T00:00:00-04:00 → 2026-07-01T23:59:59-04:00)
    122 products

── Phase 2 results ──────────────────────────────────────────────────
  Downloaded : 23
  Skipped    : 0  (file already existed)
  Errors     : 0

Run completed: 2026-06-25 13:51:53 UTC
Elapsed      : 0m 13s


Done.  Verbose log → logs/loblaws/2026-06-25_verbose.log
       Summary log → logs/loblaws/2026-06-25_summary.log

