=== Loblaws Flyer Fetch — 2026-09-03 ===
Run started : 2026-09-03 17:05:52 UTC

Loaded 50 stores from data/loblaws/stores.parquet

Stores loaded: 50
Loaded store_flyers.parquet (783 publication entries)

Phase 1: fetching publications per store…

  [99] Fake Store For Testing → no new flyers
  [1000] Loblaws - Queen Street West → ['8115453']
  [1001] Loblaws - Liverpool Rd. → ['8115563']
  [1003] Loblaws - Mclaughlin Road → ['8115561']
  [1004] Loblaws - Leslie Street → ['8115453']
  [1005] Loblaws - Bayfield Street → no new flyers
  [1007] Loblaws - Carlton Street → ['8115455']
  [1010] Loblaws - Yonge Street → no new flyers
  [1011] Loblaws - Glen Erin Drive → ['8115565']
  [1014] Loblaws - McArthur Road → ['8115615']
  [1016] Loblaws - Wonderland Road South → ['8115563']
  [1019] Loblaws - Bayview Village → ['8115478']
  [1020] Loblaws - Eglinton Ave. E → ['8115451']
  [1021] Loblaws - Musgrave Street → ['8115565']
  [1022] Loblaws - Kent Street West → ['8115611']
  [1023] Loblaws - Robertson Road → ['8115609']
  [1027] Loblaws - Richmond Street North → ['8115576']
  [1028] Loblaws - High Tech Road → ['8115565']
  [1029] Loblaws - Dupont Street → ['8115470']
  [1032] Loblaws - Bullock Drive → ['8115563']
  [1035] Loblaws - Greenbank Road → ['8115615']
  [1040] Loblaws - Princess Street → ['8115619']
  [1050] Loblaws - Baseline Road → ['8115412', '8115615']
  [1051] Loblaws - Ogilvie Road → ['8115613']
  [1064] Loblaws - Highway #2 → ['8115585']
  [1066] Loblaws - The East Mall → ['8115472']
  [1079] Loblaws - Lower Jarvis Street → ['8115467']
  [1082] Loblaws - 1460 Merivale Road → ['8115585']
  [1083] Loblaws - Midland Ave → ['8115617']
  [1090] Loblaws - Lakeshore Road West → ['8115476']
  [1092] Loblaws - Redway Road → ['8115467']
  [1095] Loblaws - Isabella Street → ['8115585']
  [1099] Loblaws - Dundas Street West → ['8115467']
  [1114] Loblaws - Earl Grey Drive → ['8115615']
  [1127] Loblaws - Hurontario Street → ['8115585']
  [1132] Loblaws - Carling Avenue → ['8115585']
  [1142] Loblaws City Market- St. Clair Avenue East → ['8115453']
  [1154] Loblaws - Dundas Street West → no new flyers
  [1155] Loblaws - Moore Avenue → ['8115453']
  [1170] Loblaws - Rideau Street → ['8115591']
  [1174] Loblaws - 270 The Kingsway → ['8115451']
  [1179] Loblaws - Broadview Ave → no new flyers
  [1188] Loblaws - Bank Street → ['8115615']
  [1194] Loblaws - Yonge Street → ['8115453']
  [1212] Loblaws - St. Clair Ave West → ['8115412', '8115465']
  [1424] Loblaws- Lakeshore/Bathurst → ['8115449']
  [1789] Squamish YIG (W) → no new flyers
  [1790] Loblaws City Market → no new flyers
  [1822] Loblaws City Market - Sage Hill → no new flyers
  [1872] Lonsdale City Market → no new flyers

  43 new publication entries across 50 stores
  23 unique new publication(s) to download
  Appended 43 rows to data/loblaws/store_flyers.parquet
New publication entries added to store_flyers.parquet: 43
Unique new publications to download: 23

Phase 2: fetching products for each new publication…

  [8115453] Weekly Flyer  (2026-09-03T00:00:00-04:00 → 2026-09-09T23:59:59-04:00)
    323 products
  [8115563] Weekly Flyer  (2026-09-03T00:00:00-04:00 → 2026-09-09T23:59:59-04:00)
    330 products
  [8115561] Weekly Flyer  (2026-09-03T00:00:00-04:00 → 2026-09-09T23:59:59-04:00)
    318 products
  [8115455] Weekly Flyer  (2026-09-03T00:00:00-04:00 → 2026-09-09T23:59:59-04:00)
    338 products
  [8115565] Weekly Flyer  (2026-09-03T00:00:00-04:00 → 2026-09-09T23:59:59-04:00)
    329 products
  [8115615] Weekly Flyer  (2026-09-03T00:00:00-04:00 → 2026-09-09T23:59:59-04:00)
    328 products
  [8115478] Weekly Flyer  (2026-09-03T00:00:00-04:00 → 2026-09-09T23:59:59-04:00)
    336 products
  [8115451] Weekly Flyer  (2026-09-03T00:00:00-04:00 → 2026-09-09T23:59:59-04:00)
    311 products
  [8115611] Weekly Flyer  (2026-09-03T00:00:00-04:00 → 2026-09-09T23:59:59-04:00)
    313 products
  [8115609] Weekly Flyer  (2026-09-03T00:00:00-04:00 → 2026-09-09T23:59:59-04:00)
    301 products
  [8115576] Weekly Flyer  (2026-09-03T00:00:00-04:00 → 2026-09-09T23:59:59-04:00)
    336 products
  [8115470] Weekly Flyer  (2026-09-03T00:00:00-04:00 → 2026-09-09T23:59:59-04:00)
    356 products
  [8115619] Weekly Flyer  (2026-09-03T00:00:00-04:00 → 2026-09-09T23:59:59-04:00)
    334 products
  [8115412] General Merchandise  (2026-09-03T00:00:00-04:00 → 2026-09-16T23:59:59-04:00)
    44 products
  [8115613] Weekly Flyer  (2026-09-03T00:00:00-04:00 → 2026-09-09T23:59:59-04:00)
    316 products
  [8115585] Weekly Flyer  (2026-09-03T00:00:00-04:00 → 2026-09-09T23:59:59-04:00)
    301 products
  [8115472] Weekly Flyer  (2026-09-03T00:00:00-04:00 → 2026-09-09T23:59:59-04:00)
    350 products
  [8115467] Weekly Flyer  (2026-09-03T00:00:00-04:00 → 2026-09-09T23:59:59-04:00)
    335 products
  [8115617] Weekly Flyer  (2026-09-03T00:00:00-04:00 → 2026-09-09T23:59:59-04:00)
    349 products
  [8115476] Weekly Flyer  (2026-09-03T00:00:00-04:00 → 2026-09-09T23:59:59-04:00)
    303 products
  [8115591] Weekly Flyer  (2026-09-03T00:00:00-04:00 → 2026-09-09T23:59:59-04:00)
    307 products
  [8115465] Weekly Flyer  (2026-09-03T00:00:00-04:00 → 2026-09-09T23:59:59-04:00)
    323 products
  [8115449] Weekly Flyer  (2026-09-03T00:00:00-04:00 → 2026-09-09T23:59:59-04:00)
    106 products

── Phase 2 results ──────────────────────────────────────────────────
  Downloaded : 23
  Skipped    : 0  (file already existed)
  Errors     : 0

Run completed: 2026-09-03 17:06:02 UTC
Elapsed      : 0m 10s


Done.  Verbose log → logs/loblaws/2026-09-03_verbose.log
       Summary log → logs/loblaws/2026-09-03_summary.log

