=== Loblaws Flyer Fetch — 2026-09-17 ===
Run started : 2026-09-17 17:41:25 UTC

Loaded 50 stores from data/loblaws/stores.parquet

Stores loaded: 50
Loaded store_flyers.parquet (826 publication entries)

Phase 1: fetching publications per store…

  [99] Fake Store For Testing → no new flyers
  [1000] Loblaws - Queen Street West → ['8133474']
  [1001] Loblaws - Liverpool Rd. → ['8133447']
  [1003] Loblaws - Mclaughlin Road → ['8133447']
  [1004] Loblaws - Leslie Street → ['8133474']
  [1005] Loblaws - Bayfield Street → no new flyers
  [1007] Loblaws - Carlton Street → ['8133476']
  [1010] Loblaws - Yonge Street → no new flyers
  [1011] Loblaws - Glen Erin Drive → ['8133450']
  [1014] Loblaws - McArthur Road → ['8133458']
  [1016] Loblaws - Wonderland Road South → ['8133447']
  [1019] Loblaws - Bayview Village → ['8133445']
  [1020] Loblaws - Eglinton Ave. E → ['8133474']
  [1021] Loblaws - Musgrave Street → ['8133450']
  [1022] Loblaws - Kent Street West → ['8133456']
  [1023] Loblaws - Robertson Road → ['8133456']
  [1027] Loblaws - Richmond Street North → ['8133447']
  [1028] Loblaws - High Tech Road → ['8133450']
  [1029] Loblaws - Dupont Street → ['8133480']
  [1032] Loblaws - Bullock Drive → ['8133447']
  [1035] Loblaws - Greenbank Road → ['8133458']
  [1040] Loblaws - Princess Street → ['8133458']
  [1050] Loblaws - Baseline Road → ['8131813', '8133458']
  [1051] Loblaws - Ogilvie Road → ['8133458']
  [1064] Loblaws - Highway #2 → ['8133454']
  [1066] Loblaws - The East Mall → ['8133482']
  [1079] Loblaws - Lower Jarvis Street → ['8133478']
  [1082] Loblaws - 1460 Merivale Road → ['8133454']
  [1083] Loblaws - Midland Ave → ['8133460']
  [1090] Loblaws - Lakeshore Road West → ['8133443']
  [1092] Loblaws - Redway Road → ['8133478']
  [1095] Loblaws - Isabella Street → ['8133452']
  [1099] Loblaws - Dundas Street West → ['8133478']
  [1114] Loblaws - Earl Grey Drive → ['8133458']
  [1127] Loblaws - Hurontario Street → ['8133454']
  [1132] Loblaws - Carling Avenue → ['8133454']
  [1142] Loblaws City Market- St. Clair Avenue East → ['8133472']
  [1154] Loblaws - Dundas Street West → no new flyers
  [1155] Loblaws - Moore Avenue → ['8133474']
  [1170] Loblaws - Rideau Street → ['8133454']
  [1174] Loblaws - 270 The Kingsway → ['8133472']
  [1179] Loblaws - Broadview Ave → no new flyers
  [1188] Loblaws - Bank Street → ['8133458']
  [1194] Loblaws - Yonge Street → ['8133474']
  [1212] Loblaws - St. Clair Ave West → ['8131813', '8133478']
  [1424] Loblaws- Lakeshore/Bathurst → ['8133487']
  [1789] Squamish YIG (W) → no new flyers
  [1790] Loblaws City Market → no new flyers
  [1822] Loblaws City Market - Sage Hill → no new flyers
  [1872] Lonsdale City Market → no new flyers

  43 new publication entries across 50 stores
  17 unique new publication(s) to download
  Appended 43 rows to data/loblaws/store_flyers.parquet
New publication entries added to store_flyers.parquet: 43
Unique new publications to download: 17

Phase 2: fetching products for each new publication…

  [8133474] Weekly Flyer  (2026-09-17T00:00:00-04:00 → 2026-09-23T23:59:59-04:00)
    295 products
  [8133447] Weekly Flyer  (2026-09-17T00:00:00-04:00 → 2026-09-23T23:59:59-04:00)
    327 products
  [8133476] Weekly Flyer  (2026-09-17T00:00:00-04:00 → 2026-09-23T23:59:59-04:00)
    331 products
  [8133450] Weekly Flyer  (2026-09-17T00:00:00-04:00 → 2026-09-23T23:59:59-04:00)
    348 products
  [8133458] Weekly Flyer  (2026-09-17T00:00:00-04:00 → 2026-09-23T23:59:59-04:00)
    324 products
  [8133445] Weekly Flyer  (2026-09-17T00:00:00-04:00 → 2026-09-23T23:59:59-04:00)
    347 products
  [8133456] Weekly Flyer  (2026-09-17T00:00:00-04:00 → 2026-09-23T23:59:59-04:00)
    323 products
  [8133480] Weekly Flyer  (2026-09-17T00:00:00-04:00 → 2026-09-23T23:59:59-04:00)
    359 products
  [8131813] General Merchandise  (2026-09-17T00:00:00-04:00 → 2026-10-07T23:59:59-04:00)
    44 products
  [8133454] Weekly Flyer  (2026-09-17T00:00:00-04:00 → 2026-09-23T23:59:59-04:00)
    295 products
  [8133482] Weekly Flyer  (2026-09-17T00:00:00-04:00 → 2026-09-23T23:59:59-04:00)
    339 products
  [8133478] Weekly Flyer  (2026-09-17T00:00:00-04:00 → 2026-09-23T23:59:59-04:00)
    338 products
  [8133460] Weekly Flyer  (2026-09-17T00:00:00-04:00 → 2026-09-23T23:59:59-04:00)
    345 products
  [8133443] Weekly Flyer  (2026-09-17T00:00:00-04:00 → 2026-09-23T23:59:59-04:00)
    298 products
  [8133452] Weekly Flyer  (2026-09-17T00:00:00-04:00 → 2026-09-23T23:59:59-04:00)
    276 products
  [8133472] Weekly Flyer  (2026-09-17T00:00:00-04:00 → 2026-09-23T23:59:59-04:00)
    291 products
  [8133487] Weekly Flyer  (2026-09-17T00:00:00-04:00 → 2026-09-23T23:59:59-04:00)
    107 products

── Phase 2 results ──────────────────────────────────────────────────
  Downloaded : 17
  Skipped    : 0  (file already existed)
  Errors     : 0

Run completed: 2026-09-17 17:41:34 UTC
Elapsed      : 0m 9s


Done.  Verbose log → logs/loblaws/2026-09-17_verbose.log
       Summary log → logs/loblaws/2026-09-17_summary.log

