=== Loblaws Flyer Fetch — 2026-04-11 ===
Run started : 2026-04-11 21:46:04 UTC

Loaded 50 stores from data/loblaws/stores.json

Stores loaded: 50
Loaded existing store_flyers.json (84 publication entries)

Phase 1: fetching publications per store…

  [99] Fake Store For Testing → no new flyers
  [1000] Loblaws - Queen Street West → ['7872908']
  [1001] Loblaws - Liverpool Rd. → ['7872873']
  [1003] Loblaws - Mclaughlin Road → ['7872871']
  [1004] Loblaws - Leslie Street → ['7872908']
  [1005] Loblaws - Bayfield Street → no new flyers
  [1007] Loblaws - Carlton Street → ['7872908']
  [1010] Loblaws - Yonge Street → no new flyers
  [1011] Loblaws - Glen Erin Drive → ['7872871']
  [1014] Loblaws - McArthur Road → ['7872902']
  [1016] Loblaws - Wonderland Road South → ['7872902']
  [1019] Loblaws - Bayview Village → ['7872869']
  [1020] Loblaws - Eglinton Ave. E → ['7872908']
  [1021] Loblaws - Musgrave Street → ['7872873']
  [1022] Loblaws - Kent Street West → ['7872900']
  [1023] Loblaws - Robertson Road → ['7872900']
  [1027] Loblaws - Richmond Street North → ['7872871']
  [1028] Loblaws - High Tech Road → ['7872871']
  [1029] Loblaws - Dupont Street → ['7872908']
  [1032] Loblaws - Bullock Drive → ['7872871']
  [1035] Loblaws - Greenbank Road → ['7872902']
  [1040] Loblaws - Princess Street → ['7872904']
  [1050] Loblaws - Baseline Road → ['7872902']
  [1051] Loblaws - Ogilvie Road → ['7872902']
  [1064] Loblaws - Highway #2 → ['7872900']
  [1066] Loblaws - The East Mall → ['7872871']
  [1079] Loblaws - Lower Jarvis Street → ['7872908']
  [1082] Loblaws - 1460 Merivale Road → ['7872900']
  [1083] Loblaws - Midland Ave → ['7872904']
  [1090] Loblaws - Lakeshore Road West → ['7872869']
  [1092] Loblaws - Redway Road → ['7872908']
  [1095] Loblaws - Isabella Street → ['7872900']
  [1099] Loblaws - Dundas Street West → ['7872900']
  [1114] Loblaws - Earl Grey Drive → ['7872900']
  [1127] Loblaws - Hurontario Street → ['7872900']
  [1132] Loblaws - Carling Avenue → ['7872900']
  [1142] Loblaws City Market- St. Clair Avenue East → ['7872908']
  [1154] Loblaws - Dundas Street West → no new flyers
  [1155] Loblaws - Moore Avenue → ['7872908']
  [1170] Loblaws - Rideau Street → ['7872900']
  [1174] Loblaws - 270 The Kingsway → no new flyers
  [1179] Loblaws - Broadview Ave → no new flyers
  [1188] Loblaws - Bank Street → ['7872902']
  [1194] Loblaws - Yonge Street → ['7872908']
  [1212] Loblaws - St. Clair Ave West → ['7872908']
  [1424] Loblaws- Lakeshore/Bathurst → ['7872910']
  [1789] Squamish YIG (W) → no new flyers
  [1790] Loblaws City Market → no new flyers
  [1822] Loblaws City Market - Sage Hill → no new flyers
  [1872] Lonsdale City Market → no new flyers

  40 new publication entries across 50 stores
  8 unique new publication(s) to download
  Saved → data/loblaws/store_flyers.json  (163,019 bytes)
New publication entries added to store_flyers.json: 40
Unique new publications to download: 8

Phase 2: fetching products for each new publication…

  [7872908] Weekly Flyer  (2026-04-09T00:00:00-04:00 → 2026-04-15T23:59:59-04:00)
    256 products
  Saved → data/loblaws/flyers/7872908.json  (576,902 bytes)
  [7872873] Weekly Flyer  (2026-04-09T00:00:00-04:00 → 2026-04-15T23:59:59-04:00)
    263 products
  Saved → data/loblaws/flyers/7872873.json  (593,148 bytes)
  [7872871] Weekly Flyer  (2026-04-09T00:00:00-04:00 → 2026-04-15T23:59:59-04:00)
    249 products
  Saved → data/loblaws/flyers/7872871.json  (561,595 bytes)
  [7872902] Weekly Flyer  (2026-04-09T00:00:00-04:00 → 2026-04-15T23:59:59-04:00)
    246 products
  Saved → data/loblaws/flyers/7872902.json  (554,331 bytes)
  [7872869] Weekly Flyer  (2026-04-09T00:00:00-04:00 → 2026-04-15T23:59:59-04:00)
    238 products
  Saved → data/loblaws/flyers/7872869.json  (537,565 bytes)
  [7872900] Weekly Flyer  (2026-04-09T00:00:00-04:00 → 2026-04-15T23:59:59-04:00)
    235 products
  Saved → data/loblaws/flyers/7872900.json  (530,301 bytes)
  [7872904] Weekly Flyer  (2026-04-09T00:00:00-04:00 → 2026-04-15T23:59:59-04:00)
    260 products
  Saved → data/loblaws/flyers/7872904.json  (585,884 bytes)
  [7872910] Weekly Flyer  (2026-04-09T00:00:00-04:00 → 2026-04-15T23:59:59-04:00)
    107 products
  Saved → data/loblaws/flyers/7872910.json  (243,833 bytes)

── Phase 2 results ──────────────────────────────────────────────────
  Downloaded : 8
  Skipped    : 0  (file already existed)
  Errors     : 0

Run completed: 2026-04-11 21:46:12 UTC
Elapsed      : 0m 8s


Done.  Verbose log → logs/loblaws/2026-04-11_verbose.log
       Summary log → logs/loblaws/2026-04-11_summary.log

