=== Loblaws Flyer Fetch — 2026-05-28 ===
Run started : 2026-05-28 14:22:33 UTC

Loaded 50 stores from data/loblaws/stores.parquet

Stores loaded: 50
Loaded store_flyers.parquet (412 publication entries)

Phase 1: fetching publications per store…

  [99] Fake Store For Testing → no new flyers
  [1000] Loblaws - Queen Street West → ['7949315']
  [1001] Loblaws - Liverpool Rd. → ['7949355']
  [1003] Loblaws - Mclaughlin Road → ['7949321']
  [1004] Loblaws - Leslie Street → ['7949315']
  [1005] Loblaws - Bayfield Street → no new flyers
  [1007] Loblaws - Carlton Street → ['7949315']
  [1010] Loblaws - Yonge Street → no new flyers
  [1011] Loblaws - Glen Erin Drive → ['7949321']
  [1014] Loblaws - McArthur Road → ['7949361']
  [1016] Loblaws - Wonderland Road South → ['7949361']
  [1019] Loblaws - Bayview Village → ['7949319']
  [1020] Loblaws - Eglinton Ave. E → ['7949315']
  [1021] Loblaws - Musgrave Street → ['7949355']
  [1022] Loblaws - Kent Street West → ['7949357']
  [1023] Loblaws - Robertson Road → ['7949357']
  [1027] Loblaws - Richmond Street North → ['7949321']
  [1028] Loblaws - High Tech Road → ['7949321']
  [1029] Loblaws - Dupont Street → ['7949315']
  [1032] Loblaws - Bullock Drive → ['7949321']
  [1035] Loblaws - Greenbank Road → ['7949361']
  [1040] Loblaws - Princess Street → ['7949363']
  [1050] Loblaws - Baseline Road → ['7949361']
  [1051] Loblaws - Ogilvie Road → ['7949361']
  [1064] Loblaws - Highway #2 → ['7949357']
  [1066] Loblaws - The East Mall → ['7949317']
  [1079] Loblaws - Lower Jarvis Street → ['7949315']
  [1082] Loblaws - 1460 Merivale Road → ['7949357']
  [1083] Loblaws - Midland Ave → ['7949363']
  [1090] Loblaws - Lakeshore Road West → ['7949319']
  [1092] Loblaws - Redway Road → ['7949315']
  [1095] Loblaws - Isabella Street → ['7949359']
  [1099] Loblaws - Dundas Street West → ['7949315']
  [1114] Loblaws - Earl Grey Drive → ['7949357']
  [1127] Loblaws - Hurontario Street → ['7949357']
  [1132] Loblaws - Carling Avenue → ['7949357']
  [1142] Loblaws City Market- St. Clair Avenue East → ['7949313']
  [1154] Loblaws - Dundas Street West → no new flyers
  [1155] Loblaws - Moore Avenue → ['7949315']
  [1170] Loblaws - Rideau Street → ['7949357']
  [1174] Loblaws - 270 The Kingsway → ['7949313']
  [1179] Loblaws - Broadview Ave → no new flyers
  [1188] Loblaws - Bank Street → ['7949361']
  [1194] Loblaws - Yonge Street → ['7949315']
  [1212] Loblaws - St. Clair Ave West → ['7949315']
  [1424] Loblaws- Lakeshore/Bathurst → ['7949365']
  [1789] Squamish YIG (W) → no new flyers
  [1790] Loblaws City Market → no new flyers
  [1822] Loblaws City Market - Sage Hill → no new flyers
  [1872] Lonsdale City Market → no new flyers

  41 new publication entries across 50 stores
  11 unique new publication(s) to download
  Appended 41 rows to data/loblaws/store_flyers.parquet
New publication entries added to store_flyers.parquet: 41
Unique new publications to download: 11

Phase 2: fetching products for each new publication…

  [7949315] Weekly Flyer  (2026-05-28T00:00:00-04:00 → 2026-06-03T23:59:59-04:00)
    294 products
  [7949355] Weekly Flyer  (2026-05-28T00:00:00-04:00 → 2026-06-03T23:59:59-04:00)
    318 products
  [7949321] Weekly Flyer  (2026-05-28T00:00:00-04:00 → 2026-06-03T23:59:59-04:00)
    288 products
  [7949361] Weekly Flyer  (2026-05-28T00:00:00-04:00 → 2026-06-03T23:59:59-04:00)
    285 products
  [7949319] Weekly Flyer  (2026-05-28T00:00:00-04:00 → 2026-06-03T23:59:59-04:00)
    272 products
  [7949357] Weekly Flyer  (2026-05-28T00:00:00-04:00 → 2026-06-03T23:59:59-04:00)
    269 products
  [7949363] Weekly Flyer  (2026-05-28T00:00:00-04:00 → 2026-06-03T23:59:59-04:00)
    329 products
  [7949317] Weekly Flyer  (2026-05-28T00:00:00-04:00 → 2026-06-03T23:59:59-04:00)
    310 products
  [7949359] Weekly Flyer  (2026-05-28T00:00:00-04:00 → 2026-06-03T23:59:59-04:00)
    251 products
  [7949313] Weekly Flyer  (2026-05-28T00:00:00-04:00 → 2026-06-03T23:59:59-04:00)
    276 products
  [7949365] Weekly Flyer  (2026-05-28T00:00:00-04:00 → 2026-06-03T23:59:59-04:00)
    152 products

── Phase 2 results ──────────────────────────────────────────────────
  Downloaded : 11
  Skipped    : 0  (file already existed)
  Errors     : 0

Run completed: 2026-05-28 14:22:43 UTC
Elapsed      : 0m 9s


Done.  Verbose log → logs/loblaws/2026-05-28_verbose.log
       Summary log → logs/loblaws/2026-05-28_summary.log

