=== Loblaws Flyer Fetch — 2026-05-07 ===
Run started : 2026-05-07 13:46:31 UTC

Loaded 50 stores from data/loblaws/stores.json

Stores loaded: 50
Loaded existing store_flyers.json (246 publication entries)

Phase 1: fetching publications per store…

  [99] Fake Store For Testing → no new flyers
  [1000] Loblaws - Queen Street West → ['7914532']
  [1001] Loblaws - Liverpool Rd. → ['7914523']
  [1003] Loblaws - Mclaughlin Road → ['7914517']
  [1004] Loblaws - Leslie Street → ['7914532']
  [1005] Loblaws - Bayfield Street → no new flyers
  [1007] Loblaws - Carlton Street → ['7914532']
  [1010] Loblaws - Yonge Street → no new flyers
  [1011] Loblaws - Glen Erin Drive → ['7914517']
  [1014] Loblaws - McArthur Road → ['7914527']
  [1016] Loblaws - Wonderland Road South → ['7914527']
  [1019] Loblaws - Bayview Village → ['7914512']
  [1020] Loblaws - Eglinton Ave. E → ['7914532']
  [1021] Loblaws - Musgrave Street → ['7914523']
  [1022] Loblaws - Kent Street West → ['7914525']
  [1023] Loblaws - Robertson Road → ['7914525']
  [1027] Loblaws - Richmond Street North → ['7914517']
  [1028] Loblaws - High Tech Road → ['7914517']
  [1029] Loblaws - Dupont Street → ['7914532']
  [1032] Loblaws - Bullock Drive → ['7914517']
  [1035] Loblaws - Greenbank Road → ['7914527']
  [1040] Loblaws - Princess Street → ['7914529']
  [1050] Loblaws - Baseline Road → ['7914527']
  [1051] Loblaws - Ogilvie Road → ['7914527']
  [1064] Loblaws - Highway #2 → ['7914525']
  [1066] Loblaws - The East Mall → ['7914538']
  [1079] Loblaws - Lower Jarvis Street → ['7914532']
  [1082] Loblaws - 1460 Merivale Road → ['7914525']
  [1083] Loblaws - Midland Ave → ['7914529']
  [1090] Loblaws - Lakeshore Road West → ['7914512']
  [1092] Loblaws - Redway Road → ['7914532']
  [1095] Loblaws - Isabella Street → ['7914525']
  [1099] Loblaws - Dundas Street West → ['7914532']
  [1114] Loblaws - Earl Grey Drive → ['7914525']
  [1127] Loblaws - Hurontario Street → ['7914525']
  [1132] Loblaws - Carling Avenue → ['7914525']
  [1142] Loblaws City Market- St. Clair Avenue East → ['7914532']
  [1154] Loblaws - Dundas Street West → no new flyers
  [1155] Loblaws - Moore Avenue → ['7914532']
  [1170] Loblaws - Rideau Street → ['7914525']
  [1174] Loblaws - 270 The Kingsway → ['7914534']
  [1179] Loblaws - Broadview Ave → no new flyers
  [1188] Loblaws - Bank Street → ['7914527']
  [1194] Loblaws - Yonge Street → ['7914532']
  [1212] Loblaws - St. Clair Ave West → ['7914532']
  [1424] Loblaws- Lakeshore/Bathurst → ['7914540']
  [1789] Squamish YIG (W) → no new flyers
  [1790] Loblaws City Market → no new flyers
  [1822] Loblaws City Market - Sage Hill → no new flyers
  [1872] Lonsdale City Market → no new flyers

  41 new publication entries across 50 stores
  10 unique new publication(s) to download
  Saved → data/loblaws/store_flyers.json  (376,590 bytes)
New publication entries added to store_flyers.json: 41
Unique new publications to download: 10

Phase 2: fetching products for each new publication…

  [7914532] Weekly Flyer  (2026-05-07T00:00:00-04:00 → 2026-05-13T23:59:59-04:00)
    267 products
  Saved → data/loblaws/flyers/7914532.json  (598,362 bytes)
  [7914523] Weekly Flyer  (2026-05-07T00:00:00-04:00 → 2026-05-13T23:59:59-04:00)
    281 products
  Saved → data/loblaws/flyers/7914523.json  (626,087 bytes)
  [7914517] Weekly Flyer  (2026-05-07T00:00:00-04:00 → 2026-05-13T23:59:59-04:00)
    269 products
  Saved → data/loblaws/flyers/7914517.json  (599,179 bytes)
  [7914527] Weekly Flyer  (2026-05-07T00:00:00-04:00 → 2026-05-13T23:59:59-04:00)
    266 products
  Saved → data/loblaws/flyers/7914527.json  (592,168 bytes)
  [7914512] Weekly Flyer  (2026-05-07T00:00:00-04:00 → 2026-05-13T23:59:59-04:00)
    257 products
  Saved → data/loblaws/flyers/7914512.json  (573,170 bytes)
  [7914525] Weekly Flyer  (2026-05-07T00:00:00-04:00 → 2026-05-13T23:59:59-04:00)
    254 products
  Saved → data/loblaws/flyers/7914525.json  (566,159 bytes)
  [7914529] Weekly Flyer  (2026-05-07T00:00:00-04:00 → 2026-05-13T23:59:59-04:00)
    278 products
  Saved → data/loblaws/flyers/7914529.json  (619,076 bytes)
  [7914538] Weekly Flyer  (2026-05-07T00:00:00-04:00 → 2026-05-13T23:59:59-04:00)
    279 products
  Saved → data/loblaws/flyers/7914538.json  (624,371 bytes)
  [7914534] Weekly Flyer  (2026-05-07T00:00:00-04:00 → 2026-05-13T23:59:59-04:00)
    271 products
  Saved → data/loblaws/flyers/7914534.json  (607,426 bytes)
  [7914540] Weekly Flyer  (2026-05-07T00:00:00-04:00 → 2026-05-13T23:59:59-04:00)
    109 products
  Saved → data/loblaws/flyers/7914540.json  (247,525 bytes)

── Phase 2 results ──────────────────────────────────────────────────
  Downloaded : 10
  Skipped    : 0  (file already existed)
  Errors     : 0

Run completed: 2026-05-07 13:46:40 UTC
Elapsed      : 0m 8s


Done.  Verbose log → logs/loblaws/2026-05-07_verbose.log
       Summary log → logs/loblaws/2026-05-07_summary.log

