=== Loblaws Flyer Fetch — 2026-07-02 ===
Run started : 2026-07-02 13:43:11 UTC

Loaded 50 stores from data/loblaws/stores.parquet

Stores loaded: 50
Loaded store_flyers.parquet (617 publication entries)

Phase 1: fetching publications per store…

  [99] Fake Store For Testing → no new flyers
  [1000] Loblaws - Queen Street West → ['8006615']
  [1001] Loblaws - Liverpool Rd. → ['8006628']
  [1003] Loblaws - Mclaughlin Road → ['8006623']
  [1004] Loblaws - Leslie Street → ['8006615']
  [1005] Loblaws - Bayfield Street → no new flyers
  [1007] Loblaws - Carlton Street → ['8006615']
  [1010] Loblaws - Yonge Street → no new flyers
  [1011] Loblaws - Glen Erin Drive → ['8006623']
  [1014] Loblaws - McArthur Road → ['8006654']
  [1016] Loblaws - Wonderland Road South → ['8006623']
  [1019] Loblaws - Bayview Village → ['8006621']
  [1020] Loblaws - Eglinton Ave. E → ['8006615']
  [1021] Loblaws - Musgrave Street → ['8006628']
  [1022] Loblaws - Kent Street West → ['8006638']
  [1023] Loblaws - Robertson Road → ['8006638']
  [1027] Loblaws - Richmond Street North → ['8006623']
  [1028] Loblaws - High Tech Road → ['8006623']
  [1029] Loblaws - Dupont Street → ['8006615']
  [1032] Loblaws - Bullock Drive → ['8006623']
  [1035] Loblaws - Greenbank Road → ['8006654']
  [1040] Loblaws - Princess Street → ['8006680']
  [1050] Loblaws - Baseline Road → ['8006654']
  [1051] Loblaws - Ogilvie Road → ['8006654']
  [1064] Loblaws - Highway #2 → ['8006638']
  [1066] Loblaws - The East Mall → ['8006619']
  [1079] Loblaws - Lower Jarvis Street → ['8006615']
  [1082] Loblaws - 1460 Merivale Road → ['8006638']
  [1083] Loblaws - Midland Ave → ['8006680']
  [1090] Loblaws - Lakeshore Road West → ['8006621']
  [1092] Loblaws - Redway Road → ['8006615']
  [1095] Loblaws - Isabella Street → ['8006630']
  [1099] Loblaws - Dundas Street West → ['8006615']
  [1114] Loblaws - Earl Grey Drive → ['8006638']
  [1127] Loblaws - Hurontario Street → ['8006638']
  [1132] Loblaws - Carling Avenue → ['8006638']
  [1142] Loblaws City Market- St. Clair Avenue East → ['8006613']
  [1154] Loblaws - Dundas Street West → no new flyers
  [1155] Loblaws - Moore Avenue → ['8006615']
  [1170] Loblaws - Rideau Street → ['8006638']
  [1174] Loblaws - 270 The Kingsway → ['8006617']
  [1179] Loblaws - Broadview Ave → no new flyers
  [1188] Loblaws - Bank Street → ['8006654']
  [1194] Loblaws - Yonge Street → ['8006615']
  [1212] Loblaws - St. Clair Ave West → ['8006615']
  [1424] Loblaws- Lakeshore/Bathurst → ['8006700']
  [1789] Squamish YIG (W) → no new flyers
  [1790] Loblaws City Market → no new flyers
  [1822] Loblaws City Market - Sage Hill → no new flyers
  [1872] Lonsdale City Market → no new flyers

  41 new publication entries across 50 stores
  12 unique new publication(s) to download
  Appended 41 rows to data/loblaws/store_flyers.parquet
New publication entries added to store_flyers.parquet: 41
Unique new publications to download: 12

Phase 2: fetching products for each new publication…

  [8006615] Weekly Flyer  (2026-07-02T00:00:00-04:00 → 2026-07-08T23:59:59-04:00)
    248 products
  [8006628] Weekly Flyer  (2026-07-02T00:00:00-04:00 → 2026-07-08T23:59:59-04:00)
    265 products
  [8006623] Weekly Flyer  (2026-07-02T00:00:00-04:00 → 2026-07-08T23:59:59-04:00)
    244 products
  [8006654] Weekly Flyer  (2026-07-02T00:00:00-04:00 → 2026-07-08T23:59:59-04:00)
    242 products
  [8006621] Weekly Flyer  (2026-07-02T00:00:00-04:00 → 2026-07-08T23:59:59-04:00)
    232 products
  [8006638] Weekly Flyer  (2026-07-02T00:00:00-04:00 → 2026-07-08T23:59:59-04:00)
    230 products
  [8006680] Weekly Flyer  (2026-07-02T00:00:00-04:00 → 2026-07-08T23:59:59-04:00)
    263 products
  [8006619] Weekly Flyer  (2026-07-02T00:00:00-04:00 → 2026-07-08T23:59:59-04:00)
    260 products
  [8006630] Weekly Flyer  (2026-07-02T00:00:00-04:00 → 2026-07-08T23:59:59-04:00)
    212 products
  [8006613] Weekly Flyer  (2026-07-02T00:00:00-04:00 → 2026-07-08T23:59:59-04:00)
    230 products
  [8006617] Weekly Flyer  (2026-07-02T00:00:00-04:00 → 2026-07-08T23:59:59-04:00)
    233 products
  [8006700] Weekly Flyer  (2026-07-02T00:00:00-04:00 → 2026-07-08T23:59:59-04:00)
    116 products

── Phase 2 results ──────────────────────────────────────────────────
  Downloaded : 12
  Skipped    : 0  (file already existed)
  Errors     : 0

Run completed: 2026-07-02 13:43:20 UTC
Elapsed      : 0m 9s


Done.  Verbose log → logs/loblaws/2026-07-02_verbose.log
       Summary log → logs/loblaws/2026-07-02_summary.log

