=== Loblaws Flyer Fetch — 2026-06-04 ===
Run started : 2026-06-04 14:08:24 UTC

Loaded 50 stores from data/loblaws/stores.parquet

Stores loaded: 50
Loaded store_flyers.parquet (453 publication entries)

Phase 1: fetching publications per store…

  [99] Fake Store For Testing → no new flyers
  [1000] Loblaws - Queen Street West → ['7963490']
  [1001] Loblaws - Liverpool Rd. → ['7963498']
  [1003] Loblaws - Mclaughlin Road → ['7963496']
  [1004] Loblaws - Leslie Street → ['7963490']
  [1005] Loblaws - Bayfield Street → no new flyers
  [1007] Loblaws - Carlton Street → ['7963490']
  [1010] Loblaws - Yonge Street → no new flyers
  [1011] Loblaws - Glen Erin Drive → ['7963496']
  [1014] Loblaws - McArthur Road → ['7963505']
  [1016] Loblaws - Wonderland Road South → ['7963505']
  [1019] Loblaws - Bayview Village → ['7963494']
  [1020] Loblaws - Eglinton Ave. E → ['7963490']
  [1021] Loblaws - Musgrave Street → ['7963498']
  [1022] Loblaws - Kent Street West → ['7963502']
  [1023] Loblaws - Robertson Road → ['7963502']
  [1027] Loblaws - Richmond Street North → ['7963496']
  [1028] Loblaws - High Tech Road → ['7963496']
  [1029] Loblaws - Dupont Street → ['7963490']
  [1032] Loblaws - Bullock Drive → ['7963496']
  [1035] Loblaws - Greenbank Road → ['7963505']
  [1040] Loblaws - Princess Street → ['7963536']
  [1050] Loblaws - Baseline Road → ['7963505']
  [1051] Loblaws - Ogilvie Road → ['7963505']
  [1064] Loblaws - Highway #2 → ['7963502']
  [1066] Loblaws - The East Mall → ['7963492']
  [1079] Loblaws - Lower Jarvis Street → ['7963490']
  [1082] Loblaws - 1460 Merivale Road → ['7963502']
  [1083] Loblaws - Midland Ave → ['7963536']
  [1090] Loblaws - Lakeshore Road West → ['7963494']
  [1092] Loblaws - Redway Road → ['7963490']
  [1095] Loblaws - Isabella Street → ['7963502']
  [1099] Loblaws - Dundas Street West → ['7963490']
  [1114] Loblaws - Earl Grey Drive → ['7963502']
  [1127] Loblaws - Hurontario Street → ['7963502']
  [1132] Loblaws - Carling Avenue → ['7963502']
  [1142] Loblaws City Market- St. Clair Avenue East → ['7963490']
  [1154] Loblaws - Dundas Street West → no new flyers
  [1155] Loblaws - Moore Avenue → ['7963490']
  [1170] Loblaws - Rideau Street → ['7963502']
  [1174] Loblaws - 270 The Kingsway → ['7963490']
  [1179] Loblaws - Broadview Ave → no new flyers
  [1188] Loblaws - Bank Street → ['7963505']
  [1194] Loblaws - Yonge Street → ['7963490']
  [1212] Loblaws - St. Clair Ave West → ['7963490']
  [1424] Loblaws- Lakeshore/Bathurst → ['7963539']
  [1789] Squamish YIG (W) → no new flyers
  [1790] Loblaws City Market → no new flyers
  [1822] Loblaws City Market - Sage Hill → no new flyers
  [1872] Lonsdale City Market → no new flyers

  41 new publication entries across 50 stores
  9 unique new publication(s) to download
  Appended 41 rows to data/loblaws/store_flyers.parquet
New publication entries added to store_flyers.parquet: 41
Unique new publications to download: 9

Phase 2: fetching products for each new publication…

  [7963490] Weekly Flyer  (2026-06-04T00:00:00-04:00 → 2026-06-10T23:59:59-04:00)
    282 products
  [7963498] Weekly Flyer  (2026-06-04T00:00:00-04:00 → 2026-06-10T23:59:59-04:00)
    284 products
  [7963496] Weekly Flyer  (2026-06-04T00:00:00-04:00 → 2026-06-10T23:59:59-04:00)
    273 products
  [7963505] Weekly Flyer  (2026-06-04T00:00:00-04:00 → 2026-06-10T23:59:59-04:00)
    270 products
  [7963494] Weekly Flyer  (2026-06-04T00:00:00-04:00 → 2026-06-10T23:59:59-04:00)
    259 products
  [7963502] Weekly Flyer  (2026-06-04T00:00:00-04:00 → 2026-06-10T23:59:59-04:00)
    256 products
  [7963536] Weekly Flyer  (2026-06-04T00:00:00-04:00 → 2026-06-10T23:59:59-04:00)
    281 products
  [7963492] Weekly Flyer  (2026-06-04T00:00:00-04:00 → 2026-06-10T23:59:59-04:00)
    296 products
  [7963539] Weekly Flyer  (2026-06-04T00:00:00-04:00 → 2026-06-10T23:59:59-04:00)
    134 products

── Phase 2 results ──────────────────────────────────────────────────
  Downloaded : 9
  Skipped    : 0  (file already existed)
  Errors     : 0

Run completed: 2026-06-04 14:08:39 UTC
Elapsed      : 0m 14s


Done.  Verbose log → logs/loblaws/2026-06-04_verbose.log
       Summary log → logs/loblaws/2026-06-04_summary.log

