=== Loblaws Flyer Fetch — 2026-06-18 ===
Run started : 2026-06-18 14:10:15 UTC

Loaded 50 stores from data/loblaws/stores.parquet

Stores loaded: 50
Loaded store_flyers.parquet (535 publication entries)

Phase 1: fetching publications per store…

  [99] Fake Store For Testing → no new flyers
  [1000] Loblaws - Queen Street West → ['7983233']
  [1001] Loblaws - Liverpool Rd. → ['7983010']
  [1003] Loblaws - Mclaughlin Road → ['7983006']
  [1004] Loblaws - Leslie Street → ['7983233']
  [1005] Loblaws - Bayfield Street → no new flyers
  [1007] Loblaws - Carlton Street → ['7983235']
  [1010] Loblaws - Yonge Street → no new flyers
  [1011] Loblaws - Glen Erin Drive → ['7983008']
  [1014] Loblaws - McArthur Road → ['7983118']
  [1016] Loblaws - Wonderland Road South → ['7983006']
  [1019] Loblaws - Bayview Village → ['7983004']
  [1020] Loblaws - Eglinton Ave. E → ['7983233']
  [1021] Loblaws - Musgrave Street → ['7983013']
  [1022] Loblaws - Kent Street West → ['7983015']
  [1023] Loblaws - Robertson Road → ['7983015']
  [1027] Loblaws - Richmond Street North → ['7983006']
  [1028] Loblaws - High Tech Road → ['7983008']
  [1029] Loblaws - Dupont Street → ['7983235']
  [1032] Loblaws - Bullock Drive → ['7983006']
  [1035] Loblaws - Greenbank Road → ['7983118']
  [1040] Loblaws - Princess Street → ['7983217']
  [1050] Loblaws - Baseline Road → ['7983215']
  [1051] Loblaws - Ogilvie Road → ['7983118']
  [1064] Loblaws - Highway #2 → ['7983015']
  [1066] Loblaws - The East Mall → ['7983246']
  [1079] Loblaws - Lower Jarvis Street → ['7983233']
  [1082] Loblaws - 1460 Merivale Road → ['7983015']
  [1083] Loblaws - Midland Ave → ['7983219']
  [1090] Loblaws - Lakeshore Road West → ['7983002']
  [1092] Loblaws - Redway Road → ['7983233']
  [1095] Loblaws - Isabella Street → ['7983015']
  [1099] Loblaws - Dundas Street West → ['7983233']
  [1114] Loblaws - Earl Grey Drive → ['7983015']
  [1127] Loblaws - Hurontario Street → ['7983015']
  [1132] Loblaws - Carling Avenue → ['7983015']
  [1142] Loblaws City Market- St. Clair Avenue East → ['7983233']
  [1154] Loblaws - Dundas Street West → no new flyers
  [1155] Loblaws - Moore Avenue → ['7983233']
  [1170] Loblaws - Rideau Street → ['7983015']
  [1174] Loblaws - 270 The Kingsway → ['7987366']
  [1179] Loblaws - Broadview Ave → no new flyers
  [1188] Loblaws - Bank Street → ['7983118']
  [1194] Loblaws - Yonge Street → ['7983233']
  [1212] Loblaws - St. Clair Ave West → ['7983242']
  [1424] Loblaws- Lakeshore/Bathurst → ['7983225']
  [1789] Squamish YIG (W) → no new flyers
  [1790] Loblaws City Market → no new flyers
  [1822] Loblaws City Market - Sage Hill → no new flyers
  [1872] Lonsdale City Market → no new flyers

  41 new publication entries across 50 stores
  17 unique new publication(s) to download
  Appended 41 rows to data/loblaws/store_flyers.parquet
New publication entries added to store_flyers.parquet: 41
Unique new publications to download: 17

Phase 2: fetching products for each new publication…

  [7983233] Weekly Flyer  (2026-06-18T00:00:00-04:00 → 2026-06-24T23:59:59-04:00)
    296 products
  [7983010] Weekly Flyer  (2026-06-18T00:00:00-04:00 → 2026-06-24T23:59:59-04:00)
    301 products
  [7983006] Weekly Flyer  (2026-06-18T00:00:00-04:00 → 2026-06-24T23:59:59-04:00)
    289 products
  [7983235] Weekly Flyer  (2026-06-18T00:00:00-04:00 → 2026-06-24T23:59:59-04:00)
    317 products
  [7983008] Weekly Flyer  (2026-06-18T00:00:00-04:00 → 2026-06-24T23:59:59-04:00)
    310 products
  [7983118] Weekly Flyer  (2026-06-18T00:00:00-04:00 → 2026-06-24T23:59:59-04:00)
    286 products
  [7983004] Weekly Flyer  (2026-06-18T00:00:00-04:00 → 2026-06-24T23:59:59-04:00)
    298 products
  [7983013] Weekly Flyer  (2026-06-18T00:00:00-04:00 → 2026-06-24T23:59:59-04:00)
    322 products
  [7983015] Weekly Flyer  (2026-06-18T00:00:00-04:00 → 2026-06-24T23:59:59-04:00)
    274 products
  [7983217] Weekly Flyer  (2026-06-18T00:00:00-04:00 → 2026-06-24T23:59:59-04:00)
    298 products
  [7983215] Weekly Flyer  (2026-06-18T00:00:00-04:00 → 2026-06-24T23:59:59-04:00)
    306 products
  [7983246] Weekly Flyer  (2026-06-18T00:00:00-04:00 → 2026-06-24T23:59:59-04:00)
    308 products
  [7983219] Weekly Flyer  (2026-06-18T00:00:00-04:00 → 2026-06-24T23:59:59-04:00)
    319 products
  [7983002] Weekly Flyer  (2026-06-18T00:00:00-04:00 → 2026-06-24T23:59:59-04:00)
    277 products
  [7987366] Weekly Flyer  (2026-06-18T00:00:00-04:00 → 2026-06-24T23:59:59-04:00)
    300 products
  [7983242] Weekly Flyer  (2026-06-18T00:00:00-04:00 → 2026-06-24T23:59:59-04:00)
    300 products
  [7983225] Weekly Flyer  (2026-06-18T00:00:00-04:00 → 2026-06-24T23:59:59-04:00)
    147 products

── Phase 2 results ──────────────────────────────────────────────────
  Downloaded : 17
  Skipped    : 0  (file already existed)
  Errors     : 0

Run completed: 2026-06-18 14:10:27 UTC
Elapsed      : 0m 12s


Done.  Verbose log → logs/loblaws/2026-06-18_verbose.log
       Summary log → logs/loblaws/2026-06-18_summary.log

