=== Loblaws Flyer Fetch — 2026-08-13 ===
Run started : 2026-08-13 14:29:05 UTC

Loaded 50 stores from data/loblaws/stores.parquet

Stores loaded: 50
Loaded store_flyers.parquet (701 publication entries)

Phase 1: fetching publications per store…

  [99] Fake Store For Testing → no new flyers
  [1000] Loblaws - Queen Street West → ['8074308']
  [1001] Loblaws - Liverpool Rd. → ['8074344']
  [1003] Loblaws - Mclaughlin Road → ['8074344']
  [1004] Loblaws - Leslie Street → ['8074308']
  [1005] Loblaws - Bayfield Street → no new flyers
  [1007] Loblaws - Carlton Street → ['8074308']
  [1010] Loblaws - Yonge Street → no new flyers
  [1011] Loblaws - Glen Erin Drive → ['8074344']
  [1014] Loblaws - McArthur Road → ['8074383']
  [1016] Loblaws - Wonderland Road South → ['8074344']
  [1019] Loblaws - Bayview Village → ['8074336']
  [1020] Loblaws - Eglinton Ave. E → ['8074308']
  [1021] Loblaws - Musgrave Street → ['8074344']
  [1022] Loblaws - Kent Street West → ['8074380']
  [1023] Loblaws - Robertson Road → ['8074380']
  [1027] Loblaws - Richmond Street North → ['8074344']
  [1028] Loblaws - High Tech Road → ['8074344']
  [1029] Loblaws - Dupont Street → ['8074312']
  [1032] Loblaws - Bullock Drive → ['8074344']
  [1035] Loblaws - Greenbank Road → ['8074383']
  [1040] Loblaws - Princess Street → ['8074383']
  [1050] Loblaws - Baseline Road → ['8074383']
  [1051] Loblaws - Ogilvie Road → ['8074383']
  [1064] Loblaws - Highway #2 → ['8074378']
  [1066] Loblaws - The East Mall → ['8074329']
  [1079] Loblaws - Lower Jarvis Street → ['8074312']
  [1082] Loblaws - 1460 Merivale Road → ['8074378']
  [1083] Loblaws - Midland Ave → ['8074383']
  [1090] Loblaws - Lakeshore Road West → ['8074333']
  [1092] Loblaws - Redway Road → ['8074312']
  [1095] Loblaws - Isabella Street → ['8074378']
  [1099] Loblaws - Dundas Street West → ['8074312']
  [1114] Loblaws - Earl Grey Drive → ['8074383']
  [1127] Loblaws - Hurontario Street → ['8074378']
  [1132] Loblaws - Carling Avenue → ['8074378']
  [1142] Loblaws City Market- St. Clair Avenue East → ['8074308']
  [1154] Loblaws - Dundas Street West → no new flyers
  [1155] Loblaws - Moore Avenue → ['8074308']
  [1170] Loblaws - Rideau Street → ['8074378']
  [1174] Loblaws - 270 The Kingsway → ['8074308']
  [1179] Loblaws - Broadview Ave → no new flyers
  [1188] Loblaws - Bank Street → ['8074383']
  [1194] Loblaws - Yonge Street → ['8074308']
  [1212] Loblaws - St. Clair Ave West → ['8074312']
  [1424] Loblaws- Lakeshore/Bathurst → ['8078191']
  [1789] Squamish YIG (W) → no new flyers
  [1790] Loblaws City Market → no new flyers
  [1822] Loblaws City Market - Sage Hill → no new flyers
  [1872] Lonsdale City Market → no new flyers

  41 new publication entries across 50 stores
  10 unique new publication(s) to download
  Appended 41 rows to data/loblaws/store_flyers.parquet
New publication entries added to store_flyers.parquet: 41
Unique new publications to download: 10

Phase 2: fetching products for each new publication…

  [8074308] Weekly Flyer  (2026-08-13T00:00:00-04:00 → 2026-08-19T23:59:59-04:00)
    234 products
  [8074344] Weekly Flyer  (2026-08-13T00:00:00-04:00 → 2026-08-19T23:59:59-04:00)
    232 products
  [8074383] Weekly Flyer  (2026-08-13T00:00:00-04:00 → 2026-08-19T23:59:59-04:00)
    229 products
  [8074336] Weekly Flyer  (2026-08-13T00:00:00-04:00 → 2026-08-19T23:59:59-04:00)
    218 products
  [8074380] Weekly Flyer  (2026-08-13T00:00:00-04:00 → 2026-08-19T23:59:59-04:00)
    215 products
  [8074312] Weekly Flyer  (2026-08-13T00:00:00-04:00 → 2026-08-19T23:59:59-04:00)
    246 products
  [8074378] Weekly Flyer  (2026-08-13T00:00:00-04:00 → 2026-08-19T23:59:59-04:00)
    203 products
  [8074329] Weekly Flyer  (2026-08-13T00:00:00-04:00 → 2026-08-19T23:59:59-04:00)
    260 products
  [8074333] Weekly Flyer  (2026-08-13T00:00:00-04:00 → 2026-08-19T23:59:59-04:00)
    206 products
  [8078191] Weekly Flyer  (2026-08-13T00:00:00-04:00 → 2026-08-19T23:59:59-04:00)
    117 products

── Phase 2 results ──────────────────────────────────────────────────
  Downloaded : 10
  Skipped    : 0  (file already existed)
  Errors     : 0

Run completed: 2026-08-13 14:29:13 UTC
Elapsed      : 0m 8s


Done.  Verbose log → logs/loblaws/2026-08-13_verbose.log
       Summary log → logs/loblaws/2026-08-13_summary.log

