=== Walmart Flyer Fetch — 2026-06-04 ===
Run started : 2026-06-04 14:18:11 UTC

Loaded 421 stores from data/walmart/stores.parquet

Stores loaded: 421
Loaded store_flyers.parquet (4679 publication entries)

Phase 1: fetching publications per store…

  [1000] Milton → ['7960417']
  [1001] Bowmanville → ['7960417']
  [1003] Bridgewater → ['7970074']
  [1004] Toronto → ['7960417']
  [1007] Kitchener West → ['7960417']
  [1008] Drayton Valley → ['7970078']
  [1009] Whitecourt → ['7960424']
  [1011] Trail → ['7960425']
  [1012] Keswick → ['7960417']
  [1013] Grand Falls → ['7960419']
  [1014] Antigonish → ['7960420']
  [1015] Squamish → ['7960425']
  [1016] Yarmouth → ['7970074']
  [1017] Digby → ['7970074']
  [1018] Port Alberni → ['7960425']
  [1019] Lac-Mégantic → ['7970072']
  [1020] Sainte-Agathe-des-Monts → ['7970072']
  [1022] Winkler → ['7960423']
  [1023] Parry Sound → ['7960417']
  [1025] Matane → ['7960418']
  [1026] Marystown → ['7970076']
  [1027] Selkirk → ['7960423']
  [1028] Drumheller → ['7960424']
  [1029] Stouffville → ['7970071']
  [1030] Slave Lake → ['7970078']
  [1031] Ottawa Supercentre → ['7960417']
  [1032] Laval Est → ['7960418']
  [1033] Edmundston → ['7970073']
  [1034] Stettler → ['7960424']
  [1035] Labrador City → ['7970076']
  [1036] Merritt → ['7970079']
  [1038] Strathroy → ['7960417']
  [1039] Collingwood → ['7960417']
  [1040] Saint-Georges-de-Beauce → ['7960418']
  [1041] Napanee → ['7960417']
  [1042] Hamilton → ['7960417']
  [1043] Woodstock → ['7970073']
  [1045] Saint-Romuald → ['7970072']
  [1046] Taber → ['7970078']
  [1047] Kemptville → ['7960417']
  [1048] Edson → ['7960424']
  [1049] Strathmore → ['7960424']
  [1050] Airdrie → ['7960424']
  [1052] Sussex → ['7960419']
  [1054] Bracebridge → ['7960417']
  [1056] Oshawa → ['7970071']
  [1057] Vaudreuil-Dorion → ['7960418']
  [1059] Port Elgin → ['7960417']
  [1060] Rockland → ['7960417']
  [1061] SSC → ['7960417']
  [1062] Wainwright (Supercentre) → ['7960424']
  [1064] Wallaceburg → ['7960417']
  [1065] Kindersley → ['7970078']
  [1067] Fredericton → ['7960419']
  [1068] Peace River → ['7970078']
  [1069] Port Perry → ['7960417']
  [1070] Pincher Creek → ['7960424']
  [1071] Vegreville → ['7960424']
  [1072] Amherstburg → ['7960417']
  [1075] Carleton Place → ['7960417']
  [1076] Magog → ['7960418']
  [1077] Campbell River → ['7960425']
  [1078] Lethbridge → ['7970078']
  [1079] Brampton - West (Supercentre) → ['7960417']
  [1080] Scarborough → ['7960417']
  [1081] Woodbridge → ['7960417']
  [1083] Alliston → ['7960417']
  [1084] Olds → ['7960424']
  [1085] Lachenaie → ['7960418']
  [1086] Gatineau → ['7960418']
  [1087] Wasaga Beach → ['7960417']
  [1089] Calgary → ['7960424']
  [1093] Westbank → ['7970079']
  [1094] Edmonton SW → ['7960424']
  [1095] Vaughan → ['7960417']
  [1097] Calgary(Sage Hill) → ['7970078']
  [1100] Salmon Arm → ['7960425']
  [1101] Bradford → ['7960417']
  [1102] Sylvan Lake → ['7960424']
  [1104] West Broadway → ['7960425']
  [1105] Sudbury South → ['7960417']
  [1106] Williams Lake (Supercentre) → ['7960425']
  [1107] Waterdown → ['7960417']
  [1109] Markham → ['7970071']
  [1110] Ottawa-SW (Supercentre) → ['7960417']
  [1111] Kitchener (Waterloo) → ['7960417']
  [1112] Port Coquitlam → ['7960425']
  [1113] Abbotsford West → ['7960425']
  [1115] Maple (Vaughan) → ['7960417']
  [1116] Richmond Hill → ['7960417']
  [1117] Scarborough → ['7960417']
  [1118] Kanata → ['7960417']
  [1119] LOUGHEED HWY. & WREN STRET → ['7960425']
  [1120] Brampton Northeast → ['7960469']
  [1121] Hamilton → ['7960417']
  [1122] Edmonton → ['7970078']
  [1123] Sherwood Park → ['7960424']
  [1125] Stratford → ['7960417']
  [1126] Penguin PickUp - Mississauga East → ['7960417']
  [1127] Port Credit → ['7960417']
  [1130] Fergus → ['7960417']
  [1132] Chateauguay → ['7960418']
  [1135] Cochrane → ['7960424']
  [1136] Calgary (East Hills) → ['7970078']
  [1138] Tamarack Southeast → ['7960424']
  [1139] Toronto Downsview → ['7960417']
  [1140] Montreal (Dorval) → ['7960418']
  [1141] Steinbach → ['7960423']
  [1143] Prince Rupert → ['7970079']
  [1145] Edmonton (South Park) → ['7960424']
  [1146] Edmonton (Northgate) → ['7970078']
  [1149] Edmonton (Meadowlark) → ['7960424']
  [1150] Toronto (Gerrard Square) → ['7960417']
  [1151] Toronto (Sheridan) → ['7960417']
  [1156] Waterloo (C) → ['7960417']
  [1157] London (Northland) → ['7960417']
  [1158] Ottawa (Gloucester) → ['7960417']
  [1159] Hawkesbury → ['7960417']
  [1160] Listowel → ['7960417']
  [1161] Newmarket → ['7970071']
  [1162] Peterborough (S) → ['7960417']
  [1164] St Catharines (Centre) → ['7960417']
  [1165] Thunder Bay (S) → ['7960417']
  [1166] Thunder Bay (N) → ['7960417']
  [1167] Longueuil (S) → ['7960418']
  [1168] Montreal (Hochelaga) → ['7960418']
  [1169] Pointe-aux-Trembles → ['7960418']
  [1170] Montreal (Cote Des Neiges) → ['7960418']
  [1172] Sherbrooke (E) (Fleurimont) → ['7960418']
  [1173] La Pocatiere → ['7960418']
  [1174] Sorel-Tracy → ['7960418']
  [1175] Saint John (W) → ['7960419']
  [1176] Dartmouth → ['7970074']
  [1177] Greenwood → ['7970074']
  [1178] North Sydney → ['7960420']
  [1181] Tsawwassen → ['7960425']
  [1182] Kingsway Mall Supercentre → ['7970078']
  [1183] Place Viau → ['7960418']
  [1185] Blainville → ['7960418']
  [1186] Winnipeg (Grant Park) → ['7960423']
  [1187] Edmonton (Ellerslie) → ['7960424']
  [1188] Brampton South → ['7960417']
  [1189] Ville Saint-Laurent → ['7960418']
  [1190] Hull (Supercentre) → ['7960418']
  [1192] New Westminster → ['7960425']
  [1199] Guelph (South) → ['7960417']
  [1200] Ottawa Central Supercentre → ['7960417']
  [1201] Québec City → ['7960418']
  [1202] Pointe Claire → ['7960418']
  [1203] Candiac → ['7960418']
  [1204] Southdale Centre → ['7960423']
  [1205] Surrey → ['7970079']
  [1206] Maple Ridge → ['7960425']
  [1207] Delta → ['7970079']
  [1208] Coquitlam → ['7960484']
  [1211] Erin Mills Town Centre → ['7960417']
  [1212] Laurier → ['7960418']
  [1213] Metrotown, BC → ['7960425']
  [1214] Victoria Hillside Mall → ['7960425']
  [1400] TC Signing Warehouse → no new flyers
  [3000] Agincourt → ['7960417']
  [3001] Ajax → ['7970071']
  [3002] Baie-Comeau → ['7960418']
  [3003] Bathurst → ['7960419']
  [3004] Brandon → ['7960423']
  [3005] Brantford → ['7960417']
  [3006] Brockville → ['7960417']
  [3007] Brossard → ['7960418']
  [3008] Burnaby (Lougheed Mall) → ['7960425']
  [3009] Calgary → ['7960424']
  [3010] Calgary → ['7960424']
  [3011] Calgary → ['7970078']
  [3012] Calgary → ['7970078']
  [3013] Calgary → ['7970078']
  [3014] Cap-de-la-Madeleine → ['7960418']
  [3015] Carbonear → ['7960422']
  [3016] Chatham → ['7960417']
  [3017] Chicoutimi → ['7970072']
  [3018] Clarenville → ['7970076']
  [3019] Abbotsford → ['7960425']
  [3020] Cornwall → ['7960417']
  [3021] Dartmouth → ['7970074']
  [3022] Dauphin → ['7960423']
  [3023] Drummondville → ['7970072']
  [3024] Dryden Highway → ['7960417']
  [3025] Duncan → ['7960425']
  [3026] Edmonton (Supercentre) → ['7960424']
  [3027] Edmonton West → ['7970078']
  [3028] Edmonton → ['7970078']
  [3029] Edmonton (S.Common) → ['7960424']
  [3030] Estevan Supercentre → ['7960424']
  [3031] Etobicoke → ['7960417']
  [3032] Fredericton → ['7960419']
  [3033] Gander → ['7960422']
  [3034] Georgetown → ['7960417']
  [3035] Granby → ['7970072']
  [3036] Grand Falls (Windsor) → ['7960422']
  [3037] Hamilton → ['7960417']
  [3038] Hinton → ['7970078']
  [3039] Joliette (Supercentre) → ['7960418']
  [3040] Kamloops → ['7970079']
  [3041] Kapuskasing → ['7960417']
  [3042] Kelowna → ['7960425']
  [3043] Kingston → ['7960417']
  [3044] Kirkland → ['7960418']
  [3045] Kitchener → ['7960417']
  [3046] LaSalle → ['7960418']
  [3047] Laval → ['7960418']
  [3048] Lethbridge South → ['7970078']
  [3049] London → ['7960417']
  [3050] London North → ['7960417']
  [3051] Whiteoaks (London) → ['7960417']
  [3052] Longueuil → ['7960418']
  [3053] Markham → ['7970071']
  [3054] Mississauga (Meadowvale) → ['7960417']
  [3055] Mississauga (Square One) → ['7960417']
  [3056] Dieppe → ['7960419']
  [3057] North Vancouver → ['7960425']
  [3058] North Battleford → ['7960424']
  [3059] Nanaimo → ['7960425']
  [3060] Nelson → ['7960425']
  [3061] New Glasgow → ['7960420']
  [3062] Newmarket → ['7970071']
  [3063] North Bay → ['7960417']
  [3064] Oakville → ['7960417']
  [3065] Orleans → ['7960417']
  [3066] Ottawa West (Supercentre) → ['7960417']
  [3067] Owen Sound → ['7960417']
  [3068] Port Hawkesbury → ['7960420']
  [3069] Portage La Prairie → ['7960423']
  [3070] Penticton → ['7970079']
  [3071] Peterborough (Supercentre) → ['7960417']
  [3072] Powell River → ['7970079']
  [3073] Prince Albert → ['7960424']
  [3074] Québec → ['7960418']
  [3075] Red Deer → ['7960424']
  [3076] Regina (North) → ['7960424']
  [3077] Regina South → ['7960424']
  [3078] Renfrew → ['7960417']
  [3079] Repentigny → ['7960418']
  [3080] Rosemère → ['7960418']
  [3081] Bedford-Sackville → ['7970074']
  [3082] Sarnia → ['7960417']
  [3083] Saskatoon West → ['7960424']
  [3084] Saskatoon North Supercentre → ['7960424']
  [3085] Sept-Îles → ['7960418']
  [3086] Sherbrooke → ['7960418']
  [3087] St. Albert → ['7970078']
  [3088] St. Catharines → ['7960417']
  [3089] Saint-Eustache → ['7960418']
  [3090] Saint-Jean-sur-Richelieu → ['7960418']
  [3091] Saint John → ['7960419']
  [3092] St. John's → ['7960422']
  [3093] Mount Pearl → ['7960422']
  [3094] Saint-Léonard → ['7960418']
  [3095] Stephenville → ['7960422']
  [3096] Stoney Creek → ['7960417']
  [3097] Sudbury → ['7960417']
  [3098] Surrey → ['7970079']
  [3099] Swift Current → ['7960424']
  [3100] Sydney → ['7960420']
  [3101] Sydney → ['7960420']
  [3102] Thompson → ['7960423']
  [3103] Tillsonburg → ['7960417']
  [3104] Timmins → ['7960417']
  [3105] North York → ['7960417']
  [3106] Toronto → ['7960417']
  [3107] Winnipeg (Transcona) → ['7960423']
  [3108] Trois-Rivières → ['7970072']
  [3109] Victoria → ['7960425']
  [3110] Welland → ['7960417']
  [3111] Scarborough East → ['7960417']
  [3112] Wetaskiwin → ['7970078']
  [3113] Whitby → ['7970071']
  [3114] Windsor → ['7960417']
  [3115] Windsor East → ['7960417']
  [3116] Winnipeg → ['7960423']
  [3117] Winnipeg (W) → ['7960423']
  [3118] Winnipeg → ['7960423']
  [3119] Winnipeg → ['7960423']
  [3120] Woodstock → ['7960417']
  [3121] Yellowknife → no new flyers
  [3122] Belleville Suprecentre → ['7960417']
  [3123] Barrie → ['7960417']
  [3124] Thunder Bay → ['7960417']
  [3125] Gatineau → ['7960418']
  [3126] Goderich R. R. → ['7960417']
  [3127] Ancaster → ['7960417']
  [3128] New Liskeard → ['7960417']
  [3129] Hanover → ['7960417']
  [3130] Brampton North → ['7960417']
  [3131] Ottawa → ['7960417']
  [3132] Lachute → ['7960418']
  [3133] Cobourg → ['7960417']
  [3134] Kanata → ['7960417']
  [3135] Brampton East → ['7960417']
  [3136] Rouyn-Noranda → ['7960418']
  [3137] Saint-Hyacinthe → ['7960418']
  [3138] Bayer's Lake → ['7970074']
  [3139] Val-d'Or → ['7960418']
  [3140] Saint-Bruno-de-Montarville → ['7960418']
  [3141] Burlington → ['7960417']
  [3142] Orangeville → ['7960417']
  [3143] Hull → ['7960418']
  [3144] Guelph → ['7960417']
  [3146] Sainte-Foy → ['7960418']
  [3147] Grande Prairie → ['7970078']
  [3148] Lévis → ['7970072']
  [3149] Mascouche → ['7970072']
  [3150] Medicine Hat → ['7960424']
  [3151] Shawnessy → ['7960424']
  [3152] Cambridge → ['7960417']
  [3153] Orillia → ['7960417']
  [3154] Sherwood Park → ['7960424']
  [3155] Sault Ste Marie → ['7960417']
  [3156] Waterloo → ['7960417']
  [3157] Fort McMurray → ['7960424']
  [3158] Langley → ['7970079']
  [3159] Cabbagetown → ['7960417']
  [3160] Niagara Falls → ['7960417']
  [3161] Oshawa → ['7970071']
  [3162] Charlottetown → ['7960421']
  [3163] Courtenay → ['7960425']
  [3164] Leamington → ['7960417']
  [3165] Mont Royal → ['7960418']
  [3166] Barrie → ['7960417']
  [3167] Chilliwack → ['7960425']
  [3168] Lloydminster → ['7960424']
  [3169] Vernon → ['7960425']
  [3170] Burlington → ['7960417']
  [3171] Pembroke → ['7960417']
  [3172] St. Catharines → ['7960417']
  [3173] Moose Jaw → ['7960424']
  [3174] Vaughan → ['7960417']
  [3176] Yorkton → ['7960424']
  [3177] Winnipeg (SW) → ['7960423']
  [3178] Trenton → ['7960417']
  [3179] Regina East Supercentre → ['7960424']
  [3180] Montreal Marche Central → ['7960418']
  [3181] Camrose → ['7960424']
  [3183] Cranbrook → ['7960425']
  [3184] Truro → ['7960420']
  [3185] Corner Brook → ['7970076']
  [3186] Pickering → ['7970071']
  [3188] Langford → ['7960425']
  [3189] Laval Ste-Dorothée → ['7960418']
  [3190] Saint-Jérôme → ['7960418']
  [3191] Whitehorse → no new flyers
  [3194] Red Deer → ['7960424']
  [3195] Richmond Hill → ['7960417']
  [3196] St. John's → ['7970076']
  [3197] St. Thomas → ['7960417']
  [3198] Rimouski → ['7960418']
  [3199] Quesnel → ['7960425']
  [3200] Oakville → ['7960417']
  [3635] Scarborough → ['7960417']
  [3636] Halifax → ['7970074']
  [3637] Spruce Grove → ['7960424']
  [3638] Barrhaven → ['7960417']
  [3639] Salaberry-de-Valleyfield → ['7960418']
  [3640] Cold Lake → ['7970078']
  [3642] Saint-Constant → ['7960418']
  [3644] Summerside → ['7970075']
  [3645] Midland → ['7960417']
  [3646] Beauport → ['7960418']
  [3647] Shawinigan → ['7960418']
  [3649] Fort Erie → ['7960417']
  [3650] Calgary → ['7960424']
  [3651] Prince George → ['7960425']
  [3652] Richmond → ['7960425']
  [3653] Uxbridge → ['7970071']
  [3654] Mississauga → ['7960417']
  [3655] Rivière-du-Loup → ['7960418']
  [3656] Montréal-Nord → ['7960418']
  [3657] Leduc → ['7960424']
  [3658] Brooks → ['7970078']
  [3659] Moncton → ['7960419']
  [3660] Flin Flon → ['7960423']
  [3661] Fort St John → ['7960425']
  [3737] Atholville → ['7960419']
  [3738] New Minas → ['7970074']
  [3739] Victoriaville → ['7970072']
  [3740] Rexdale → ['7960417']
  [4002] Penguin PickUp - Eastern Ave → ['7960417']
  [4006] Penguin PickUp - Cabbagetown → ['7960417']
  [4007] Penguin PickUp - Queens Quay → ['7960417']
  [4008] Penguin PickUp - Eglinton East → ['7960417']
  [4011] Penguin PickUp - Queen West → ['7960417']
  [4012] Penguin PickUp - Fashion District → ['7960417']
  [4013] Penguin PickUp - Church & Wellesley → ['7960417']
  [4014] Penguin PickUp - Peter St → ['7960417']
  [4016] Penguin PickUp - Mont Royal → ['7960418']
  [4017] Penguin PickUp - Peter St → no new flyers
  [4018] Penguin PickUp - Queen St & University Ave → ['7960417']
  [4022] Penguin PickUp - West Broadway → ['7960425']
  [4107] Penguin PickUp - Crossroads → ['7960417']
  [5708] Okotoks → ['7960424']
  [5726] Calgary → ['7970078']
  [5742] Bolton → ['7960417']
  [5743] Huntsville → ['7960417']
  [5752] Simcoe → ['7960417']
  [5753] Fort Saskatchewan → ['7960424']
  [5776] Dawson Creek → ['7960425']
  [5777] New Westminster → ['7960425']
  [5778] Aurora → ['7970071']
  [5789] Amherst → ['7960420']
  [5790] Weyburn → ['7960424']
  [5795] Alma → ['7960418']
  [5806] Fort Frances → ['7960417']
  [5811] Smiths Falls → ['7960417']
  [5831] Thornhill (Supercentre) → ['7960417']
  [5832] Thetford Mines → ['7960418']
  [5833] Miramichi → ['7970073']
  [5834] Terrace → ['7960425']
  [5838] Surrey → ['7960425']
  [5839] Cowansville → ['7960418']
  [5853] Surrey → ['7970079']
  [5854] Kenora → ['7960417']
  [5878] Saskatoon South → ['7960424']
  [8123] Penguin PickUp - SSC → no new flyers
  [9051] Wal-Mart Innovation Centre #9051 → no new flyers

  415 new publication entries across 421 stores
  19 unique new publication(s) to download
  Appended 415 rows to data/walmart/store_flyers.parquet
New publication entries added to store_flyers.parquet: 415
Unique new publications to download: 19

Phase 2: fetching products for each new publication…

  [7960417] Grocery Flyer  (2026-06-04T00:00:00-04:00 → 2026-06-10T23:59:59-04:00)
    579 products
  [7970074] Grocery Flyer  (2026-06-04T00:00:00-04:00 → 2026-06-10T23:59:59-04:00)
    572 products
  [7970078] Grocery Flyer  (2026-06-04T02:00:00-04:00 → 2026-06-10T23:59:59-04:00)
    558 products
  [7960424] Grocery Flyer  (2026-06-04T02:00:00-04:00 → 2026-06-10T23:59:59-04:00)
    578 products
  [7960425] Grocery Flyer  (2026-06-04T03:00:00-04:00 → 2026-06-10T23:59:59-04:00)
    592 products
  [7960419] Grocery Flyer  (2026-06-04T00:00:00-04:00 → 2026-06-10T23:59:59-04:00)
    588 products
  [7960420] Grocery Flyer  (2026-06-04T00:00:00-04:00 → 2026-06-10T23:59:59-04:00)
    592 products
  [7970072] Grocery Flyer  (2026-06-04T00:00:00-04:00 → 2026-06-10T23:59:59-04:00)
    581 products
  [7960423] Grocery Flyer  (2026-06-04T01:00:00-04:00 → 2026-06-10T23:59:59-04:00)
    586 products
  [7960418] Grocery Flyer  (2026-06-04T00:00:00-04:00 → 2026-06-10T23:59:59-04:00)
    581 products
  [7970076] Grocery Flyer  (2026-06-04T00:00:00-04:00 → 2026-06-10T23:59:59-04:00)
    567 products
  [7970071] Grocery Flyer  (2026-06-04T00:00:00-04:00 → 2026-06-10T23:59:59-04:00)
    559 products
  [7970073] Grocery Flyer  (2026-06-04T00:00:00-04:00 → 2026-06-10T23:59:59-04:00)
    566 products
  [7970079] Grocery Flyer  (2026-06-04T03:00:00-04:00 → 2026-06-10T23:59:59-04:00)
    572 products
  [7960469] Grocery Flyer  (2026-06-04T00:00:00-04:00 → 2026-06-10T23:59:59-04:00)
    587 products
  [7960484] Grocery Flyer  (2026-06-04T03:00:00-04:00 → 2026-06-10T23:59:59-04:00)
    602 products
  [7960422] Grocery Flyer  (2026-06-04T00:00:00-04:00 → 2026-06-10T23:59:59-04:00)
    587 products
  [7960421] Grocery Flyer  (2026-06-04T00:00:00-04:00 → 2026-06-10T23:59:59-04:00)
    587 products
  [7970075] Grocery Flyer  (2026-06-04T00:00:00-04:00 → 2026-06-10T23:59:59-04:00)
    567 products

── Phase 2 results ──────────────────────────────────────────────────
  Downloaded : 19
  Skipped    : 0  (file already existed)
  Errors     : 0

Run completed: 2026-06-04 14:19:49 UTC
Elapsed      : 1m 37s


Done.  Verbose log → logs/walmart/2026-06-04_verbose.log
       Summary log → logs/walmart/2026-06-04_summary.log

