=== Walmart Flyer Fetch — 2026-09-17 ===
Run started : 2026-09-17 17:46:52 UTC

Loaded 421 stores from data/walmart/stores.parquet

Stores loaded: 421
Loaded store_flyers.parquet (9659 publication entries)

Phase 1: fetching publications per store…

  [1000] Milton → ['8129937']
  [1001] Bowmanville → ['8129937']
  [1003] Bridgewater → ['8129940']
  [1004] Toronto → ['8129937']
  [1007] Kitchener West → ['8129937']
  [1008] Drayton Valley → ['8129944']
  [1009] Whitecourt → ['8129944']
  [1011] Trail → ['8129945']
  [1012] Keswick → ['8129937']
  [1013] Grand Falls → ['8129939']
  [1014] Antigonish → ['8129940']
  [1015] Squamish → ['8129945']
  [1016] Yarmouth → ['8129940']
  [1017] Digby → ['8129940']
  [1018] Port Alberni → ['8129945']
  [1019] Lac-Mégantic → ['8129938']
  [1020] Sainte-Agathe-des-Monts → ['8129938']
  [1022] Winkler → ['8129943']
  [1023] Parry Sound → ['8129937']
  [1025] Matane → ['8129938']
  [1026] Marystown → ['8129942']
  [1027] Selkirk → ['8129943']
  [1028] Drumheller → ['8129944']
  [1029] Stouffville → ['8129937']
  [1030] Slave Lake → ['8129944']
  [1031] Ottawa Supercentre → ['8129937']
  [1032] Laval Est → ['8129938']
  [1033] Edmundston → ['8129939']
  [1034] Stettler → ['8129944']
  [1035] Labrador City → ['8129942']
  [1036] Merritt → ['8129945']
  [1038] Strathroy → ['8129937']
  [1039] Collingwood → ['8129937']
  [1040] Saint-Georges-de-Beauce → ['8129938']
  [1041] Napanee → ['8129937']
  [1042] Hamilton → ['8129937']
  [1043] Woodstock → ['8129939']
  [1045] Saint-Romuald → ['8129938']
  [1046] Taber → ['8129944']
  [1047] Kemptville → ['8129937']
  [1048] Edson → ['8129944']
  [1049] Strathmore → ['8129944']
  [1050] Airdrie → ['8129944']
  [1052] Sussex → ['8129939']
  [1054] Bracebridge → ['8129937']
  [1056] Oshawa → ['8129937']
  [1057] Vaudreuil-Dorion → ['8129938']
  [1059] Port Elgin → ['8129937']
  [1060] Rockland → ['8129937']
  [1061] SSC → ['8129937']
  [1062] Wainwright (Supercentre) → ['8129944']
  [1064] Wallaceburg → ['8129937']
  [1065] Kindersley → ['8129944']
  [1067] Fredericton → ['8129939']
  [1068] Peace River → ['8129944']
  [1069] Port Perry → ['8129937']
  [1070] Pincher Creek → ['8129944']
  [1071] Vegreville → ['8129944']
  [1072] Amherstburg → ['8129937']
  [1075] Carleton Place → ['8129937']
  [1076] Magog → ['8129938']
  [1077] Campbell River → ['8129945']
  [1078] Lethbridge → ['8129944']
  [1079] Brampton - West (Supercentre) → ['8129937']
  [1080] Scarborough → ['8129937']
  [1081] Woodbridge → ['8129937']
  [1083] Alliston → ['8129937']
  [1084] Olds → ['8129944']
  [1085] Lachenaie → ['8129938']
  [1086] Gatineau → ['8129938']
  [1087] Wasaga Beach → ['8129937']
  [1089] Calgary → ['8129944']
  [1093] Westbank → ['8129945']
  [1094] Edmonton SW → ['8129944']
  [1095] Vaughan → ['8129937']
  [1097] Calgary(Sage Hill) → ['8129944']
  [1100] Salmon Arm → ['8129945']
  [1101] Bradford → ['8129937']
  [1102] Sylvan Lake → ['8129944']
  [1104] West Broadway → ['8129945']
  [1105] Sudbury South → ['8129937']
  [1106] Williams Lake (Supercentre) → ['8129945']
  [1107] Waterdown → ['8129937']
  [1109] Markham → ['8129937']
  [1110] Ottawa-SW (Supercentre) → ['8129937']
  [1111] Kitchener (Waterloo) → ['8129937']
  [1112] Port Coquitlam → ['8129945']
  [1113] Abbotsford West → ['8129945']
  [1115] Maple (Vaughan) → ['8129937']
  [1116] Richmond Hill → ['8129937']
  [1117] Scarborough → ['8129937']
  [1118] Kanata → ['8129937']
  [1119] LOUGHEED HWY. & WREN STRET → ['8129945']
  [1120] Brampton Northeast → ['8129937']
  [1121] Hamilton → ['8129937']
  [1122] Edmonton → ['8129944']
  [1123] Sherwood Park → ['8129944']
  [1125] Stratford → ['8129937']
  [1126] Penguin PickUp - Mississauga East → ['8129937']
  [1127] Port Credit → ['8129937']
  [1130] Fergus → ['8129937']
  [1132] Chateauguay → ['8129938']
  [1135] Cochrane → ['8129944']
  [1136] Calgary (East Hills) → ['8129944']
  [1138] Tamarack Southeast → ['8129944']
  [1139] Toronto Downsview → ['8129937']
  [1140] Montreal (Dorval) → ['8129938']
  [1141] Steinbach → ['8129943']
  [1143] Prince Rupert → ['8129945']
  [1145] Edmonton (South Park) → ['8129944']
  [1146] Edmonton (Northgate) → ['8129944']
  [1149] Edmonton (Meadowlark) → ['8129944']
  [1150] Toronto (Gerrard Square) → ['8129937']
  [1151] Toronto (Sheridan) → ['8129937']
  [1156] Waterloo (C) → ['8129937']
  [1157] London (Northland) → ['8129937']
  [1158] Ottawa (Gloucester) → ['8129937']
  [1159] Hawkesbury → ['8129937']
  [1160] Listowel → ['8129937']
  [1161] Newmarket → ['8129937']
  [1162] Peterborough (S) → ['8129937']
  [1164] St Catharines (Centre) → ['8129937']
  [1165] Thunder Bay (S) → ['8129937']
  [1166] Thunder Bay (N) → ['8129937']
  [1167] Longueuil (S) → ['8129938']
  [1168] Montreal (Hochelaga) → ['8129938']
  [1169] Pointe-aux-Trembles → ['8129938']
  [1170] Montreal (Cote Des Neiges) → ['8129938']
  [1172] Sherbrooke (E) (Fleurimont) → ['8129938']
  [1173] La Pocatiere → ['8129938']
  [1174] Sorel-Tracy → ['8129938']
  [1175] Saint John (W) → ['8129939']
  [1176] Dartmouth → ['8129940']
  [1177] Greenwood → ['8129940']
  [1178] North Sydney → ['8129940']
  [1181] Tsawwassen → ['8129945']
  [1182] Kingsway Mall Supercentre → ['8129944']
  [1183] Place Viau → ['8129938']
  [1185] Blainville → ['8129938']
  [1186] Winnipeg (Grant Park) → ['8129943']
  [1187] Edmonton (Ellerslie) → ['8129944']
  [1188] Brampton South → ['8129937']
  [1189] Ville Saint-Laurent → ['8129938']
  [1190] Hull (Supercentre) → ['8129938']
  [1192] New Westminster → ['8129945']
  [1199] Guelph (South) → ['8129937']
  [1200] Ottawa Central Supercentre → ['8129937']
  [1201] Québec City → ['8129938']
  [1202] Pointe Claire → ['8129938']
  [1203] Candiac → ['8129938']
  [1204] Southdale Centre → ['8129943']
  [1205] Surrey → ['8129945']
  [1206] Maple Ridge → ['8129945']
  [1207] Delta → ['8129945']
  [1208] Coquitlam → ['8129945']
  [1211] Erin Mills Town Centre → ['8129937']
  [1212] Laurier → ['8129938']
  [1213] Metrotown, BC → ['8129945']
  [1214] Victoria Hillside Mall → ['8129945']
  [1400] TC Signing Warehouse → no new flyers
  [3000] Agincourt → ['8129937']
  [3001] Ajax → ['8129937']
  [3002] Baie-Comeau → ['8129938']
  [3003] Bathurst → ['8129939']
  [3004] Brandon → ['8129943']
  [3005] Brantford → ['8129937']
  [3006] Brockville → ['8129937']
  [3007] Brossard → ['8129938']
  [3008] Burnaby (Lougheed Mall) → ['8129949']
  [3009] Calgary → ['8129944']
  [3010] Calgary → ['8129944']
  [3011] Calgary → ['8129944']
  [3012] Calgary → ['8129944']
  [3013] Calgary → ['8129944']
  [3014] Cap-de-la-Madeleine → ['8129938']
  [3015] Carbonear → ['8129942']
  [3016] Chatham → ['8129937']
  [3017] Chicoutimi → ['8129938']
  [3018] Clarenville → ['8129942']
  [3019] Abbotsford → ['8129945']
  [3020] Cornwall → ['8129937']
  [3021] Dartmouth → ['8129940']
  [3022] Dauphin → ['8129943']
  [3023] Drummondville → ['8129938']
  [3024] Dryden Highway → ['8129937']
  [3025] Duncan → ['8129945']
  [3026] Edmonton (Supercentre) → ['8129944']
  [3027] Edmonton West → ['8129944']
  [3028] Edmonton → ['8129944']
  [3029] Edmonton (S.Common) → ['8129944']
  [3030] Estevan Supercentre → ['8129944']
  [3031] Etobicoke → ['8129937']
  [3032] Fredericton → ['8129939']
  [3033] Gander → ['8129942']
  [3034] Georgetown → ['8129937']
  [3035] Granby → ['8129938']
  [3036] Grand Falls (Windsor) → ['8129942']
  [3037] Hamilton → ['8129937']
  [3038] Hinton → ['8129944']
  [3039] Joliette (Supercentre) → ['8129938']
  [3040] Kamloops → ['8129945']
  [3041] Kapuskasing → ['8129937']
  [3042] Kelowna → ['8129945']
  [3043] Kingston → ['8129937']
  [3044] Kirkland → ['8129938']
  [3045] Kitchener → ['8129937']
  [3046] LaSalle → ['8129938']
  [3047] Laval → ['8129938']
  [3048] Lethbridge South → ['8129944']
  [3049] London → ['8129937']
  [3050] London North → ['8129937']
  [3051] Whiteoaks (London) → ['8129937']
  [3052] Longueuil → ['8129938']
  [3053] Markham → ['8129937']
  [3054] Mississauga (Meadowvale) → ['8129937']
  [3055] Mississauga (Square One) → ['8129937']
  [3056] Dieppe → ['8129939']
  [3057] North Vancouver → ['8129945']
  [3058] North Battleford → ['8129944']
  [3059] Nanaimo → ['8129945']
  [3060] Nelson → ['8129945']
  [3061] New Glasgow → ['8129940']
  [3062] Newmarket → ['8129937']
  [3063] North Bay → ['8129937']
  [3064] Oakville → ['8129937']
  [3065] Orleans → ['8129937']
  [3066] Ottawa West (Supercentre) → ['8129937']
  [3067] Owen Sound → ['8129937']
  [3068] Port Hawkesbury → ['8129940']
  [3069] Portage La Prairie → ['8129943']
  [3070] Penticton → ['8129945']
  [3071] Peterborough (Supercentre) → ['8129937']
  [3072] Powell River → ['8129945']
  [3073] Prince Albert → ['8129944']
  [3074] Québec → ['8129938']
  [3075] Red Deer → ['8129944']
  [3076] Regina (North) → ['8129944']
  [3077] Regina South → ['8129944']
  [3078] Renfrew → ['8129937']
  [3079] Repentigny → ['8129938']
  [3080] Rosemère → ['8129938']
  [3081] Bedford-Sackville → ['8129940']
  [3082] Sarnia → ['8129937']
  [3083] Saskatoon West → ['8129944']
  [3084] Saskatoon North Supercentre → ['8129944']
  [3085] Sept-Îles → ['8129938']
  [3086] Sherbrooke → ['8129938']
  [3087] St. Albert → ['8129944']
  [3088] St. Catharines → ['8129937']
  [3089] Saint-Eustache → ['8129938']
  [3090] Saint-Jean-sur-Richelieu → ['8129938']
  [3091] Saint John → ['8129939']
  [3092] St. John's → ['8129942']
  [3093] Mount Pearl → ['8129942']
  [3094] Saint-Léonard → ['8129938']
  [3095] Stephenville → ['8129942']
  [3096] Stoney Creek → ['8129937']
  [3097] Sudbury → ['8129937']
  [3098] Surrey → ['8129945']
  [3099] Swift Current → ['8129944']
  [3100] Sydney → ['8129940']
  [3101] Sydney → ['8129940']
  [3102] Thompson → ['8129943']
  [3103] Tillsonburg → ['8129937']
  [3104] Timmins → ['8129937']
  [3105] North York → ['8129937']
  [3106] Toronto → ['8129937']
  [3107] Winnipeg (Transcona) → ['8129943']
  [3108] Trois-Rivières → ['8129938']
  [3109] Victoria → ['8129945']
  [3110] Welland → ['8129937']
  [3111] Scarborough East → ['8129937']
  [3112] Wetaskiwin → ['8129944']
  [3113] Whitby → ['8129937']
  [3114] Windsor → ['8129937']
  [3115] Windsor East → ['8129937']
  [3116] Winnipeg → ['8129943']
  [3117] Winnipeg (W) → ['8129943']
  [3118] Winnipeg → ['8129943']
  [3119] Winnipeg → ['8129943']
  [3120] Woodstock → ['8129937']
  [3121] Yellowknife → no new flyers
  [3122] Belleville Suprecentre → ['8129937']
  [3123] Barrie → ['8129937']
  [3124] Thunder Bay → ['8129937']
  [3125] Gatineau → ['8129938']
  [3126] Goderich R. R. → ['8129937']
  [3127] Ancaster → ['8129937']
  [3128] New Liskeard → ['8129937']
  [3129] Hanover → ['8129937']
  [3130] Brampton North → ['8129937']
  [3131] Ottawa → ['8129937']
  [3132] Lachute → ['8129938']
  [3133] Cobourg → ['8129937']
  [3134] Kanata → ['8129937']
  [3135] Brampton East → ['8129937']
  [3136] Rouyn-Noranda → ['8129938']
  [3137] Saint-Hyacinthe → ['8129938']
  [3138] Bayer's Lake → ['8129940']
  [3139] Val-d'Or → ['8129938']
  [3140] Saint-Bruno-de-Montarville → ['8129938']
  [3141] Burlington → ['8129937']
  [3142] Orangeville → ['8129937']
  [3143] Hull → ['8129938']
  [3144] Guelph → ['8129937']
  [3146] Sainte-Foy → ['8129938']
  [3147] Grande Prairie → ['8129944']
  [3148] Lévis → ['8129938']
  [3149] Mascouche → ['8129938']
  [3150] Medicine Hat → ['8129944']
  [3151] Shawnessy → ['8129944']
  [3152] Cambridge → ['8129937']
  [3153] Orillia → ['8129937']
  [3154] Sherwood Park → ['8129944']
  [3155] Sault Ste Marie → ['8129937']
  [3156] Waterloo → ['8129937']
  [3157] Fort McMurray → ['8129944']
  [3158] Langley → ['8129945']
  [3159] Cabbagetown → ['8129937']
  [3160] Niagara Falls → ['8129937']
  [3161] Oshawa → ['8129937']
  [3162] Charlottetown → ['8129941']
  [3163] Courtenay → ['8129945']
  [3164] Leamington → ['8129937']
  [3165] Mont Royal → ['8129938']
  [3166] Barrie → ['8129937']
  [3167] Chilliwack → ['8129945']
  [3168] Lloydminster → ['8129944']
  [3169] Vernon → ['8129945']
  [3170] Burlington → ['8129937']
  [3171] Pembroke → ['8129937']
  [3172] St. Catharines → ['8129937']
  [3173] Moose Jaw → ['8129944']
  [3174] Vaughan → ['8129937']
  [3176] Yorkton → ['8129944']
  [3177] Winnipeg (SW) → ['8129943']
  [3178] Trenton → ['8129937']
  [3179] Regina East Supercentre → ['8129944']
  [3180] Montreal Marche Central → ['8129938']
  [3181] Camrose → ['8129944']
  [3183] Cranbrook → ['8129945']
  [3184] Truro → ['8129940']
  [3185] Corner Brook → ['8129942']
  [3186] Pickering → ['8129937']
  [3188] Langford → ['8129945']
  [3189] Laval Ste-Dorothée → ['8129938']
  [3190] Saint-Jérôme → ['8129938']
  [3191] Whitehorse → no new flyers
  [3194] Red Deer → ['8129944']
  [3195] Richmond Hill → ['8129937']
  [3196] St. John's → ['8129942']
  [3197] St. Thomas → ['8129937']
  [3198] Rimouski → ['8129938']
  [3199] Quesnel → ['8129945']
  [3200] Oakville → ['8129937']
  [3635] Scarborough → ['8129937']
  [3636] Halifax → ['8129940']
  [3637] Spruce Grove → ['8129944']
  [3638] Barrhaven → ['8129937']
  [3639] Salaberry-de-Valleyfield → ['8129938']
  [3640] Cold Lake → ['8129944']
  [3642] Saint-Constant → ['8129938']
  [3644] Summerside → ['8129941']
  [3645] Midland → ['8129937']
  [3646] Beauport → ['8129938']
  [3647] Shawinigan → ['8129938']
  [3649] Fort Erie → ['8129937']
  [3650] Calgary → ['8129944']
  [3651] Prince George → ['8129945']
  [3652] Richmond → ['8129945']
  [3653] Uxbridge → ['8129937']
  [3654] Mississauga → ['8129937']
  [3655] Rivière-du-Loup → ['8129938']
  [3656] Montréal-Nord → ['8129938']
  [3657] Leduc → ['8129944']
  [3658] Brooks → ['8129944']
  [3659] Moncton → ['8129939']
  [3660] Flin Flon → ['8129943']
  [3661] Fort St John → ['8129945']
  [3737] Atholville → ['8129939']
  [3738] New Minas → ['8129940']
  [3739] Victoriaville → ['8129938']
  [3740] Rexdale → ['8129937']
  [4002] Penguin PickUp - Eastern Ave → ['8129937']
  [4006] Penguin PickUp - Cabbagetown → ['8129937']
  [4007] Penguin PickUp - Queens Quay → ['8129937']
  [4008] Penguin PickUp - Eglinton East → ['8129937']
  [4011] Penguin PickUp - Queen West → ['8129937']
  [4012] Penguin PickUp - Fashion District → ['8129937']
  [4013] Penguin PickUp - Church & Wellesley → ['8129937']
  [4014] Penguin PickUp - Peter St → ['8129937']
  [4016] Penguin PickUp - Mont Royal → ['8129938']
  [4017] Penguin PickUp - Peter St → no new flyers
  [4018] Penguin PickUp - Queen St & University Ave → ['8129937']
  [4022] Penguin PickUp - West Broadway → ['8129945']
  [4107] Penguin PickUp - Crossroads → ['8129937']
  [5708] Okotoks → ['8129944']
  [5726] Calgary → ['8129944']
  [5742] Bolton → ['8129937']
  [5743] Huntsville → ['8129937']
  [5752] Simcoe → ['8129937']
  [5753] Fort Saskatchewan → ['8129944']
  [5776] Dawson Creek → ['8129945']
  [5777] New Westminster → ['8129945']
  [5778] Aurora → ['8129937']
  [5789] Amherst → ['8129940']
  [5790] Weyburn → ['8129944']
  [5795] Alma → ['8129938']
  [5806] Fort Frances → ['8129937']
  [5811] Smiths Falls → ['8129937']
  [5831] Thornhill (Supercentre) → ['8129937']
  [5832] Thetford Mines → ['8129938']
  [5833] Miramichi → ['8129939']
  [5834] Terrace → ['8129945']
  [5838] Surrey → ['8129945']
  [5839] Cowansville → ['8129938']
  [5853] Surrey → ['8129945']
  [5854] Kenora → ['8129937']
  [5878] Saskatoon South → ['8129944']
  [8123] Penguin PickUp - SSC → no new flyers
  [9051] Wal-Mart Innovation Centre #9051 → no new flyers

  415 new publication entries across 421 stores
  10 unique new publication(s) to download
  Appended 415 rows to data/walmart/store_flyers.parquet
New publication entries added to store_flyers.parquet: 415
Unique new publications to download: 10

Phase 2: fetching products for each new publication…

  [8129937] Grocery Flyer  (2026-09-17T00:00:00-04:00 → 2026-09-23T23:59:59-04:00)
    501 products
  [8129940] Grocery Flyer  (2026-09-17T00:00:00-04:00 → 2026-09-23T23:59:59-04:00)
    500 products
  [8129944] Grocery Flyer  (2026-09-17T02:00:00-04:00 → 2026-09-23T23:59:59-04:00)
    499 products
  [8129945] Grocery Flyer  (2026-09-17T03:00:00-04:00 → 2026-09-23T23:59:59-04:00)
    499 products
  [8129939] Grocery Flyer  (2026-09-17T00:00:00-04:00 → 2026-09-23T23:59:59-04:00)
    499 products
  [8129938] Grocery Flyer  (2026-09-17T00:00:00-04:00 → 2026-09-23T23:59:59-04:00)
    466 products
  [8129943] Grocery Flyer  (2026-09-17T01:00:00-04:00 → 2026-09-23T23:59:59-04:00)
    498 products
  [8129942] Grocery Flyer  (2026-09-17T00:00:00-04:00 → 2026-09-23T23:59:59-04:00)
    501 products
  [8129949] Grocery Flyer  (2026-09-17T03:00:00-04:00 → 2026-09-23T23:59:59-04:00)
    508 products
  [8129941] Grocery Flyer  (2026-09-17T00:00:00-04:00 → 2026-09-23T23:59:59-04:00)
    499 products

── Phase 2 results ──────────────────────────────────────────────────
  Downloaded : 10
  Skipped    : 0  (file already existed)
  Errors     : 0

Run completed: 2026-09-17 17:47:42 UTC
Elapsed      : 0m 50s


Done.  Verbose log → logs/walmart/2026-09-17_verbose.log
       Summary log → logs/walmart/2026-09-17_summary.log

