=== Walmart Flyer Fetch — 2026-06-11 ===
Run started : 2026-06-11 14:33:50 UTC

Loaded 421 stores from data/walmart/stores.parquet

Stores loaded: 421
Loaded store_flyers.parquet (5094 publication entries)

Phase 1: fetching publications per store…

  [1000] Milton → ['7970301']
  [1001] Bowmanville → ['7970301']
  [1003] Bridgewater → ['7979112']
  [1004] Toronto → ['7970301']
  [1007] Kitchener West → ['7970301']
  [1008] Drayton Valley → ['7979117']
  [1009] Whitecourt → ['7970309']
  [1011] Trail → ['7970310']
  [1012] Keswick → ['7970301']
  [1013] Grand Falls → ['7970303']
  [1014] Antigonish → ['7970304']
  [1015] Squamish → ['7970310']
  [1016] Yarmouth → ['7979112']
  [1017] Digby → ['7979112']
  [1018] Port Alberni → ['7970310']
  [1019] Lac-Mégantic → ['7979110']
  [1020] Sainte-Agathe-des-Monts → ['7979110']
  [1022] Winkler → ['7970307']
  [1023] Parry Sound → ['7970301']
  [1025] Matane → ['7970302']
  [1026] Marystown → ['7979114']
  [1027] Selkirk → ['7970307']
  [1028] Drumheller → ['7970309']
  [1029] Stouffville → ['7979109']
  [1030] Slave Lake → ['7979117']
  [1031] Ottawa Supercentre → ['7970301']
  [1032] Laval Est → ['7970302']
  [1033] Edmundston → ['7979111']
  [1034] Stettler → ['7970309']
  [1035] Labrador City → ['7979114']
  [1036] Merritt → ['7979118']
  [1038] Strathroy → ['7970301']
  [1039] Collingwood → ['7970301']
  [1040] Saint-Georges-de-Beauce → ['7970302']
  [1041] Napanee → ['7970301']
  [1042] Hamilton → ['7970301']
  [1043] Woodstock → ['7979111']
  [1045] Saint-Romuald → ['7979110']
  [1046] Taber → ['7979117']
  [1047] Kemptville → ['7970301']
  [1048] Edson → ['7970309']
  [1049] Strathmore → ['7970309']
  [1050] Airdrie → ['7970309']
  [1052] Sussex → ['7970303']
  [1054] Bracebridge → ['7970301']
  [1056] Oshawa → ['7979109']
  [1057] Vaudreuil-Dorion → ['7970302']
  [1059] Port Elgin → ['7970301']
  [1060] Rockland → ['7970301']
  [1061] SSC → ['7970301']
  [1062] Wainwright (Supercentre) → ['7970309']
  [1064] Wallaceburg → ['7970301']
  [1065] Kindersley → ['7979116']
  [1067] Fredericton → ['7970303']
  [1068] Peace River → ['7979117']
  [1069] Port Perry → ['7970301']
  [1070] Pincher Creek → ['7970309']
  [1071] Vegreville → ['7970309']
  [1072] Amherstburg → ['7970301']
  [1075] Carleton Place → ['7970301']
  [1076] Magog → ['7970302']
  [1077] Campbell River → ['7970310']
  [1078] Lethbridge → ['7979117']
  [1079] Brampton - West (Supercentre) → ['7970301']
  [1080] Scarborough → ['7970301']
  [1081] Woodbridge → ['7970301']
  [1083] Alliston → ['7970301']
  [1084] Olds → ['7970309']
  [1085] Lachenaie → ['7970302']
  [1086] Gatineau → ['7970302']
  [1087] Wasaga Beach → ['7970301']
  [1089] Calgary → ['7970309']
  [1093] Westbank → ['7979118']
  [1094] Edmonton SW → ['7970309']
  [1095] Vaughan → ['7970301']
  [1097] Calgary(Sage Hill) → ['7979117']
  [1100] Salmon Arm → ['7970310']
  [1101] Bradford → ['7970301']
  [1102] Sylvan Lake → ['7970309']
  [1104] West Broadway → ['7970310']
  [1105] Sudbury South → ['7970301']
  [1106] Williams Lake (Supercentre) → ['7970310']
  [1107] Waterdown → ['7970301']
  [1109] Markham → ['7979109']
  [1110] Ottawa-SW (Supercentre) → ['7970301']
  [1111] Kitchener (Waterloo) → ['7970301']
  [1112] Port Coquitlam → ['7970310']
  [1113] Abbotsford West → ['7970310']
  [1115] Maple (Vaughan) → ['7970301']
  [1116] Richmond Hill → ['7970301']
  [1117] Scarborough → ['7970301']
  [1118] Kanata → ['7970301']
  [1119] LOUGHEED HWY. & WREN STRET → ['7970310']
  [1120] Brampton Northeast → ['7970301']
  [1121] Hamilton → ['7970301']
  [1122] Edmonton → ['7979117']
  [1123] Sherwood Park → ['7970309']
  [1125] Stratford → ['7970301']
  [1126] Penguin PickUp - Mississauga East → ['7970301']
  [1127] Port Credit → ['7970301']
  [1130] Fergus → ['7970301']
  [1132] Chateauguay → ['7970302']
  [1135] Cochrane → ['7970309']
  [1136] Calgary (East Hills) → ['7979117']
  [1138] Tamarack Southeast → ['7970309']
  [1139] Toronto Downsview → ['7970301']
  [1140] Montreal (Dorval) → ['7970302']
  [1141] Steinbach → ['7970307']
  [1143] Prince Rupert → ['7979118']
  [1145] Edmonton (South Park) → ['7970309']
  [1146] Edmonton (Northgate) → ['7979117']
  [1149] Edmonton (Meadowlark) → ['7970309']
  [1150] Toronto (Gerrard Square) → ['7970301']
  [1151] Toronto (Sheridan) → ['7970301']
  [1156] Waterloo (C) → ['7970301']
  [1157] London (Northland) → ['7970301']
  [1158] Ottawa (Gloucester) → ['7970301']
  [1159] Hawkesbury → ['7970301']
  [1160] Listowel → ['7970301']
  [1161] Newmarket → ['7979109']
  [1162] Peterborough (S) → ['7970301']
  [1164] St Catharines (Centre) → ['7970301']
  [1165] Thunder Bay (S) → ['7970301']
  [1166] Thunder Bay (N) → ['7970301']
  [1167] Longueuil (S) → ['7970302']
  [1168] Montreal (Hochelaga) → ['7970302']
  [1169] Pointe-aux-Trembles → ['7970302']
  [1170] Montreal (Cote Des Neiges) → ['7970302']
  [1172] Sherbrooke (E) (Fleurimont) → ['7970302']
  [1173] La Pocatiere → ['7970302']
  [1174] Sorel-Tracy → ['7970302']
  [1175] Saint John (W) → ['7970303']
  [1176] Dartmouth → ['7979112']
  [1177] Greenwood → ['7979112']
  [1178] North Sydney → ['7970304']
  [1181] Tsawwassen → ['7970310']
  [1182] Kingsway Mall Supercentre → ['7979117']
  [1183] Place Viau → ['7970302']
  [1185] Blainville → ['7970302']
  [1186] Winnipeg (Grant Park) → ['7970307']
  [1187] Edmonton (Ellerslie) → ['7970309']
  [1188] Brampton South → ['7970301']
  [1189] Ville Saint-Laurent → ['7970302']
  [1190] Hull (Supercentre) → ['7970302']
  [1192] New Westminster → ['7970310']
  [1199] Guelph (South) → ['7970301']
  [1200] Ottawa Central Supercentre → ['7970301']
  [1201] Québec City → ['7970302']
  [1202] Pointe Claire → ['7970302']
  [1203] Candiac → ['7970302']
  [1204] Southdale Centre → ['7970307']
  [1205] Surrey → ['7979118']
  [1206] Maple Ridge → ['7970310']
  [1207] Delta → ['7979118']
  [1208] Coquitlam → ['7970310']
  [1211] Erin Mills Town Centre → ['7970301']
  [1212] Laurier → ['7970302']
  [1213] Metrotown, BC → ['7970310']
  [1214] Victoria Hillside Mall → ['7970310']
  [1400] TC Signing Warehouse → no new flyers
  [3000] Agincourt → ['7970301']
  [3001] Ajax → ['7979109']
  [3002] Baie-Comeau → ['7970302']
  [3003] Bathurst → ['7970303']
  [3004] Brandon → ['7970307']
  [3005] Brantford → ['7970301']
  [3006] Brockville → ['7970301']
  [3007] Brossard → ['7970302']
  [3008] Burnaby (Lougheed Mall) → ['7970310']
  [3009] Calgary → ['7970309']
  [3010] Calgary → ['7970309']
  [3011] Calgary → ['7979117']
  [3012] Calgary → ['7979117']
  [3013] Calgary → ['7979117']
  [3014] Cap-de-la-Madeleine → ['7970302']
  [3015] Carbonear → ['7970306']
  [3016] Chatham → ['7970301']
  [3017] Chicoutimi → ['7979110']
  [3018] Clarenville → ['7979114']
  [3019] Abbotsford → ['7970310']
  [3020] Cornwall → ['7970301']
  [3021] Dartmouth → ['7979112']
  [3022] Dauphin → ['7970307']
  [3023] Drummondville → ['7979110']
  [3024] Dryden Highway → ['7970301']
  [3025] Duncan → ['7970310']
  [3026] Edmonton (Supercentre) → ['7970309']
  [3027] Edmonton West → ['7979117']
  [3028] Edmonton → ['7979117']
  [3029] Edmonton (S.Common) → ['7970309']
  [3030] Estevan Supercentre → ['7970308']
  [3031] Etobicoke → ['7970301']
  [3032] Fredericton → ['7970303']
  [3033] Gander → ['7970306']
  [3034] Georgetown → ['7970301']
  [3035] Granby → ['7979110']
  [3036] Grand Falls (Windsor) → ['7970306']
  [3037] Hamilton → ['7970301']
  [3038] Hinton → ['7979117']
  [3039] Joliette (Supercentre) → ['7970302']
  [3040] Kamloops → ['7979118']
  [3041] Kapuskasing → ['7970301']
  [3042] Kelowna → ['7970310']
  [3043] Kingston → ['7970301']
  [3044] Kirkland → ['7970302']
  [3045] Kitchener → ['7970301']
  [3046] LaSalle → ['7970302']
  [3047] Laval → ['7970302']
  [3048] Lethbridge South → ['7979117']
  [3049] London → ['7970301']
  [3050] London North → ['7970301']
  [3051] Whiteoaks (London) → ['7970301']
  [3052] Longueuil → ['7970302']
  [3053] Markham → ['7979109']
  [3054] Mississauga (Meadowvale) → ['7970301']
  [3055] Mississauga (Square One) → ['7970301']
  [3056] Dieppe → ['7970303']
  [3057] North Vancouver → ['7970310']
  [3058] North Battleford → ['7970308']
  [3059] Nanaimo → ['7970310']
  [3060] Nelson → ['7970310']
  [3061] New Glasgow → ['7970304']
  [3062] Newmarket → ['7979109']
  [3063] North Bay → ['7970301']
  [3064] Oakville → ['7970301']
  [3065] Orleans → ['7970301']
  [3066] Ottawa West (Supercentre) → ['7970301']
  [3067] Owen Sound → ['7970301']
  [3068] Port Hawkesbury → ['7970304']
  [3069] Portage La Prairie → ['7970307']
  [3070] Penticton → ['7979118']
  [3071] Peterborough (Supercentre) → ['7970301']
  [3072] Powell River → ['7979118']
  [3073] Prince Albert → ['7970308']
  [3074] Québec → ['7970302']
  [3075] Red Deer → ['7970309']
  [3076] Regina (North) → ['7970308']
  [3077] Regina South → ['7970308']
  [3078] Renfrew → ['7970301']
  [3079] Repentigny → ['7970302']
  [3080] Rosemère → ['7970302']
  [3081] Bedford-Sackville → ['7979112']
  [3082] Sarnia → ['7970301']
  [3083] Saskatoon West → ['7970308']
  [3084] Saskatoon North Supercentre → ['7970308']
  [3085] Sept-Îles → ['7970302']
  [3086] Sherbrooke → ['7970302']
  [3087] St. Albert → ['7979117']
  [3088] St. Catharines → ['7970301']
  [3089] Saint-Eustache → ['7970302']
  [3090] Saint-Jean-sur-Richelieu → ['7970302']
  [3091] Saint John → ['7970303']
  [3092] St. John's → ['7970306']
  [3093] Mount Pearl → ['7970306']
  [3094] Saint-Léonard → ['7970302']
  [3095] Stephenville → ['7970306']
  [3096] Stoney Creek → ['7970301']
  [3097] Sudbury → ['7970301']
  [3098] Surrey → ['7979118']
  [3099] Swift Current → ['7970308']
  [3100] Sydney → ['7970304']
  [3101] Sydney → ['7970304']
  [3102] Thompson → ['7970307']
  [3103] Tillsonburg → ['7970301']
  [3104] Timmins → ['7970301']
  [3105] North York → ['7970301']
  [3106] Toronto → ['7970301']
  [3107] Winnipeg (Transcona) → ['7970307']
  [3108] Trois-Rivières → ['7979110']
  [3109] Victoria → ['7970310']
  [3110] Welland → ['7970301']
  [3111] Scarborough East → ['7970301']
  [3112] Wetaskiwin → ['7979117']
  [3113] Whitby → ['7979109']
  [3114] Windsor → ['7970301']
  [3115] Windsor East → ['7970301']
  [3116] Winnipeg → ['7970307']
  [3117] Winnipeg (W) → ['7970307']
  [3118] Winnipeg → ['7970307']
  [3119] Winnipeg → ['7970307']
  [3120] Woodstock → ['7970301']
  [3121] Yellowknife → no new flyers
  [3122] Belleville Suprecentre → ['7970301']
  [3123] Barrie → ['7970301']
  [3124] Thunder Bay → ['7970301']
  [3125] Gatineau → ['7970302']
  [3126] Goderich R. R. → ['7970301']
  [3127] Ancaster → ['7970301']
  [3128] New Liskeard → ['7970301']
  [3129] Hanover → ['7970301']
  [3130] Brampton North → ['7970301']
  [3131] Ottawa → ['7970301']
  [3132] Lachute → ['7970302']
  [3133] Cobourg → ['7970301']
  [3134] Kanata → ['7970301']
  [3135] Brampton East → ['7970301']
  [3136] Rouyn-Noranda → ['7970302']
  [3137] Saint-Hyacinthe → ['7970302']
  [3138] Bayer's Lake → ['7979112']
  [3139] Val-d'Or → ['7970302']
  [3140] Saint-Bruno-de-Montarville → ['7970302']
  [3141] Burlington → ['7970301']
  [3142] Orangeville → ['7970301']
  [3143] Hull → ['7970302']
  [3144] Guelph → ['7970301']
  [3146] Sainte-Foy → ['7970302']
  [3147] Grande Prairie → ['7979117']
  [3148] Lévis → ['7979110']
  [3149] Mascouche → ['7979110']
  [3150] Medicine Hat → ['7970309']
  [3151] Shawnessy → ['7970309']
  [3152] Cambridge → ['7970301']
  [3153] Orillia → ['7970301']
  [3154] Sherwood Park → ['7970309']
  [3155] Sault Ste Marie → ['7970301']
  [3156] Waterloo → ['7970301']
  [3157] Fort McMurray → ['7970309']
  [3158] Langley → ['7979118']
  [3159] Cabbagetown → ['7970301']
  [3160] Niagara Falls → ['7970301']
  [3161] Oshawa → ['7979109']
  [3162] Charlottetown → ['7970305']
  [3163] Courtenay → ['7970310']
  [3164] Leamington → ['7970301']
  [3165] Mont Royal → ['7970302']
  [3166] Barrie → ['7970301']
  [3167] Chilliwack → ['7970310']
  [3168] Lloydminster → ['7970309']
  [3169] Vernon → ['7970310']
  [3170] Burlington → ['7970301']
  [3171] Pembroke → ['7970301']
  [3172] St. Catharines → ['7970301']
  [3173] Moose Jaw → ['7970308']
  [3174] Vaughan → ['7970301']
  [3176] Yorkton → ['7970308']
  [3177] Winnipeg (SW) → ['7970307']
  [3178] Trenton → ['7970301']
  [3179] Regina East Supercentre → ['7970308']
  [3180] Montreal Marche Central → ['7970302']
  [3181] Camrose → ['7970309']
  [3183] Cranbrook → ['7970310']
  [3184] Truro → ['7970304']
  [3185] Corner Brook → ['7979114']
  [3186] Pickering → ['7979109']
  [3188] Langford → ['7970310']
  [3189] Laval Ste-Dorothée → ['7970302']
  [3190] Saint-Jérôme → ['7970302']
  [3191] Whitehorse → no new flyers
  [3194] Red Deer → ['7970309']
  [3195] Richmond Hill → ['7970301']
  [3196] St. John's → ['7979114']
  [3197] St. Thomas → ['7970301']
  [3198] Rimouski → ['7970302']
  [3199] Quesnel → ['7970310']
  [3200] Oakville → ['7970301']
  [3635] Scarborough → ['7970301']
  [3636] Halifax → ['7979112']
  [3637] Spruce Grove → ['7970309']
  [3638] Barrhaven → ['7970301']
  [3639] Salaberry-de-Valleyfield → ['7970302']
  [3640] Cold Lake → ['7979117']
  [3642] Saint-Constant → ['7970302']
  [3644] Summerside → ['7979113']
  [3645] Midland → ['7970301']
  [3646] Beauport → ['7970302']
  [3647] Shawinigan → ['7970302']
  [3649] Fort Erie → ['7970301']
  [3650] Calgary → ['7970309']
  [3651] Prince George → ['7970310']
  [3652] Richmond → ['7970310']
  [3653] Uxbridge → ['7979109']
  [3654] Mississauga → ['7970301']
  [3655] Rivière-du-Loup → ['7970302']
  [3656] Montréal-Nord → ['7970302']
  [3657] Leduc → ['7970309']
  [3658] Brooks → ['7979117']
  [3659] Moncton → ['7970303']
  [3660] Flin Flon → ['7970307']
  [3661] Fort St John → ['7970310']
  [3737] Atholville → ['7970303']
  [3738] New Minas → ['7979112']
  [3739] Victoriaville → ['7979110']
  [3740] Rexdale → ['7970301']
  [4002] Penguin PickUp - Eastern Ave → ['7970301']
  [4006] Penguin PickUp - Cabbagetown → ['7970301']
  [4007] Penguin PickUp - Queens Quay → ['7970301']
  [4008] Penguin PickUp - Eglinton East → ['7970301']
  [4011] Penguin PickUp - Queen West → ['7970301']
  [4012] Penguin PickUp - Fashion District → ['7970301']
  [4013] Penguin PickUp - Church & Wellesley → ['7970301']
  [4014] Penguin PickUp - Peter St → ['7970301']
  [4016] Penguin PickUp - Mont Royal → ['7970302']
  [4017] Penguin PickUp - Peter St → no new flyers
  [4018] Penguin PickUp - Queen St & University Ave → ['7970301']
  [4022] Penguin PickUp - West Broadway → ['7970310']
  [4107] Penguin PickUp - Crossroads → ['7970301']
  [5708] Okotoks → ['7970309']
  [5726] Calgary → ['7979117']
  [5742] Bolton → ['7970301']
  [5743] Huntsville → ['7970301']
  [5752] Simcoe → ['7970301']
  [5753] Fort Saskatchewan → ['7970309']
  [5776] Dawson Creek → ['7970310']
  [5777] New Westminster → ['7970310']
  [5778] Aurora → ['7979109']
  [5789] Amherst → ['7970304']
  [5790] Weyburn → ['7970308']
  [5795] Alma → ['7970302']
  [5806] Fort Frances → ['7970301']
  [5811] Smiths Falls → ['7970301']
  [5831] Thornhill (Supercentre) → ['7970301']
  [5832] Thetford Mines → ['7970302']
  [5833] Miramichi → ['7979111']
  [5834] Terrace → ['7970310']
  [5838] Surrey → ['7970310']
  [5839] Cowansville → ['7970302']
  [5853] Surrey → ['7979118']
  [5854] Kenora → ['7970301']
  [5878] Saskatoon South → ['7970308']
  [8123] Penguin PickUp - SSC → no new flyers
  [9051] Wal-Mart Innovation Centre #9051 → no new flyers

  415 new publication entries across 421 stores
  19 unique new publication(s) to download
  Appended 415 rows to data/walmart/store_flyers.parquet
New publication entries added to store_flyers.parquet: 415
Unique new publications to download: 19

Phase 2: fetching products for each new publication…

  [7970301] Grocery Flyer  (2026-06-11T00:00:00-04:00 → 2026-06-17T23:59:59-04:00)
    561 products
  [7979112] Grocery Flyer  (2026-06-11T00:00:00-04:00 → 2026-06-17T23:59:59-04:00)
    577 products
  [7979117] Grocery Flyer  (2026-06-11T02:00:00-04:00 → 2026-06-17T23:59:59-04:00)
    573 products
  [7970309] Grocery Flyer  (2026-06-11T02:00:00-04:00 → 2026-06-17T23:59:59-04:00)
    573 products
  [7970310] Grocery Flyer  (2026-06-11T03:00:00-04:00 → 2026-06-17T23:59:59-04:00)
    589 products
  [7970303] Grocery Flyer  (2026-06-11T00:00:00-04:00 → 2026-06-17T23:59:59-04:00)
    588 products
  [7970304] Grocery Flyer  (2026-06-11T00:00:00-04:00 → 2026-06-17T23:59:59-04:00)
    578 products
  [7979110] Grocery Flyer  (2026-06-11T00:00:00-04:00 → 2026-06-17T23:59:59-04:00)
    554 products
  [7970307] Grocery Flyer  (2026-06-11T01:00:00-04:00 → 2026-06-17T23:59:59-04:00)
    586 products
  [7970302] Grocery Flyer  (2026-06-11T00:00:00-04:00 → 2026-06-17T23:59:59-04:00)
    554 products
  [7979114] Grocery Flyer  (2026-06-11T00:00:00-04:00 → 2026-06-17T23:59:59-04:00)
    572 products
  [7979109] Grocery Flyer  (2026-06-11T00:00:00-04:00 → 2026-06-17T23:59:59-04:00)
    561 products
  [7979111] Grocery Flyer  (2026-06-11T00:00:00-04:00 → 2026-06-17T23:59:59-04:00)
    587 products
  [7979118] Grocery Flyer  (2026-06-11T03:00:00-04:00 → 2026-06-17T23:59:59-04:00)
    589 products
  [7979116] Grocery Flyer  (2026-06-11T02:00:00-04:00 → 2026-06-17T23:59:59-04:00)
    562 products
  [7970306] Grocery Flyer  (2026-06-11T00:00:00-04:00 → 2026-06-17T23:59:59-04:00)
    573 products
  [7970308] Grocery Flyer  (2026-06-11T02:00:00-04:00 → 2026-06-17T23:59:59-04:00)
    562 products
  [7970305] Grocery Flyer  (2026-06-11T00:00:00-04:00 → 2026-06-17T23:59:59-04:00)
    575 products
  [7979113] Grocery Flyer  (2026-06-11T00:00:00-04:00 → 2026-06-17T23:59:59-04:00)
    574 products

── Phase 2 results ──────────────────────────────────────────────────
  Downloaded : 19
  Skipped    : 0  (file already existed)
  Errors     : 0

Run completed: 2026-06-11 14:35:24 UTC
Elapsed      : 1m 33s


Done.  Verbose log → logs/walmart/2026-06-11_verbose.log
       Summary log → logs/walmart/2026-06-11_summary.log

