=== Walmart Flyer Fetch — 2026-04-11 ===
Run started : 2026-04-11 21:51:17 UTC

Loaded 421 stores from data/walmart/stores.json

Stores loaded: 421
Loaded existing store_flyers.json (415 publication entries)

Phase 1: fetching publications per store…

  [1000] Milton → ['7869876']
  [1001] Bowmanville → ['7869876']
  [1003] Bridgewater → ['7874408']
  [1004] Toronto → ['7869876']
  [1007] Kitchener West → ['7869876']
  [1008] Drayton Valley → ['7874413']
  [1009] Whitecourt → ['7869884']
  [1011] Trail → ['7869885']
  [1012] Keswick → ['7869876']
  [1013] Grand Falls → ['7869878']
  [1014] Antigonish → ['7869879']
  [1015] Squamish → ['7869885']
  [1016] Yarmouth → ['7874408']
  [1017] Digby → ['7874408']
  [1018] Port Alberni → ['7869885']
  [1019] Lac-Mégantic → ['7874406']
  [1020] Sainte-Agathe-des-Monts → ['7874406']
  [1022] Winkler → ['7869882']
  [1023] Parry Sound → ['7869876']
  [1025] Matane → ['7869877']
  [1026] Marystown → ['7874410']
  [1027] Selkirk → ['7869882']
  [1028] Drumheller → ['7869884']
  [1029] Stouffville → ['7874405']
  [1030] Slave Lake → ['7874413']
  [1031] Ottawa Supercentre → ['7869876']
  [1032] Laval Est → ['7869877']
  [1033] Edmundston → ['7874407']
  [1034] Stettler → ['7869884']
  [1035] Labrador City → ['7874410']
  [1036] Merritt → ['7874414']
  [1038] Strathroy → ['7869876']
  [1039] Collingwood → ['7869876']
  [1040] Saint-Georges-de-Beauce → ['7869877']
  [1041] Napanee → ['7869876']
  [1042] Hamilton → ['7869876']
  [1043] Woodstock → ['7874407']
  [1045] Saint-Romuald → ['7874406']
  [1046] Taber → ['7874413']
  [1047] Kemptville → ['7869876']
  [1048] Edson → ['7869884']
  [1049] Strathmore → ['7869884']
  [1050] Airdrie → ['7869884']
  [1052] Sussex → ['7869878']
  [1054] Bracebridge → ['7869876']
  [1056] Oshawa → ['7874405']
  [1057] Vaudreuil-Dorion → ['7869877']
  [1059] Port Elgin → ['7869876']
  [1060] Rockland → ['7869876']
  [1061] SSC → ['7869876']
  [1062] Wainwright (Supercentre) → ['7869884']
  [1064] Wallaceburg → ['7869876']
  [1065] Kindersley → ['7874412']
  [1067] Fredericton → ['7869878']
  [1068] Peace River → ['7874413']
  [1069] Port Perry → ['7869876']
  [1070] Pincher Creek → ['7869884']
  [1071] Vegreville → ['7869884']
  [1072] Amherstburg → ['7869876']
  [1075] Carleton Place → ['7869876']
  [1076] Magog → ['7869877']
  [1077] Campbell River → ['7869885']
  [1078] Lethbridge → ['7874413']
  [1079] Brampton - West (Supercentre) → ['7869876']
  [1080] Scarborough → ['7869876']
  [1081] Woodbridge → ['7869876']
  [1083] Alliston → ['7869876']
  [1084] Olds → ['7869884']
  [1085] Lachenaie → ['7869877']
  [1086] Gatineau → ['7869877']
  [1087] Wasaga Beach → ['7869876']
  [1089] Calgary → ['7869884']
  [1093] Westbank → ['7874414']
  [1094] Edmonton SW → ['7869884']
  [1095] Vaughan → ['7869876']
  [1097] Calgary(Sage Hill) → ['7874413']
  [1100] Salmon Arm → ['7869885']
  [1101] Bradford → ['7869876']
  [1102] Sylvan Lake → ['7869884']
  [1104] West Broadway → ['7869885']
  [1105] Sudbury South → ['7869876']
  [1106] Williams Lake (Supercentre) → ['7869885']
  [1107] Waterdown → ['7869876']
  [1109] Markham → ['7874405']
  [1110] Ottawa-SW (Supercentre) → ['7869876']
  [1111] Kitchener (Waterloo) → ['7869876']
  [1112] Port Coquitlam → ['7869885']
  [1113] Abbotsford West → ['7869885']
  [1115] Maple (Vaughan) → ['7869876']
  [1116] Richmond Hill → ['7869876']
  [1117] Scarborough → ['7869876']
  [1118] Kanata → ['7869876']
  [1119] LOUGHEED HWY. & WREN STRET → ['7869885']
  [1120] Brampton Northeast → ['7869876']
  [1121] Hamilton → ['7869876']
  [1122] Edmonton → ['7874413']
  [1123] Sherwood Park → ['7869884']
  [1125] Stratford → ['7869876']
  [1126] Penguin PickUp - Mississauga East → ['7869876']
  [1127] Port Credit → ['7869876']
  [1130] Fergus → ['7869876']
  [1132] Chateauguay → ['7869877']
  [1135] Cochrane → ['7869884']
  [1136] Calgary (East Hills) → ['7874413']
  [1138] Tamarack Southeast → ['7869884']
  [1139] Toronto Downsview → ['7869876']
  [1140] Montreal (Dorval) → ['7869877']
  [1141] Steinbach → ['7869882']
  [1143] Prince Rupert → ['7874414']
  [1145] Edmonton (South Park) → ['7869884']
  [1146] Edmonton (Northgate) → ['7874413']
  [1149] Edmonton (Meadowlark) → ['7869884']
  [1150] Toronto (Gerrard Square) → ['7869876']
  [1151] Toronto (Sheridan) → ['7869876']
  [1156] Waterloo (C) → ['7869876']
  [1157] London (Northland) → ['7869876']
  [1158] Ottawa (Gloucester) → ['7869876']
  [1159] Hawkesbury → ['7869876']
  [1160] Listowel → ['7869876']
  [1161] Newmarket → ['7874405']
  [1162] Peterborough (S) → ['7869876']
  [1164] St Catharines (Centre) → ['7869876']
  [1165] Thunder Bay (S) → ['7869876']
  [1166] Thunder Bay (N) → ['7869876']
  [1167] Longueuil (S) → ['7869877']
  [1168] Montreal (Hochelaga) → ['7869877']
  [1169] Pointe-aux-Trembles → ['7869877']
  [1170] Montreal (Cote Des Neiges) → ['7869877']
  [1172] Sherbrooke (E) (Fleurimont) → ['7869877']
  [1173] La Pocatiere → ['7869877']
  [1174] Sorel-Tracy → ['7869877']
  [1175] Saint John (W) → ['7869878']
  [1176] Dartmouth → ['7874408']
  [1177] Greenwood → ['7874408']
  [1178] North Sydney → ['7869879']
  [1181] Tsawwassen → ['7869885']
  [1182] Kingsway Mall Supercentre → ['7874413']
  [1183] Place Viau → ['7869877']
  [1185] Blainville → ['7869877']
  [1186] Winnipeg (Grant Park) → ['7869882']
  [1187] Edmonton (Ellerslie) → ['7869884']
  [1188] Brampton South → ['7869876']
  [1189] Ville Saint-Laurent → ['7869877']
  [1190] Hull (Supercentre) → ['7869877']
  [1192] New Westminster → ['7869885']
  [1199] Guelph (South) → ['7869876']
  [1200] Ottawa Central Supercentre → ['7869876']
  [1201] Québec City → ['7869877']
  [1202] Pointe Claire → ['7869877']
  [1203] Candiac → ['7869877']
  [1204] Southdale Centre → ['7869882']
  [1205] Surrey → ['7874414']
  [1206] Maple Ridge → ['7869885']
  [1207] Delta → ['7874414']
  [1208] Coquitlam → ['7869885']
  [1211] Erin Mills Town Centre → ['7869876']
  [1212] Laurier → ['7869877']
  [1213] Metrotown, BC → ['7869885']
  [1214] Victoria Hillside Mall → ['7869885']
  [1400] TC Signing Warehouse → no new flyers
  [3000] Agincourt → ['7869876']
  [3001] Ajax → ['7874405']
  [3002] Baie-Comeau → ['7869877']
  [3003] Bathurst → ['7869878']
  [3004] Brandon → ['7869882']
  [3005] Brantford → ['7869876']
  [3006] Brockville → ['7869876']
  [3007] Brossard → ['7869877']
  [3008] Burnaby (Lougheed Mall) → ['7869885']
  [3009] Calgary → ['7869884']
  [3010] Calgary → ['7869884']
  [3011] Calgary → ['7874413']
  [3012] Calgary → ['7874413']
  [3013] Calgary → ['7874413']
  [3014] Cap-de-la-Madeleine → ['7869877']
  [3015] Carbonear → ['7869881']
  [3016] Chatham → ['7869876']
  [3017] Chicoutimi → ['7874406']
  [3018] Clarenville → ['7874410']
  [3019] Abbotsford → ['7869885']
  [3020] Cornwall → ['7869876']
  [3021] Dartmouth → ['7874408']
  [3022] Dauphin → ['7869882']
  [3023] Drummondville → ['7874406']
  [3024] Dryden Highway → ['7869876']
  [3025] Duncan → ['7869885']
  [3026] Edmonton (Supercentre) → ['7869884']
  [3027] Edmonton West → ['7874413']
  [3028] Edmonton → ['7874413']
  [3029] Edmonton (S.Common) → ['7869884']
  [3030] Estevan Supercentre → ['7869883']
  [3031] Etobicoke → ['7869876']
  [3032] Fredericton → ['7869878']
  [3033] Gander → ['7869881']
  [3034] Georgetown → ['7869876']
  [3035] Granby → ['7874406']
  [3036] Grand Falls (Windsor) → ['7869881']
  [3037] Hamilton → ['7869876']
  [3038] Hinton → ['7874413']
  [3039] Joliette (Supercentre) → ['7869877']
  [3040] Kamloops → ['7874414']
  [3041] Kapuskasing → ['7869876']
  [3042] Kelowna → ['7869885']
  [3043] Kingston → ['7869876']
  [3044] Kirkland → ['7869877']
  [3045] Kitchener → ['7869876']
  [3046] LaSalle → ['7869877']
  [3047] Laval → ['7869877']
  [3048] Lethbridge South → ['7874413']
  [3049] London → ['7869876']
  [3050] London North → ['7869876']
  [3051] Whiteoaks (London) → ['7869876']
  [3052] Longueuil → ['7869877']
  [3053] Markham → ['7874405']
  [3054] Mississauga (Meadowvale) → ['7869876']
  [3055] Mississauga (Square One) → ['7869876']
  [3056] Dieppe → ['7869878']
  [3057] North Vancouver → ['7869885']
  [3058] North Battleford → ['7869883']
  [3059] Nanaimo → ['7869885']
  [3060] Nelson → ['7869885']
  [3061] New Glasgow → ['7869879']
  [3062] Newmarket → ['7874405']
  [3063] North Bay → ['7869876']
  [3064] Oakville → ['7869876']
  [3065] Orleans → ['7869876']
  [3066] Ottawa West (Supercentre) → ['7869876']
  [3067] Owen Sound → ['7869876']
  [3068] Port Hawkesbury → ['7869879']
  [3069] Portage La Prairie → ['7869882']
  [3070] Penticton → ['7874414']
  [3071] Peterborough (Supercentre) → ['7869876']
  [3072] Powell River → ['7874414']
  [3073] Prince Albert → ['7869883']
  [3074] Québec → ['7869877']
  [3075] Red Deer → ['7869884']
  [3076] Regina (North) → ['7869883']
  [3077] Regina South → ['7869883']
  [3078] Renfrew → ['7869876']
  [3079] Repentigny → ['7869877']
  [3080] Rosemère → ['7869877']
  [3081] Bedford-Sackville → ['7874408']
  [3082] Sarnia → ['7869876']
  [3083] Saskatoon West → ['7869883']
  [3084] Saskatoon North Supercentre → ['7869883']
  [3085] Sept-Îles → ['7869877']
  [3086] Sherbrooke → ['7869877']
  [3087] St. Albert → ['7874413']
  [3088] St. Catharines → ['7869876']
  [3089] Saint-Eustache → ['7869877']
  [3090] Saint-Jean-sur-Richelieu → ['7869877']
  [3091] Saint John → ['7869878']
  [3092] St. John's → ['7869881']
  [3093] Mount Pearl → ['7869881']
  [3094] Saint-Léonard → ['7869877']
  [3095] Stephenville → ['7869881']
  [3096] Stoney Creek → ['7869876']
  [3097] Sudbury → ['7869876']
  [3098] Surrey → ['7874414']
  [3099] Swift Current → ['7869883']
  [3100] Sydney → ['7869879']
  [3101] Sydney → ['7869879']
  [3102] Thompson → ['7869882']
  [3103] Tillsonburg → ['7869876']
  [3104] Timmins → ['7869876']
  [3105] North York → ['7869876']
  [3106] Toronto → ['7869876']
  [3107] Winnipeg (Transcona) → ['7869882']
  [3108] Trois-Rivières → ['7874406']
  [3109] Victoria → ['7869885']
  [3110] Welland → ['7869876']
  [3111] Scarborough East → ['7869876']
  [3112] Wetaskiwin → ['7874413']
  [3113] Whitby → ['7874405']
  [3114] Windsor → ['7869876']
  [3115] Windsor East → ['7869876']
  [3116] Winnipeg → ['7869882']
  [3117] Winnipeg (W) → ['7869882']
  [3118] Winnipeg → ['7869882']
  [3119] Winnipeg → ['7869882']
  [3120] Woodstock → ['7869876']
  [3121] Yellowknife → no new flyers
  [3122] Belleville Suprecentre → ['7869876']
  [3123] Barrie → ['7869876']
  [3124] Thunder Bay → ['7869876']
  [3125] Gatineau → ['7869877']
  [3126] Goderich R. R. → ['7869876']
  [3127] Ancaster → ['7869876']
  [3128] New Liskeard → ['7869876']
  [3129] Hanover → ['7869876']
  [3130] Brampton North → ['7869876']
  [3131] Ottawa → ['7869876']
  [3132] Lachute → ['7869877']
  [3133] Cobourg → ['7869876']
  [3134] Kanata → ['7869876']
  [3135] Brampton East → ['7869876']
  [3136] Rouyn-Noranda → ['7869877']
  [3137] Saint-Hyacinthe → ['7869877']
  [3138] Bayer's Lake → ['7874408']
  [3139] Val-d'Or → ['7869877']
  [3140] Saint-Bruno-de-Montarville → ['7869877']
  [3141] Burlington → ['7869876']
  [3142] Orangeville → ['7869876']
  [3143] Hull → ['7869877']
  [3144] Guelph → ['7869876']
  [3146] Sainte-Foy → ['7869877']
  [3147] Grande Prairie → ['7874413']
  [3148] Lévis → ['7874406']
  [3149] Mascouche → ['7874406']
  [3150] Medicine Hat → ['7869884']
  [3151] Shawnessy → ['7869884']
  [3152] Cambridge → ['7869876']
  [3153] Orillia → ['7869876']
  [3154] Sherwood Park → ['7869884']
  [3155] Sault Ste Marie → ['7869876']
  [3156] Waterloo → ['7869876']
  [3157] Fort McMurray → ['7869884']
  [3158] Langley → ['7874414']
  [3159] Cabbagetown → ['7869876']
  [3160] Niagara Falls → ['7869876']
  [3161] Oshawa → ['7874405']
  [3162] Charlottetown → ['7869880']
  [3163] Courtenay → ['7869885']
  [3164] Leamington → ['7869876']
  [3165] Mont Royal → ['7869877']
  [3166] Barrie → ['7869876']
  [3167] Chilliwack → ['7869885']
  [3168] Lloydminster → ['7869884']
  [3169] Vernon → ['7869885']
  [3170] Burlington → ['7869876']
  [3171] Pembroke → ['7869876']
  [3172] St. Catharines → ['7869876']
  [3173] Moose Jaw → ['7869883']
  [3174] Vaughan → ['7869876']
  [3176] Yorkton → ['7869883']
  [3177] Winnipeg (SW) → ['7869882']
  [3178] Trenton → ['7869876']
  [3179] Regina East Supercentre → ['7869883']
  [3180] Montreal Marche Central → ['7869877']
  [3181] Camrose → ['7869884']
  [3183] Cranbrook → ['7869885']
  [3184] Truro → ['7869879']
  [3185] Corner Brook → ['7874410']
  [3186] Pickering → ['7874405']
  [3188] Langford → ['7869885']
  [3189] Laval Ste-Dorothée → ['7869877']
  [3190] Saint-Jérôme → ['7869877']
  [3191] Whitehorse → no new flyers
  [3194] Red Deer → ['7869884']
  [3195] Richmond Hill → ['7869876']
  [3196] St. John's → ['7874410']
  [3197] St. Thomas → ['7869876']
  [3198] Rimouski → ['7869877']
  [3199] Quesnel → ['7869885']
  [3200] Oakville → ['7869876']
  [3635] Scarborough → ['7869876']
  [3636] Halifax → ['7874408']
  [3637] Spruce Grove → ['7869884']
  [3638] Barrhaven → ['7869876']
  [3639] Salaberry-de-Valleyfield → ['7869877']
  [3640] Cold Lake → ['7874413']
  [3642] Saint-Constant → ['7869877']
  [3644] Summerside → ['7874409']
  [3645] Midland → ['7869876']
  [3646] Beauport → ['7869877']
  [3647] Shawinigan → ['7869877']
  [3649] Fort Erie → ['7869876']
  [3650] Calgary → ['7869884']
  [3651] Prince George → ['7869885']
  [3652] Richmond → ['7869885']
  [3653] Uxbridge → ['7874405']
  [3654] Mississauga → ['7869876']
  [3655] Rivière-du-Loup → ['7869877']
  [3656] Montréal-Nord → ['7869877']
  [3657] Leduc → ['7869884']
  [3658] Brooks → ['7874413']
  [3659] Moncton → ['7869878']
  [3660] Flin Flon → ['7869882']
  [3661] Fort St John → ['7869885']
  [3737] Atholville → ['7869878']
  [3738] New Minas → ['7874408']
  [3739] Victoriaville → ['7874406']
  [3740] Rexdale → ['7869876']
  [4002] Penguin PickUp - Eastern Ave → ['7869876']
  [4006] Penguin PickUp - Cabbagetown → ['7869876']
  [4007] Penguin PickUp - Queens Quay → ['7869876']
  [4008] Penguin PickUp - Eglinton East → ['7869876']
  [4011] Penguin PickUp - Queen West → ['7869876']
  [4012] Penguin PickUp - Fashion District → ['7869876']
  [4013] Penguin PickUp - Church & Wellesley → ['7869876']
  [4014] Penguin PickUp - Peter St → ['7869876']
  [4016] Penguin PickUp - Mont Royal → ['7869877']
  [4017] Penguin PickUp - Peter St → no new flyers
  [4018] Penguin PickUp - Queen St & University Ave → ['7869876']
  [4022] Penguin PickUp - West Broadway → ['7869885']
  [4107] Penguin PickUp - Crossroads → ['7869876']
  [5708] Okotoks → ['7869884']
  [5726] Calgary → ['7874413']
  [5742] Bolton → ['7869876']
  [5743] Huntsville → ['7869876']
  [5752] Simcoe → ['7869876']
  [5753] Fort Saskatchewan → ['7869884']
  [5776] Dawson Creek → ['7869885']
  [5777] New Westminster → ['7869885']
  [5778] Aurora → ['7874405']
  [5789] Amherst → ['7869879']
  [5790] Weyburn → ['7869883']
  [5795] Alma → ['7869877']
  [5806] Fort Frances → ['7869876']
  [5811] Smiths Falls → ['7869876']
  [5831] Thornhill (Supercentre) → ['7869876']
  [5832] Thetford Mines → ['7869877']
  [5833] Miramichi → ['7874407']
  [5834] Terrace → ['7869885']
  [5838] Surrey → ['7869885']
  [5839] Cowansville → ['7869877']
  [5853] Surrey → ['7874414']
  [5854] Kenora → ['7869876']
  [5878] Saskatoon South → ['7869883']
  [8123] Penguin PickUp - SSC → no new flyers
  [9051] Wal-Mart Innovation Centre #9051 → no new flyers

  415 new publication entries across 421 stores
  19 unique new publication(s) to download
  Saved → data/walmart/store_flyers.json  (998,492 bytes)
New publication entries added to store_flyers.json: 415
Unique new publications to download: 19

Phase 2: fetching products for each new publication…

  [7869876] Grocery Flyer  (2026-04-09T00:00:00-04:00 → 2026-04-15T23:59:59-04:00)
    535 products
  Saved → data/walmart/flyers/7869876.json  (1,196,368 bytes)
  [7874408] Grocery Flyer  (2026-04-09T00:00:00-04:00 → 2026-04-15T23:59:59-04:00)
    534 products
  Saved → data/walmart/flyers/7874408.json  (1,192,706 bytes)
  [7874413] Grocery Flyer  (2026-04-09T02:00:00-04:00 → 2026-04-15T23:59:59-04:00)
    542 products
  Saved → data/walmart/flyers/7874413.json  (1,208,751 bytes)
  [7869884] Grocery Flyer  (2026-04-09T02:00:00-04:00 → 2026-04-15T23:59:59-04:00)
    550 products
  Saved → data/walmart/flyers/7869884.json  (1,227,683 bytes)
  [7869885] Grocery Flyer  (2026-04-09T03:00:00-04:00 → 2026-04-15T23:59:59-04:00)
    545 products
  Saved → data/walmart/flyers/7869885.json  (1,217,878 bytes)
  [7869878] Grocery Flyer  (2026-04-09T00:00:00-04:00 → 2026-04-15T23:59:59-04:00)
    541 products
  Saved → data/walmart/flyers/7869878.json  (1,210,254 bytes)
  [7869879] Grocery Flyer  (2026-04-09T00:00:00-04:00 → 2026-04-15T23:59:59-04:00)
    537 products
  Saved → data/walmart/flyers/7869879.json  (1,201,141 bytes)
  [7874406] Grocery Flyer  (2026-04-09T00:00:00-04:00 → 2026-04-15T23:59:59-04:00)
    524 products
  Saved → data/walmart/flyers/7874406.json  (1,171,090 bytes)
  [7869882] Grocery Flyer  (2026-04-09T01:00:00-04:00 → 2026-04-15T23:59:59-04:00)
    534 products
  Saved → data/walmart/flyers/7869882.json  (1,193,242 bytes)
  [7869877] Grocery Flyer  (2026-04-09T00:00:00-04:00 → 2026-04-15T23:59:59-04:00)
    525 products
  Saved → data/walmart/flyers/7869877.json  (1,174,945 bytes)
  [7874410] Grocery Flyer  (2026-04-09T00:00:00-04:00 → 2026-04-15T23:59:59-04:00)
    534 products
  Saved → data/walmart/flyers/7874410.json  (1,192,611 bytes)
  [7874405] Grocery Flyer  (2026-04-09T00:00:00-04:00 → 2026-04-15T23:59:59-04:00)
    535 products
  Saved → data/walmart/flyers/7874405.json  (1,194,342 bytes)
  [7874407] Grocery Flyer  (2026-04-09T00:00:00-04:00 → 2026-04-15T23:59:59-04:00)
    534 products
  Saved → data/walmart/flyers/7874407.json  (1,192,444 bytes)
  [7874414] Grocery Flyer  (2026-04-09T03:00:00-04:00 → 2026-04-15T23:59:59-04:00)
    534 products
  Saved → data/walmart/flyers/7874414.json  (1,191,673 bytes)
  [7874412] Grocery Flyer  (2026-04-09T01:00:00-04:00 → 2026-04-15T23:59:59-04:00)
    534 products
  Saved → data/walmart/flyers/7874412.json  (1,192,210 bytes)
  [7869881] Grocery Flyer  (2026-04-09T00:00:00-04:00 → 2026-04-15T23:59:59-04:00)
    538 products
  Saved → data/walmart/flyers/7869881.json  (1,203,474 bytes)
  [7869883] Grocery Flyer  (2026-04-09T01:00:00-04:00 → 2026-04-15T23:59:59-04:00)
    534 products
  Saved → data/walmart/flyers/7869883.json  (1,193,266 bytes)
  [7869880] Grocery Flyer  (2026-04-09T00:00:00-04:00 → 2026-04-15T23:59:59-04:00)
    536 products
  Saved → data/walmart/flyers/7869880.json  (1,198,848 bytes)
  [7874409] Grocery Flyer  (2026-04-09T00:00:00-04:00 → 2026-04-15T23:59:59-04:00)
    534 products
  Saved → data/walmart/flyers/7874409.json  (1,192,644 bytes)

── Phase 2 results ──────────────────────────────────────────────────
  Downloaded : 19
  Skipped    : 0  (file already existed)
  Errors     : 0

Run completed: 2026-04-11 21:52:12 UTC
Elapsed      : 0m 55s


Done.  Verbose log → logs/walmart/2026-04-11_verbose.log
       Summary log → logs/walmart/2026-04-11_summary.log

