=== Walmart Flyer Fetch — 2026-04-16 ===
Run started : 2026-04-16 13:51:36 UTC

Loaded 421 stores from data/walmart/stores.json

Stores loaded: 421
Loaded existing store_flyers.json (830 publication entries)

Phase 1: fetching publications per store…

  [1000] Milton → ['7878063']
  [1001] Bowmanville → ['7878063']
  [1003] Bridgewater → ['7883231']
  [1004] Toronto → ['7878063']
  [1007] Kitchener West → ['7878063']
  [1008] Drayton Valley → ['7883236']
  [1009] Whitecourt → ['7878071']
  [1011] Trail → ['7878072']
  [1012] Keswick → ['7878063']
  [1013] Grand Falls → ['7878065']
  [1014] Antigonish → ['7878066']
  [1015] Squamish → ['7878072']
  [1016] Yarmouth → ['7883231']
  [1017] Digby → ['7883231']
  [1018] Port Alberni → ['7878072']
  [1019] Lac-Mégantic → ['7883229']
  [1020] Sainte-Agathe-des-Monts → ['7883229']
  [1022] Winkler → ['7878069']
  [1023] Parry Sound → ['7878063']
  [1025] Matane → ['7878064']
  [1026] Marystown → ['7883233']
  [1027] Selkirk → ['7878069']
  [1028] Drumheller → ['7878071']
  [1029] Stouffville → ['7883228']
  [1030] Slave Lake → ['7883236']
  [1031] Ottawa Supercentre → ['7878063']
  [1032] Laval Est → ['7878064']
  [1033] Edmundston → ['7883230']
  [1034] Stettler → ['7878071']
  [1035] Labrador City → ['7883233']
  [1036] Merritt → ['7883237']
  [1038] Strathroy → ['7878063']
  [1039] Collingwood → ['7878063']
  [1040] Saint-Georges-de-Beauce → ['7878064']
  [1041] Napanee → ['7878063']
  [1042] Hamilton → ['7878063']
  [1043] Woodstock → ['7883230']
  [1045] Saint-Romuald → ['7883229']
  [1046] Taber → ['7883236']
  [1047] Kemptville → ['7878063']
  [1048] Edson → ['7878071']
  [1049] Strathmore → ['7878071']
  [1050] Airdrie → ['7878071']
  [1052] Sussex → ['7878065']
  [1054] Bracebridge → ['7878063']
  [1056] Oshawa → ['7883228']
  [1057] Vaudreuil-Dorion → ['7878064']
  [1059] Port Elgin → ['7878063']
  [1060] Rockland → ['7878063']
  [1061] SSC → ['7878063']
  [1062] Wainwright (Supercentre) → ['7878071']
  [1064] Wallaceburg → ['7878063']
  [1065] Kindersley → ['7883235']
  [1067] Fredericton → ['7878065']
  [1068] Peace River → ['7883236']
  [1069] Port Perry → ['7878063']
  [1070] Pincher Creek → ['7878071']
  [1071] Vegreville → ['7878071']
  [1072] Amherstburg → ['7878063']
  [1075] Carleton Place → ['7878063']
  [1076] Magog → ['7878064']
  [1077] Campbell River → ['7878072']
  [1078] Lethbridge → ['7883236']
  [1079] Brampton - West (Supercentre) → ['7878063']
  [1080] Scarborough → ['7878063']
  [1081] Woodbridge → ['7878063']
  [1083] Alliston → ['7878063']
  [1084] Olds → ['7878071']
  [1085] Lachenaie → ['7878064']
  [1086] Gatineau → ['7878064']
  [1087] Wasaga Beach → ['7878063']
  [1089] Calgary → ['7878071']
  [1093] Westbank → ['7883237']
  [1094] Edmonton SW → ['7878071']
  [1095] Vaughan → ['7878063']
  [1097] Calgary(Sage Hill) → ['7883236']
  [1100] Salmon Arm → ['7878072']
  [1101] Bradford → ['7878063']
  [1102] Sylvan Lake → ['7878071']
  [1104] West Broadway → ['7878072']
  [1105] Sudbury South → ['7878063']
  [1106] Williams Lake (Supercentre) → ['7878072']
  [1107] Waterdown → ['7878063']
  [1109] Markham → ['7883228']
  [1110] Ottawa-SW (Supercentre) → ['7878063']
  [1111] Kitchener (Waterloo) → ['7878063']
  [1112] Port Coquitlam → ['7878072']
  [1113] Abbotsford West → ['7878072']
  [1115] Maple (Vaughan) → ['7878063']
  [1116] Richmond Hill → ['7878063']
  [1117] Scarborough → ['7878063']
  [1118] Kanata → ['7878063']
  [1119] LOUGHEED HWY. & WREN STRET → ['7878072']
  [1120] Brampton Northeast → ['7878063']
  [1121] Hamilton → ['7878063']
  [1122] Edmonton → ['7883236']
  [1123] Sherwood Park → ['7878071']
  [1125] Stratford → ['7878063']
  [1126] Penguin PickUp - Mississauga East → ['7878063']
  [1127] Port Credit → ['7878063']
  [1130] Fergus → ['7878063']
  [1132] Chateauguay → ['7878064']
  [1135] Cochrane → ['7878071']
  [1136] Calgary (East Hills) → ['7883236']
  [1138] Tamarack Southeast → ['7878071']
  [1139] Toronto Downsview → ['7878063']
  [1140] Montreal (Dorval) → ['7878064']
  [1141] Steinbach → ['7878069']
  [1143] Prince Rupert → ['7883237']
  [1145] Edmonton (South Park) → ['7878071']
  [1146] Edmonton (Northgate) → ['7883236']
  [1149] Edmonton (Meadowlark) → ['7878071']
  [1150] Toronto (Gerrard Square) → ['7878063']
  [1151] Toronto (Sheridan) → ['7878063']
  [1156] Waterloo (C) → ['7878063']
  [1157] London (Northland) → ['7878063']
  [1158] Ottawa (Gloucester) → ['7878063']
  [1159] Hawkesbury → ['7878063']
  [1160] Listowel → ['7878063']
  [1161] Newmarket → ['7883228']
  [1162] Peterborough (S) → ['7878063']
  [1164] St Catharines (Centre) → ['7878063']
  [1165] Thunder Bay (S) → ['7878063']
  [1166] Thunder Bay (N) → ['7878063']
  [1167] Longueuil (S) → ['7878064']
  [1168] Montreal (Hochelaga) → ['7878064']
  [1169] Pointe-aux-Trembles → ['7878064']
  [1170] Montreal (Cote Des Neiges) → ['7878064']
  [1172] Sherbrooke (E) (Fleurimont) → ['7878064']
  [1173] La Pocatiere → ['7878064']
  [1174] Sorel-Tracy → ['7878064']
  [1175] Saint John (W) → ['7878065']
  [1176] Dartmouth → ['7883231']
  [1177] Greenwood → ['7883231']
  [1178] North Sydney → ['7878066']
  [1181] Tsawwassen → ['7878072']
  [1182] Kingsway Mall Supercentre → ['7883236']
  [1183] Place Viau → ['7878064']
  [1185] Blainville → ['7878064']
  [1186] Winnipeg (Grant Park) → ['7878069']
  [1187] Edmonton (Ellerslie) → ['7878071']
  [1188] Brampton South → ['7878063']
  [1189] Ville Saint-Laurent → ['7878064']
  [1190] Hull (Supercentre) → ['7878064']
  [1192] New Westminster → ['7878072']
  [1199] Guelph (South) → ['7878063']
  [1200] Ottawa Central Supercentre → ['7878063']
  [1201] Québec City → ['7878064']
  [1202] Pointe Claire → ['7878064']
  [1203] Candiac → ['7878064']
  [1204] Southdale Centre → ['7878069']
  [1205] Surrey → ['7883237']
  [1206] Maple Ridge → ['7878072']
  [1207] Delta → ['7883237']
  [1208] Coquitlam → ['7878072']
  [1211] Erin Mills Town Centre → ['7878063']
  [1212] Laurier → ['7878064']
  [1213] Metrotown, BC → ['7878072']
  [1214] Victoria Hillside Mall → ['7878072']
  [1400] TC Signing Warehouse → no new flyers
  [3000] Agincourt → ['7878063']
  [3001] Ajax → ['7883228']
  [3002] Baie-Comeau → ['7878064']
  [3003] Bathurst → ['7878065']
  [3004] Brandon → ['7878069']
  [3005] Brantford → ['7878063']
  [3006] Brockville → ['7878063']
  [3007] Brossard → ['7878064']
  [3008] Burnaby (Lougheed Mall) → ['7878072']
  [3009] Calgary → ['7878071']
  [3010] Calgary → ['7878071']
  [3011] Calgary → ['7883236']
  [3012] Calgary → ['7883236']
  [3013] Calgary → ['7883236']
  [3014] Cap-de-la-Madeleine → ['7878064']
  [3015] Carbonear → ['7878068']
  [3016] Chatham → ['7878063']
  [3017] Chicoutimi → ['7883229']
  [3018] Clarenville → ['7883233']
  [3019] Abbotsford → ['7878072']
  [3020] Cornwall → ['7878063']
  [3021] Dartmouth → ['7883231']
  [3022] Dauphin → ['7878069']
  [3023] Drummondville → ['7883229']
  [3024] Dryden Highway → ['7878063']
  [3025] Duncan → ['7878072']
  [3026] Edmonton (Supercentre) → ['7878071']
  [3027] Edmonton West → ['7883236']
  [3028] Edmonton → ['7883236']
  [3029] Edmonton (S.Common) → ['7878071']
  [3030] Estevan Supercentre → ['7878070']
  [3031] Etobicoke → ['7878063']
  [3032] Fredericton → ['7878065']
  [3033] Gander → ['7878068']
  [3034] Georgetown → ['7878063']
  [3035] Granby → ['7883229']
  [3036] Grand Falls (Windsor) → ['7878068']
  [3037] Hamilton → ['7878063']
  [3038] Hinton → ['7883236']
  [3039] Joliette (Supercentre) → ['7878064']
  [3040] Kamloops → ['7883237']
  [3041] Kapuskasing → ['7878063']
  [3042] Kelowna → ['7878072']
  [3043] Kingston → ['7878063']
  [3044] Kirkland → ['7878064']
  [3045] Kitchener → ['7878063']
  [3046] LaSalle → ['7878064']
  [3047] Laval → ['7878064']
  [3048] Lethbridge South → ['7883236']
  [3049] London → ['7878063']
  [3050] London North → ['7878063']
  [3051] Whiteoaks (London) → ['7878063']
  [3052] Longueuil → ['7878064']
  [3053] Markham → ['7883228']
  [3054] Mississauga (Meadowvale) → ['7878063']
  [3055] Mississauga (Square One) → ['7878063']
  [3056] Dieppe → ['7878065']
  [3057] North Vancouver → ['7878072']
  [3058] North Battleford → ['7878070']
  [3059] Nanaimo → ['7878072']
  [3060] Nelson → ['7878072']
  [3061] New Glasgow → ['7878066']
  [3062] Newmarket → ['7883228']
  [3063] North Bay → ['7878063']
  [3064] Oakville → ['7878063']
  [3065] Orleans → ['7878063']
  [3066] Ottawa West (Supercentre) → ['7878063']
  [3067] Owen Sound → ['7878063']
  [3068] Port Hawkesbury → ['7878066']
  [3069] Portage La Prairie → ['7878069']
  [3070] Penticton → ['7883237']
  [3071] Peterborough (Supercentre) → ['7878063']
  [3072] Powell River → ['7883237']
  [3073] Prince Albert → ['7878070']
  [3074] Québec → ['7878064']
  [3075] Red Deer → ['7878071']
  [3076] Regina (North) → ['7878070']
  [3077] Regina South → ['7878070']
  [3078] Renfrew → ['7878063']
  [3079] Repentigny → ['7878064']
  [3080] Rosemère → ['7878064']
  [3081] Bedford-Sackville → ['7883231']
  [3082] Sarnia → ['7878063']
  [3083] Saskatoon West → ['7878070']
  [3084] Saskatoon North Supercentre → ['7878070']
  [3085] Sept-Îles → ['7878064']
  [3086] Sherbrooke → ['7878064']
  [3087] St. Albert → ['7883236']
  [3088] St. Catharines → ['7878063']
  [3089] Saint-Eustache → ['7878064']
  [3090] Saint-Jean-sur-Richelieu → ['7878064']
  [3091] Saint John → ['7878065']
  [3092] St. John's → ['7878068']
  [3093] Mount Pearl → ['7878068']
  [3094] Saint-Léonard → ['7878064']
  [3095] Stephenville → ['7878068']
  [3096] Stoney Creek → ['7878063']
  [3097] Sudbury → ['7878063']
  [3098] Surrey → ['7883237']
  [3099] Swift Current → ['7878070']
  [3100] Sydney → ['7878066']
  [3101] Sydney → ['7878066']
  [3102] Thompson → ['7878069']
  [3103] Tillsonburg → ['7878063']
  [3104] Timmins → ['7878063']
  [3105] North York → ['7878063']
  [3106] Toronto → ['7878063']
  [3107] Winnipeg (Transcona) → ['7878069']
  [3108] Trois-Rivières → ['7883229']
  [3109] Victoria → ['7878072']
  [3110] Welland → ['7878063']
  [3111] Scarborough East → ['7878063']
  [3112] Wetaskiwin → ['7883236']
  [3113] Whitby → ['7883228']
  [3114] Windsor → ['7878063']
  [3115] Windsor East → ['7878063']
  [3116] Winnipeg → ['7878069']
  [3117] Winnipeg (W) → ['7878069']
  [3118] Winnipeg → ['7878069']
  [3119] Winnipeg → ['7878069']
  [3120] Woodstock → ['7878063']
  [3121] Yellowknife → no new flyers
  [3122] Belleville Suprecentre → ['7878063']
  [3123] Barrie → ['7878063']
  [3124] Thunder Bay → ['7878063']
  [3125] Gatineau → ['7878064']
  [3126] Goderich R. R. → ['7878063']
  [3127] Ancaster → ['7878063']
  [3128] New Liskeard → ['7878063']
  [3129] Hanover → ['7878063']
  [3130] Brampton North → ['7878063']
  [3131] Ottawa → ['7878063']
  [3132] Lachute → ['7878064']
  [3133] Cobourg → ['7878063']
  [3134] Kanata → ['7878063']
  [3135] Brampton East → ['7878063']
  [3136] Rouyn-Noranda → ['7878064']
  [3137] Saint-Hyacinthe → ['7878064']
  [3138] Bayer's Lake → ['7883231']
  [3139] Val-d'Or → ['7878064']
  [3140] Saint-Bruno-de-Montarville → ['7878064']
  [3141] Burlington → ['7878063']
  [3142] Orangeville → ['7878063']
  [3143] Hull → ['7878064']
  [3144] Guelph → ['7878063']
  [3146] Sainte-Foy → ['7878064']
  [3147] Grande Prairie → ['7883236']
  [3148] Lévis → ['7883229']
  [3149] Mascouche → ['7883229']
  [3150] Medicine Hat → ['7878071']
  [3151] Shawnessy → ['7878071']
  [3152] Cambridge → ['7878063']
  [3153] Orillia → ['7878063']
  [3154] Sherwood Park → ['7878071']
  [3155] Sault Ste Marie → ['7878063']
  [3156] Waterloo → ['7878063']
  [3157] Fort McMurray → ['7878071']
  [3158] Langley → ['7883237']
  [3159] Cabbagetown → ['7878063']
  [3160] Niagara Falls → ['7878063']
  [3161] Oshawa → ['7883228']
  [3162] Charlottetown → ['7878067']
  [3163] Courtenay → ['7878072']
  [3164] Leamington → ['7878063']
  [3165] Mont Royal → ['7878064']
  [3166] Barrie → ['7878063']
  [3167] Chilliwack → ['7878072']
  [3168] Lloydminster → ['7878071']
  [3169] Vernon → ['7878072']
  [3170] Burlington → ['7878063']
  [3171] Pembroke → ['7878063']
  [3172] St. Catharines → ['7878063']
  [3173] Moose Jaw → ['7878070']
  [3174] Vaughan → ['7878063']
  [3176] Yorkton → ['7878070']
  [3177] Winnipeg (SW) → ['7878069']
  [3178] Trenton → ['7878063']
  [3179] Regina East Supercentre → ['7878070']
  [3180] Montreal Marche Central → ['7878064']
  [3181] Camrose → ['7878071']
  [3183] Cranbrook → ['7878072']
  [3184] Truro → ['7878066']
  [3185] Corner Brook → ['7883233']
  [3186] Pickering → ['7883228']
  [3188] Langford → ['7878072']
  [3189] Laval Ste-Dorothée → ['7878064']
  [3190] Saint-Jérôme → ['7878064']
  [3191] Whitehorse → no new flyers
  [3194] Red Deer → ['7878071']
  [3195] Richmond Hill → ['7878063']
  [3196] St. John's → ['7883233']
  [3197] St. Thomas → ['7878063']
  [3198] Rimouski → ['7878064']
  [3199] Quesnel → ['7878072']
  [3200] Oakville → ['7878063']
  [3635] Scarborough → ['7878063']
  [3636] Halifax → ['7883231']
  [3637] Spruce Grove → ['7878071']
  [3638] Barrhaven → ['7878063']
  [3639] Salaberry-de-Valleyfield → ['7878064']
  [3640] Cold Lake → ['7883236']
  [3642] Saint-Constant → ['7878064']
  [3644] Summerside → ['7883232']
  [3645] Midland → ['7878063']
  [3646] Beauport → ['7878064']
  [3647] Shawinigan → ['7878064']
  [3649] Fort Erie → ['7878063']
  [3650] Calgary → ['7878071']
  [3651] Prince George → ['7878072']
  [3652] Richmond → ['7878072']
  [3653] Uxbridge → ['7883228']
  [3654] Mississauga → ['7878063']
  [3655] Rivière-du-Loup → ['7878064']
  [3656] Montréal-Nord → ['7878064']
  [3657] Leduc → ['7878071']
  [3658] Brooks → ['7883236']
  [3659] Moncton → ['7878065']
  [3660] Flin Flon → ['7878069']
  [3661] Fort St John → ['7878072']
  [3737] Atholville → ['7878065']
  [3738] New Minas → ['7883231']
  [3739] Victoriaville → ['7883229']
  [3740] Rexdale → ['7878063']
  [4002] Penguin PickUp - Eastern Ave → ['7878063']
  [4006] Penguin PickUp - Cabbagetown → ['7878063']
  [4007] Penguin PickUp - Queens Quay → ['7878063']
  [4008] Penguin PickUp - Eglinton East → ['7878063']
  [4011] Penguin PickUp - Queen West → ['7878063']
  [4012] Penguin PickUp - Fashion District → ['7878063']
  [4013] Penguin PickUp - Church & Wellesley → ['7878063']
  [4014] Penguin PickUp - Peter St → ['7878063']
  [4016] Penguin PickUp - Mont Royal → ['7878064']
  [4017] Penguin PickUp - Peter St → no new flyers
  [4018] Penguin PickUp - Queen St & University Ave → ['7878063']
  [4022] Penguin PickUp - West Broadway → ['7878072']
  [4107] Penguin PickUp - Crossroads → ['7878063']
  [5708] Okotoks → ['7878071']
  [5726] Calgary → ['7883236']
  [5742] Bolton → ['7878063']
  [5743] Huntsville → ['7878063']
  [5752] Simcoe → ['7878063']
  [5753] Fort Saskatchewan → ['7878071']
  [5776] Dawson Creek → ['7878072']
  [5777] New Westminster → ['7878072']
  [5778] Aurora → ['7883228']
  [5789] Amherst → ['7878066']
  [5790] Weyburn → ['7878070']
  [5795] Alma → ['7878064']
  [5806] Fort Frances → ['7878063']
  [5811] Smiths Falls → ['7878063']
  [5831] Thornhill (Supercentre) → ['7878063']
  [5832] Thetford Mines → ['7878064']
  [5833] Miramichi → ['7883230']
  [5834] Terrace → ['7878072']
  [5838] Surrey → ['7878072']
  [5839] Cowansville → ['7878064']
  [5853] Surrey → ['7883237']
  [5854] Kenora → ['7878063']
  [5878] Saskatoon South → ['7878070']
  [8123] Penguin PickUp - SSC → no new flyers
  [9051] Wal-Mart Innovation Centre #9051 → no new flyers

  415 new publication entries across 421 stores
  19 unique new publication(s) to download
  Saved → data/walmart/store_flyers.json  (1,494,417 bytes)
New publication entries added to store_flyers.json: 415
Unique new publications to download: 19

Phase 2: fetching products for each new publication…

  [7878063] Grocery Flyer  (2026-04-16T00:00:00-04:00 → 2026-04-22T23:59:59-04:00)
    654 products
  Saved → data/walmart/flyers/7878063.json  (1,459,968 bytes)
  [7883231] Grocery Flyer  (2026-04-16T00:00:00-04:00 → 2026-04-22T23:59:59-04:00)
    652 products
  Saved → data/walmart/flyers/7883231.json  (1,454,154 bytes)
  [7883236] Grocery Flyer  (2026-04-16T02:00:00-04:00 → 2026-04-22T23:59:59-04:00)
    651 products
  Saved → data/walmart/flyers/7883236.json  (1,451,654 bytes)
  [7878071] Grocery Flyer  (2026-04-16T02:00:00-04:00 → 2026-04-22T23:59:59-04:00)
    652 products
  Saved → data/walmart/flyers/7878071.json  (1,454,033 bytes)
  [7878072] Grocery Flyer  (2026-04-16T03:00:00-04:00 → 2026-04-22T23:59:59-04:00)
    651 products
  Saved → data/walmart/flyers/7878072.json  (1,453,100 bytes)
  [7878065] Grocery Flyer  (2026-04-16T00:00:00-04:00 → 2026-04-22T23:59:59-04:00)
    652 products
  Saved → data/walmart/flyers/7878065.json  (1,454,128 bytes)
  [7878066] Grocery Flyer  (2026-04-16T00:00:00-04:00 → 2026-04-22T23:59:59-04:00)
    652 products
  Saved → data/walmart/flyers/7878066.json  (1,454,374 bytes)
  [7883229] Grocery Flyer  (2026-04-16T00:00:00-04:00 → 2026-04-22T23:59:59-04:00)
    597 products
  Saved → data/walmart/flyers/7883229.json  (1,338,238 bytes)
  [7878069] Grocery Flyer  (2026-04-16T01:00:00-04:00 → 2026-04-22T23:59:59-04:00)
    651 products
  Saved → data/walmart/flyers/7878069.json  (1,452,638 bytes)
  [7878064] Grocery Flyer  (2026-04-16T00:00:00-04:00 → 2026-04-22T23:59:59-04:00)
    597 products
  Saved → data/walmart/flyers/7878064.json  (1,338,458 bytes)
  [7883233] Grocery Flyer  (2026-04-16T00:00:00-04:00 → 2026-04-22T23:59:59-04:00)
    652 products
  Saved → data/walmart/flyers/7883233.json  (1,453,557 bytes)
  [7883228] Grocery Flyer  (2026-04-16T00:00:00-04:00 → 2026-04-22T23:59:59-04:00)
    654 products
  Saved → data/walmart/flyers/7883228.json  (1,459,749 bytes)
  [7883230] Grocery Flyer  (2026-04-16T00:00:00-04:00 → 2026-04-22T23:59:59-04:00)
    652 products
  Saved → data/walmart/flyers/7883230.json  (1,453,864 bytes)
  [7883237] Grocery Flyer  (2026-04-16T03:00:00-04:00 → 2026-04-22T23:59:59-04:00)
    650 products
  Saved → data/walmart/flyers/7883237.json  (1,450,540 bytes)
  [7883235] Grocery Flyer  (2026-04-16T02:00:00-04:00 → 2026-04-22T23:59:59-04:00)
    651 products
  Saved → data/walmart/flyers/7883235.json  (1,452,888 bytes)
  [7878068] Grocery Flyer  (2026-04-16T00:00:00-04:00 → 2026-04-22T23:59:59-04:00)
    652 products
  Saved → data/walmart/flyers/7878068.json  (1,453,777 bytes)
  [7878070] Grocery Flyer  (2026-04-16T02:00:00-04:00 → 2026-04-22T23:59:59-04:00)
    651 products
  Saved → data/walmart/flyers/7878070.json  (1,453,108 bytes)
  [7878067] Grocery Flyer  (2026-04-16T00:00:00-04:00 → 2026-04-22T23:59:59-04:00)
    652 products
  Saved → data/walmart/flyers/7878067.json  (1,454,281 bytes)
  [7883232] Grocery Flyer  (2026-04-16T00:00:00-04:00 → 2026-04-22T23:59:59-04:00)
    652 products
  Saved → data/walmart/flyers/7883232.json  (1,454,061 bytes)

── Phase 2 results ──────────────────────────────────────────────────
  Downloaded : 19
  Skipped    : 0  (file already existed)
  Errors     : 0

Run completed: 2026-04-16 13:53:15 UTC
Elapsed      : 1m 39s


Done.  Verbose log → logs/walmart/2026-04-16_verbose.log
       Summary log → logs/walmart/2026-04-16_summary.log

