=== Walmart Flyer Fetch — 2026-06-18 ===
Run started : 2026-06-18 14:17:45 UTC

Loaded 421 stores from data/walmart/stores.parquet

Stores loaded: 421
Loaded store_flyers.parquet (5509 publication entries)

Phase 1: fetching publications per store…

  [1000] Milton → ['7980953']
  [1001] Bowmanville → ['7980953']
  [1003] Bridgewater → ['7987522']
  [1004] Toronto → ['7980953']
  [1007] Kitchener West → ['7980953']
  [1008] Drayton Valley → ['7987525']
  [1009] Whitecourt → ['7980959']
  [1011] Trail → ['7980960']
  [1012] Keswick → ['7980953']
  [1013] Grand Falls → ['7980955']
  [1014] Antigonish → ['7980956']
  [1015] Squamish → ['7980960']
  [1016] Yarmouth → ['7987522']
  [1017] Digby → ['7987522']
  [1018] Port Alberni → ['7980960']
  [1019] Lac-Mégantic → ['7987520']
  [1020] Sainte-Agathe-des-Monts → ['7987520']
  [1022] Winkler → ['7986616']
  [1023] Parry Sound → ['7980953']
  [1025] Matane → ['7980954']
  [1026] Marystown → ['7987524']
  [1027] Selkirk → ['7986616']
  [1028] Drumheller → ['7980959']
  [1029] Stouffville → ['7987519']
  [1030] Slave Lake → ['7987525']
  [1031] Ottawa Supercentre → ['7980953']
  [1032] Laval Est → ['7980954']
  [1033] Edmundston → ['7987521']
  [1034] Stettler → ['7980959']
  [1035] Labrador City → ['7987524']
  [1036] Merritt → ['7987526']
  [1038] Strathroy → ['7980953']
  [1039] Collingwood → ['7980953']
  [1040] Saint-Georges-de-Beauce → ['7980954']
  [1041] Napanee → ['7980953']
  [1042] Hamilton → ['7980953']
  [1043] Woodstock → ['7987521']
  [1045] Saint-Romuald → ['7987520']
  [1046] Taber → ['7987525']
  [1047] Kemptville → ['7980953']
  [1048] Edson → ['7980959']
  [1049] Strathmore → ['7980959']
  [1050] Airdrie → ['7980959']
  [1052] Sussex → ['7980955']
  [1054] Bracebridge → ['7980953']
  [1056] Oshawa → ['7987519']
  [1057] Vaudreuil-Dorion → ['7980954']
  [1059] Port Elgin → ['7980953']
  [1060] Rockland → ['7980953']
  [1061] SSC → ['7980953']
  [1062] Wainwright (Supercentre) → ['7980959']
  [1064] Wallaceburg → ['7980953']
  [1065] Kindersley → ['7987525']
  [1067] Fredericton → ['7980955']
  [1068] Peace River → ['7987525']
  [1069] Port Perry → ['7980953']
  [1070] Pincher Creek → ['7980959']
  [1071] Vegreville → ['7980959']
  [1072] Amherstburg → ['7980953']
  [1075] Carleton Place → ['7980953']
  [1076] Magog → ['7980954']
  [1077] Campbell River → ['7980960']
  [1078] Lethbridge → ['7987525']
  [1079] Brampton - West (Supercentre) → ['7980953']
  [1080] Scarborough → ['7980953']
  [1081] Woodbridge → ['7980953']
  [1083] Alliston → ['7980953']
  [1084] Olds → ['7980959']
  [1085] Lachenaie → ['7980954']
  [1086] Gatineau → ['7980954']
  [1087] Wasaga Beach → ['7980953']
  [1089] Calgary → ['7980959']
  [1093] Westbank → ['7987526']
  [1094] Edmonton SW → ['7980959']
  [1095] Vaughan → ['7980953']
  [1097] Calgary(Sage Hill) → ['7987525']
  [1100] Salmon Arm → ['7980960']
  [1101] Bradford → ['7980953']
  [1102] Sylvan Lake → ['7980959']
  [1104] West Broadway → ['7980960']
  [1105] Sudbury South → ['7980953']
  [1106] Williams Lake (Supercentre) → ['7980960']
  [1107] Waterdown → ['7980953']
  [1109] Markham → ['7987519']
  [1110] Ottawa-SW (Supercentre) → ['7980953']
  [1111] Kitchener (Waterloo) → ['7980953']
  [1112] Port Coquitlam → ['7980960']
  [1113] Abbotsford West → ['7980960']
  [1115] Maple (Vaughan) → ['7980953']
  [1116] Richmond Hill → ['7980953']
  [1117] Scarborough → ['7980953']
  [1118] Kanata → ['7980953']
  [1119] LOUGHEED HWY. & WREN STRET → ['7980960']
  [1120] Brampton Northeast → ['7980953']
  [1121] Hamilton → ['7980953']
  [1122] Edmonton → ['7987525']
  [1123] Sherwood Park → ['7980959']
  [1125] Stratford → ['7980953']
  [1126] Penguin PickUp - Mississauga East → ['7980953']
  [1127] Port Credit → ['7980953']
  [1130] Fergus → ['7980953']
  [1132] Chateauguay → ['7980954']
  [1135] Cochrane → ['7980959']
  [1136] Calgary (East Hills) → ['7987525']
  [1138] Tamarack Southeast → ['7980959']
  [1139] Toronto Downsview → ['7980953']
  [1140] Montreal (Dorval) → ['7980954']
  [1141] Steinbach → ['7986616']
  [1143] Prince Rupert → ['7987526']
  [1145] Edmonton (South Park) → ['7980959']
  [1146] Edmonton (Northgate) → ['7987525']
  [1149] Edmonton (Meadowlark) → ['7980959']
  [1150] Toronto (Gerrard Square) → ['7980953']
  [1151] Toronto (Sheridan) → ['7980953']
  [1156] Waterloo (C) → ['7980953']
  [1157] London (Northland) → ['7980953']
  [1158] Ottawa (Gloucester) → ['7980953']
  [1159] Hawkesbury → ['7980953']
  [1160] Listowel → ['7980953']
  [1161] Newmarket → ['7987519']
  [1162] Peterborough (S) → ['7980953']
  [1164] St Catharines (Centre) → ['7980953']
  [1165] Thunder Bay (S) → ['7980953']
  [1166] Thunder Bay (N) → ['7980953']
  [1167] Longueuil (S) → ['7980954']
  [1168] Montreal (Hochelaga) → ['7980954']
  [1169] Pointe-aux-Trembles → ['7980954']
  [1170] Montreal (Cote Des Neiges) → ['7980954']
  [1172] Sherbrooke (E) (Fleurimont) → ['7980954']
  [1173] La Pocatiere → ['7980954']
  [1174] Sorel-Tracy → ['7980954']
  [1175] Saint John (W) → ['7980955']
  [1176] Dartmouth → ['7987522']
  [1177] Greenwood → ['7987522']
  [1178] North Sydney → ['7980956']
  [1181] Tsawwassen → ['7980960']
  [1182] Kingsway Mall Supercentre → ['7987525']
  [1183] Place Viau → ['7980954']
  [1185] Blainville → ['7980954']
  [1186] Winnipeg (Grant Park) → ['7986616']
  [1187] Edmonton (Ellerslie) → ['7980959']
  [1188] Brampton South → ['7980953']
  [1189] Ville Saint-Laurent → ['7980954']
  [1190] Hull (Supercentre) → ['7980954']
  [1192] New Westminster → ['7980960']
  [1199] Guelph (South) → ['7980953']
  [1200] Ottawa Central Supercentre → ['7980953']
  [1201] Québec City → ['7980954']
  [1202] Pointe Claire → ['7980954']
  [1203] Candiac → ['7980954']
  [1204] Southdale Centre → ['7986616']
  [1205] Surrey → ['7987526']
  [1206] Maple Ridge → ['7980960']
  [1207] Delta → ['7987526']
  [1208] Coquitlam → ['7980960']
  [1211] Erin Mills Town Centre → ['7980953']
  [1212] Laurier → ['7980954']
  [1213] Metrotown, BC → ['7980960']
  [1214] Victoria Hillside Mall → ['7980960']
  [1400] TC Signing Warehouse → no new flyers
  [3000] Agincourt → ['7980953']
  [3001] Ajax → ['7987519']
  [3002] Baie-Comeau → ['7980954']
  [3003] Bathurst → ['7980955']
  [3004] Brandon → ['7986616']
  [3005] Brantford → ['7980953']
  [3006] Brockville → ['7980953']
  [3007] Brossard → ['7980954']
  [3008] Burnaby (Lougheed Mall) → ['7980960']
  [3009] Calgary → ['7980959']
  [3010] Calgary → ['7980959']
  [3011] Calgary → ['7987525']
  [3012] Calgary → ['7987525']
  [3013] Calgary → ['7987525']
  [3014] Cap-de-la-Madeleine → ['7980954']
  [3015] Carbonear → ['7980958']
  [3016] Chatham → ['7980953']
  [3017] Chicoutimi → ['7987520']
  [3018] Clarenville → ['7987524']
  [3019] Abbotsford → ['7980960']
  [3020] Cornwall → ['7980953']
  [3021] Dartmouth → ['7987522']
  [3022] Dauphin → ['7986616']
  [3023] Drummondville → ['7987520']
  [3024] Dryden Highway → ['7980953']
  [3025] Duncan → ['7980960']
  [3026] Edmonton (Supercentre) → ['7980959']
  [3027] Edmonton West → ['7987525']
  [3028] Edmonton → ['7987525']
  [3029] Edmonton (S.Common) → ['7980959']
  [3030] Estevan Supercentre → ['7980959']
  [3031] Etobicoke → ['7980953']
  [3032] Fredericton → ['7980955']
  [3033] Gander → ['7980958']
  [3034] Georgetown → ['7980953']
  [3035] Granby → ['7987520']
  [3036] Grand Falls (Windsor) → ['7980958']
  [3037] Hamilton → ['7980953']
  [3038] Hinton → ['7987525']
  [3039] Joliette (Supercentre) → ['7980954']
  [3040] Kamloops → ['7987526']
  [3041] Kapuskasing → ['7980953']
  [3042] Kelowna → ['7980960']
  [3043] Kingston → ['7980953']
  [3044] Kirkland → ['7980954']
  [3045] Kitchener → ['7980953']
  [3046] LaSalle → ['7980954']
  [3047] Laval → ['7980954']
  [3048] Lethbridge South → ['7987525']
  [3049] London → ['7980953']
  [3050] London North → ['7980953']
  [3051] Whiteoaks (London) → ['7980953']
  [3052] Longueuil → ['7980954']
  [3053] Markham → ['7987519']
  [3054] Mississauga (Meadowvale) → ['7980953']
  [3055] Mississauga (Square One) → ['7980953']
  [3056] Dieppe → ['7980955']
  [3057] North Vancouver → ['7980960']
  [3058] North Battleford → ['7980959']
  [3059] Nanaimo → ['7980960']
  [3060] Nelson → ['7980960']
  [3061] New Glasgow → ['7980956']
  [3062] Newmarket → ['7987519']
  [3063] North Bay → ['7980953']
  [3064] Oakville → ['7980953']
  [3065] Orleans → ['7980953']
  [3066] Ottawa West (Supercentre) → ['7980953']
  [3067] Owen Sound → ['7980953']
  [3068] Port Hawkesbury → ['7980956']
  [3069] Portage La Prairie → ['7986616']
  [3070] Penticton → ['7987526']
  [3071] Peterborough (Supercentre) → ['7980953']
  [3072] Powell River → ['7987526']
  [3073] Prince Albert → ['7980959']
  [3074] Québec → ['7980954']
  [3075] Red Deer → ['7980959']
  [3076] Regina (North) → ['7980959']
  [3077] Regina South → ['7980959']
  [3078] Renfrew → ['7980953']
  [3079] Repentigny → ['7980954']
  [3080] Rosemère → ['7980954']
  [3081] Bedford-Sackville → ['7987522']
  [3082] Sarnia → ['7980953']
  [3083] Saskatoon West → ['7980959']
  [3084] Saskatoon North Supercentre → ['7980959']
  [3085] Sept-Îles → ['7980954']
  [3086] Sherbrooke → ['7980954']
  [3087] St. Albert → ['7987525']
  [3088] St. Catharines → ['7980953']
  [3089] Saint-Eustache → ['7980954']
  [3090] Saint-Jean-sur-Richelieu → ['7980954']
  [3091] Saint John → ['7980955']
  [3092] St. John's → ['7980958']
  [3093] Mount Pearl → ['7980958']
  [3094] Saint-Léonard → ['7980954']
  [3095] Stephenville → ['7980958']
  [3096] Stoney Creek → ['7980953']
  [3097] Sudbury → ['7980953']
  [3098] Surrey → ['7987526']
  [3099] Swift Current → ['7980959']
  [3100] Sydney → ['7980956']
  [3101] Sydney → ['7980956']
  [3102] Thompson → ['7986616']
  [3103] Tillsonburg → ['7980953']
  [3104] Timmins → ['7980953']
  [3105] North York → ['7980953']
  [3106] Toronto → ['7980953']
  [3107] Winnipeg (Transcona) → ['7986616']
  [3108] Trois-Rivières → ['7987520']
  [3109] Victoria → ['7980960']
  [3110] Welland → ['7980953']
  [3111] Scarborough East → ['7980953']
  [3112] Wetaskiwin → ['7987525']
  [3113] Whitby → ['7987519']
  [3114] Windsor → ['7980953']
  [3115] Windsor East → ['7980953']
  [3116] Winnipeg → ['7986616']
  [3117] Winnipeg (W) → ['7986616']
  [3118] Winnipeg → ['7986616']
  [3119] Winnipeg → ['7986616']
  [3120] Woodstock → ['7980953']
  [3121] Yellowknife → no new flyers
  [3122] Belleville Suprecentre → ['7980953']
  [3123] Barrie → ['7980953']
  [3124] Thunder Bay → ['7980953']
  [3125] Gatineau → ['7980954']
  [3126] Goderich R. R. → ['7980953']
  [3127] Ancaster → ['7980953']
  [3128] New Liskeard → ['7980953']
  [3129] Hanover → ['7980953']
  [3130] Brampton North → ['7980953']
  [3131] Ottawa → ['7980953']
  [3132] Lachute → ['7980954']
  [3133] Cobourg → ['7980953']
  [3134] Kanata → ['7980953']
  [3135] Brampton East → ['7980953']
  [3136] Rouyn-Noranda → ['7980954']
  [3137] Saint-Hyacinthe → ['7980954']
  [3138] Bayer's Lake → ['7987522']
  [3139] Val-d'Or → ['7980954']
  [3140] Saint-Bruno-de-Montarville → ['7980954']
  [3141] Burlington → ['7980953']
  [3142] Orangeville → ['7980953']
  [3143] Hull → ['7980954']
  [3144] Guelph → ['7980953']
  [3146] Sainte-Foy → ['7980954']
  [3147] Grande Prairie → ['7987525']
  [3148] Lévis → ['7987520']
  [3149] Mascouche → ['7987520']
  [3150] Medicine Hat → ['7980959']
  [3151] Shawnessy → ['7980959']
  [3152] Cambridge → ['7980953']
  [3153] Orillia → ['7980953']
  [3154] Sherwood Park → ['7980959']
  [3155] Sault Ste Marie → ['7980953']
  [3156] Waterloo → ['7980953']
  [3157] Fort McMurray → ['7980959']
  [3158] Langley → ['7987526']
  [3159] Cabbagetown → ['7980953']
  [3160] Niagara Falls → ['7980953']
  [3161] Oshawa → ['7987519']
  [3162] Charlottetown → ['7980957']
  [3163] Courtenay → ['7980960']
  [3164] Leamington → ['7980953']
  [3165] Mont Royal → ['7980954']
  [3166] Barrie → ['7980953']
  [3167] Chilliwack → ['7980960']
  [3168] Lloydminster → ['7980959']
  [3169] Vernon → ['7980960']
  [3170] Burlington → ['7980953']
  [3171] Pembroke → ['7980953']
  [3172] St. Catharines → ['7980953']
  [3173] Moose Jaw → ['7980959']
  [3174] Vaughan → ['7980953']
  [3176] Yorkton → ['7980959']
  [3177] Winnipeg (SW) → ['7986616']
  [3178] Trenton → ['7980953']
  [3179] Regina East Supercentre → ['7980959']
  [3180] Montreal Marche Central → ['7980954']
  [3181] Camrose → ['7980959']
  [3183] Cranbrook → ['7980960']
  [3184] Truro → ['7980956']
  [3185] Corner Brook → ['7987524']
  [3186] Pickering → ['7987519']
  [3188] Langford → ['7980960']
  [3189] Laval Ste-Dorothée → ['7980954']
  [3190] Saint-Jérôme → ['7980954']
  [3191] Whitehorse → no new flyers
  [3194] Red Deer → ['7980959']
  [3195] Richmond Hill → ['7980953']
  [3196] St. John's → ['7987524']
  [3197] St. Thomas → ['7980953']
  [3198] Rimouski → ['7980954']
  [3199] Quesnel → ['7980960']
  [3200] Oakville → ['7980953']
  [3635] Scarborough → ['7980953']
  [3636] Halifax → ['7987522']
  [3637] Spruce Grove → ['7980959']
  [3638] Barrhaven → ['7980953']
  [3639] Salaberry-de-Valleyfield → ['7980954']
  [3640] Cold Lake → ['7987525']
  [3642] Saint-Constant → ['7980954']
  [3644] Summerside → ['7987523']
  [3645] Midland → ['7980953']
  [3646] Beauport → ['7980954']
  [3647] Shawinigan → ['7980954']
  [3649] Fort Erie → ['7980953']
  [3650] Calgary → ['7980959']
  [3651] Prince George → ['7980960']
  [3652] Richmond → ['7980960']
  [3653] Uxbridge → ['7987519']
  [3654] Mississauga → ['7980953']
  [3655] Rivière-du-Loup → ['7980954']
  [3656] Montréal-Nord → ['7980954']
  [3657] Leduc → ['7980959']
  [3658] Brooks → ['7987525']
  [3659] Moncton → ['7980955']
  [3660] Flin Flon → ['7986616']
  [3661] Fort St John → ['7980960']
  [3737] Atholville → ['7980955']
  [3738] New Minas → ['7987522']
  [3739] Victoriaville → ['7987520']
  [3740] Rexdale → ['7980953']
  [4002] Penguin PickUp - Eastern Ave → ['7980953']
  [4006] Penguin PickUp - Cabbagetown → ['7980953']
  [4007] Penguin PickUp - Queens Quay → ['7980953']
  [4008] Penguin PickUp - Eglinton East → ['7980953']
  [4011] Penguin PickUp - Queen West → ['7980953']
  [4012] Penguin PickUp - Fashion District → ['7980953']
  [4013] Penguin PickUp - Church & Wellesley → ['7980953']
  [4014] Penguin PickUp - Peter St → ['7980953']
  [4016] Penguin PickUp - Mont Royal → ['7980954']
  [4017] Penguin PickUp - Peter St → no new flyers
  [4018] Penguin PickUp - Queen St & University Ave → ['7980953']
  [4022] Penguin PickUp - West Broadway → ['7980960']
  [4107] Penguin PickUp - Crossroads → ['7980953']
  [5708] Okotoks → ['7980959']
  [5726] Calgary → ['7987525']
  [5742] Bolton → ['7980953']
  [5743] Huntsville → ['7980953']
  [5752] Simcoe → ['7980953']
  [5753] Fort Saskatchewan → ['7980959']
  [5776] Dawson Creek → ['7980960']
  [5777] New Westminster → ['7980960']
  [5778] Aurora → ['7987519']
  [5789] Amherst → ['7980956']
  [5790] Weyburn → ['7980959']
  [5795] Alma → ['7980954']
  [5806] Fort Frances → ['7980953']
  [5811] Smiths Falls → ['7980953']
  [5831] Thornhill (Supercentre) → ['7980953']
  [5832] Thetford Mines → ['7980954']
  [5833] Miramichi → ['7987521']
  [5834] Terrace → ['7980960']
  [5838] Surrey → ['7980960']
  [5839] Cowansville → ['7980954']
  [5853] Surrey → ['7987526']
  [5854] Kenora → ['7980953']
  [5878] Saskatoon South → ['7980959']
  [8123] Penguin PickUp - SSC → no new flyers
  [9051] Wal-Mart Innovation Centre #9051 → no new flyers

  415 new publication entries across 421 stores
  17 unique new publication(s) to download
  Appended 415 rows to data/walmart/store_flyers.parquet
New publication entries added to store_flyers.parquet: 415
Unique new publications to download: 17

Phase 2: fetching products for each new publication…

  [7980953] Grocery Flyer  (2026-06-18T00:00:00-04:00 → 2026-06-24T23:59:59-04:00)
    564 products
  [7987522] Grocery Flyer  (2026-06-18T00:00:00-04:00 → 2026-06-24T23:59:59-04:00)
    573 products
  [7987525] Grocery Flyer  (2026-06-18T02:00:00-04:00 → 2026-06-24T23:59:59-04:00)
    565 products
  [7980959] Grocery Flyer  (2026-06-18T02:00:00-04:00 → 2026-06-24T23:59:59-04:00)
    565 products
  [7980960] Grocery Flyer  (2026-06-18T03:00:00-04:00 → 2026-06-24T23:59:59-04:00)
    566 products
  [7980955] Grocery Flyer  (2026-06-18T00:00:00-04:00 → 2026-06-24T23:59:59-04:00)
    574 products
  [7980956] Grocery Flyer  (2026-06-18T00:00:00-04:00 → 2026-06-24T23:59:59-04:00)
    573 products
  [7987520] Grocery Flyer  (2026-06-18T00:00:00-04:00 → 2026-06-24T23:59:59-04:00)
    531 products
  [7986616] Grocery Flyer  (2026-06-18T01:00:00-04:00 → 2026-06-24T23:59:59-04:00)
    565 products
  [7980954] Grocery Flyer  (2026-06-18T00:00:00-04:00 → 2026-06-24T23:59:59-04:00)
    529 products
  [7987524] Grocery Flyer  (2026-06-18T00:00:00-04:00 → 2026-06-24T23:59:59-04:00)
    570 products
  [7987519] Grocery Flyer  (2026-06-18T00:00:00-04:00 → 2026-06-24T23:59:59-04:00)
    564 products
  [7987521] Grocery Flyer  (2026-06-18T00:00:00-04:00 → 2026-06-24T23:59:59-04:00)
    574 products
  [7987526] Grocery Flyer  (2026-06-18T03:00:00-04:00 → 2026-06-24T23:59:59-04:00)
    571 products
  [7980958] Grocery Flyer  (2026-06-18T00:00:00-04:00 → 2026-06-24T23:59:59-04:00)
    570 products
  [7980957] Grocery Flyer  (2026-06-18T00:00:00-04:00 → 2026-06-24T23:59:59-04:00)
    574 products
  [7987523] Grocery Flyer  (2026-06-18T00:00:00-04:00 → 2026-06-24T23:59:59-04:00)
    574 products

── Phase 2 results ──────────────────────────────────────────────────
  Downloaded : 17
  Skipped    : 0  (file already existed)
  Errors     : 0

Run completed: 2026-06-18 14:18:58 UTC
Elapsed      : 1m 12s


Done.  Verbose log → logs/walmart/2026-06-18_verbose.log
       Summary log → logs/walmart/2026-06-18_summary.log

