=== Walmart Flyer Fetch — 2026-07-02 ===
Run started : 2026-07-02 13:48:55 UTC

Loaded 421 stores from data/walmart/stores.parquet

Stores loaded: 421
Loaded store_flyers.parquet (6339 publication entries)

Phase 1: fetching publications per store…

  [1000] Milton → ['8002874', '8009319', '8006069']
  [1001] Bowmanville → ['8002874', '8009319', '8006069']
  [1003] Bridgewater → ['8011704', '8009322', '8006071']
  [1004] Toronto → ['8002874', '8009319', '8006069']
  [1007] Kitchener West → ['8002874', '8009319', '8006069']
  [1008] Drayton Valley → ['8011708', '8009326', '8006073']
  [1009] Whitecourt → ['8002881', '8009326', '8006073']
  [1011] Trail → ['8002882', '8009327', '8006074']
  [1012] Keswick → ['8002874', '8009319', '8006069']
  [1013] Grand Falls → ['8002876', '8009321', '8006071']
  [1014] Antigonish → ['8002877', '8009322', '8006071']
  [1015] Squamish → ['8002882', '8009327', '8006074']
  [1016] Yarmouth → ['8011704', '8009322', '8006071']
  [1017] Digby → ['8011704', '8009322', '8006071']
  [1018] Port Alberni → ['8002882', '8009327', '8006074']
  [1019] Lac-Mégantic → ['8011702', '8009320', '8006070']
  [1020] Sainte-Agathe-des-Monts → ['8011702', '8009320', '8006070']
  [1022] Winkler → ['8002880', '8009325', '8006073']
  [1023] Parry Sound → ['8002874', '8009319', '8006069']
  [1025] Matane → ['8002875', '8009320', '8006070']
  [1026] Marystown → ['8011706', '8009324', '8006072']
  [1027] Selkirk → ['8002880', '8009325', '8006073']
  [1028] Drumheller → ['8002881', '8009326', '8006073']
  [1029] Stouffville → ['8011701', '8009319', '8006069']
  [1030] Slave Lake → ['8011708', '8009326', '8006073']
  [1031] Ottawa Supercentre → ['8002874', '8009319', '8006069']
  [1032] Laval Est → ['8002875', '8009320', '8006070']
  [1033] Edmundston → ['8011703', '8009321', '8006071']
  [1034] Stettler → ['8002881', '8009326', '8006073']
  [1035] Labrador City → ['8011706', '8009324', '8006072']
  [1036] Merritt → ['8011709', '8009327', '8006074']
  [1038] Strathroy → ['8002874', '8009319', '8006069']
  [1039] Collingwood → ['8002874', '8009319', '8006069']
  [1040] Saint-Georges-de-Beauce → ['8002875', '8009320', '8006070']
  [1041] Napanee → ['8002874', '8009319', '8006069']
  [1042] Hamilton → ['8002874', '8009319', '8006069']
  [1043] Woodstock → ['8011703', '8009321', '8006071']
  [1045] Saint-Romuald → ['8011702', '8009320', '8006070']
  [1046] Taber → ['8011708', '8009326', '8006073']
  [1047] Kemptville → ['8002874', '8009319', '8006069']
  [1048] Edson → ['8002881', '8009326', '8006073']
  [1049] Strathmore → ['8002881', '8009326', '8006073']
  [1050] Airdrie → ['8002881', '8009326', '8006073']
  [1052] Sussex → ['8002876', '8009321', '8006071']
  [1054] Bracebridge → ['8002874', '8009319', '8006069']
  [1056] Oshawa → ['8011701', '8009319', '8006069']
  [1057] Vaudreuil-Dorion → ['8002875', '8009320', '8006070']
  [1059] Port Elgin → ['8002874', '8009319', '8006069']
  [1060] Rockland → ['8002874', '8009319', '8006069']
  [1061] SSC → ['8002874', '8009319', '8006069']
  [1062] Wainwright (Supercentre) → ['8002881', '8009326', '8006073']
  [1064] Wallaceburg → ['8002874', '8009319', '8006069']
  [1065] Kindersley → ['8011708', '8009326', '8006073']
  [1067] Fredericton → ['8002876', '8009321', '8006071']
  [1068] Peace River → ['8011708', '8009326', '8006073']
  [1069] Port Perry → ['8002874', '8009319', '8006069']
  [1070] Pincher Creek → ['8002881', '8009326', '8006073']
  [1071] Vegreville → ['8002881', '8009326', '8006073']
  [1072] Amherstburg → ['8002874', '8009319', '8006069']
  [1075] Carleton Place → ['8002874', '8009319', '8006069']
  [1076] Magog → ['8002875', '8009320', '8006070']
  [1077] Campbell River → ['8002882', '8009327', '8006074']
  [1078] Lethbridge → ['8011708', '8009326', '8006073']
  [1079] Brampton - West (Supercentre) → ['8002874', '8009319', '8006069']
  [1080] Scarborough → ['8002874', '8009319', '8006069']
  [1081] Woodbridge → ['8002874', '8009319', '8006069']
  [1083] Alliston → ['8002874', '8009319', '8006069']
  [1084] Olds → ['8002881', '8009326', '8006073']
  [1085] Lachenaie → ['8002875', '8009320', '8006070']
  [1086] Gatineau → ['8002875', '8009320', '8006070']
  [1087] Wasaga Beach → ['8002874', '8009319', '8006069']
  [1089] Calgary → ['8002881', '8009326', '8006073']
  [1093] Westbank → ['8011709', '8009327', '8006074']
  [1094] Edmonton SW → ['8002881', '8009326', '8006073']
  [1095] Vaughan → ['8002874', '8009319', '8006069']
  [1097] Calgary(Sage Hill) → ['8011708', '8009326', '8006073']
  [1100] Salmon Arm → ['8002882', '8009327', '8006074']
  [1101] Bradford → ['8002874', '8009319', '8006069']
  [1102] Sylvan Lake → ['8002881', '8009326', '8006073']
  [1104] West Broadway → ['8002882', '8009327', '8006074']
  [1105] Sudbury South → ['8002874', '8009319', '8006069']
  [1106] Williams Lake (Supercentre) → ['8002882', '8009327', '8006074']
  [1107] Waterdown → ['8002874', '8009319', '8006069']
  [1109] Markham → ['8011701', '8009319', '8006069']
  [1110] Ottawa-SW (Supercentre) → ['8002874', '8009319', '8006069']
  [1111] Kitchener (Waterloo) → ['8002874', '8009319', '8006069']
  [1112] Port Coquitlam → ['8002882', '8009327', '8006074']
  [1113] Abbotsford West → ['8002882', '8009327', '8006074']
  [1115] Maple (Vaughan) → ['8002874', '8009319', '8006069']
  [1116] Richmond Hill → ['8002874', '8009319', '8006069']
  [1117] Scarborough → ['8002874', '8009319', '8006069']
  [1118] Kanata → ['8002874', '8009319', '8006069']
  [1119] LOUGHEED HWY. & WREN STRET → ['8002882', '8009327', '8006074']
  [1120] Brampton Northeast → ['8002874', '8009319', '8006069']
  [1121] Hamilton → ['8002874', '8009319', '8006069']
  [1122] Edmonton → ['8011708', '8009326', '8006073']
  [1123] Sherwood Park → ['8002881', '8009326', '8006073']
  [1125] Stratford → ['8002874', '8009319', '8006069']
  [1126] Penguin PickUp - Mississauga East → ['8002874', '8009319', '8006069']
  [1127] Port Credit → ['8002874', '8009319', '8006069']
  [1130] Fergus → ['8002874', '8009319', '8006069']
  [1132] Chateauguay → ['8002875', '8009320', '8006070']
  [1135] Cochrane → ['8002881', '8009326', '8006073']
  [1136] Calgary (East Hills) → ['8011708', '8009326', '8006073']
  [1138] Tamarack Southeast → ['8002881', '8009326', '8006073']
  [1139] Toronto Downsview → ['8002874', '8009319', '8006069']
  [1140] Montreal (Dorval) → ['8002875', '8009320', '8006070']
  [1141] Steinbach → ['8002880', '8009325', '8006073']
  [1143] Prince Rupert → ['8011709', '8009327', '8006074']
  [1145] Edmonton (South Park) → ['8002881', '8009326', '8006073']
  [1146] Edmonton (Northgate) → ['8011708', '8009326', '8006073']
  [1149] Edmonton (Meadowlark) → ['8002881', '8009326', '8006073']
  [1150] Toronto (Gerrard Square) → ['8002874', '8009319', '8006069']
  [1151] Toronto (Sheridan) → ['8002874', '8009319', '8006069']
  [1156] Waterloo (C) → ['8002874', '8009319', '8006069']
  [1157] London (Northland) → ['8002874', '8009319', '8006069']
  [1158] Ottawa (Gloucester) → ['8002874', '8009319', '8006069']
  [1159] Hawkesbury → ['8002874', '8009319', '8006069']
  [1160] Listowel → ['8002874', '8009319', '8006069']
  [1161] Newmarket → ['8011701', '8009319', '8006069']
  [1162] Peterborough (S) → ['8002874', '8009319', '8006069']
  [1164] St Catharines (Centre) → ['8002874', '8009319', '8006069']
  [1165] Thunder Bay (S) → ['8002874', '8009319', '8006069']
  [1166] Thunder Bay (N) → ['8002874', '8009319', '8006069']
  [1167] Longueuil (S) → ['8002875', '8009320', '8006070']
  [1168] Montreal (Hochelaga) → ['8002875', '8009320', '8006070']
  [1169] Pointe-aux-Trembles → ['8002875', '8009320', '8006070']
  [1170] Montreal (Cote Des Neiges) → ['8002875', '8009320', '8006070']
  [1172] Sherbrooke (E) (Fleurimont) → ['8002875', '8009320', '8006070']
  [1173] La Pocatiere → ['8002875', '8009320', '8006070']
  [1174] Sorel-Tracy → ['8002875', '8009320', '8006070']
  [1175] Saint John (W) → ['8002876', '8009321', '8006071']
  [1176] Dartmouth → ['8011704', '8009322', '8006071']
  [1177] Greenwood → ['8011704', '8009322', '8006071']
  [1178] North Sydney → ['8002877', '8009322', '8006071']
  [1181] Tsawwassen → ['8002882', '8009327', '8006074']
  [1182] Kingsway Mall Supercentre → ['8011708', '8009326', '8006073']
  [1183] Place Viau → ['8002875', '8009320', '8006070']
  [1185] Blainville → ['8002875', '8009320', '8006070']
  [1186] Winnipeg (Grant Park) → ['8002880', '8009325', '8006073']
  [1187] Edmonton (Ellerslie) → ['8002881', '8009326', '8006073']
  [1188] Brampton South → ['8002874', '8009319', '8006069']
  [1189] Ville Saint-Laurent → ['8002875', '8009320', '8006070']
  [1190] Hull (Supercentre) → ['8002875', '8009320', '8006070']
  [1192] New Westminster → ['8002882', '8009327', '8006074']
  [1199] Guelph (South) → ['8002874', '8009319', '8006069']
  [1200] Ottawa Central Supercentre → ['8002874', '8009319', '8006069']
  [1201] Québec City → ['8002875', '8009320', '8006070']
  [1202] Pointe Claire → ['8002875', '8009320', '8006070']
  [1203] Candiac → ['8002875', '8009320', '8006070']
  [1204] Southdale Centre → ['8002880', '8009325', '8006073']
  [1205] Surrey → ['8011709', '8009327', '8006074']
  [1206] Maple Ridge → ['8002882', '8009327', '8006074']
  [1207] Delta → ['8011709', '8009327', '8006074']
  [1208] Coquitlam → ['8002882', '8009327', '8006074']
  [1211] Erin Mills Town Centre → ['8002874', '8009319', '8006069']
  [1212] Laurier → ['8002875', '8009320', '8006070']
  [1213] Metrotown, BC → ['8002882', '8009327', '8006074']
  [1214] Victoria Hillside Mall → ['8002882', '8009327', '8006074']
  [1400] TC Signing Warehouse → no new flyers
  [3000] Agincourt → ['8002874', '8009319', '8006069']
  [3001] Ajax → ['8011701', '8009319', '8006069']
  [3002] Baie-Comeau → ['8002875', '8009320', '8006070']
  [3003] Bathurst → ['8002876', '8009321', '8006071']
  [3004] Brandon → ['8002880', '8009325', '8006073']
  [3005] Brantford → ['8002874', '8009319', '8006069']
  [3006] Brockville → ['8002874', '8009319', '8006069']
  [3007] Brossard → ['8002875', '8009320', '8006070']
  [3008] Burnaby (Lougheed Mall) → ['8002882', '8009327', '8006074']
  [3009] Calgary → ['8002881', '8009326', '8006073']
  [3010] Calgary → ['8002881', '8009326', '8006073']
  [3011] Calgary → ['8011708', '8009326', '8006073']
  [3012] Calgary → ['8011708', '8009326', '8006073']
  [3013] Calgary → ['8011708', '8009326', '8006073']
  [3014] Cap-de-la-Madeleine → ['8002875', '8009320', '8006070']
  [3015] Carbonear → ['8002879', '8009324', '8006072']
  [3016] Chatham → ['8002874', '8009319', '8006069']
  [3017] Chicoutimi → ['8011702', '8009320', '8006070']
  [3018] Clarenville → ['8011706', '8009324', '8006072']
  [3019] Abbotsford → ['8002882', '8009327', '8006074']
  [3020] Cornwall → ['8002874', '8009319', '8006069']
  [3021] Dartmouth → ['8011704', '8009322', '8006071']
  [3022] Dauphin → ['8002880', '8009325', '8006073']
  [3023] Drummondville → ['8011702', '8009320', '8006070']
  [3024] Dryden Highway → ['8002874', '8009319', '8006069']
  [3025] Duncan → ['8002882', '8009327', '8006074']
  [3026] Edmonton (Supercentre) → ['8002881', '8009326', '8006073']
  [3027] Edmonton West → ['8011708', '8009326', '8006073']
  [3028] Edmonton → ['8011708', '8009326', '8006073']
  [3029] Edmonton (S.Common) → ['8002881', '8009326', '8006073']
  [3030] Estevan Supercentre → ['8002881', '8009326', '8006073']
  [3031] Etobicoke → ['8002874', '8009319', '8006069']
  [3032] Fredericton → ['8002876', '8009321', '8006071']
  [3033] Gander → ['8002879', '8009324', '8006072']
  [3034] Georgetown → ['8002874', '8009319', '8006069']
  [3035] Granby → ['8011702', '8009320', '8006070']
  [3036] Grand Falls (Windsor) → ['8002879', '8009324', '8006072']
  [3037] Hamilton → ['8002874', '8009319', '8006069']
  [3038] Hinton → ['8011708', '8009326', '8006073']
  [3039] Joliette (Supercentre) → ['8002875', '8009320', '8006070']
  [3040] Kamloops → ['8011709', '8009327', '8006074']
  [3041] Kapuskasing → ['8002874', '8009319', '8006069']
  [3042] Kelowna → ['8002882', '8009327', '8006074']
  [3043] Kingston → ['8002874', '8009319', '8006069']
  [3044] Kirkland → ['8002875', '8009320', '8006070']
  [3045] Kitchener → ['8002874', '8009319', '8006069']
  [3046] LaSalle → ['8002875', '8009320', '8006070']
  [3047] Laval → ['8002875', '8009320', '8006070']
  [3048] Lethbridge South → ['8011708', '8009326', '8006073']
  [3049] London → ['8002874', '8009319', '8006069']
  [3050] London North → ['8002874', '8009319', '8006069']
  [3051] Whiteoaks (London) → ['8002874', '8009319', '8006069']
  [3052] Longueuil → ['8002875', '8009320', '8006070']
  [3053] Markham → ['8011701', '8009319', '8006069']
  [3054] Mississauga (Meadowvale) → ['8002874', '8009319', '8006069']
  [3055] Mississauga (Square One) → ['8002874', '8009319', '8006069']
  [3056] Dieppe → ['8002876', '8009321', '8006071']
  [3057] North Vancouver → ['8002882', '8009327', '8006074']
  [3058] North Battleford → ['8002881', '8009326', '8006073']
  [3059] Nanaimo → ['8002882', '8009327', '8006074']
  [3060] Nelson → ['8002882', '8009327', '8006074']
  [3061] New Glasgow → ['8002877', '8009322', '8006071']
  [3062] Newmarket → ['8011701', '8009319', '8006069']
  [3063] North Bay → ['8002874', '8009319', '8006069']
  [3064] Oakville → ['8002874', '8009319', '8006069']
  [3065] Orleans → ['8002874', '8009319', '8006069']
  [3066] Ottawa West (Supercentre) → ['8002874', '8009319', '8006069']
  [3067] Owen Sound → ['8002874', '8009319', '8006069']
  [3068] Port Hawkesbury → ['8002877', '8009322', '8006071']
  [3069] Portage La Prairie → ['8002880', '8009325', '8006073']
  [3070] Penticton → ['8011709', '8009327', '8006074']
  [3071] Peterborough (Supercentre) → ['8002874', '8009319', '8006069']
  [3072] Powell River → ['8011709', '8009327', '8006074']
  [3073] Prince Albert → ['8002881', '8009326', '8006073']
  [3074] Québec → ['8002875', '8009320', '8006070']
  [3075] Red Deer → ['8002881', '8009326', '8006073']
  [3076] Regina (North) → ['8002881', '8009326', '8006073']
  [3077] Regina South → ['8002881', '8009326', '8006073']
  [3078] Renfrew → ['8002874', '8009319', '8006069']
  [3079] Repentigny → ['8002875', '8009320', '8006070']
  [3080] Rosemère → ['8002875', '8009320', '8006070']
  [3081] Bedford-Sackville → ['8011704', '8009322', '8006071']
  [3082] Sarnia → ['8002874', '8009319', '8006069']
  [3083] Saskatoon West → ['8002881', '8009326', '8006073']
  [3084] Saskatoon North Supercentre → ['8002881', '8009326', '8006073']
  [3085] Sept-Îles → ['8002875', '8009320', '8006070']
  [3086] Sherbrooke → ['8002875', '8009320', '8006070']
  [3087] St. Albert → ['8011708', '8009326', '8006073']
  [3088] St. Catharines → ['8002874', '8009319', '8006069']
  [3089] Saint-Eustache → ['8002875', '8009320', '8006070']
  [3090] Saint-Jean-sur-Richelieu → ['8002875', '8009320', '8006070']
  [3091] Saint John → ['8002876', '8009321', '8006071']
  [3092] St. John's → ['8002879', '8009324', '8006072']
  [3093] Mount Pearl → ['8002879', '8009324', '8006072']
  [3094] Saint-Léonard → ['8002875', '8009320', '8006070']
  [3095] Stephenville → ['8002879', '8009324', '8006072']
  [3096] Stoney Creek → ['8002874', '8009319', '8006069']
  [3097] Sudbury → ['8002874', '8009319', '8006069']
  [3098] Surrey → ['8011709', '8009327', '8006074']
  [3099] Swift Current → ['8002881', '8009326', '8006073']
  [3100] Sydney → ['8002877', '8009322', '8006071']
  [3101] Sydney → ['8002877', '8009322', '8006071']
  [3102] Thompson → ['8002880', '8009325', '8006073']
  [3103] Tillsonburg → ['8002874', '8009319', '8006069']
  [3104] Timmins → ['8002874', '8009319', '8006069']
  [3105] North York → ['8002874', '8009319', '8006069']
  [3106] Toronto → ['8002874', '8009319', '8006069']
  [3107] Winnipeg (Transcona) → ['8002880', '8009325', '8006073']
  [3108] Trois-Rivières → ['8011702', '8009320', '8006070']
  [3109] Victoria → ['8002882', '8009327', '8006074']
  [3110] Welland → ['8002874', '8009319', '8006069']
  [3111] Scarborough East → ['8002874', '8009319', '8006069']
  [3112] Wetaskiwin → ['8011708', '8009326', '8006073']
  [3113] Whitby → ['8011701', '8009319', '8006069']
  [3114] Windsor → ['8002874', '8009319', '8006069']
  [3115] Windsor East → ['8002874', '8009319', '8006069']
  [3116] Winnipeg → ['8002880', '8009325', '8006073']
  [3117] Winnipeg (W) → ['8002880', '8009325', '8006073']
  [3118] Winnipeg → ['8002880', '8009325', '8006073']
  [3119] Winnipeg → ['8002880', '8009325', '8006073']
  [3120] Woodstock → ['8002874', '8009319', '8006069']
  [3121] Yellowknife → no new flyers
  [3122] Belleville Suprecentre → ['8002874', '8009319', '8006069']
  [3123] Barrie → ['8002874', '8009319', '8006069']
  [3124] Thunder Bay → ['8002874', '8009319', '8006069']
  [3125] Gatineau → ['8002875', '8009320', '8006070']
  [3126] Goderich R. R. → ['8002874', '8009319', '8006069']
  [3127] Ancaster → ['8002874', '8009319', '8006069']
  [3128] New Liskeard → ['8002874', '8009319', '8006069']
  [3129] Hanover → ['8002874', '8009319', '8006069']
  [3130] Brampton North → ['8002874', '8009319', '8006069']
  [3131] Ottawa → ['8002874', '8009319', '8006069']
  [3132] Lachute → ['8002875', '8009320', '8006070']
  [3133] Cobourg → ['8002874', '8009319', '8006069']
  [3134] Kanata → ['8002874', '8009319', '8006069']
  [3135] Brampton East → ['8002874', '8009319', '8006069']
  [3136] Rouyn-Noranda → ['8002875', '8009320', '8006070']
  [3137] Saint-Hyacinthe → ['8002875', '8009320', '8006070']
  [3138] Bayer's Lake → ['8011704', '8009322', '8006071']
  [3139] Val-d'Or → ['8002875', '8009320', '8006070']
  [3140] Saint-Bruno-de-Montarville → ['8002875', '8009320', '8006070']
  [3141] Burlington → ['8002874', '8009319', '8006069']
  [3142] Orangeville → ['8002874', '8009319', '8006069']
  [3143] Hull → ['8002875', '8009320', '8006070']
  [3144] Guelph → ['8002874', '8009319', '8006069']
  [3146] Sainte-Foy → ['8002875', '8009320', '8006070']
  [3147] Grande Prairie → ['8011708', '8009326', '8006073']
  [3148] Lévis → ['8011702', '8009320', '8006070']
  [3149] Mascouche → ['8011702', '8009320', '8006070']
  [3150] Medicine Hat → ['8002881', '8009326', '8006073']
  [3151] Shawnessy → ['8002881', '8009326', '8006073']
  [3152] Cambridge → ['8002874', '8009319', '8006069']
  [3153] Orillia → ['8002874', '8009319', '8006069']
  [3154] Sherwood Park → ['8002881', '8009326', '8006073']
  [3155] Sault Ste Marie → ['8002874', '8009319', '8006069']
  [3156] Waterloo → ['8002874', '8009319', '8006069']
  [3157] Fort McMurray → ['8002881', '8009326', '8006073']
  [3158] Langley → ['8011709', '8009327', '8006074']
  [3159] Cabbagetown → ['8002874', '8009319', '8006069']
  [3160] Niagara Falls → ['8002874', '8009319', '8006069']
  [3161] Oshawa → ['8011701', '8009319', '8006069']
  [3162] Charlottetown → ['8002878', '8009323', '8006071']
  [3163] Courtenay → ['8002882', '8009327', '8006074']
  [3164] Leamington → ['8002874', '8009319', '8006069']
  [3165] Mont Royal → ['8002875', '8009320', '8006070']
  [3166] Barrie → ['8002874', '8009319', '8006069']
  [3167] Chilliwack → ['8002882', '8009327', '8006074']
  [3168] Lloydminster → ['8002881', '8009326', '8006073']
  [3169] Vernon → ['8002882', '8009327', '8006074']
  [3170] Burlington → ['8002874', '8009319', '8006069']
  [3171] Pembroke → ['8002874', '8009319', '8006069']
  [3172] St. Catharines → ['8002874', '8009319', '8006069']
  [3173] Moose Jaw → ['8002881', '8009326', '8006073']
  [3174] Vaughan → ['8002874', '8009319', '8006069']
  [3176] Yorkton → ['8002881', '8009326', '8006073']
  [3177] Winnipeg (SW) → ['8002880', '8009325', '8006073']
  [3178] Trenton → ['8002874', '8009319', '8006069']
  [3179] Regina East Supercentre → ['8002881', '8009326', '8006073']
  [3180] Montreal Marche Central → ['8002875', '8009320', '8006070']
  [3181] Camrose → ['8002881', '8009326', '8006073']
  [3183] Cranbrook → ['8002882', '8009327', '8006074']
  [3184] Truro → ['8002877', '8009322', '8006071']
  [3185] Corner Brook → ['8011706', '8009324', '8006072']
  [3186] Pickering → ['8011701', '8009319', '8006069']
  [3188] Langford → ['8002882', '8009327', '8006074']
  [3189] Laval Ste-Dorothée → ['8002875', '8009320', '8006070']
  [3190] Saint-Jérôme → ['8002875', '8009320', '8006070']
  [3191] Whitehorse → no new flyers
  [3194] Red Deer → ['8002881', '8009326', '8006073']
  [3195] Richmond Hill → ['8002874', '8009319', '8006069']
  [3196] St. John's → ['8011706', '8009324', '8006072']
  [3197] St. Thomas → ['8002874', '8009319', '8006069']
  [3198] Rimouski → ['8002875', '8009320', '8006070']
  [3199] Quesnel → ['8002882', '8009327', '8006074']
  [3200] Oakville → ['8002874', '8009319', '8006069']
  [3635] Scarborough → ['8002874', '8009319', '8006069']
  [3636] Halifax → ['8011704', '8009322', '8006071']
  [3637] Spruce Grove → ['8002881', '8009326', '8006073']
  [3638] Barrhaven → ['8002874', '8009319', '8006069']
  [3639] Salaberry-de-Valleyfield → ['8002875', '8009320', '8006070']
  [3640] Cold Lake → ['8011708', '8009326', '8006073']
  [3642] Saint-Constant → ['8002875', '8009320', '8006070']
  [3644] Summerside → ['8011705', '8009323', '8006071']
  [3645] Midland → ['8002874', '8009319', '8006069']
  [3646] Beauport → ['8002875', '8009320', '8006070']
  [3647] Shawinigan → ['8002875', '8009320', '8006070']
  [3649] Fort Erie → ['8002874', '8009319', '8006069']
  [3650] Calgary → ['8002881', '8009326', '8006073']
  [3651] Prince George → ['8002882', '8009327', '8006074']
  [3652] Richmond → ['8002882', '8009327', '8006074']
  [3653] Uxbridge → ['8011701', '8009319', '8006069']
  [3654] Mississauga → ['8002874', '8009319', '8006069']
  [3655] Rivière-du-Loup → ['8002875', '8009320', '8006070']
  [3656] Montréal-Nord → ['8002875', '8009320', '8006070']
  [3657] Leduc → ['8002881', '8009326', '8006073']
  [3658] Brooks → ['8011708', '8009326', '8006073']
  [3659] Moncton → ['8002876', '8009321', '8006071']
  [3660] Flin Flon → ['8002880', '8009325', '8006073']
  [3661] Fort St John → ['8002882', '8009327', '8006074']
  [3737] Atholville → ['8002876', '8009321', '8006071']
  [3738] New Minas → ['8011704', '8009322', '8006071']
  [3739] Victoriaville → ['8011702', '8009320', '8006070']
  [3740] Rexdale → ['8002874', '8009319', '8006069']
  [4002] Penguin PickUp - Eastern Ave → ['8002874', '8009319', '8006069']
  [4006] Penguin PickUp - Cabbagetown → ['8002874', '8009319', '8006069']
  [4007] Penguin PickUp - Queens Quay → ['8002874', '8009319', '8006069']
  [4008] Penguin PickUp - Eglinton East → ['8002874', '8009319', '8006069']
  [4011] Penguin PickUp - Queen West → ['8002874', '8009319', '8006069']
  [4012] Penguin PickUp - Fashion District → ['8002874', '8009319', '8006069']
  [4013] Penguin PickUp - Church & Wellesley → ['8002874', '8009319', '8006069']
  [4014] Penguin PickUp - Peter St → ['8002874', '8009319', '8006069']
  [4016] Penguin PickUp - Mont Royal → ['8002875', '8009320', '8006070']
  [4017] Penguin PickUp - Peter St → no new flyers
  [4018] Penguin PickUp - Queen St & University Ave → ['8002874', '8009319', '8006069']
  [4022] Penguin PickUp - West Broadway → ['8002882', '8009327', '8006074']
  [4107] Penguin PickUp - Crossroads → ['8002874', '8009319', '8006069']
  [5708] Okotoks → ['8002881', '8009326', '8006073']
  [5726] Calgary → ['8011708', '8009326', '8006073']
  [5742] Bolton → ['8002874', '8009319', '8006069']
  [5743] Huntsville → ['8002874', '8009319', '8006069']
  [5752] Simcoe → ['8002874', '8009319', '8006069']
  [5753] Fort Saskatchewan → ['8002881', '8009326', '8006073']
  [5776] Dawson Creek → ['8002882', '8009327', '8006074']
  [5777] New Westminster → ['8002882', '8009327', '8006074']
  [5778] Aurora → ['8011701', '8009319', '8006069']
  [5789] Amherst → ['8002877', '8009322', '8006071']
  [5790] Weyburn → ['8002881', '8009326', '8006073']
  [5795] Alma → ['8002875', '8009320', '8006070']
  [5806] Fort Frances → ['8002874', '8009319', '8006069']
  [5811] Smiths Falls → ['8002874', '8009319', '8006069']
  [5831] Thornhill (Supercentre) → ['8002874', '8009319', '8006069']
  [5832] Thetford Mines → ['8002875', '8009320', '8006070']
  [5833] Miramichi → ['8011703', '8009321', '8006071']
  [5834] Terrace → ['8002882', '8009327', '8006074']
  [5838] Surrey → ['8002882', '8009327', '8006074']
  [5839] Cowansville → ['8002875', '8009320', '8006070']
  [5853] Surrey → ['8011709', '8009327', '8006074']
  [5854] Kenora → ['8002874', '8009319', '8006069']
  [5878] Saskatoon South → ['8002881', '8009326', '8006073']
  [8123] Penguin PickUp - SSC → no new flyers
  [9051] Wal-Mart Innovation Centre #9051 → no new flyers

  1245 new publication entries across 421 stores
  32 unique new publication(s) to download
  Appended 1245 rows to data/walmart/store_flyers.parquet
New publication entries added to store_flyers.parquet: 1245
Unique new publications to download: 32

Phase 2: fetching products for each new publication…

  [8002874] Grocery Flyer  (2026-07-02T00:00:00-04:00 → 2026-07-08T23:59:59-04:00)
    457 products
  [8009319] Grocery Flyer  (2026-07-02T00:00:00-04:00 → 2026-07-15T23:59:59-04:00)
    26 products
  [8006069] Grocery Flyer  (2026-07-02T00:00:00-04:00 → 2026-07-29T23:59:59-04:00)
    107 products
  [8011704] Grocery Flyer  (2026-07-02T00:00:00-04:00 → 2026-07-08T23:59:59-04:00)
    469 products
  [8009322] Grocery Flyer  (2026-07-02T00:00:00-04:00 → 2026-07-15T23:59:59-04:00)
    26 products
  [8006071] Grocery Flyer  (2026-07-02T00:00:00-04:00 → 2026-07-29T23:59:59-04:00)
    107 products
  [8011708] Grocery Flyer  (2026-07-02T02:00:00-04:00 → 2026-07-08T23:59:59-04:00)
    455 products
  [8009326] Grocery Flyer  (2026-07-02T02:00:00-04:00 → 2026-07-15T23:59:59-04:00)
    26 products
  [8006073] Grocery Flyer  (2026-07-02T02:00:00-04:00 → 2026-07-29T23:59:59-04:00)
    109 products
  [8002881] Grocery Flyer  (2026-07-02T02:00:00-04:00 → 2026-07-08T23:59:59-04:00)
    455 products
  [8002882] Grocery Flyer  (2026-07-02T03:00:00-04:00 → 2026-07-08T23:59:59-04:00)
    475 products
  [8009327] Grocery Flyer  (2026-07-02T03:00:00-04:00 → 2026-07-15T23:59:59-04:00)
    26 products
  [8006074] Grocery Flyer  (2026-07-02T03:00:00-04:00 → 2026-07-29T23:59:59-04:00)
    107 products
  [8002876] Grocery Flyer  (2026-07-02T00:00:00-04:00 → 2026-07-08T23:59:59-04:00)
    481 products
  [8009321] Grocery Flyer  (2026-07-02T00:00:00-04:00 → 2026-07-15T23:59:59-04:00)
    26 products
  [8002877] Grocery Flyer  (2026-07-02T00:00:00-04:00 → 2026-07-08T23:59:59-04:00)
    469 products
  [8011702] Grocery Flyer  (2026-07-02T00:00:00-04:00 → 2026-07-08T23:59:59-04:00)
    445 products
  [8009320] Grocery Flyer  (2026-07-02T00:00:00-04:00 → 2026-07-15T23:59:59-04:00)
    26 products
  [8006070] Grocery Flyer  (2026-07-02T00:00:00-04:00 → 2026-07-29T23:59:59-04:00)
    108 products
  [8002880] Grocery Flyer  (2026-07-02T01:00:00-04:00 → 2026-07-08T23:59:59-04:00)
    474 products
  [8009325] Grocery Flyer  (2026-07-02T01:00:00-04:00 → 2026-07-15T23:59:59-04:00)
    26 products
  [8002875] Grocery Flyer  (2026-07-02T00:00:00-04:00 → 2026-07-08T23:59:59-04:00)
    445 products
  [8011706] Grocery Flyer  (2026-07-02T00:00:00-04:00 → 2026-07-08T23:59:59-04:00)
    473 products
  [8009324] Grocery Flyer  (2026-07-02T00:00:00-04:00 → 2026-07-15T23:59:59-04:00)
    26 products
  [8006072] Grocery Flyer  (2026-07-02T00:00:00-04:00 → 2026-07-29T23:59:59-04:00)
    107 products
  [8011701] Grocery Flyer  (2026-07-02T00:00:00-04:00 → 2026-07-08T23:59:59-04:00)
    457 products
  [8011703] Grocery Flyer  (2026-07-02T00:00:00-04:00 → 2026-07-08T23:59:59-04:00)
    481 products
  [8011709] Grocery Flyer  (2026-07-02T03:00:00-04:00 → 2026-07-08T23:59:59-04:00)
    475 products
  [8002879] Grocery Flyer  (2026-07-02T00:00:00-04:00 → 2026-07-08T23:59:59-04:00)
    473 products
  [8002878] Grocery Flyer  (2026-07-02T00:00:00-04:00 → 2026-07-08T23:59:59-04:00)
    464 products
  [8009323] Grocery Flyer  (2026-07-02T00:00:00-04:00 → 2026-07-15T23:59:59-04:00)
    26 products
  [8011705] Grocery Flyer  (2026-07-02T00:00:00-04:00 → 2026-07-08T23:59:59-04:00)
    464 products

── Phase 2 results ──────────────────────────────────────────────────
  Downloaded : 32
  Skipped    : 0  (file already existed)
  Errors     : 0

Run completed: 2026-07-02 13:49:55 UTC
Elapsed      : 0m 59s


Done.  Verbose log → logs/walmart/2026-07-02_verbose.log
       Summary log → logs/walmart/2026-07-02_summary.log

