=== Walmart Flyer Fetch — 2026-06-25 ===
Run started : 2026-06-25 13:59:18 UTC

Loaded 421 stores from data/walmart/stores.parquet

Stores loaded: 421
Loaded store_flyers.parquet (5924 publication entries)

Phase 1: fetching publications per store…

  [1000] Milton → ['7990129']
  [1001] Bowmanville → ['7990129']
  [1003] Bridgewater → ['8000985']
  [1004] Toronto → ['7990129']
  [1007] Kitchener West → ['7990129']
  [1008] Drayton Valley → ['8000990']
  [1009] Whitecourt → ['7990137']
  [1011] Trail → ['7990138']
  [1012] Keswick → ['7990129']
  [1013] Grand Falls → ['7990131']
  [1014] Antigonish → ['7990132']
  [1015] Squamish → ['7990138']
  [1016] Yarmouth → ['8000985']
  [1017] Digby → ['8000985']
  [1018] Port Alberni → ['7990138']
  [1019] Lac-Mégantic → ['8000983']
  [1020] Sainte-Agathe-des-Monts → ['8000983']
  [1022] Winkler → ['7990135']
  [1023] Parry Sound → ['7990129']
  [1025] Matane → ['7990130']
  [1026] Marystown → ['8000987']
  [1027] Selkirk → ['7990135']
  [1028] Drumheller → ['7990137']
  [1029] Stouffville → ['8000982']
  [1030] Slave Lake → ['8000990']
  [1031] Ottawa Supercentre → ['7990129']
  [1032] Laval Est → ['7990130']
  [1033] Edmundston → ['8000984']
  [1034] Stettler → ['7990137']
  [1035] Labrador City → ['8000987']
  [1036] Merritt → ['8000991']
  [1038] Strathroy → ['7990129']
  [1039] Collingwood → ['7990129']
  [1040] Saint-Georges-de-Beauce → ['7990130']
  [1041] Napanee → ['7990129']
  [1042] Hamilton → ['7990129']
  [1043] Woodstock → ['8000984']
  [1045] Saint-Romuald → ['8000983']
  [1046] Taber → ['8000990']
  [1047] Kemptville → ['7990129']
  [1048] Edson → ['7990137']
  [1049] Strathmore → ['7990137']
  [1050] Airdrie → ['7990137']
  [1052] Sussex → ['7990131']
  [1054] Bracebridge → ['7990129']
  [1056] Oshawa → ['8000982']
  [1057] Vaudreuil-Dorion → ['7990130']
  [1059] Port Elgin → ['7990129']
  [1060] Rockland → ['7990129']
  [1061] SSC → ['7990129']
  [1062] Wainwright (Supercentre) → ['7990137']
  [1064] Wallaceburg → ['7990129']
  [1065] Kindersley → ['8000989']
  [1067] Fredericton → ['7990131']
  [1068] Peace River → ['8000990']
  [1069] Port Perry → ['7990129']
  [1070] Pincher Creek → ['7990137']
  [1071] Vegreville → ['7990137']
  [1072] Amherstburg → ['7990129']
  [1075] Carleton Place → ['7990129']
  [1076] Magog → ['7990130']
  [1077] Campbell River → ['7990138']
  [1078] Lethbridge → ['8000990']
  [1079] Brampton - West (Supercentre) → ['7990129']
  [1080] Scarborough → ['7990129']
  [1081] Woodbridge → ['7990129']
  [1083] Alliston → ['7990129']
  [1084] Olds → ['7990137']
  [1085] Lachenaie → ['7990130']
  [1086] Gatineau → ['7990130']
  [1087] Wasaga Beach → ['7990129']
  [1089] Calgary → ['7990137']
  [1093] Westbank → ['8000991']
  [1094] Edmonton SW → ['7990137']
  [1095] Vaughan → ['7990129']
  [1097] Calgary(Sage Hill) → ['8000990']
  [1100] Salmon Arm → ['7990138']
  [1101] Bradford → ['7990129']
  [1102] Sylvan Lake → ['7990137']
  [1104] West Broadway → ['7990138']
  [1105] Sudbury South → ['7990129']
  [1106] Williams Lake (Supercentre) → ['7990138']
  [1107] Waterdown → ['7990129']
  [1109] Markham → ['8000982']
  [1110] Ottawa-SW (Supercentre) → ['7990129']
  [1111] Kitchener (Waterloo) → ['7990129']
  [1112] Port Coquitlam → ['7990138']
  [1113] Abbotsford West → ['7990138']
  [1115] Maple (Vaughan) → ['7990129']
  [1116] Richmond Hill → ['7990129']
  [1117] Scarborough → ['7990129']
  [1118] Kanata → ['7990129']
  [1119] LOUGHEED HWY. & WREN STRET → ['7990138']
  [1120] Brampton Northeast → ['7990129']
  [1121] Hamilton → ['7990129']
  [1122] Edmonton → ['8000990']
  [1123] Sherwood Park → ['7990137']
  [1125] Stratford → ['7990129']
  [1126] Penguin PickUp - Mississauga East → ['7990129']
  [1127] Port Credit → ['7990129']
  [1130] Fergus → ['7990129']
  [1132] Chateauguay → ['7990130']
  [1135] Cochrane → ['7990137']
  [1136] Calgary (East Hills) → ['8000990']
  [1138] Tamarack Southeast → ['7990137']
  [1139] Toronto Downsview → ['7990129']
  [1140] Montreal (Dorval) → ['7990130']
  [1141] Steinbach → ['7990135']
  [1143] Prince Rupert → ['8000991']
  [1145] Edmonton (South Park) → ['7990137']
  [1146] Edmonton (Northgate) → ['8000990']
  [1149] Edmonton (Meadowlark) → ['7990137']
  [1150] Toronto (Gerrard Square) → ['7990129']
  [1151] Toronto (Sheridan) → ['7990129']
  [1156] Waterloo (C) → ['7990129']
  [1157] London (Northland) → ['7990129']
  [1158] Ottawa (Gloucester) → ['7990129']
  [1159] Hawkesbury → ['7990129']
  [1160] Listowel → ['7990129']
  [1161] Newmarket → ['8000982']
  [1162] Peterborough (S) → ['7990129']
  [1164] St Catharines (Centre) → ['7990129']
  [1165] Thunder Bay (S) → ['7990129']
  [1166] Thunder Bay (N) → ['7990129']
  [1167] Longueuil (S) → ['7990130']
  [1168] Montreal (Hochelaga) → ['7990130']
  [1169] Pointe-aux-Trembles → ['7990130']
  [1170] Montreal (Cote Des Neiges) → ['7990130']
  [1172] Sherbrooke (E) (Fleurimont) → ['7990130']
  [1173] La Pocatiere → ['7990130']
  [1174] Sorel-Tracy → ['7990130']
  [1175] Saint John (W) → ['7990131']
  [1176] Dartmouth → ['8000985']
  [1177] Greenwood → ['8000985']
  [1178] North Sydney → ['7990132']
  [1181] Tsawwassen → ['7990138']
  [1182] Kingsway Mall Supercentre → ['8000990']
  [1183] Place Viau → ['7990130']
  [1185] Blainville → ['7990130']
  [1186] Winnipeg (Grant Park) → ['7990135']
  [1187] Edmonton (Ellerslie) → ['7990137']
  [1188] Brampton South → ['7990129']
  [1189] Ville Saint-Laurent → ['7990130']
  [1190] Hull (Supercentre) → ['7990130']
  [1192] New Westminster → ['7990138']
  [1199] Guelph (South) → ['7990129']
  [1200] Ottawa Central Supercentre → ['7990129']
  [1201] Québec City → ['7990130']
  [1202] Pointe Claire → ['7990130']
  [1203] Candiac → ['7990130']
  [1204] Southdale Centre → ['7990135']
  [1205] Surrey → ['8000991']
  [1206] Maple Ridge → ['7990138']
  [1207] Delta → ['8000991']
  [1208] Coquitlam → ['7990138']
  [1211] Erin Mills Town Centre → ['7990129']
  [1212] Laurier → ['7990130']
  [1213] Metrotown, BC → ['7990138']
  [1214] Victoria Hillside Mall → ['7990138']
  [1400] TC Signing Warehouse → no new flyers
  [3000] Agincourt → ['7990129']
  [3001] Ajax → ['8000982']
  [3002] Baie-Comeau → ['7990130']
  [3003] Bathurst → ['7990131']
  [3004] Brandon → ['7990135']
  [3005] Brantford → ['7990129']
  [3006] Brockville → ['7990129']
  [3007] Brossard → ['7990130']
  [3008] Burnaby (Lougheed Mall) → ['7990138']
  [3009] Calgary → ['7990137']
  [3010] Calgary → ['7990137']
  [3011] Calgary → ['8000990']
  [3012] Calgary → ['8000990']
  [3013] Calgary → ['8000990']
  [3014] Cap-de-la-Madeleine → ['7990130']
  [3015] Carbonear → ['7990134']
  [3016] Chatham → ['7990129']
  [3017] Chicoutimi → ['8000983']
  [3018] Clarenville → ['8000987']
  [3019] Abbotsford → ['7990138']
  [3020] Cornwall → ['7990129']
  [3021] Dartmouth → ['8000985']
  [3022] Dauphin → ['7990135']
  [3023] Drummondville → ['8000983']
  [3024] Dryden Highway → ['7990129']
  [3025] Duncan → ['7990138']
  [3026] Edmonton (Supercentre) → ['7990137']
  [3027] Edmonton West → ['8000990']
  [3028] Edmonton → ['8000990']
  [3029] Edmonton (S.Common) → ['7990137']
  [3030] Estevan Supercentre → ['7990136']
  [3031] Etobicoke → ['7990129']
  [3032] Fredericton → ['7990131']
  [3033] Gander → ['7990134']
  [3034] Georgetown → ['7990129']
  [3035] Granby → ['8000983']
  [3036] Grand Falls (Windsor) → ['7990134']
  [3037] Hamilton → ['7990129']
  [3038] Hinton → ['8000990']
  [3039] Joliette (Supercentre) → ['7990130']
  [3040] Kamloops → ['8000991']
  [3041] Kapuskasing → ['7990129']
  [3042] Kelowna → ['7990138']
  [3043] Kingston → ['7990129']
  [3044] Kirkland → ['7990130']
  [3045] Kitchener → ['7990129']
  [3046] LaSalle → ['7990130']
  [3047] Laval → ['7990130']
  [3048] Lethbridge South → ['8000990']
  [3049] London → ['7990129']
  [3050] London North → ['7990129']
  [3051] Whiteoaks (London) → ['7990129']
  [3052] Longueuil → ['7990130']
  [3053] Markham → ['8000982']
  [3054] Mississauga (Meadowvale) → ['7990129']
  [3055] Mississauga (Square One) → ['7990129']
  [3056] Dieppe → ['7990131']
  [3057] North Vancouver → ['7990138']
  [3058] North Battleford → ['7990136']
  [3059] Nanaimo → ['7990138']
  [3060] Nelson → ['7990138']
  [3061] New Glasgow → ['7990132']
  [3062] Newmarket → ['8000982']
  [3063] North Bay → ['7990129']
  [3064] Oakville → ['7990129']
  [3065] Orleans → ['7990129']
  [3066] Ottawa West (Supercentre) → ['7990129']
  [3067] Owen Sound → ['7990129']
  [3068] Port Hawkesbury → ['7990132']
  [3069] Portage La Prairie → ['7990135']
  [3070] Penticton → ['8000991']
  [3071] Peterborough (Supercentre) → ['7990129']
  [3072] Powell River → ['8000991']
  [3073] Prince Albert → ['7990136']
  [3074] Québec → ['7990130']
  [3075] Red Deer → ['7990137']
  [3076] Regina (North) → ['7990136']
  [3077] Regina South → ['7990136']
  [3078] Renfrew → ['7990129']
  [3079] Repentigny → ['7990130']
  [3080] Rosemère → ['7990130']
  [3081] Bedford-Sackville → ['8000995']
  [3082] Sarnia → ['7990129']
  [3083] Saskatoon West → ['7990136']
  [3084] Saskatoon North Supercentre → ['7990136']
  [3085] Sept-Îles → ['7990130']
  [3086] Sherbrooke → ['7990130']
  [3087] St. Albert → ['8000990']
  [3088] St. Catharines → ['7990129']
  [3089] Saint-Eustache → ['7990130']
  [3090] Saint-Jean-sur-Richelieu → ['7990130']
  [3091] Saint John → ['7990131']
  [3092] St. John's → ['7990134']
  [3093] Mount Pearl → ['7990134']
  [3094] Saint-Léonard → ['7990130']
  [3095] Stephenville → ['7990134']
  [3096] Stoney Creek → ['7990129']
  [3097] Sudbury → ['7990129']
  [3098] Surrey → ['8000991']
  [3099] Swift Current → ['7990136']
  [3100] Sydney → ['7990132']
  [3101] Sydney → ['7990132']
  [3102] Thompson → ['7990135']
  [3103] Tillsonburg → ['7990129']
  [3104] Timmins → ['7990129']
  [3105] North York → ['7990129']
  [3106] Toronto → ['7990129']
  [3107] Winnipeg (Transcona) → ['7990135']
  [3108] Trois-Rivières → ['8000983']
  [3109] Victoria → ['7990138']
  [3110] Welland → ['7990129']
  [3111] Scarborough East → ['7990129']
  [3112] Wetaskiwin → ['8000990']
  [3113] Whitby → ['8000982']
  [3114] Windsor → ['7990129']
  [3115] Windsor East → ['7990129']
  [3116] Winnipeg → ['7990135']
  [3117] Winnipeg (W) → ['7990135']
  [3118] Winnipeg → ['7990135']
  [3119] Winnipeg → ['7990135']
  [3120] Woodstock → ['7990129']
  [3121] Yellowknife → no new flyers
  [3122] Belleville Suprecentre → ['7990129']
  [3123] Barrie → ['7990129']
  [3124] Thunder Bay → ['7990129']
  [3125] Gatineau → ['7990130']
  [3126] Goderich R. R. → ['7990129']
  [3127] Ancaster → ['7990129']
  [3128] New Liskeard → ['7990129']
  [3129] Hanover → ['7990129']
  [3130] Brampton North → ['7990129']
  [3131] Ottawa → ['7990129']
  [3132] Lachute → ['7990130']
  [3133] Cobourg → ['7990129']
  [3134] Kanata → ['7990129']
  [3135] Brampton East → ['7990129']
  [3136] Rouyn-Noranda → ['7990130']
  [3137] Saint-Hyacinthe → ['7990130']
  [3138] Bayer's Lake → ['8000985']
  [3139] Val-d'Or → ['7990130']
  [3140] Saint-Bruno-de-Montarville → ['7990130']
  [3141] Burlington → ['7990129']
  [3142] Orangeville → ['7990129']
  [3143] Hull → ['7990130']
  [3144] Guelph → ['7990129']
  [3146] Sainte-Foy → ['7990130']
  [3147] Grande Prairie → ['8000990']
  [3148] Lévis → ['8000983']
  [3149] Mascouche → ['8000983']
  [3150] Medicine Hat → ['7990137']
  [3151] Shawnessy → ['7990137']
  [3152] Cambridge → ['7990129']
  [3153] Orillia → ['7990129']
  [3154] Sherwood Park → ['7990137']
  [3155] Sault Ste Marie → ['7990129']
  [3156] Waterloo → ['7990129']
  [3157] Fort McMurray → ['7990137']
  [3158] Langley → ['8000991']
  [3159] Cabbagetown → ['7990129']
  [3160] Niagara Falls → ['7990129']
  [3161] Oshawa → ['8000982']
  [3162] Charlottetown → ['7990133']
  [3163] Courtenay → ['7990138']
  [3164] Leamington → ['7990129']
  [3165] Mont Royal → ['7990130']
  [3166] Barrie → ['7990129']
  [3167] Chilliwack → ['7990138']
  [3168] Lloydminster → ['7990137']
  [3169] Vernon → ['7990138']
  [3170] Burlington → ['7990129']
  [3171] Pembroke → ['7990129']
  [3172] St. Catharines → ['7990129']
  [3173] Moose Jaw → ['7990136']
  [3174] Vaughan → ['7990129']
  [3176] Yorkton → ['7990136']
  [3177] Winnipeg (SW) → ['7990135']
  [3178] Trenton → ['7990129']
  [3179] Regina East Supercentre → ['7990136']
  [3180] Montreal Marche Central → ['7990130']
  [3181] Camrose → ['7990137']
  [3183] Cranbrook → ['7990138']
  [3184] Truro → ['7990132']
  [3185] Corner Brook → ['8000987']
  [3186] Pickering → ['8000982']
  [3188] Langford → ['7990138']
  [3189] Laval Ste-Dorothée → ['7990130']
  [3190] Saint-Jérôme → ['7990130']
  [3191] Whitehorse → no new flyers
  [3194] Red Deer → ['7990137']
  [3195] Richmond Hill → ['7990129']
  [3196] St. John's → ['8000987']
  [3197] St. Thomas → ['7990129']
  [3198] Rimouski → ['7990130']
  [3199] Quesnel → ['7990138']
  [3200] Oakville → ['7990129']
  [3635] Scarborough → ['7990129']
  [3636] Halifax → ['8000985']
  [3637] Spruce Grove → ['7990137']
  [3638] Barrhaven → ['7990129']
  [3639] Salaberry-de-Valleyfield → ['7990130']
  [3640] Cold Lake → ['8000990']
  [3642] Saint-Constant → ['7990130']
  [3644] Summerside → ['8000986']
  [3645] Midland → ['7990129']
  [3646] Beauport → ['7990130']
  [3647] Shawinigan → ['7990130']
  [3649] Fort Erie → ['7990129']
  [3650] Calgary → ['7990137']
  [3651] Prince George → ['7990138']
  [3652] Richmond → ['7990138']
  [3653] Uxbridge → ['8000982']
  [3654] Mississauga → ['7990129']
  [3655] Rivière-du-Loup → ['7990130']
  [3656] Montréal-Nord → ['7990130']
  [3657] Leduc → ['7990137']
  [3658] Brooks → ['8000990']
  [3659] Moncton → ['7990131']
  [3660] Flin Flon → ['7990135']
  [3661] Fort St John → ['7990138']
  [3737] Atholville → ['7990131']
  [3738] New Minas → ['8000985']
  [3739] Victoriaville → ['8000983']
  [3740] Rexdale → ['7990129']
  [4002] Penguin PickUp - Eastern Ave → ['7990129']
  [4006] Penguin PickUp - Cabbagetown → ['7990129']
  [4007] Penguin PickUp - Queens Quay → ['7990129']
  [4008] Penguin PickUp - Eglinton East → ['7990129']
  [4011] Penguin PickUp - Queen West → ['7990129']
  [4012] Penguin PickUp - Fashion District → ['7990129']
  [4013] Penguin PickUp - Church & Wellesley → ['7990129']
  [4014] Penguin PickUp - Peter St → ['7990129']
  [4016] Penguin PickUp - Mont Royal → ['7990130']
  [4017] Penguin PickUp - Peter St → no new flyers
  [4018] Penguin PickUp - Queen St & University Ave → ['7990129']
  [4022] Penguin PickUp - West Broadway → ['7990138']
  [4107] Penguin PickUp - Crossroads → ['7990129']
  [5708] Okotoks → ['7990137']
  [5726] Calgary → ['8000990']
  [5742] Bolton → ['7990129']
  [5743] Huntsville → ['7990129']
  [5752] Simcoe → ['7990129']
  [5753] Fort Saskatchewan → ['7990137']
  [5776] Dawson Creek → ['7990138']
  [5777] New Westminster → ['7990138']
  [5778] Aurora → ['8000982']
  [5789] Amherst → ['7990132']
  [5790] Weyburn → ['7990136']
  [5795] Alma → ['7990130']
  [5806] Fort Frances → ['7990129']
  [5811] Smiths Falls → ['7990129']
  [5831] Thornhill (Supercentre) → ['7990129']
  [5832] Thetford Mines → ['7990130']
  [5833] Miramichi → ['8000984']
  [5834] Terrace → ['7990138']
  [5838] Surrey → ['7990138']
  [5839] Cowansville → ['7990130']
  [5853] Surrey → ['8000991']
  [5854] Kenora → ['7990129']
  [5878] Saskatoon South → ['7990136']
  [8123] Penguin PickUp - SSC → no new flyers
  [9051] Wal-Mart Innovation Centre #9051 → no new flyers

  415 new publication entries across 421 stores
  20 unique new publication(s) to download
  Appended 415 rows to data/walmart/store_flyers.parquet
New publication entries added to store_flyers.parquet: 415
Unique new publications to download: 20

Phase 2: fetching products for each new publication…

  [7990129] Grocery Flyer  (2026-06-25T00:00:00-04:00 → 2026-07-01T23:59:59-04:00)
    425 products
  [8000985] Grocery Flyer  (2026-06-25T00:00:00-04:00 → 2026-07-01T23:59:59-04:00)
    430 products
  [8000990] Grocery Flyer  (2026-06-25T02:00:00-04:00 → 2026-07-01T23:59:59-04:00)
    427 products
  [7990137] Grocery Flyer  (2026-06-25T02:00:00-04:00 → 2026-07-01T23:59:59-04:00)
    427 products
  [7990138] Grocery Flyer  (2026-06-25T03:00:00-04:00 → 2026-07-01T23:59:59-04:00)
    428 products
  [7990131] Grocery Flyer  (2026-06-25T00:00:00-04:00 → 2026-07-01T23:59:59-04:00)
    432 products
  [7990132] Grocery Flyer  (2026-06-25T00:00:00-04:00 → 2026-07-01T23:59:59-04:00)
    430 products
  [8000983] Grocery Flyer  (2026-06-25T00:00:00-04:00 → 2026-07-01T23:59:59-04:00)
    404 products
  [7990135] Grocery Flyer  (2026-06-25T01:00:00-04:00 → 2026-07-01T23:59:59-04:00)
    426 products
  [7990130] Grocery Flyer  (2026-06-25T00:00:00-04:00 → 2026-07-01T23:59:59-04:00)
    407 products
  [8000987] Grocery Flyer  (2026-06-25T00:00:00-04:00 → 2026-07-01T23:59:59-04:00)
    428 products
  [8000982] Grocery Flyer  (2026-06-25T00:00:00-04:00 → 2026-07-01T23:59:59-04:00)
    425 products
  [8000984] Grocery Flyer  (2026-06-25T00:00:00-04:00 → 2026-07-01T23:59:59-04:00)
    432 products
  [8000991] Grocery Flyer  (2026-06-25T03:00:00-04:00 → 2026-07-01T23:59:59-04:00)
    427 products
  [8000989] Grocery Flyer  (2026-06-25T02:00:00-04:00 → 2026-07-01T23:59:59-04:00)
    422 products
  [7990134] Grocery Flyer  (2026-06-25T00:00:00-04:00 → 2026-07-01T23:59:59-04:00)
    428 products
  [7990136] Grocery Flyer  (2026-06-25T02:00:00-04:00 → 2026-07-01T23:59:59-04:00)
    422 products
  [8000995] Grocery Flyer  (2026-06-25T00:00:00-04:00 → 2026-07-01T23:59:59-04:00)
    437 products
  [7990133] Grocery Flyer  (2026-06-25T00:00:00-04:00 → 2026-07-01T23:59:59-04:00)
    429 products
  [8000986] Grocery Flyer  (2026-06-25T00:00:00-04:00 → 2026-07-01T23:59:59-04:00)
    429 products

── Phase 2 results ──────────────────────────────────────────────────
  Downloaded : 20
  Skipped    : 0  (file already existed)
  Errors     : 0

Run completed: 2026-06-25 14:00:34 UTC
Elapsed      : 1m 15s


Done.  Verbose log → logs/walmart/2026-06-25_verbose.log
       Summary log → logs/walmart/2026-06-25_summary.log

