=== Walmart Flyer Fetch — 2026-04-30 ===
Run started : 2026-04-30 13:49:57 UTC

Loaded 421 stores from data/walmart/stores.json

Stores loaded: 421
Loaded existing store_flyers.json (2075 publication entries)

Phase 1: fetching publications per store…

  [1000] Milton → ['7898632']
  [1001] Bowmanville → ['7898632']
  [1003] Bridgewater → ['7906554']
  [1004] Toronto → ['7898632']
  [1007] Kitchener West → ['7898632']
  [1008] Drayton Valley → ['7906557']
  [1009] Whitecourt → ['7898638']
  [1011] Trail → ['7898639']
  [1012] Keswick → ['7898632']
  [1013] Grand Falls → ['7898634']
  [1014] Antigonish → ['7898635']
  [1015] Squamish → ['7898639']
  [1016] Yarmouth → ['7906554']
  [1017] Digby → ['7906554']
  [1018] Port Alberni → ['7898639']
  [1019] Lac-Mégantic → ['7906552']
  [1020] Sainte-Agathe-des-Monts → ['7906552']
  [1022] Winkler → ['7898637']
  [1023] Parry Sound → ['7898632']
  [1025] Matane → ['7898633']
  [1026] Marystown → ['7906555']
  [1027] Selkirk → ['7898637']
  [1028] Drumheller → ['7898638']
  [1029] Stouffville → ['7906551']
  [1030] Slave Lake → ['7906557']
  [1031] Ottawa Supercentre → ['7898632']
  [1032] Laval Est → ['7898633']
  [1033] Edmundston → ['7906553']
  [1034] Stettler → ['7898638']
  [1035] Labrador City → ['7906555']
  [1036] Merritt → ['7906558']
  [1038] Strathroy → ['7898632']
  [1039] Collingwood → ['7898632']
  [1040] Saint-Georges-de-Beauce → ['7898633']
  [1041] Napanee → ['7898632']
  [1042] Hamilton → ['7898632']
  [1043] Woodstock → ['7906553']
  [1045] Saint-Romuald → ['7906552']
  [1046] Taber → ['7906557']
  [1047] Kemptville → ['7898632']
  [1048] Edson → ['7898638']
  [1049] Strathmore → ['7898638']
  [1050] Airdrie → ['7898638']
  [1052] Sussex → ['7898634']
  [1054] Bracebridge → ['7898632']
  [1056] Oshawa → ['7906551']
  [1057] Vaudreuil-Dorion → ['7898633']
  [1059] Port Elgin → ['7898632']
  [1060] Rockland → ['7898632']
  [1061] SSC → ['7898632']
  [1062] Wainwright (Supercentre) → ['7898638']
  [1064] Wallaceburg → ['7898632']
  [1065] Kindersley → ['7906563']
  [1067] Fredericton → ['7898634']
  [1068] Peace River → ['7906557']
  [1069] Port Perry → ['7898632']
  [1070] Pincher Creek → ['7898638']
  [1071] Vegreville → ['7898638']
  [1072] Amherstburg → ['7898632']
  [1075] Carleton Place → ['7898632']
  [1076] Magog → ['7898633']
  [1077] Campbell River → ['7898639']
  [1078] Lethbridge → ['7906557']
  [1079] Brampton - West (Supercentre) → ['7898632']
  [1080] Scarborough → ['7898632']
  [1081] Woodbridge → ['7898632']
  [1083] Alliston → ['7898632']
  [1084] Olds → ['7898638']
  [1085] Lachenaie → ['7898633']
  [1086] Gatineau → ['7898633']
  [1087] Wasaga Beach → ['7898632']
  [1089] Calgary → ['7898638']
  [1093] Westbank → ['7906558']
  [1094] Edmonton SW → ['7898638']
  [1095] Vaughan → ['7898632']
  [1097] Calgary(Sage Hill) → ['7906557']
  [1100] Salmon Arm → ['7898639']
  [1101] Bradford → ['7898632']
  [1102] Sylvan Lake → ['7898638']
  [1104] West Broadway → ['7898639']
  [1105] Sudbury South → ['7898632']
  [1106] Williams Lake (Supercentre) → ['7898639']
  [1107] Waterdown → ['7898632']
  [1109] Markham → ['7906551']
  [1110] Ottawa-SW (Supercentre) → ['7898632']
  [1111] Kitchener (Waterloo) → ['7898632']
  [1112] Port Coquitlam → ['7898639']
  [1113] Abbotsford West → ['7898639']
  [1115] Maple (Vaughan) → ['7898632']
  [1116] Richmond Hill → ['7898632']
  [1117] Scarborough → ['7898632']
  [1118] Kanata → ['7898632']
  [1119] LOUGHEED HWY. & WREN STRET → ['7898639']
  [1120] Brampton Northeast → ['7898632']
  [1121] Hamilton → ['7898632']
  [1122] Edmonton → ['7906557']
  [1123] Sherwood Park → ['7898638']
  [1125] Stratford → ['7898632']
  [1126] Penguin PickUp - Mississauga East → ['7898632']
  [1127] Port Credit → ['7898632']
  [1130] Fergus → ['7898632']
  [1132] Chateauguay → ['7898633']
  [1135] Cochrane → ['7898638']
  [1136] Calgary (East Hills) → ['7906557']
  [1138] Tamarack Southeast → ['7898638']
  [1139] Toronto Downsview → ['7898632']
  [1140] Montreal (Dorval) → ['7898633']
  [1141] Steinbach → ['7898637']
  [1143] Prince Rupert → ['7906558']
  [1145] Edmonton (South Park) → ['7898638']
  [1146] Edmonton (Northgate) → ['7906557']
  [1149] Edmonton (Meadowlark) → ['7898638']
  [1150] Toronto (Gerrard Square) → ['7898632']
  [1151] Toronto (Sheridan) → ['7898632']
  [1156] Waterloo (C) → ['7898632']
  [1157] London (Northland) → ['7898632']
  [1158] Ottawa (Gloucester) → ['7898632']
  [1159] Hawkesbury → ['7898632']
  [1160] Listowel → ['7898632']
  [1161] Newmarket → ['7906551']
  [1162] Peterborough (S) → ['7898632']
  [1164] St Catharines (Centre) → ['7898632']
  [1165] Thunder Bay (S) → ['7898632']
  [1166] Thunder Bay (N) → ['7898632']
  [1167] Longueuil (S) → ['7898633']
  [1168] Montreal (Hochelaga) → ['7898633']
  [1169] Pointe-aux-Trembles → ['7898633']
  [1170] Montreal (Cote Des Neiges) → ['7898633']
  [1172] Sherbrooke (E) (Fleurimont) → ['7898633']
  [1173] La Pocatiere → ['7898633']
  [1174] Sorel-Tracy → ['7898633']
  [1175] Saint John (W) → ['7898634']
  [1176] Dartmouth → ['7906554']
  [1177] Greenwood → ['7906554']
  [1178] North Sydney → ['7898635']
  [1181] Tsawwassen → ['7898639']
  [1182] Kingsway Mall Supercentre → ['7906557']
  [1183] Place Viau → ['7898633']
  [1185] Blainville → ['7898633']
  [1186] Winnipeg (Grant Park) → ['7898637']
  [1187] Edmonton (Ellerslie) → ['7898638']
  [1188] Brampton South → ['7898632']
  [1189] Ville Saint-Laurent → ['7898633']
  [1190] Hull (Supercentre) → ['7898633']
  [1192] New Westminster → ['7898639']
  [1199] Guelph (South) → ['7898632']
  [1200] Ottawa Central Supercentre → ['7898632']
  [1201] Québec City → ['7898633']
  [1202] Pointe Claire → ['7898633']
  [1203] Candiac → ['7898633']
  [1204] Southdale Centre → ['7898637']
  [1205] Surrey → ['7906558']
  [1206] Maple Ridge → ['7898639']
  [1207] Delta → ['7906558']
  [1208] Coquitlam → ['7898639']
  [1211] Erin Mills Town Centre → ['7898632']
  [1212] Laurier → ['7898633']
  [1213] Metrotown, BC → ['7898639']
  [1214] Victoria Hillside Mall → ['7898639']
  [1400] TC Signing Warehouse → no new flyers
  [3000] Agincourt → ['7898632']
  [3001] Ajax → ['7906551']
  [3002] Baie-Comeau → ['7898633']
  [3003] Bathurst → ['7898634']
  [3004] Brandon → ['7898637']
  [3005] Brantford → ['7898632']
  [3006] Brockville → ['7898632']
  [3007] Brossard → ['7898633']
  [3008] Burnaby (Lougheed Mall) → ['7898639']
  [3009] Calgary → ['7898638']
  [3010] Calgary → ['7898638']
  [3011] Calgary → ['7906557']
  [3012] Calgary → ['7906557']
  [3013] Calgary → ['7906557']
  [3014] Cap-de-la-Madeleine → ['7898633']
  [3015] Carbonear → ['7898636']
  [3016] Chatham → ['7898632']
  [3017] Chicoutimi → ['7906552']
  [3018] Clarenville → ['7906555']
  [3019] Abbotsford → ['7898639']
  [3020] Cornwall → ['7898632']
  [3021] Dartmouth → ['7906554']
  [3022] Dauphin → ['7898637']
  [3023] Drummondville → ['7906552']
  [3024] Dryden Highway → ['7898632']
  [3025] Duncan → ['7898639']
  [3026] Edmonton (Supercentre) → ['7898638']
  [3027] Edmonton West → ['7906557']
  [3028] Edmonton → ['7906557']
  [3029] Edmonton (S.Common) → ['7898638']
  [3030] Estevan Supercentre → ['7905202']
  [3031] Etobicoke → ['7898632']
  [3032] Fredericton → ['7898634']
  [3033] Gander → ['7898636']
  [3034] Georgetown → ['7898632']
  [3035] Granby → ['7906552']
  [3036] Grand Falls (Windsor) → ['7898636']
  [3037] Hamilton → ['7898632']
  [3038] Hinton → ['7906557']
  [3039] Joliette (Supercentre) → ['7898633']
  [3040] Kamloops → ['7906558']
  [3041] Kapuskasing → ['7898632']
  [3042] Kelowna → ['7898639']
  [3043] Kingston → ['7898632']
  [3044] Kirkland → ['7898633']
  [3045] Kitchener → ['7898632']
  [3046] LaSalle → ['7898633']
  [3047] Laval → ['7898633']
  [3048] Lethbridge South → ['7906557']
  [3049] London → ['7898632']
  [3050] London North → ['7898632']
  [3051] Whiteoaks (London) → ['7898632']
  [3052] Longueuil → ['7898633']
  [3053] Markham → ['7906551']
  [3054] Mississauga (Meadowvale) → ['7898632']
  [3055] Mississauga (Square One) → ['7898632']
  [3056] Dieppe → ['7898634']
  [3057] North Vancouver → ['7898639']
  [3058] North Battleford → ['7905202']
  [3059] Nanaimo → ['7898639']
  [3060] Nelson → ['7898639']
  [3061] New Glasgow → ['7898635']
  [3062] Newmarket → ['7906551']
  [3063] North Bay → ['7898632']
  [3064] Oakville → ['7898632']
  [3065] Orleans → ['7898632']
  [3066] Ottawa West (Supercentre) → ['7898632']
  [3067] Owen Sound → ['7898632']
  [3068] Port Hawkesbury → ['7898635']
  [3069] Portage La Prairie → ['7898637']
  [3070] Penticton → ['7906558']
  [3071] Peterborough (Supercentre) → ['7898632']
  [3072] Powell River → ['7906558']
  [3073] Prince Albert → ['7905202']
  [3074] Québec → ['7898633']
  [3075] Red Deer → ['7898638']
  [3076] Regina (North) → ['7905202']
  [3077] Regina South → ['7905202']
  [3078] Renfrew → ['7898632']
  [3079] Repentigny → ['7898633']
  [3080] Rosemère → ['7898633']
  [3081] Bedford-Sackville → ['7906554']
  [3082] Sarnia → ['7898632']
  [3083] Saskatoon West → ['7905202']
  [3084] Saskatoon North Supercentre → ['7905202']
  [3085] Sept-Îles → ['7898633']
  [3086] Sherbrooke → ['7898633']
  [3087] St. Albert → ['7906557']
  [3088] St. Catharines → ['7898632']
  [3089] Saint-Eustache → ['7898633']
  [3090] Saint-Jean-sur-Richelieu → ['7898633']
  [3091] Saint John → ['7898634']
  [3092] St. John's → ['7898636']
  [3093] Mount Pearl → ['7898636']
  [3094] Saint-Léonard → ['7898633']
  [3095] Stephenville → ['7898636']
  [3096] Stoney Creek → ['7898632']
  [3097] Sudbury → ['7898632']
  [3098] Surrey → ['7906558']
  [3099] Swift Current → ['7905202']
  [3100] Sydney → ['7898635']
  [3101] Sydney → ['7898635']
  [3102] Thompson → ['7898637']
  [3103] Tillsonburg → ['7898632']
  [3104] Timmins → ['7898632']
  [3105] North York → ['7898632']
  [3106] Toronto → ['7898632']
  [3107] Winnipeg (Transcona) → ['7898637']
  [3108] Trois-Rivières → ['7906552']
  [3109] Victoria → ['7898639']
  [3110] Welland → ['7898632']
  [3111] Scarborough East → ['7898632']
  [3112] Wetaskiwin → ['7906557']
  [3113] Whitby → ['7906551']
  [3114] Windsor → ['7898632']
  [3115] Windsor East → ['7898632']
  [3116] Winnipeg → ['7898637']
  [3117] Winnipeg (W) → ['7898637']
  [3118] Winnipeg → ['7898637']
  [3119] Winnipeg → ['7898637']
  [3120] Woodstock → ['7898632']
  [3121] Yellowknife → no new flyers
  [3122] Belleville Suprecentre → ['7898632']
  [3123] Barrie → ['7898632']
  [3124] Thunder Bay → ['7898632']
  [3125] Gatineau → ['7898633']
  [3126] Goderich R. R. → ['7898632']
  [3127] Ancaster → ['7898632']
  [3128] New Liskeard → ['7898632']
  [3129] Hanover → ['7898632']
  [3130] Brampton North → ['7898632']
  [3131] Ottawa → ['7898632']
  [3132] Lachute → ['7898633']
  [3133] Cobourg → ['7898632']
  [3134] Kanata → ['7898632']
  [3135] Brampton East → ['7898632']
  [3136] Rouyn-Noranda → ['7898633']
  [3137] Saint-Hyacinthe → ['7898633']
  [3138] Bayer's Lake → ['7906554']
  [3139] Val-d'Or → ['7898633']
  [3140] Saint-Bruno-de-Montarville → ['7898633']
  [3141] Burlington → ['7898632']
  [3142] Orangeville → ['7898632']
  [3143] Hull → ['7898633']
  [3144] Guelph → ['7898632']
  [3146] Sainte-Foy → ['7898633']
  [3147] Grande Prairie → ['7906557']
  [3148] Lévis → ['7906552']
  [3149] Mascouche → ['7906552']
  [3150] Medicine Hat → ['7898638']
  [3151] Shawnessy → ['7898638']
  [3152] Cambridge → ['7898632']
  [3153] Orillia → ['7898632']
  [3154] Sherwood Park → ['7898638']
  [3155] Sault Ste Marie → ['7898632']
  [3156] Waterloo → ['7898632']
  [3157] Fort McMurray → ['7898638']
  [3158] Langley → ['7906558']
  [3159] Cabbagetown → ['7898632']
  [3160] Niagara Falls → ['7898632']
  [3161] Oshawa → ['7906551']
  [3162] Charlottetown → ['7905201']
  [3163] Courtenay → ['7898639']
  [3164] Leamington → ['7898632']
  [3165] Mont Royal → ['7898633']
  [3166] Barrie → ['7898632']
  [3167] Chilliwack → ['7898639']
  [3168] Lloydminster → ['7898638']
  [3169] Vernon → ['7898639']
  [3170] Burlington → ['7898632']
  [3171] Pembroke → ['7898632']
  [3172] St. Catharines → ['7898632']
  [3173] Moose Jaw → ['7905202']
  [3174] Vaughan → ['7898632']
  [3176] Yorkton → ['7905202']
  [3177] Winnipeg (SW) → ['7898637']
  [3178] Trenton → ['7898632']
  [3179] Regina East Supercentre → ['7905202']
  [3180] Montreal Marche Central → ['7898633']
  [3181] Camrose → ['7898638']
  [3183] Cranbrook → ['7898639']
  [3184] Truro → ['7898635']
  [3185] Corner Brook → ['7906555']
  [3186] Pickering → ['7906551']
  [3188] Langford → ['7898639']
  [3189] Laval Ste-Dorothée → ['7898633']
  [3190] Saint-Jérôme → ['7898633']
  [3191] Whitehorse → no new flyers
  [3194] Red Deer → ['7898638']
  [3195] Richmond Hill → ['7898632']
  [3196] St. John's → ['7906555']
  [3197] St. Thomas → ['7898632']
  [3198] Rimouski → ['7898633']
  [3199] Quesnel → ['7898639']
  [3200] Oakville → ['7898632']
  [3635] Scarborough → ['7898632']
  [3636] Halifax → ['7906554']
  [3637] Spruce Grove → ['7898638']
  [3638] Barrhaven → ['7898632']
  [3639] Salaberry-de-Valleyfield → ['7898633']
  [3640] Cold Lake → ['7906557']
  [3642] Saint-Constant → ['7898633']
  [3644] Summerside → ['7906562']
  [3645] Midland → ['7898632']
  [3646] Beauport → ['7898633']
  [3647] Shawinigan → ['7898633']
  [3649] Fort Erie → ['7898632']
  [3650] Calgary → ['7898638']
  [3651] Prince George → ['7898639']
  [3652] Richmond → ['7898639']
  [3653] Uxbridge → ['7906551']
  [3654] Mississauga → ['7898632']
  [3655] Rivière-du-Loup → ['7898633']
  [3656] Montréal-Nord → ['7898633']
  [3657] Leduc → ['7898638']
  [3658] Brooks → ['7906557']
  [3659] Moncton → ['7898634']
  [3660] Flin Flon → ['7898637']
  [3661] Fort St John → ['7898639']
  [3737] Atholville → ['7898634']
  [3738] New Minas → ['7906554']
  [3739] Victoriaville → ['7906552']
  [3740] Rexdale → ['7898632']
  [4002] Penguin PickUp - Eastern Ave → ['7898632']
  [4006] Penguin PickUp - Cabbagetown → ['7898632']
  [4007] Penguin PickUp - Queens Quay → ['7898632']
  [4008] Penguin PickUp - Eglinton East → ['7898632']
  [4011] Penguin PickUp - Queen West → ['7898632']
  [4012] Penguin PickUp - Fashion District → ['7898632']
  [4013] Penguin PickUp - Church & Wellesley → ['7898632']
  [4014] Penguin PickUp - Peter St → ['7898632']
  [4016] Penguin PickUp - Mont Royal → ['7898633']
  [4017] Penguin PickUp - Peter St → no new flyers
  [4018] Penguin PickUp - Queen St & University Ave → ['7898632']
  [4022] Penguin PickUp - West Broadway → ['7898639']
  [4107] Penguin PickUp - Crossroads → ['7898632']
  [5708] Okotoks → ['7898638']
  [5726] Calgary → ['7906557']
  [5742] Bolton → ['7898632']
  [5743] Huntsville → ['7898632']
  [5752] Simcoe → ['7898632']
  [5753] Fort Saskatchewan → ['7898638']
  [5776] Dawson Creek → ['7898639']
  [5777] New Westminster → ['7898639']
  [5778] Aurora → ['7906551']
  [5789] Amherst → ['7898635']
  [5790] Weyburn → ['7905202']
  [5795] Alma → ['7898633']
  [5806] Fort Frances → ['7898632']
  [5811] Smiths Falls → ['7898632']
  [5831] Thornhill (Supercentre) → ['7898632']
  [5832] Thetford Mines → ['7898633']
  [5833] Miramichi → ['7906553']
  [5834] Terrace → ['7898639']
  [5838] Surrey → ['7898639']
  [5839] Cowansville → ['7898633']
  [5853] Surrey → ['7906558']
  [5854] Kenora → ['7898632']
  [5878] Saskatoon South → ['7905202']
  [8123] Penguin PickUp - SSC → no new flyers
  [9051] Wal-Mart Innovation Centre #9051 → no new flyers

  415 new publication entries across 421 stores
  19 unique new publication(s) to download
  Saved → data/walmart/store_flyers.json  (2,985,097 bytes)
New publication entries added to store_flyers.json: 415
Unique new publications to download: 19

Phase 2: fetching products for each new publication…

  [7898632] Grocery Flyer  (2026-04-30T00:00:00-04:00 → 2026-05-06T23:59:59-04:00)
    569 products
  Saved → data/walmart/flyers/7898632.json  (1,275,215 bytes)
  [7906554] Grocery Flyer  (2026-04-30T00:00:00-04:00 → 2026-05-06T23:59:59-04:00)
    570 products
  Saved → data/walmart/flyers/7906554.json  (1,275,994 bytes)
  [7906557] Grocery Flyer  (2026-04-30T02:00:00-04:00 → 2026-05-06T23:59:59-04:00)
    573 products
  Saved → data/walmart/flyers/7906557.json  (1,281,114 bytes)
  [7898638] Grocery Flyer  (2026-04-30T02:00:00-04:00 → 2026-05-06T23:59:59-04:00)
    573 products
  Saved → data/walmart/flyers/7898638.json  (1,281,600 bytes)
  [7898639] Grocery Flyer  (2026-04-30T03:00:00-04:00 → 2026-05-06T23:59:59-04:00)
    573 products
  Saved → data/walmart/flyers/7898639.json  (1,282,086 bytes)
  [7898634] Grocery Flyer  (2026-04-30T00:00:00-04:00 → 2026-05-06T23:59:59-04:00)
    570 products
  Saved → data/walmart/flyers/7898634.json  (1,276,642 bytes)
  [7898635] Grocery Flyer  (2026-04-30T00:00:00-04:00 → 2026-05-06T23:59:59-04:00)
    570 products
  Saved → data/walmart/flyers/7898635.json  (1,276,396 bytes)
  [7906552] Grocery Flyer  (2026-04-30T00:00:00-04:00 → 2026-05-06T23:59:59-04:00)
    553 products
  Saved → data/walmart/flyers/7906552.json  (1,238,988 bytes)
  [7898637] Grocery Flyer  (2026-04-30T01:00:00-04:00 → 2026-05-06T23:59:59-04:00)
    572 products
  Saved → data/walmart/flyers/7898637.json  (1,279,807 bytes)
  [7898633] Grocery Flyer  (2026-04-30T00:00:00-04:00 → 2026-05-06T23:59:59-04:00)
    554 products
  Saved → data/walmart/flyers/7898633.json  (1,241,523 bytes)
  [7906555] Grocery Flyer  (2026-04-30T00:00:00-04:00 → 2026-05-06T23:59:59-04:00)
    571 products
  Saved → data/walmart/flyers/7906555.json  (1,278,082 bytes)
  [7906551] Grocery Flyer  (2026-04-30T00:00:00-04:00 → 2026-05-06T23:59:59-04:00)
    568 products
  Saved → data/walmart/flyers/7906551.json  (1,272,435 bytes)
  [7906553] Grocery Flyer  (2026-04-30T00:00:00-04:00 → 2026-05-06T23:59:59-04:00)
    570 products
  Saved → data/walmart/flyers/7906553.json  (1,276,238 bytes)
  [7906558] Grocery Flyer  (2026-04-30T03:00:00-04:00 → 2026-05-06T23:59:59-04:00)
    573 products
  Saved → data/walmart/flyers/7906558.json  (1,281,600 bytes)
  [7906563] Grocery Flyer  (2026-04-30T02:00:00-04:00 → 2026-05-06T23:59:59-04:00)
    571 products
  Saved → data/walmart/flyers/7906563.json  (1,276,814 bytes)
  [7898636] Grocery Flyer  (2026-04-30T00:00:00-04:00 → 2026-05-06T23:59:59-04:00)
    571 products
  Saved → data/walmart/flyers/7898636.json  (1,278,532 bytes)
  [7905202] Grocery Flyer  (2026-04-30T02:00:00-04:00 → 2026-05-06T23:59:59-04:00)
    572 products
  Saved → data/walmart/flyers/7905202.json  (1,279,592 bytes)
  [7905201] Grocery Flyer  (2026-04-30T00:00:00-04:00 → 2026-05-06T23:59:59-04:00)
    570 products
  Saved → data/walmart/flyers/7905201.json  (1,276,237 bytes)
  [7906562] Grocery Flyer  (2026-04-30T00:00:00-04:00 → 2026-05-06T23:59:59-04:00)
    570 products
  Saved → data/walmart/flyers/7906562.json  (1,275,839 bytes)

── Phase 2 results ──────────────────────────────────────────────────
  Downloaded : 19
  Skipped    : 0  (file already existed)
  Errors     : 0

Run completed: 2026-04-30 13:50:55 UTC
Elapsed      : 0m 58s


Done.  Verbose log → logs/walmart/2026-04-30_verbose.log
       Summary log → logs/walmart/2026-04-30_summary.log

