=== Independent City Market Flyer Fetch — 2026-06-04 ===
Run started : 2026-06-04 14:13:26 UTC

Loaded 8 stores from data/independent_city_market/stores.parquet

Stores loaded: 8
Loaded store_flyers.parquet (30 publication entries)

Phase 1: fetching publications per store…

  [71] Test Store → no new flyers
  [2643] Independent City Market @ 1022 King Street West → no new flyers
  [2660] Independent City Market @ 111 Peter St → ['7963313']
  [2663] Carmen's City Market College and Spadina → no new flyers
  [2668] Independent City Market @ 3080 Yonge St. → no new flyers
  [6799] George's Independent City Market → ['7963313']
  [7155] Loblaw City Market - The Post → no new flyers
  [7522] Maisie's Valu-Mart Toronto - Bloor St. → ['7963313']

  3 new publication entries across 8 stores
  1 unique new publication(s) to download
  Appended 3 rows to data/independent_city_market/store_flyers.parquet
New publication entries added to store_flyers.parquet: 3
Unique new publications to download: 1

Phase 2: fetching products for each new publication…

  [7963313] Weekly Flyer  (2026-06-04T00:00:00-04:00 → 2026-06-10T23:59:59-04:00)
    72 products

── Phase 2 results ──────────────────────────────────────────────────
  Downloaded : 1
  Skipped    : 0  (file already existed)
  Errors     : 0

Run completed: 2026-06-04 14:13:28 UTC
Elapsed      : 0m 1s


Done.  Verbose log → logs/independent_city_market/2026-06-04_verbose.log
       Summary log → logs/independent_city_market/2026-06-04_summary.log

