=== Independent City Market Flyer Fetch — 2026-05-14 ===
Run started : 2026-05-14 13:45:37 UTC

Loaded 8 stores from data/independent_city_market/stores.parquet

Stores loaded: 8
Loaded store_flyers.parquet (18 publication entries)

Phase 1: fetching publications per store…

  [71] Test Store → no new flyers
  [2643] Independent City Market @ 1022 King Street West → no new flyers
  [2660] Independent City Market @ 111 Peter St → ['7924134', '7932128']
  [2663] Carmen's City Market College and Spadina → no new flyers
  [2668] Independent City Market @ 3080 Yonge St. → no new flyers
  [6799] George's Independent City Market → ['7924134', '7932128']
  [7155] Loblaw City Market - The Post → no new flyers
  [7522] Maisie's Valu-Mart Toronto - Bloor St. → ['7924134', '7932128']

  6 new publication entries across 8 stores
  2 unique new publication(s) to download
  Appended 6 rows to data/independent_city_market/store_flyers.parquet
New publication entries added to store_flyers.parquet: 6
Unique new publications to download: 2

Phase 2: fetching products for each new publication…

  [7924134] Weekly Flyer  (2026-05-14T00:00:00-04:00 → 2026-05-20T23:59:59-04:00)
    99 products
  [7932128] General Merchandise  (2026-05-14T00:00:00-04:00 → 2026-07-08T23:59:59-04:00)
    159 products

── Phase 2 results ──────────────────────────────────────────────────
  Downloaded : 2
  Skipped    : 0  (file already existed)
  Errors     : 0

Run completed: 2026-05-14 13:45:38 UTC
Elapsed      : 0m 1s


Done.  Verbose log → logs/independent_city_market/2026-05-14_verbose.log
       Summary log → logs/independent_city_market/2026-05-14_summary.log

