=== Super C Flyer Fetch — 2026-09-17 ===
Run started : 2026-09-17 17:48:45 UTC

Loaded 120 stores from data/super_c/stores.parquet

Stores loaded: 120
Loaded store_flyers.parquet (2756 flyer entries)

Phase 1: fetching flyer listings per store…

  [304] VANIER → ['83817']
  [312] ST-REMI → ['83817']
  [423] BEAUPORT → ['83817']
  [425] NEUFCHATEL → ['83817']
  [426] STE-FOY → ['83817']
  [427] RIMOUSKI → ['83817']
  [428] THETFORD MINES → ['83817']
  [429] VICTORIAVILLE → ['83817']
  [430] LEVIS → ['83817']
  [431] ST-JEAN-CHRYSOSTOME → ['83817']
  [432] CHICOUTIMI → ['83817']
  [433] JONQUIERE → ['83817']
  [434] CAP-DE-LA-MADELEINE → ['83817']
  [435] TROIS-RIVIERES → ['83817']
  [436] TROIS-RIVIERES OUEST → ['83817']
  [437] SHAWINIGAN → ['83817']
  [438] POINTE-AUX-TREMBLES → ['83817']
  [439] HENRI-BOURASSA → ['83817']
  [440] ST-LEONARD → ['83817']
  [441] MONTREAL PIE-IX - ONTARIO → ['83817']
  [442] MONTREAL PIE-IX ET JARRY → ['83817']
  [443] ATWATER → ['83817']
  [444] N.D.G. - ST-JACQUES → ['83817']
  [445] BELOEIL → ['83817']
  [446] LAVAL CONDORDE → ['83817']
  [447] LAVAL DES LAURENTIDES → ['83817']
  [448] FABREVILLE LAVAL → ['83817']
  [450] STE-DOROTHEE → ['83817']
  [451] LASALLE BL NEWMAN → ['83817']
  [452] PIERREFONDS → ['83817']
  [454] FLEURIMONT → ['83817']
  [455] SHERBROOKE BELVEDERE → ['83817']
  [456] SHERBROOKE-PORTLAND → ['83817']
  [457] DRUMMONDVILLE → ['83817']
  [458] GRANBY → ['83817']
  [459] COWANSVILLE → ['83817']
  [460] SAINT-HYACINTHE → ['83817']
  [461] SAINT-JEAN → ['83817']
  [462] SOREL → ['83817']
  [463] VARENNES → ['83817']
  [464] BOUCHERVILLE → ['83817']
  [465] STE-THERESE → ['83817']
  [466] LONGUEUIL DESORMEAUX → ['83817']
  [467] LONGUEUIL ROLAND-THERRIEN → ['83817']
  [468] GREENFIELD PARK → ['83817']
  [469] BROSSARD → ['83817']
  [470] ST-CONSTANT → ['83817']
  [471] REPENTIGNY → ['83817']
  [472] JOLIETTE → ['83817']
  [473] CHATEAUGUAY → ['83817']
  [474] VALLEYFIELD → ['83817']
  [475] TERREBONNE → ['83817']
  [476] BLAINVILLE → ['83817']
  [477] ST-EUSTACHE → ['83817']
  [478] VAUDREUIL → ['83817']
  [479] ST-JOVITE → ['83817']
  [480] GATINEAU → ['83817']
  [481] HULL → ['83817']
  [482] HULL DU PLATEAU → ['83817']
  [483] AYLMER → ['83817']
  [484] CHAMPFLEURY → ['83817']
  [488] ST-HUBERT COUSINEAU → ['83817']
  [489] ST-CHARLES-DE-BORROMÉE → ['83817']
  [525] ST-LIN → ['83817']
  [526] STE-MARIE-DE-BEAUCE → ['83817']
  [646] NICOLET → ['83817']
  [647] SEPT-ILES → ['83817']
  [648] CHARLESBOURG → ['83817']
  [649] TERREBONNE OUEST → ['83817']
  [695] RIVIÈRE-DES-PRAIRIES → ['83817']
  [704] VAL D'OR → ['83817']
  [705] LASALLE BL CHAMPLAIN → ['83817']
  [706] BOISBRIAND → ['83817']
  [713] ST-CÉSAIRE → ['83817']
  [714] KIRKLAND → ['83817']
  [715] STE-ANNE → ['83817']
  [722] RIVIÈRE DU LOUP → ['83817']
  [727] ORMSTOWN → ['83817']
  [728] CHANDLER → ['83817']
  [729] ST-LAURENT → ['83817']
  [732] ST-JEAN SUR LE RICHELIEU → ['83817']
  [737] STE-MARTHE → ['83817']
  [747] GASPÉ → ['83817']
  [755] LAPLAINE → ['83817']
  [756] LACHUTE → ['83817']
  [768] St-CANUT → ['83817']
  [771] STE-CATHERINE-DE-LA-JACQUES-CARTIER → ['83817']
  [772] LAPRAIRIE → ['83817']
  [780] ROUYN-NORANDA → ['83817']
  [786] ST-GEORGES-DE-BEAUCE → ['83817']
  [787] STE-ANNE-DES-PRAIRIES → ['83817']
  [810] LAVALTRIE → no new flyers
  [812] MATANE → ['83817']
  [813] ST-ROMUALD → ['83817']
  [815] BAIE St-PAUL → ['83817']
  [816] ST-SAUVEUR → ['83817']
  [826] LAVAL - ST-ELZÉAR → ['83817']
  [847] ST-JACQUES → ['83817']
  [882] MONT-JOLI → ['83817']
  [884] ST-JÉROME → ['83817']
  [885] BEAUHARNOIS → ['83817']
  [886] COATICOOK → ['83817']
  [887] STE-CLAIRE → ['83817']
  [888] PONT-ROUGE → ['83817']
  [890] LIMBOUR → ['83817']
  [895] ST-APOLLINAIRE → ['83817']
  [896] BUCKINGHAM → ['83817']
  [897] ST-NICOLAS → ['83817']
  [900] ST-DONAT → ['83817']
  [904] ST-HUBERT/BOUCHER → ['83817']
  [905] MONTRÉAL (DE LORIMIER) → ['83817']
  [906] RIMOUSKI-OUEST → ['83817']
  [907] RIGAUD → ['83817']
  [908] SHERBROOKE - ASCOT → ['83817']
  [910] GREBER → ['83817']
  [911] DUPLESSIS → ['83817']
  [919] PINCOURT → ['83817']
  [923] ROCK FOREST → ['83817']
  [930] BERTHIERVILLE → ['83817']
  [931] TÉMISCOUATA-SUR-LE-LAC → ['83817']

  119 new flyer entries across 120 stores
  1 unique new job(s) to download
  Appended 119 rows to data/super_c/store_flyers.parquet
New flyer entries added to store_flyers.parquet : 119
Unique new jobs to download                     : 1

Phase 2: fetching products for each new job…

  [83817] store 304  (https://metrodigital-apim.azure-api.net/api/Pages/83817/304/fr/search)
    280 products

── Phase 2 results ──────────────────────────────────────────────────
  Downloaded : 1
  Skipped    : 0  (file already existed)
  Errors     : 0

Run completed: 2026-09-17 17:49:09 UTC
Elapsed      : 0m 23s


Done.  Verbose log → logs/super_c/2026-09-17_verbose.log
       Summary log → logs/super_c/2026-09-17_summary.log

